
==========
== CUDA ==
==========

CUDA Version 12.8.0

Container image Copyright (c) 2016-2023, NVIDIA CORPORATION & AFFILIATES. All rights reserved.

This container image and its contents are governed by the NVIDIA Deep Learning Container License.
By pulling and using the container, you accept the terms and conditions of this license:
https://developer.nvidia.com/ngc/nvidia-deep-learning-container-license

A copy of this license is made available in this container at /NGC-DL-CONTAINER-LICENSE for your convenience.

/opt/conda/lib/python3.11/site-packages/sapien/_vulkan_tricks.py:37: UserWarning: Failed to find Vulkan ICD file. This is probably due to an incorrect or partial installation of the NVIDIA driver. SAPIEN will attempt to provide an ICD file anyway but it may not work.
  warn(
Traceback (most recent call last):
  File "<string>", line 1, in <module>
  File "/sim/envs/__init__.py", line 6, in <module>
    from .utils import *
  File "/sim/envs/utils/__init__.py", line 5, in <module>
    from .rand_create_cluttered_actor import *
  File "/sim/envs/utils/rand_create_cluttered_actor.py", line 105, in <module>
    cluttered_objects_info, cluttered_objects_list, same_obj = get_all_cluttered_objects()
                                                               ^^^^^^^^^^^^^^^^^^^^^^^^^^^
  File "/sim/envs/utils/rand_create_cluttered_actor.py", line 26, in get_all_cluttered_objects
    cluttered_objects_config = json.load(open(objaverse_root / "list.json", "r", encoding="utf-8"))
                                         ^^^^^^^^^^^^^^^^^^^^^^^^^^^^^^^^^^^^^^^^^^^^^^^^^^^^^^^^^
FileNotFoundError: [Errno 2] No such file or directory: 'assets/objects/objaverse/list.json'
