/usr/local/lib/python3.11/site-packages/torch/cuda/__init__.py:61: FutureWarning: The pynvml package is deprecated. Please install nvidia-ml-py instead. If you did not install pynvml directly, please report this to the maintainers of the package that installed pynvml for you.
  import pynvml  # type: ignore[import]
/usr/local/lib/python3.11/site-packages/sapien/_vulkan_tricks.py:37: UserWarning: Failed to find Vulkan ICD file. This is probably due to an incorrect or partial installation of the NVIDIA driver. SAPIEN will attempt to provide an ICD file anyway but it may not work.
  warn(
{"processed": 8, "elapsed_s": 1.6}
{"processed": 16, "elapsed_s": 3.2}
{"processed": 24, "elapsed_s": 4.7}
{"processed": 32, "elapsed_s": 6.2}
{"processed": 40, "elapsed_s": 7.8}
{"processed": 48, "elapsed_s": 9.3}
{"processed": 56, "elapsed_s": 10.9}
{"processed": 64, "elapsed_s": 12.5}
{"processed": 72, "elapsed_s": 14.1}
{"processed": 80, "elapsed_s": 15.5}
{"processed": 88, "elapsed_s": 17.0}
{"processed": 96, "elapsed_s": 18.5}
{"processed": 104, "elapsed_s": 20.1}
{"processed": 112, "elapsed_s": 21.6}
{"processed": 120, "elapsed_s": 23.1}
{"processed": 128, "elapsed_s": 24.6}
{"processed": 136, "elapsed_s": 26.1}
{"processed": 144, "elapsed_s": 27.5}
{"processed": 152, "elapsed_s": 29.1}
{"processed": 160, "elapsed_s": 30.7}
{"processed": 168, "elapsed_s": 32.4}
{"processed": 176, "elapsed_s": 33.9}
{"processed": 184, "elapsed_s": 35.5}
{"processed": 192, "elapsed_s": 37.0}
{"processed": 200, "elapsed_s": 38.5}
{"processed": 208, "elapsed_s": 40.1}
{"processed": 216, "elapsed_s": 41.6}
{"processed": 224, "elapsed_s": 43.1}
{"processed": 232, "elapsed_s": 44.5}
{"processed": 240, "elapsed_s": 46.0}
{"processed": 248, "elapsed_s": 47.5}
{"processed": 256, "elapsed_s": 49.0}
{"processed": 264, "elapsed_s": 50.5}
{"processed": 272, "elapsed_s": 51.9}
{"processed": 280, "elapsed_s": 53.3}
{"processed": 288, "elapsed_s": 54.7}
{"processed": 296, "elapsed_s": 56.2}
{"processed": 304, "elapsed_s": 57.7}
{"processed": 312, "elapsed_s": 59.3}
{"processed": 320, "elapsed_s": 60.7}
{"processed": 328, "elapsed_s": 62.2}
{"processed": 336, "elapsed_s": 63.8}
{"processed": 344, "elapsed_s": 65.3}
{"processed": 352, "elapsed_s": 66.8}
{"processed": 360, "elapsed_s": 68.3}
{"processed": 368, "elapsed_s": 69.6}
{"processed": 376, "elapsed_s": 71.1}
{"processed": 384, "elapsed_s": 72.6}
{"processed": 392, "elapsed_s": 74.0}
{"processed": 400, "elapsed_s": 75.6}
{"processed": 408, "elapsed_s": 77.1}
{"processed": 416, "elapsed_s": 78.6}
{"processed": 424, "elapsed_s": 80.2}
{"processed": 432, "elapsed_s": 81.7}
{"processed": 440, "elapsed_s": 83.2}
{"processed": 448, "elapsed_s": 84.8}
{"processed": 456, "elapsed_s": 86.2}
{"processed": 464, "elapsed_s": 87.6}
{"processed": 472, "elapsed_s": 89.1}
{"processed": 480, "elapsed_s": 90.6}
{"processed": 488, "elapsed_s": 92.1}
{"processed": 496, "elapsed_s": 93.5}
{"processed": 504, "elapsed_s": 95.1}
{"processed": 512, "elapsed_s": 96.6}
{"processed": 520, "elapsed_s": 98.2}
{"processed": 528, "elapsed_s": 99.7}
{"processed": 536, "elapsed_s": 101.2}
{"processed": 544, "elapsed_s": 102.8}
{"processed": 552, "elapsed_s": 104.3}
{"processed": 560, "elapsed_s": 105.8}
{"processed": 568, "elapsed_s": 107.4}
{"processed": 576, "elapsed_s": 108.9}
{"processed": 584, "elapsed_s": 110.4}
{"processed": 592, "elapsed_s": 111.8}
{"processed": 600, "elapsed_s": 113.3}
{"processed": 608, "elapsed_s": 114.9}
{"processed": 616, "elapsed_s": 116.4}
{"processed": 624, "elapsed_s": 118.0}
{"processed": 632, "elapsed_s": 119.5}
{"processed": 640, "elapsed_s": 121.0}
{"processed": 648, "elapsed_s": 122.4}
{"processed": 656, "elapsed_s": 124.0}
{"processed": 664, "elapsed_s": 125.5}
{"processed": 672, "elapsed_s": 127.0}
{"processed": 680, "elapsed_s": 128.5}
{"processed": 688, "elapsed_s": 130.1}
{"processed": 696, "elapsed_s": 131.6}
{"processed": 704, "elapsed_s": 133.2}
{"processed": 712, "elapsed_s": 134.8}
{"processed": 720, "elapsed_s": 136.2}
{"processed": 728, "elapsed_s": 137.8}
{"processed": 736, "elapsed_s": 139.4}
{"processed": 744, "elapsed_s": 141.0}
{"processed": 752, "elapsed_s": 142.6}
{"processed": 760, "elapsed_s": 144.1}
{"processed": 768, "elapsed_s": 145.7}
{"processed": 776, "elapsed_s": 147.2}
{"processed": 784, "elapsed_s": 148.8}
{"processed": 792, "elapsed_s": 150.5}
{"processed": 800, "elapsed_s": 151.9}
{"processed": 808, "elapsed_s": 153.5}
{"processed": 816, "elapsed_s": 155.0}
{"processed": 824, "elapsed_s": 156.5}
{"processed": 832, "elapsed_s": 158.1}
{"processed": 840, "elapsed_s": 159.7}
{"processed": 848, "elapsed_s": 161.3}
{"processed": 856, "elapsed_s": 163.0}
{"processed": 864, "elapsed_s": 164.7}
{"processed": 872, "elapsed_s": 166.3}
{"processed": 880, "elapsed_s": 167.9}
