#0 building with "default" instance using docker driver

#1 [internal] load build definition from Dockerfile_v5
#1 transferring dockerfile: 318B done
#1 DONE 0.0s

#2 [internal] load metadata for docker.io/library/python:3.11-slim-bookworm@sha256:b1add8a6f2aca6bcfcf0b9c9b522352f7ce0d62a3d556a2f2f32511aa0cca250
#2 ...

#3 [auth] library/python:pull token for registry-1.docker.io
#3 DONE 0.0s

#2 [internal] load metadata for docker.io/library/python:3.11-slim-bookworm@sha256:b1add8a6f2aca6bcfcf0b9c9b522352f7ce0d62a3d556a2f2f32511aa0cca250
#2 DONE 1.1s

#4 [internal] load .dockerignore
#4 transferring context: 2B done
#4 DONE 0.0s

#5 [1/4] FROM docker.io/library/python:3.11-slim-bookworm@sha256:b1add8a6f2aca6bcfcf0b9c9b522352f7ce0d62a3d556a2f2f32511aa0cca250
#5 resolve docker.io/library/python:3.11-slim-bookworm@sha256:b1add8a6f2aca6bcfcf0b9c9b522352f7ce0d62a3d556a2f2f32511aa0cca250 0.0s done
#5 CACHED

#6 [internal] load build context
#6 transferring context: 72B done
#6 DONE 0.0s

#7 [2/4] COPY requirements_v2.txt /tmp/requirements.txt
#7 DONE 0.0s

#8 [3/4] RUN pip install --no-cache-dir -r /tmp/requirements.txt
#8 1.002 Collecting numpy==2.1.3 (from -r /tmp/requirements.txt (line 1))
#8 1.031   Downloading numpy-2.1.3-cp311-cp311-manylinux_2_17_x86_64.manylinux2014_x86_64.whl.metadata (62 kB)
#8 1.040      ━━━━━━━━━━━━━━━━━━━━━━━━━━━━━━━━━━━━━━━━ 62.0/62.0 kB 7.2 MB/s eta 0:00:00
#8 1.073 Collecting h5py==3.12.1 (from -r /tmp/requirements.txt (line 2))
#8 1.081   Downloading h5py-3.12.1-cp311-cp311-manylinux_2_17_x86_64.manylinux2014_x86_64.whl.metadata (2.5 kB)
#8 1.087 Downloading numpy-2.1.3-cp311-cp311-manylinux_2_17_x86_64.manylinux2014_x86_64.whl (16.3 MB)
#8 1.397    ━━━━━━━━━━━━━━━━━━━━━━━━━━━━━━━━━━━━━━━━ 16.3/16.3 MB 44.1 MB/s eta 0:00:00
#8 1.401 Downloading h5py-3.12.1-cp311-cp311-manylinux_2_17_x86_64.manylinux2014_x86_64.whl (5.5 MB)
#8 2.192    ━━━━━━━━━━━━━━━━━━━━━━━━━━━━━━━━━━━━━━━━ 5.5/5.5 MB 6.9 MB/s eta 0:00:00
#8 2.259 Installing collected packages: numpy, h5py
#8 3.269 Successfully installed h5py-3.12.1 numpy-2.1.3
#8 3.269 WARNING: Running pip as the 'root' user can result in broken permissions and conflicting behaviour with the system package manager. It is recommended to use a virtual environment instead: https://pip.pypa.io/warnings/venv
#8 3.318 
#8 3.318 [notice] A new release of pip is available: 24.0 -> 26.2.1
#8 3.318 [notice] To update, run: pip install --upgrade pip
#8 DONE 3.4s

#9 [4/4] WORKDIR /workspace
#9 DONE 0.1s

#10 exporting to image
#10 exporting layers
#10 exporting layers 2.5s done
#10 exporting manifest sha256:3a444ec60cb2e2e7a31e0efafaa1750c5d4dfa79637d1f95112ace81ad0e4fda 0.0s done
#10 exporting config sha256:6f714ff4bec90e3612d26b01993794e6cfb02a4dcf22478a6db0f18ec8256fa1 0.0s done
#10 exporting attestation manifest sha256:6a1926a306e7462a39e796c3e12b4be098be83c10ec3b1a54d0b7297d36d06a2 0.1s done
#10 exporting manifest list sha256:c9180525677b6914e2012d710f33c457a14e66f5293da7f31e0582780fa28550
#10 exporting manifest list sha256:c9180525677b6914e2012d710f33c457a14e66f5293da7f31e0582780fa28550 0.0s done
#10 naming to docker.io/library/research3-q10-baselines:v5 done
#10 unpacking to docker.io/library/research3-q10-baselines:v5
#10 unpacking to docker.io/library/research3-q10-baselines:v5 0.4s done
#10 DONE 3.1s
