{
  "purpose": "post hoc explanation after first verified outputs; no new fits",
  "geometry_derivation": "delta_theta=-Jq dot (eta_E-eta_O)/||e||^2; delta_a=eta_G-eta_E; expected cross=2 sigma^2 e dot d/||e||^2; empirical product difference has -(1-1/N) factor",
  "max_realized_linearization_error": 2.9371857415907304e-06,
  "realized_first_order_sign_matches": 16,
  "population_expected_sign_matches": 16,
  "summaries": [
    {
      "model": "geometry",
      "angle_deg": 0.0,
      "paired_mse": 0.00047187839240633975,
      "signed_mean_gap": -3.264581039343336e-07,
      "signed_mean_gap_over_mse": -0.0006918267697521883,
      "mean_absolute_scene_gap": 8.574243856329712e-05,
      "mean_g2": 7.800619571332835e-05,
      "mean_cross": -1.3324427661286792e-06,
      "mean_bias_cross": -1.5752282379273459e-06,
      "mean_centered_cross": 2.4278547179866223e-07,
      "oracle_better_scenes": 7,
      "sign_matches_geometry": 8,
      "noiseless_mse": 3.76158192263132e-33
    },
    {
      "model": "geometry",
      "angle_deg": 90.0,
      "paired_mse": 0.00048608999691655873,
      "signed_mean_gap": 1.495658366991816e-05,
      "signed_mean_gap_over_mse": 0.030769165719914164,
      "mean_absolute_scene_gap": 7.479364886791234e-05,
      "mean_g2": 8.248847711672609e-05,
      "mean_cross": -1.3812351741346401e-05,
      "mean_bias_cross": 7.824097003663862e-07,
      "mean_centered_cross": -1.4594761441712782e-05,
      "oracle_better_scenes": 5,
      "sign_matches_geometry": 8,
      "noiseless_mse": 1.1081620344071869e-32
    },
    {
      "model": "joint_0",
      "angle_deg": 0.0,
      "paired_mse": 0.0011380249757312931,
      "signed_mean_gap": -3.535049139298207e-06,
      "signed_mean_gap_over_mse": -0.0031063018955507452,
      "mean_absolute_scene_gap": 8.470355505100804e-05,
      "mean_g2": 0.00022808261834893423,
      "mean_cross": -0.00011107848831843839,
      "mean_bias_cross": -0.00012342348633228396,
      "mean_centered_cross": 1.2344998013845486e-05,
      "oracle_better_scenes": 6,
      "sign_matches_geometry": 7,
      "noiseless_mse": 0.0006662207773923413
    },
    {
      "model": "joint_0",
      "angle_deg": 90.0,
      "paired_mse": 0.03168128965110482,
      "signed_mean_gap": 2.686693186207444e-06,
      "signed_mean_gap_over_mse": 8.480378216275521e-05,
      "mean_absolute_scene_gap": 2.7300759730047386e-05,
      "mean_g2": 0.030502883335634647,
      "mean_cross": -0.000625384826846307,
      "mean_bias_cross": -0.0006235070919513271,
      "mean_centered_cross": -1.8777348949785022e-06,
      "oracle_better_scenes": 7,
      "sign_matches_geometry": 4,
      "noiseless_mse": 0.030824183787788006
    },
    {
      "model": "joint_1",
      "angle_deg": 0.0,
      "paired_mse": 0.0011465994860216768,
      "signed_mean_gap": -4.664473342471374e-06,
      "signed_mean_gap_over_mse": -0.004068092999636309,
      "mean_absolute_scene_gap": 9.874565166316209e-05,
      "mean_g2": 0.0005389130422650157,
      "mean_cross": -0.00019744384690272265,
      "mean_bias_cross": -0.00020577170268912482,
      "mean_centered_cross": 8.327855786402224e-06,
      "oracle_better_scenes": 5,
      "sign_matches_geometry": 7,
      "noiseless_mse": 0.0006715836878011723
    },
    {
      "model": "joint_1",
      "angle_deg": 90.0,
      "paired_mse": 0.029238564355171574,
      "signed_mean_gap": -2.9748670197977424e-06,
      "signed_mean_gap_over_mse": -0.00010174463368518853,
      "mean_absolute_scene_gap": 4.462871181319531e-05,
      "mean_g2": 0.027249858812816483,
      "mean_cross": -0.0009207679206765817,
      "mean_bias_cross": -0.0009284597497941821,
      "mean_centered_cross": 7.691829117602958e-06,
      "oracle_better_scenes": 6,
      "sign_matches_geometry": 6,
      "noiseless_mse": 0.02840063238269463
    }
  ]
}
