/usr/local/lib/python3.11/site-packages/torch/cuda/__init__.py:61: FutureWarning: The pynvml package is deprecated. Please install nvidia-ml-py instead. If you did not install pynvml directly, please report this to the maintainers of the package that installed pynvml for you.
  import pynvml  # type: ignore[import]
/usr/local/lib/python3.11/site-packages/sapien/_vulkan_tricks.py:37: UserWarning: Failed to find Vulkan ICD file. This is probably due to an incorrect or partial installation of the NVIDIA driver. SAPIEN will attempt to provide an ICD file anyway but it may not work.
  warn(
{"seed": 47000, "route": "zero", "steps": 100, "final_success": false, "any_success": false, "final_metric": 0.0, "max_metric": 0.0, "trace": "zero_47000.npz", "sha256": "ca157ba78025fd0ae561e09cfeb6bd78bfd1563d52a6e99d6e67845adfd07334"}
{"seed": 47000, "route": "ppo_mean", "steps": 17, "final_success": true, "any_success": true, "final_metric": 0.9006060361862183, "max_metric": 0.9006060361862183, "trace": "ppo_mean_47000.npz", "sha256": "d26349d6a25e2258ff4015cf71483abca31db59e4a20ac4086d2c1a85e3a0ce8"}
{"seed": 47000, "route": "bc", "steps": 100, "final_success": false, "any_success": false, "final_metric": 0.0, "max_metric": 0.4460605978965759, "trace": "bc_47000.npz", "sha256": "67751eeeb3efaf386821e02c144af87bae82a256ba5436048d6e62525804bf77"}
{"seed": 47001, "route": "zero", "steps": 100, "final_success": false, "any_success": false, "final_metric": 0.39878788590431213, "max_metric": 0.39878788590431213, "trace": "zero_47001.npz", "sha256": "3d3a991cd798a6583d474044e56f628b612d33cb951623d37e839440822e1ccf"}
{"seed": 47001, "route": "ppo_mean", "steps": 57, "final_success": true, "any_success": true, "final_metric": 0.939393937587738, "max_metric": 0.939393937587738, "trace": "ppo_mean_47001.npz", "sha256": "3b16d497b03c4a386f75cd3360e7b2c48d00d397f93cb2ad3d73b6fb87542de6"}
{"seed": 47001, "route": "bc", "steps": 100, "final_success": false, "any_success": false, "final_metric": 0.35393938422203064, "max_metric": 0.39878788590431213, "trace": "bc_47001.npz", "sha256": "a62cb7561811ee7dbffb7904ba7a30fa8888389fe89e2d015fff63020d1fe56c"}
{"seed": 47002, "route": "zero", "steps": 100, "final_success": false, "any_success": false, "final_metric": 0.26181817054748535, "max_metric": 0.26181817054748535, "trace": "zero_47002.npz", "sha256": "ea3690871f04e5a32667e77c9e8212956d6f88aa6d6c27469bb989bad230698e"}
{"seed": 47002, "route": "ppo_mean", "steps": 37, "final_success": true, "any_success": true, "final_metric": 0.9757575988769531, "max_metric": 0.9757575988769531, "trace": "ppo_mean_47002.npz", "sha256": "fd3ff5d081ab3bb7217812790f2dc6a99ffea97d3acd44a3ef8cb520d70cf4ea"}
{"seed": 47002, "route": "bc", "steps": 100, "final_success": false, "any_success": false, "final_metric": 0.0, "max_metric": 0.45212119817733765, "trace": "bc_47002.npz", "sha256": "b82245144cc3aae48c4c743c632a1c603cb42fa8c5151f984566f9f649738588"}
{"seed": 47003, "route": "zero", "steps": 100, "final_success": false, "any_success": false, "final_metric": 0.035151515156030655, "max_metric": 0.035151515156030655, "trace": "zero_47003.npz", "sha256": "a4f97e68c545c987e08fbb30a37529d5831e5c24639b6fd66192efa128fe42dc"}
{"seed": 47003, "route": "ppo_mean", "steps": 32, "final_success": true, "any_success": true, "final_metric": 0.9115151762962341, "max_metric": 0.9115151762962341, "trace": "ppo_mean_47003.npz", "sha256": "7ccb8c66a4c3e9a5ac7a088d7b6def2b64332fa544251796af905b2a19ed3cfc"}
{"seed": 47003, "route": "bc", "steps": 100, "final_success": false, "any_success": false, "final_metric": 0.0, "max_metric": 0.39030301570892334, "trace": "bc_47003.npz", "sha256": "7c661a38e1bb3c5055484cc169ebaab078b9a6a39f3d4e63b54d3926731134f4"}
{"seed": 47004, "route": "zero", "steps": 100, "final_success": false, "any_success": false, "final_metric": 0.3163636326789856, "max_metric": 0.3163636326789856, "trace": "zero_47004.npz", "sha256": "ad8c70e60045fa14c3e02ae4359cddb34da60b54bf9c7f4034d3a4b566d8287d"}
{"seed": 47004, "route": "ppo_mean", "steps": 30, "final_success": true, "any_success": true, "final_metric": 0.939393937587738, "max_metric": 0.939393937587738, "trace": "ppo_mean_47004.npz", "sha256": "dcce5a684b59583345cf7b538e17cd574dabd94097f4433dff066c65b2ae59b9"}
{"seed": 47004, "route": "bc", "steps": 100, "final_success": false, "any_success": false, "final_metric": 0.25939393043518066, "max_metric": 0.324848473072052, "trace": "bc_47004.npz", "sha256": "cf14a046b118cb990a489282ae53d7b10947798ccadf22fe45242e4af0086be8"}
{"seed": 47005, "route": "zero", "steps": 100, "final_success": false, "any_success": false, "final_metric": 0.27878788113594055, "max_metric": 0.27878788113594055, "trace": "zero_47005.npz", "sha256": "c374c3b9627fd1dc67c06c45a8c898013dc8e45d199bc7463c4c72beff3a88fc"}
{"seed": 47005, "route": "ppo_mean", "steps": 41, "final_success": true, "any_success": true, "final_metric": 0.9139394164085388, "max_metric": 0.9139394164085388, "trace": "ppo_mean_47005.npz", "sha256": "999b871f4f64daf7bc4c9a61e2eca06092580d7993a88715e4e718c651b2c15d"}
{"seed": 47005, "route": "bc", "steps": 100, "final_success": false, "any_success": false, "final_metric": 0.0, "max_metric": 0.5321212410926819, "trace": "bc_47005.npz", "sha256": "06bde7a0db1c3b657e8d0cfe07e8ce2a6f26dabdbb4b02bcc4cbf95f318bb31d"}
{"seed": 47006, "route": "zero", "steps": 100, "final_success": false, "any_success": false, "final_metric": 0.5951515436172485, "max_metric": 0.5951515436172485, "trace": "zero_47006.npz", "sha256": "6df3a480f8d7f3dc45defa19854df45a5a8b77a1fbf97c19b67241cc0bdf4f9e"}
{"seed": 47006, "route": "ppo_mean", "steps": 12, "final_success": true, "any_success": true, "final_metric": 0.9418181777000427, "max_metric": 0.9418181777000427, "trace": "ppo_mean_47006.npz", "sha256": "106e666f8ae71fbf0b616e1824063494632e5fb8d5f580a500e73c52d6c4dd49"}
{"seed": 47006, "route": "bc", "steps": 30, "final_success": true, "any_success": true, "final_metric": 0.9418181777000427, "max_metric": 0.9418181777000427, "trace": "bc_47006.npz", "sha256": "35e93cb6dc2c5e534a9af729cb2ec5971c353498dc02c570d70737a2b237635d"}
{"seed": 47007, "route": "zero", "steps": 100, "final_success": false, "any_success": false, "final_metric": 0.36848485469818115, "max_metric": 0.36848485469818115, "trace": "zero_47007.npz", "sha256": "3d6282e2d72c1be6422615e8b131c88311acd61d0f33963be01c49b4890bec4d"}
{"seed": 47007, "route": "ppo_mean", "steps": 28, "final_success": true, "any_success": true, "final_metric": 0.9769697189331055, "max_metric": 0.9769697189331055, "trace": "ppo_mean_47007.npz", "sha256": "ea6e93c6ad59cd7947bad2aede4f271d3e512e3e1a6ad0785baf9e6293d54b89"}
{"seed": 47007, "route": "bc", "steps": 100, "final_success": false, "any_success": false, "final_metric": 0.28727272152900696, "max_metric": 0.8909090757369995, "trace": "bc_47007.npz", "sha256": "7d645c2f579256faecd76ee2345b363fbc2a886342bafee9fa51962f4bf2237e"}
