{"task": "roll_ball", "seed": 46000, "route": "hold", "final_metric": 1.5304052829742432, "final_success": false, "object_xy_displacement": 0.0}
{"task": "roll_ball", "seed": 46000, "route": "feedback", "final_metric": 1.5304052829742432, "final_success": false, "object_xy_displacement": 0.0}
{"task": "roll_ball", "seed": 46000, "route": "fixed_reference", "final_metric": 1.5304052829742432, "final_success": false, "object_xy_displacement": 0.0}
{"task": "roll_ball", "seed": 46001, "route": "hold", "final_metric": 1.4530856609344482, "final_success": false, "object_xy_displacement": 0.0}
{"task": "roll_ball", "seed": 46001, "route": "feedback", "final_metric": 1.434419870376587, "final_success": false, "object_xy_displacement": 0.057696301490068436}
{"task": "roll_ball", "seed": 46001, "route": "fixed_reference", "final_metric": 1.434419870376587, "final_success": false, "object_xy_displacement": 0.057696301490068436}
{"task": "roll_ball", "seed": 46002, "route": "hold", "final_metric": 1.3730697631835938, "final_success": false, "object_xy_displacement": 2.0116567611694336e-07}
{"task": "roll_ball", "seed": 46002, "route": "feedback", "final_metric": 1.3730697631835938, "final_success": false, "object_xy_displacement": 2.0116567611694336e-07}
{"task": "roll_ball", "seed": 46002, "route": "fixed_reference", "final_metric": 1.3730697631835938, "final_success": false, "object_xy_displacement": 2.0116567611694336e-07}
{"task": "roll_ball", "seed": 46003, "route": "hold", "final_metric": 1.4219826459884644, "final_success": false, "object_xy_displacement": 0.0}
{"task": "roll_ball", "seed": 46003, "route": "feedback", "final_metric": 1.4219826459884644, "final_success": false, "object_xy_displacement": 0.0}
{"task": "roll_ball", "seed": 46003, "route": "fixed_reference", "final_metric": 1.4219826459884644, "final_success": false, "object_xy_displacement": 0.0}
{"task": "roll_ball", "seed": 46004, "route": "hold", "final_metric": 1.402620792388916, "final_success": false, "object_xy_displacement": 0.0}
{"task": "roll_ball", "seed": 46004, "route": "feedback", "final_metric": 1.402620792388916, "final_success": false, "object_xy_displacement": 0.0}
{"task": "roll_ball", "seed": 46004, "route": "fixed_reference", "final_metric": 1.402620792388916, "final_success": false, "object_xy_displacement": 0.0}
{"task": "roll_ball", "seed": 46005, "route": "hold", "final_metric": 1.5067613124847412, "final_success": false, "object_xy_displacement": 4.805624485015869e-07}
{"task": "roll_ball", "seed": 46005, "route": "feedback", "final_metric": 1.5067613124847412, "final_success": false, "object_xy_displacement": 4.805624485015869e-07}
{"task": "roll_ball", "seed": 46005, "route": "fixed_reference", "final_metric": 1.5067613124847412, "final_success": false, "object_xy_displacement": 4.805624485015869e-07}
{"task": "roll_ball", "seed": 46006, "route": "hold", "final_metric": 1.454465627670288, "final_success": false, "object_xy_displacement": 0.0}
{"task": "roll_ball", "seed": 46006, "route": "feedback", "final_metric": 1.454465627670288, "final_success": false, "object_xy_displacement": 0.0}
{"task": "roll_ball", "seed": 46006, "route": "fixed_reference", "final_metric": 1.454465627670288, "final_success": false, "object_xy_displacement": 0.0}
{"task": "roll_ball", "seed": 46007, "route": "hold", "final_metric": 1.4693537950515747, "final_success": false, "object_xy_displacement": 5.345791578292847e-07}
{"task": "roll_ball", "seed": 46007, "route": "feedback", "final_metric": 1.4693537950515747, "final_success": false, "object_xy_displacement": 5.345791578292847e-07}
{"task": "roll_ball", "seed": 46007, "route": "fixed_reference", "final_metric": 1.4693537950515747, "final_success": false, "object_xy_displacement": 5.345791578292847e-07}
