train CV complete: pick selected=state_d1
train CV complete: insert selected=state_d2
train CV complete: remove selected=duration_d2
completed outer=2025-01-10-15-28-50 fits=1026 elapsed=1.7s
train CV complete: pick selected=state_d1
train CV complete: insert selected=state_d2
train CV complete: remove selected=state_d2
completed outer=2025-01-10-17-36-05 fits=2052 elapsed=3.4s
train CV complete: pick selected=state_d1
train CV complete: insert selected=state_d1
train CV complete: remove selected=duration_d2
completed outer=2025-01-10-18-31-44 fits=3078 elapsed=5.0s
train CV complete: pick selected=state_d1
train CV complete: insert selected=state_d1
train CV complete: remove selected=duration_d2
completed outer=2025-01-11-11-35-53 fits=4104 elapsed=6.7s
train CV complete: pick selected=state_d1
train CV complete: insert selected=state_d2
train CV complete: remove selected=duration_d2
completed outer=2025-01-11-15-35-08 fits=5130 elapsed=8.4s
train CV complete: pick selected=state_d1
train CV complete: insert selected=state_d2
train CV complete: remove selected=duration_d2
completed outer=2025-01-13-11-31-57 fits=6156 elapsed=10.0s
train CV complete: pick selected=state_d1
train CV complete: insert selected=state_d2
train CV complete: remove selected=duration_d2
completed outer=2025-01-13-15-06-09 fits=7182 elapsed=11.7s
train CV complete: pick selected=state_d1
train CV complete: insert selected=combined_d2
train CV complete: remove selected=duration_d2
completed outer=2025-01-13-17-40-45 fits=8208 elapsed=13.4s
train CV complete: pick selected=state_d1
train CV complete: insert selected=state_d2
train CV complete: remove selected=state_d1
completed outer=2025-01-13-17-51-11 fits=9234 elapsed=15.1s
train CV complete: pick selected=state_d1
train CV complete: insert selected=state_d2
train CV complete: remove selected=duration_d2
completed outer=2025-01-13-18-32-31 fits=10260 elapsed=16.8s
train CV complete: pick selected=state_d1
train CV complete: insert selected=combined_d2
train CV complete: remove selected=duration_d2
completed outer=2025-01-13-19-04-46 fits=11286 elapsed=18.4s
train CV complete: pick selected=state_d1
train CV complete: insert selected=state_d2
train CV complete: remove selected=state_d2
completed outer=2025-01-14-10-49-57 fits=12312 elapsed=20.1s
train CV complete: pick selected=state_d1
train CV complete: insert selected=state_d2
train CV complete: remove selected=duration_d2
completed outer=2025-01-14-10-57-14 fits=13338 elapsed=21.8s
train CV complete: pick selected=state_d1
train CV complete: insert selected=state_d2
train CV complete: remove selected=state_d1
completed outer=2025-01-14-11-06-43 fits=14364 elapsed=23.4s
train CV complete: pick selected=state_d1
train CV complete: insert selected=state_d2
train CV complete: remove selected=state_d2
completed outer=2025-01-14-12-05-01 fits=15390 elapsed=25.1s
train CV complete: pick selected=state_d1
train CV complete: insert selected=state_d2
train CV complete: remove selected=duration_d2
completed outer=final fits=16488 elapsed=27.0s
{
  "decision": "NO_USEFUL_SUMMARY_GAIN",
  "primary": {
    "balanced_accuracy": 0.5790728171610525,
    "brier": 0.09638476866148088,
    "log_loss": 0.41696710277647964,
    "ece_5": 0.04799457207224226
  },
  "v5": {
    "balanced_accuracy": 0.7239203117144294,
    "brier": 0.08963071583964034,
    "log_loss": 0.31887907569867924,
    "ece_5": 0.07567548814533319
  },
  "sealed": "ef5b74271e893a56234948e8a72f1a1d0b7834dbdeca5d5bd2ea61c42b7566bf"
}
