#0 building with "default" instance using docker driver

#1 [internal] load build definition from Dockerfile.can_replay
#1 transferring dockerfile: 1.42kB done
#1 DONE 0.0s

#2 [context source] load .dockerignore
#2 transferring source: 2B done
#2 DONE 0.0s

#3 [internal] load metadata for docker.io/library/python:3.11-slim-bookworm@sha256:b1add8a6f2aca6bcfcf0b9c9b522352f7ce0d62a3d556a2f2f32511aa0cca250
#3 DONE 0.0s

#4 [internal] load .dockerignore
#4 transferring context: 2B done
#4 DONE 0.0s

#5 [stage-0  1/12] FROM docker.io/library/python:3.11-slim-bookworm@sha256:b1add8a6f2aca6bcfcf0b9c9b522352f7ce0d62a3d556a2f2f32511aa0cca250
#5 resolve docker.io/library/python:3.11-slim-bookworm@sha256:b1add8a6f2aca6bcfcf0b9c9b522352f7ce0d62a3d556a2f2f32511aa0cca250 0.0s done
#5 DONE 0.0s

#6 [internal] load build context
#6 transferring context: 236B done
#6 DONE 0.0s

#7 [context source] load from client
#7 transferring source: 15.10kB done
#7 DONE 0.0s

#8 [context source] load from client
#8 transferring source: 151B done
#8 DONE 0.0s

#9 [stage-0  2/12] RUN apt-get update && apt-get install -y --no-install-recommends build-essential linux-libc-dev libgl1 libglib2.0-0 libx11-6 libxext6 libxrender1 libxi6 libxkbcommon-x11-0 && rm -rf /var/lib/apt/lists/*
#9 CACHED

#10 [context source] load from client
#10 transferring source: 22.99kB done
#10 DONE 0.1s

#11 [context source] load from client
#11 transferring source: 6.05kB 0.1s done
#11 DONE 0.1s

#12 [stage-0  3/12] COPY requirements.can_replay.lock /recipe/requirements.can_replay.lock
#12 DONE 0.1s

#13 [stage-0  4/12] RUN pip install --no-cache-dir -r /recipe/requirements.can_replay.lock
#13 ...

#14 [context source] load from client
#14 transferring source: 535.69MB 0.9s done
#14 DONE 0.9s

#13 [stage-0  4/12] RUN pip install --no-cache-dir -r /recipe/requirements.can_replay.lock
#13 1.032 Collecting numpy==1.26.4 (from -r /recipe/requirements.can_replay.lock (line 1))
#13 1.059   Downloading numpy-1.26.4-cp311-cp311-manylinux_2_17_x86_64.manylinux2014_x86_64.whl.metadata (61 kB)
#13 1.067      ━━━━━━━━━━━━━━━━━━━━━━━━━━━━━━━━━━━━━━━━ 61.0/61.0 kB 7.6 MB/s eta 0:00:00
#13 1.158 Collecting scipy==1.15.3 (from -r /recipe/requirements.can_replay.lock (line 2))
#13 1.162   Downloading scipy-1.15.3-cp311-cp311-manylinux_2_17_x86_64.manylinux2014_x86_64.whl.metadata (61 kB)
#13 1.164      ━━━━━━━━━━━━━━━━━━━━━━━━━━━━━━━━━━━━━━━ 62.0/62.0 kB 164.8 MB/s eta 0:00:00
#13 1.239 Collecting numba==0.61.0 (from -r /recipe/requirements.can_replay.lock (line 3))
#13 1.242   Downloading numba-0.61.0-cp311-cp311-manylinux2014_x86_64.manylinux_2_17_x86_64.whl.metadata (2.8 kB)
#13 1.278 Collecting mujoco==3.2.3 (from -r /recipe/requirements.can_replay.lock (line 4))
#13 1.282   Downloading mujoco-3.2.3-cp311-cp311-manylinux_2_17_x86_64.manylinux2014_x86_64.whl.metadata (44 kB)
#13 1.283      ━━━━━━━━━━━━━━━━━━━━━━━━━━━━━━━━━━━━━━━ 44.4/44.4 kB 549.6 MB/s eta 0:00:00
#13 1.297 Collecting mink==0.0.5 (from -r /recipe/requirements.can_replay.lock (line 5))
#13 1.300   Downloading mink-0.0.5-py3-none-any.whl.metadata (5.5 kB)
#13 1.390 Collecting Pillow==11.0.0 (from -r /recipe/requirements.can_replay.lock (line 6))
#13 1.394   Downloading pillow-11.0.0-cp311-cp311-manylinux_2_28_x86_64.whl.metadata (9.1 kB)
#13 1.452 Collecting opencv-python==4.10.0.84 (from -r /recipe/requirements.can_replay.lock (line 7))
#13 1.456   Downloading opencv_python-4.10.0.84-cp37-abi3-manylinux_2_17_x86_64.manylinux2014_x86_64.whl.metadata (20 kB)
#13 1.466 Collecting pynput==1.7.7 (from -r /recipe/requirements.can_replay.lock (line 8))
#13 1.471   Downloading pynput-1.7.7-py2.py3-none-any.whl.metadata (31 kB)
#13 1.479 Collecting termcolor==2.5.0 (from -r /recipe/requirements.can_replay.lock (line 9))
#13 1.483   Downloading termcolor-2.5.0-py3-none-any.whl.metadata (6.1 kB)
#13 1.509 Collecting pytest==8.3.4 (from -r /recipe/requirements.can_replay.lock (line 10))
#13 1.512   Downloading pytest-8.3.4-py3-none-any.whl.metadata (7.5 kB)
#13 1.534 Collecting h5py==3.12.1 (from -r /recipe/requirements.can_replay.lock (line 11))
#13 1.538   Downloading h5py-3.12.1-cp311-cp311-manylinux_2_17_x86_64.manylinux2014_x86_64.whl.metadata (2.5 kB)
#13 1.562 Collecting tqdm==4.67.1 (from -r /recipe/requirements.can_replay.lock (line 12))
#13 1.566   Downloading tqdm-4.67.1-py3-none-any.whl.metadata (57 kB)
#13 1.567      ━━━━━━━━━━━━━━━━━━━━━━━━━━━━━━━━━━━━━━━ 57.7/57.7 kB 668.8 MB/s eta 0:00:00
#13 1.612 Collecting llvmlite<0.45,>=0.44.0dev0 (from numba==0.61.0->-r /recipe/requirements.can_replay.lock (line 3))
#13 1.616   Downloading llvmlite-0.44.0-cp311-cp311-manylinux_2_17_x86_64.manylinux2014_x86_64.whl.metadata (4.8 kB)
#13 1.629 Collecting absl-py (from mujoco==3.2.3->-r /recipe/requirements.can_replay.lock (line 4))
#13 1.633   Downloading absl_py-2.5.0-py3-none-any.whl.metadata (3.3 kB)
#13 1.643 Collecting etils[epath] (from mujoco==3.2.3->-r /recipe/requirements.can_replay.lock (line 4))
#13 1.646   Downloading etils-1.14.0-py3-none-any.whl.metadata (6.5 kB)
#13 1.666 Collecting glfw (from mujoco==3.2.3->-r /recipe/requirements.can_replay.lock (line 4))
#13 1.669   Downloading glfw-2.10.2-py2.py3-none-manylinux_2_28_x86_64.whl.metadata (5.5 kB)
#13 1.678 Collecting pyopengl (from mujoco==3.2.3->-r /recipe/requirements.can_replay.lock (line 4))
#13 1.681   Downloading pyopengl-3.1.10-py3-none-any.whl.metadata (3.3 kB)
#13 1.702 Collecting qpsolvers>=4.3.1 (from qpsolvers[quadprog]>=4.3.1->mink==0.0.5->-r /recipe/requirements.can_replay.lock (line 5))
#13 1.705   Downloading qpsolvers-4.13.0-py3-none-any.whl.metadata (14 kB)
#13 1.719 Collecting typing_extensions (from mink==0.0.5->-r /recipe/requirements.can_replay.lock (line 5))
#13 1.722   Downloading typing_extensions-4.16.0-py3-none-any.whl.metadata (3.3 kB)
#13 1.758 Collecting six (from pynput==1.7.7->-r /recipe/requirements.can_replay.lock (line 8))
#13 1.761   Downloading six-1.17.0-py2.py3-none-any.whl.metadata (1.7 kB)
#13 1.770 Collecting evdev>=1.3 (from pynput==1.7.7->-r /recipe/requirements.can_replay.lock (line 8))
#13 1.774   Downloading evdev-2.0.0.tar.gz (33 kB)
#13 1.779   Installing build dependencies: started
#13 2.947   Installing build dependencies: finished with status 'done'
#13 2.948   Getting requirements to build wheel: started
#13 3.214   Getting requirements to build wheel: finished with status 'done'
#13 3.215   Preparing metadata (pyproject.toml): started
#13 3.478   Preparing metadata (pyproject.toml): finished with status 'done'
#13 3.486 Collecting python-xlib>=0.17 (from pynput==1.7.7->-r /recipe/requirements.can_replay.lock (line 8))
#13 3.490   Downloading python_xlib-0.33-py2.py3-none-any.whl.metadata (6.2 kB)
#13 3.503 Collecting iniconfig (from pytest==8.3.4->-r /recipe/requirements.can_replay.lock (line 10))
#13 3.507   Downloading iniconfig-2.3.0-py3-none-any.whl.metadata (2.5 kB)
#13 3.507 Requirement already satisfied: packaging in /usr/local/lib/python3.11/site-packages (from pytest==8.3.4->-r /recipe/requirements.can_replay.lock (line 10)) (26.3)
#13 3.516 Collecting pluggy<2,>=1.5 (from pytest==8.3.4->-r /recipe/requirements.can_replay.lock (line 10))
#13 3.519   Downloading pluggy-1.6.0-py3-none-any.whl.metadata (4.8 kB)
#13 3.599 Collecting quadprog>=0.1.11 (from qpsolvers[quadprog]>=4.3.1->mink==0.0.5->-r /recipe/requirements.can_replay.lock (line 5))
#13 3.606   Downloading quadprog-0.1.13-cp311-cp311-manylinux_2_17_x86_64.manylinux2014_x86_64.whl.metadata (1.2 kB)
#13 3.637 Collecting fsspec (from etils[epath]->mujoco==3.2.3->-r /recipe/requirements.can_replay.lock (line 4))
#13 3.641   Downloading fsspec-2026.9.0-py3-none-any.whl.metadata (10 kB)
#13 3.654 Collecting zipp (from etils[epath]->mujoco==3.2.3->-r /recipe/requirements.can_replay.lock (line 4))
#13 3.657   Downloading zipp-4.1.0-py3-none-any.whl.metadata (3.6 kB)
#13 3.727 Downloading numpy-1.26.4-cp311-cp311-manylinux_2_17_x86_64.manylinux2014_x86_64.whl (18.3 MB)
#13 4.677    ━━━━━━━━━━━━━━━━━━━━━━━━━━━━━━━━━━━━━━━━ 18.3/18.3 MB 12.1 MB/s eta 0:00:00
#13 4.682 Downloading scipy-1.15.3-cp311-cp311-manylinux_2_17_x86_64.manylinux2014_x86_64.whl (37.7 MB)
#13 6.898    ━━━━━━━━━━━━━━━━━━━━━━━━━━━━━━━━━━━━━━━━ 37.7/37.7 MB 10.8 MB/s eta 0:00:00
#13 6.902 Downloading numba-0.61.0-cp311-cp311-manylinux2014_x86_64.manylinux_2_17_x86_64.whl (3.8 MB)
#13 6.991    ━━━━━━━━━━━━━━━━━━━━━━━━━━━━━━━━━━━━━━━━ 3.8/3.8 MB 43.4 MB/s eta 0:00:00
#13 6.996 Downloading mujoco-3.2.3-cp311-cp311-manylinux_2_17_x86_64.manylinux2014_x86_64.whl (6.1 MB)
#13 7.703    ━━━━━━━━━━━━━━━━━━━━━━━━━━━━━━━━━━━━━━━━ 6.1/6.1 MB 8.7 MB/s eta 0:00:00
#13 7.708 Downloading mink-0.0.5-py3-none-any.whl (896 kB)
#13 7.746    ━━━━━━━━━━━━━━━━━━━━━━━━━━━━━━━━━━━━━━━━ 896.8/896.8 kB 23.9 MB/s eta 0:00:00
#13 7.751 Downloading pillow-11.0.0-cp311-cp311-manylinux_2_28_x86_64.whl (4.4 MB)
#13 7.859    ━━━━━━━━━━━━━━━━━━━━━━━━━━━━━━━━━━━━━━━━ 4.4/4.4 MB 41.0 MB/s eta 0:00:00
#13 7.863 Downloading opencv_python-4.10.0.84-cp37-abi3-manylinux_2_17_x86_64.manylinux2014_x86_64.whl (62.5 MB)
#13 11.21    ━━━━━━━━━━━━━━━━━━━━━━━━━━━━━━━━━━━━━━━━ 62.5/62.5 MB 58.3 MB/s eta 0:00:00
#13 11.22 Downloading pynput-1.7.7-py2.py3-none-any.whl (90 kB)
#13 11.22    ━━━━━━━━━━━━━━━━━━━━━━━━━━━━━━━━━━━━━━━━ 90.2/90.2 kB 504.1 MB/s eta 0:00:00
#13 11.22 Downloading termcolor-2.5.0-py3-none-any.whl (7.8 kB)
#13 11.23 Downloading pytest-8.3.4-py3-none-any.whl (343 kB)
#13 11.23    ━━━━━━━━━━━━━━━━━━━━━━━━━━━━━━━━━━━━━━━━ 343.1/343.1 kB 60.5 MB/s eta 0:00:00
#13 11.24 Downloading h5py-3.12.1-cp311-cp311-manylinux_2_17_x86_64.manylinux2014_x86_64.whl (5.5 MB)
#13 12.07    ━━━━━━━━━━━━━━━━━━━━━━━━━━━━━━━━━━━━━━━━ 5.5/5.5 MB 6.6 MB/s eta 0:00:00
#13 12.07 Downloading tqdm-4.67.1-py3-none-any.whl (78 kB)
#13 12.07    ━━━━━━━━━━━━━━━━━━━━━━━━━━━━━━━━━━━━━━━━ 78.5/78.5 kB 527.5 MB/s eta 0:00:00
#13 12.08 Downloading llvmlite-0.44.0-cp311-cp311-manylinux_2_17_x86_64.manylinux2014_x86_64.whl (42.4 MB)
#13 14.75    ━━━━━━━━━━━━━━━━━━━━━━━━━━━━━━━━━━━━━━━━ 42.4/42.4 MB 10.9 MB/s eta 0:00:00
#13 14.75 Downloading pluggy-1.6.0-py3-none-any.whl (20 kB)
#13 14.75 Downloading python_xlib-0.33-py2.py3-none-any.whl (182 kB)
#13 14.76    ━━━━━━━━━━━━━━━━━━━━━━━━━━━━━━━━━━━━━━━━ 182.2/182.2 kB 67.2 MB/s eta 0:00:00
#13 14.76 Downloading qpsolvers-4.13.0-py3-none-any.whl (107 kB)
#13 14.77    ━━━━━━━━━━━━━━━━━━━━━━━━━━━━━━━━━━━━━━━ 107.1/107.1 kB 264.3 MB/s eta 0:00:00
#13 14.77 Downloading six-1.17.0-py2.py3-none-any.whl (11 kB)
#13 14.78 Downloading absl_py-2.5.0-py3-none-any.whl (137 kB)
#13 14.78    ━━━━━━━━━━━━━━━━━━━━━━━━━━━━━━━━━━━━━━━━ 137.4/137.4 kB 58.0 MB/s eta 0:00:00
#13 14.78 Downloading glfw-2.10.2-py2.py3-none-manylinux_2_28_x86_64.whl (248 kB)
#13 14.79    ━━━━━━━━━━━━━━━━━━━━━━━━━━━━━━━━━━━━━━━━ 248.5/248.5 kB 52.1 MB/s eta 0:00:00
#13 14.79 Downloading iniconfig-2.3.0-py3-none-any.whl (7.5 kB)
#13 14.80 Downloading pyopengl-3.1.10-py3-none-any.whl (3.2 MB)
#13 14.86    ━━━━━━━━━━━━━━━━━━━━━━━━━━━━━━━━━━━━━━━━ 3.2/3.2 MB 50.7 MB/s eta 0:00:00
#13 14.87 Downloading typing_extensions-4.16.0-py3-none-any.whl (45 kB)
#13 14.87    ━━━━━━━━━━━━━━━━━━━━━━━━━━━━━━━━━━━━━━━━ 45.6/45.6 kB 478.4 MB/s eta 0:00:00
#13 14.87 Downloading quadprog-0.1.13-cp311-cp311-manylinux_2_17_x86_64.manylinux2014_x86_64.whl (548 kB)
#13 14.88    ━━━━━━━━━━━━━━━━━━━━━━━━━━━━━━━━━━━━━━━━ 548.4/548.4 kB 60.6 MB/s eta 0:00:00
#13 14.89 Downloading etils-1.14.0-py3-none-any.whl (172 kB)
#13 14.89    ━━━━━━━━━━━━━━━━━━━━━━━━━━━━━━━━━━━━━━━━ 172.9/172.9 kB 70.3 MB/s eta 0:00:00
#13 14.89 Downloading fsspec-2026.9.0-py3-none-any.whl (221 kB)
#13 14.90    ━━━━━━━━━━━━━━━━━━━━━━━━━━━━━━━━━━━━━━━━ 221.7/221.7 kB 78.6 MB/s eta 0:00:00
#13 14.90 Downloading zipp-4.1.0-py3-none-any.whl (10 kB)
#13 15.00 Building wheels for collected packages: evdev
#13 15.01   Building wheel for evdev (pyproject.toml): started
#13 15.94   Building wheel for evdev (pyproject.toml): finished with status 'done'
#13 15.94   Created wheel for evdev: filename=evdev-2.0.0-cp311-cp311-linux_x86_64.whl size=111976 sha256=bec023a298cc8fa4a2a2f90a840596aca9426ffcfc58c258347ad3c17f452103
#13 15.94   Stored in directory: /tmp/pip-ephem-wheel-cache-rx9u5kb8/wheels/6a/1a/7e/25656b8f4ff57a40c6a13e4c4f0f21dc24d4a588c00531e600
#13 15.94 Successfully built evdev
#13 16.06 Installing collected packages: pyopengl, glfw, zipp, typing_extensions, tqdm, termcolor, six, pluggy, Pillow, numpy, llvmlite, iniconfig, fsspec, evdev, etils, absl-py, scipy, quadprog, python-xlib, pytest, opencv-python, numba, h5py, qpsolvers, pynput, mujoco, mink
#13 22.41 Successfully installed Pillow-11.0.0 absl-py-2.5.0 etils-1.14.0 evdev-2.0.0 fsspec-2026.9.0 glfw-2.10.2 h5py-3.12.1 iniconfig-2.3.0 llvmlite-0.44.0 mink-0.0.5 mujoco-3.2.3 numba-0.61.0 numpy-1.26.4 opencv-python-4.10.0.84 pluggy-1.6.0 pynput-1.7.7 pyopengl-3.1.10 pytest-8.3.4 python-xlib-0.33 qpsolvers-4.13.0 quadprog-0.1.13 scipy-1.15.3 six-1.17.0 termcolor-2.5.0 tqdm-4.67.1 typing_extensions-4.16.0 zipp-4.1.0
#13 22.41 WARNING: Running pip as the 'root' user can result in broken permissions and conflicting behaviour with the system package manager. It is recommended to use a virtual environment instead: https://pip.pypa.io/warnings/venv
#13 DONE 22.8s

#15 [stage-0  5/12] COPY --from=source /robosuite-51cc01785bab80ffeed20da15e67d7dd4140e76a/setup.py /opt/robosuite/setup.py
#15 DONE 0.1s

#16 [stage-0  6/12] COPY --from=source /robosuite-51cc01785bab80ffeed20da15e67d7dd4140e76a/README.md /opt/robosuite/README.md
#16 DONE 0.1s

#17 [stage-0  7/12] COPY --from=source /robosuite-51cc01785bab80ffeed20da15e67d7dd4140e76a/robosuite /opt/robosuite/robosuite
#17 DONE 0.3s

#18 [stage-0  8/12] COPY --from=source /robomimic-ae5799f0fae05c4559ee1f9645b0f77eb5251929/robomimic/envs/env_robosuite.py /reference/robomimic_v050_env_robosuite.py
#18 DONE 0.1s

#19 [stage-0  9/12] COPY --from=source /robomimic-ae5799f0fae05c4559ee1f9645b0f77eb5251929/robomimic/scripts/playback_dataset.py /reference/robomimic_v050_playback_dataset.py
#19 DONE 0.1s

#20 [stage-0 10/12] RUN pip install --no-cache-dir --no-deps /opt/robosuite && pip check && pip freeze --all > /recipe/installed.can_replay.lock
#20 0.813 Processing /opt/robosuite
#20 0.813   Preparing metadata (setup.py): started
#20 1.145   Preparing metadata (setup.py): finished with status 'done'
#20 1.147 Building wheels for collected packages: robosuite
#20 1.147   Building wheel for robosuite (setup.py): started
#20 1.576   Building wheel for robosuite (setup.py): finished with status 'done'
#20 1.577   Created wheel for robosuite: filename=robosuite-1.5.1-py3-none-any.whl size=403748 sha256=e5f7d39026a9d4cc6a71cfc32e5c0ff2e6cdc82e9a1bc1ac52524a2c9919ec6a
#20 1.577   Stored in directory: /tmp/pip-ephem-wheel-cache-sx0zgvhf/wheels/89/de/06/948ddd1f8f135227eb7da0ba7d297347832feeb79e782b74b0
#20 1.583 Successfully built robosuite
#20 1.583 Installing collected packages: robosuite
#20 1.709 Successfully installed robosuite-1.5.1
#20 1.709 WARNING: Running pip as the 'root' user can result in broken permissions and conflicting behaviour with the system package manager. It is recommended to use a virtual environment instead: https://pip.pypa.io/warnings/venv
#20 2.428 No broken requirements found.
#20 DONE 3.1s

#21 [stage-0 11/12] RUN groupadd -g 1001 research && useradd -m -u 1001 -g 1001 research
#21 DONE 0.3s

#22 [stage-0 12/12] WORKDIR /study
#22 DONE 0.1s

#23 exporting to image
#23 exporting layers
#23 exporting layers 16.4s done
#23 exporting manifest sha256:75cc1fbd9d1f915a21dfe3ccee7a28ebc32a5a81795d0eef38b01081a21516f4 0.0s done
#23 exporting config sha256:ab63c825c92f08b3ed54206c70e485dab8a1747e0724cc339fd42267bc0654b8 0.0s done
#23 exporting attestation manifest sha256:6e8d1e980a7dec5afb6fa2ab4a99312022125a2f2ecbcebefec53e3ab29491c2 0.1s done
#23 exporting manifest list sha256:25cb55d86c9d9f04a63dfac247222b90533d1014cb91faec6fd10a36f50dee65
#23 exporting manifest list sha256:25cb55d86c9d9f04a63dfac247222b90533d1014cb91faec6fd10a36f50dee65 0.0s done
#23 naming to docker.io/library/research3-q16-can-replay:v1 done
#23 unpacking to docker.io/library/research3-q16-can-replay:v1
#23 unpacking to docker.io/library/research3-q16-can-replay:v1 4.8s done
#23 DONE 21.4s
