Downloading PhysX GPU library to /cache/.sapien/physx/105.1-physx-5.3.1.patch0 from Github. This can take several minutes. If it fails to download, please manually download fhttps://github.com/sapien-sim/physx-precompiled/releases/download/105.1-physx-5.3.1.patch0/linux-so.zip and unzip at /cache/.sapien/physx/105.1-physx-5.3.1.patch0.
Download complete.
{
  "torch": "2.7.1+cu128",
  "cuda": "12.8",
  "device": "NVIDIA GeForce RTX 5090",
  "architecture": [
    "sm_75",
    "sm_80",
    "sm_86",
    "sm_90",
    "sm_100",
    "sm_120",
    "compute_120"
  ],
  "obs_shape": [
    8,
    42
  ],
  "backend": "cuda",
  "cache": {
    ".sapien/physx/105.1-physx-5.3.1.patch0/libPhysXGpu_64.so": {
      "bytes": 236705440,
      "sha256": "4c582a16509a71faf5592fe9708586dfcc7ab61ae932eabc1ddd81f290818706"
    }
  }
}
