{
  "decision": "PASS_SCHEMA",
  "files_selected": 4,
  "files_openable": 4,
  "clean_schema_ok": true,
  "segments_total": 45,
  "segments_matched_usable": 44,
  "segments_excluded_official_issue": 1,
  "matched_success": 40,
  "matched_failure": 4,
  "matched_action_text_counts": {
    "No action.": 8,
    "Pick square peg 3.": 1,
    "Remove D-SUB.": 1,
    "Place D-SUB.": 2,
    "Remove bolt 4.": 1,
    "Pick bolt 4.": 1,
    "Insert bolt 4.": 1,
    "Pick Ethernet.": 2,
    "Insert Ethernet.": 2,
    "Pick D-SUB.": 3,
    "Insert D-SUB.": 2,
    "Pick USB.": 2,
    "Insert USB.": 2,
    "Pick large gear.": 2,
    "Insert large gear.": 2,
    "Pick medium gear.": 2,
    "Insert medium gear.": 2,
    "Pick small gear.": 2,
    "Insert small gear.": 2,
    "Pick BNC.": 1,
    "Insert BNC.": 1,
    "Pick square peg 4.": 1,
    "Insert square peg 4.": 1
  }
}
