#0 building with "default" instance using docker driver

#1 [internal] load build definition from Dockerfile.policy-server
#1 transferring dockerfile: 375B done
#1 DONE 0.0s

#2 [internal] load metadata for docker.io/library/research3-q17-policy:v2
#2 DONE 0.0s

#3 [internal] load .dockerignore
#3 transferring context: 2B done
#3 DONE 0.0s

#4 [1/2] FROM docker.io/library/research3-q17-policy:v2@sha256:20dbf43c509cd6d3a5a37cd80b2d6c41fdba6992e6e75e087cc683e85888bdd8
#4 resolve docker.io/library/research3-q17-policy:v2@sha256:20dbf43c509cd6d3a5a37cd80b2d6c41fdba6992e6e75e087cc683e85888bdd8 0.0s done
#4 DONE 0.1s

#5 [2/2] RUN python -m pip install --no-cache-dir --retries 10 --timeout 180     numpy==1.26.4     albumentations==1.4.18     websockets==16.1.1     msgpack==1.1.2
#5 0.306 Requirement already satisfied: numpy==1.26.4 in /opt/conda/lib/python3.11/site-packages (1.26.4)
#5 0.331 Collecting albumentations==1.4.18
#5 0.347   Downloading albumentations-1.4.18-py3-none-any.whl.metadata (32 kB)
#5 0.408 Collecting websockets==16.1.1
#5 0.412   Downloading websockets-16.1.1-cp311-cp311-manylinux1_x86_64.manylinux_2_28_x86_64.manylinux_2_5_x86_64.whl.metadata (6.8 kB)
#5 0.444 Collecting msgpack==1.1.2
#5 0.448   Downloading msgpack-1.1.2-cp311-cp311-manylinux2014_x86_64.manylinux_2_17_x86_64.manylinux_2_28_x86_64.whl.metadata (8.1 kB)
#5 0.454 Requirement already satisfied: scipy>=1.10.0 in /opt/conda/lib/python3.11/site-packages (from albumentations==1.4.18) (1.15.3)
#5 0.492 Collecting scikit-image>=0.21.0 (from albumentations==1.4.18)
#5 0.496   Downloading scikit_image-0.26.0-cp311-cp311-manylinux_2_24_x86_64.manylinux_2_28_x86_64.whl.metadata (15 kB)
#5 0.515 Requirement already satisfied: PyYAML in /opt/conda/lib/python3.11/site-packages (from albumentations==1.4.18) (6.0.2)
#5 0.515 Requirement already satisfied: pydantic>=2.7.0 in /opt/conda/lib/python3.11/site-packages (from albumentations==1.4.18) (2.10.6)
#5 0.523 Collecting albucore==0.0.17 (from albumentations==1.4.18)
#5 0.732   Downloading albucore-0.0.17-py3-none-any.whl.metadata (3.1 kB)
#5 0.738 Collecting eval-type-backport (from albumentations==1.4.18)
#5 0.742   Downloading eval_type_backport-0.4.0-py3-none-any.whl.metadata (3.1 kB)
#5 0.743 Requirement already satisfied: opencv-python-headless>=4.9.0.80 in /opt/conda/lib/python3.11/site-packages (from albumentations==1.4.18) (4.11.0.86)
#5 0.748 Requirement already satisfied: annotated-types>=0.6.0 in /opt/conda/lib/python3.11/site-packages (from pydantic>=2.7.0->albumentations==1.4.18) (0.8.0)
#5 0.748 Requirement already satisfied: pydantic-core==2.27.2 in /opt/conda/lib/python3.11/site-packages (from pydantic>=2.7.0->albumentations==1.4.18) (2.27.2)
#5 0.748 Requirement already satisfied: typing-extensions>=4.12.2 in /opt/conda/lib/python3.11/site-packages (from pydantic>=2.7.0->albumentations==1.4.18) (4.14.0)
#5 0.751 Requirement already satisfied: networkx>=3.0 in /opt/conda/lib/python3.11/site-packages (from scikit-image>=0.21.0->albumentations==1.4.18) (3.5)
#5 0.751 Requirement already satisfied: pillow>=10.1 in /opt/conda/lib/python3.11/site-packages (from scikit-image>=0.21.0->albumentations==1.4.18) (12.0.0)
#5 0.765 Collecting imageio!=2.35.0,>=2.33 (from scikit-image>=0.21.0->albumentations==1.4.18)
#5 0.768   Downloading imageio-2.37.4-py3-none-any.whl.metadata (9.6 kB)
#5 0.797 Collecting tifffile>=2022.8.12 (from scikit-image>=0.21.0->albumentations==1.4.18)
#5 0.802   Downloading tifffile-2026.3.3-py3-none-any.whl.metadata (31 kB)
#5 0.806 Requirement already satisfied: packaging>=21 in /opt/conda/lib/python3.11/site-packages (from scikit-image>=0.21.0->albumentations==1.4.18) (25.0)
#5 0.812 Collecting lazy-loader>=0.4 (from scikit-image>=0.21.0->albumentations==1.4.18)
#5 0.816   Downloading lazy_loader-0.6-py3-none-any.whl.metadata (6.0 kB)
#5 0.832 Downloading albumentations-1.4.18-py3-none-any.whl (224 kB)
#5 2.271 Downloading websockets-16.1.1-cp311-cp311-manylinux1_x86_64.manylinux_2_28_x86_64.manylinux_2_5_x86_64.whl (186 kB)
#5 2.380 Downloading msgpack-1.1.2-cp311-cp311-manylinux2014_x86_64.manylinux_2_17_x86_64.manylinux_2_28_x86_64.whl (426 kB)
#5 2.411 Downloading albucore-0.0.17-py3-none-any.whl (10 kB)
#5 2.414 Downloading scikit_image-0.26.0-cp311-cp311-manylinux_2_24_x86_64.manylinux_2_28_x86_64.whl (13.7 MB)
#5 2.917    ━━━━━━━━━━━━━━━━━━━━━━━━━━━━━━━━━━━━━━━━ 13.7/13.7 MB 27.4 MB/s eta 0:00:00
#5 2.921 Downloading imageio-2.37.4-py3-none-any.whl (318 kB)
#5 2.928 Downloading lazy_loader-0.6-py3-none-any.whl (8.8 kB)
#5 2.933 Downloading tifffile-2026.3.3-py3-none-any.whl (243 kB)
#5 2.939 Downloading eval_type_backport-0.4.0-py3-none-any.whl (6.4 kB)
#5 3.072 Installing collected packages: websockets, tifffile, msgpack, lazy-loader, imageio, eval-type-backport, scikit-image, albucore, albumentations
#5 3.221   Attempting uninstall: msgpack
#5 3.223     Found existing installation: msgpack 1.1.0
#5 3.224     Uninstalling msgpack-1.1.0:
#5 3.226       Successfully uninstalled msgpack-1.1.0
#5 3.640 
#5 3.643 WARNING: Running pip as the 'root' user can result in broken permissions and conflicting behaviour with the system package manager, possibly rendering your system unusable. It is recommended to use a virtual environment instead: https://pip.pypa.io/warnings/venv. Use the --root-user-action option if you know what you are doing and want to suppress this warning.
#5 3.643 Successfully installed albucore-0.0.17 albumentations-1.4.18 eval-type-backport-0.4.0 imageio-2.37.4 lazy-loader-0.6 msgpack-1.1.2 scikit-image-0.26.0 tifffile-2026.3.3 websockets-16.1.1
#5 DONE 3.8s

#6 exporting to image
#6 exporting layers
#6 exporting layers 1.1s done
#6 exporting manifest sha256:6051847f3f796302b92ffde47242075560b1ed11e0ab9fcba98f381959170225 0.0s done
#6 exporting config sha256:95b02c2498d1d5fd8a55fd8f865066c780525b99141444b88baf621121297208 0.0s done
#6 exporting attestation manifest sha256:9bce57fb7c676e464767dc25a7988a7e151579ae631a58edf9f3ac4c8d6ed1fd 0.1s done
#6 exporting manifest list sha256:03faf468834eb357f391a40bee016d739f4596592f46a0d00c8e89df3e0c0fb8
#6 exporting manifest list sha256:03faf468834eb357f391a40bee016d739f4596592f46a0d00c8e89df3e0c0fb8 0.0s done
#6 naming to docker.io/library/research3-q17-policy:v3 done
#6 unpacking to docker.io/library/research3-q17-policy:v3
#6 unpacking to docker.io/library/research3-q17-policy:v3 0.2s done
#6 DONE 1.5s
