#0 building with "default" instance using docker driver

#1 [internal] load build definition from Dockerfile.vlm
#1 transferring dockerfile: 647B done
#1 DONE 0.0s

#2 [internal] load metadata for docker.io/library/python:3.11.14-slim-bookworm@sha256:65a93d69fa75478d554f4ad27c85c1e69fa184956261b4301ebaf6dbb0a3543d
#2 DONE 0.0s

#3 [internal] load .dockerignore
#3 transferring context: 2B done
#3 DONE 0.0s

#4 [1/5] FROM docker.io/library/python:3.11.14-slim-bookworm@sha256:65a93d69fa75478d554f4ad27c85c1e69fa184956261b4301ebaf6dbb0a3543d
#4 resolve docker.io/library/python:3.11.14-slim-bookworm@sha256:65a93d69fa75478d554f4ad27c85c1e69fa184956261b4301ebaf6dbb0a3543d 0.0s done
#4 CACHED

#5 [2/5] RUN pip install --no-cache-dir torch==2.8.0 torchvision==0.23.0 --index-url https://download.pytorch.org/whl/cu128
#5 ...

#6 [internal] load build context
#6 transferring context: 196B done
#6 DONE 0.0s

#5 [2/5] RUN pip install --no-cache-dir torch==2.8.0 torchvision==0.23.0 --index-url https://download.pytorch.org/whl/cu128
#5 0.973 Looking in indexes: https://download.pytorch.org/whl/cu128
#5 1.030 Collecting torch==2.8.0
#5 1.239   Downloading https://download-r2.pytorch.org/whl/cu128/torch-2.8.0%2Bcu128-cp311-cp311-manylinux_2_28_x86_64.whl.metadata (30 kB)
#5 1.267 Collecting torchvision==0.23.0
#5 1.466   Downloading https://download-r2.pytorch.org/whl/cu128/torchvision-0.23.0%2Bcu128-cp311-cp311-manylinux_2_28_x86_64.whl.metadata (6.1 kB)
#5 1.501 Collecting filelock (from torch==2.8.0)
#5 1.523   Downloading filelock-3.32.3-py3-none-any.whl.metadata (2.0 kB)
#5 1.546 Collecting typing-extensions>=4.10.0 (from torch==2.8.0)
#5 1.549   Downloading typing_extensions-4.16.0-py3-none-any.whl.metadata (3.3 kB)
#5 1.578 Collecting sympy>=1.13.3 (from torch==2.8.0)
#5 1.578   Downloading sympy-1.14.0-py3-none-any.whl.metadata (12 kB)
#5 1.617 Collecting networkx (from torch==2.8.0)
#5 1.620   Downloading networkx-3.6.1-py3-none-any.whl.metadata (6.8 kB)
#5 1.632 Collecting jinja2 (from torch==2.8.0)
#5 1.638   Downloading https://download.pytorch.org/whl/jinja2-3.1.6-py3-none-any.whl.metadata (2.9 kB)
#5 1.665 Collecting fsspec (from torch==2.8.0)
#5 1.668   Downloading fsspec-2026.7.0-py3-none-any.whl.metadata (10 kB)
#5 1.685 Collecting nvidia-cuda-nvrtc-cu12==12.8.93 (from torch==2.8.0)
#5 1.912   Downloading https://pypi.nvidia.com/nvidia-cuda-nvrtc-cu12/nvidia_cuda_nvrtc_cu12-12.8.93-py3-none-manylinux2010_x86_64.manylinux_2_12_x86_64.whl (88.0 MB)
#5 11.47      ━━━━━━━━━━━━━━━━━━━━━━━━━━━━━━━━━━━━━━━━ 88.0/88.0 MB 13.1 MB/s eta 0:00:00
#5 11.53 Collecting nvidia-cuda-runtime-cu12==12.8.90 (from torch==2.8.0)
#5 11.76   Downloading https://pypi.nvidia.com/nvidia-cuda-runtime-cu12/nvidia_cuda_runtime_cu12-12.8.90-py3-none-manylinux2014_x86_64.manylinux_2_17_x86_64.whl (954 kB)
#5 11.77      ━━━━━━━━━━━━━━━━━━━━━━━━━━━━━━━━━━━━━ 954.8/954.8 kB 111.3 MB/s eta 0:00:00
#5 11.79 Collecting nvidia-cuda-cupti-cu12==12.8.90 (from torch==2.8.0)
#5 12.02   Downloading https://pypi.nvidia.com/nvidia-cuda-cupti-cu12/nvidia_cuda_cupti_cu12-12.8.90-py3-none-manylinux2014_x86_64.manylinux_2_17_x86_64.whl (10.2 MB)
#5 12.78      ━━━━━━━━━━━━━━━━━━━━━━━━━━━━━━━━━━━━━━━━ 10.2/10.2 MB 13.5 MB/s eta 0:00:00
#5 12.81 Collecting nvidia-cudnn-cu12==9.10.2.21 (from torch==2.8.0)
#5 12.94   Downloading https://pypi.nvidia.com/nvidia-cudnn-cu12/nvidia_cudnn_cu12-9.10.2.21-py3-none-manylinux_2_27_x86_64.whl (706.8 MB)
#5 91.06      ━━━━━━━━━━━━━━━━━━━━━━━━━━━━━━━━━━━━━━━ 706.8/706.8 MB 2.8 MB/s eta 0:00:00
#5 91.36 Collecting nvidia-cublas-cu12==12.8.4.1 (from torch==2.8.0)
#5 91.41   Downloading https://pypi.nvidia.com/nvidia-cublas-cu12/nvidia_cublas_cu12-12.8.4.1-py3-none-manylinux_2_27_x86_64.whl (594.3 MB)
#5 173.6      ━━━━━━━━━━━━━━━━━━━━━━━━━━━━━━━━━━━━━━━ 594.3/594.3 MB 8.4 MB/s eta 0:00:00
#5 173.8 Collecting nvidia-cufft-cu12==11.3.3.83 (from torch==2.8.0)
#5 174.0   Downloading https://pypi.nvidia.com/nvidia-cufft-cu12/nvidia_cufft_cu12-11.3.3.83-py3-none-manylinux2014_x86_64.manylinux_2_17_x86_64.whl (193.1 MB)
#5 193.6      ━━━━━━━━━━━━━━━━━━━━━━━━━━━━━━━━━━━━━━ 193.1/193.1 MB 12.1 MB/s eta 0:00:00
#5 193.7 Collecting nvidia-curand-cu12==10.3.9.90 (from torch==2.8.0)
#5 193.8   Downloading https://pypi.nvidia.com/nvidia-curand-cu12/nvidia_curand_cu12-10.3.9.90-py3-none-manylinux_2_27_x86_64.whl (63.6 MB)
#5 208.4      ━━━━━━━━━━━━━━━━━━━━━━━━━━━━━━━━━━━━━━━━ 63.6/63.6 MB 8.6 MB/s eta 0:00:00
#5 208.4 Collecting nvidia-cusolver-cu12==11.7.3.90 (from torch==2.8.0)
#5 208.5   Downloading https://pypi.nvidia.com/nvidia-cusolver-cu12/nvidia_cusolver_cu12-11.7.3.90-py3-none-manylinux_2_27_x86_64.whl (267.5 MB)
#5 239.1      ━━━━━━━━━━━━━━━━━━━━━━━━━━━━━━━━━━━━━━━ 267.5/267.5 MB 8.5 MB/s eta 0:00:00
#5 239.8 Collecting nvidia-cusparse-cu12==12.5.8.93 (from torch==2.8.0)
#5 239.9   Downloading https://pypi.nvidia.com/nvidia-cusparse-cu12/nvidia_cusparse_cu12-12.5.8.93-py3-none-manylinux2014_x86_64.manylinux_2_17_x86_64.whl (288.2 MB)
#5 269.9      ━━━━━━━━━━━━━━━━━━━━━━━━━━━━━━━━━━━━━━ 288.2/288.2 MB 34.3 MB/s eta 0:00:00
#5 270.1 Collecting nvidia-cusparselt-cu12==0.7.1 (from torch==2.8.0)
#5 270.2   Downloading https://pypi.nvidia.com/nvidia-cusparselt-cu12/nvidia_cusparselt_cu12-0.7.1-py3-none-manylinux2014_x86_64.whl (287.2 MB)
#5 298.6      ━━━━━━━━━━━━━━━━━━━━━━━━━━━━━━━━━━━━━━━ 287.2/287.2 MB 8.5 MB/s eta 0:00:00
#5 298.8 Collecting nvidia-nccl-cu12==2.27.3 (from torch==2.8.0)
#5 298.9   Downloading https://pypi.nvidia.com/nvidia-nccl-cu12/nvidia_nccl_cu12-2.27.3-py3-none-manylinux2014_x86_64.manylinux_2_17_x86_64.whl (322.4 MB)
#5 333.8      ━━━━━━━━━━━━━━━━━━━━━━━━━━━━━━━━━━━━━━ 322.4/322.4 MB 25.9 MB/s eta 0:00:00
#5 334.5 Collecting nvidia-nvtx-cu12==12.8.90 (from torch==2.8.0)
#5 334.7   Downloading https://pypi.nvidia.com/nvidia-nvtx-cu12/nvidia_nvtx_cu12-12.8.90-py3-none-manylinux2014_x86_64.manylinux_2_17_x86_64.whl (89 kB)
#5 334.7      ━━━━━━━━━━━━━━━━━━━━━━━━━━━━━━━━━━━━━━━ 90.0/90.0 kB 599.1 MB/s eta 0:00:00
#5 335.3 Collecting nvidia-nvjitlink-cu12==12.8.93 (from torch==2.8.0)
#5 335.4   Downloading https://pypi.nvidia.com/nvidia-nvjitlink-cu12/nvidia_nvjitlink_cu12-12.8.93-py3-none-manylinux2010_x86_64.manylinux_2_12_x86_64.whl (39.3 MB)
#5 339.2      ━━━━━━━━━━━━━━━━━━━━━━━━━━━━━━━━━━━━━━━━ 39.3/39.3 MB 8.1 MB/s eta 0:00:00
#5 340.1 Collecting nvidia-cufile-cu12==1.13.1.3 (from torch==2.8.0)
#5 340.3   Downloading https://pypi.nvidia.com/nvidia-cufile-cu12/nvidia_cufile_cu12-1.13.1.3-py3-none-manylinux2014_x86_64.manylinux_2_17_x86_64.whl (1.2 MB)
#5 340.3      ━━━━━━━━━━━━━━━━━━━━━━━━━━━━━━━━━━━━━━━━ 1.2/1.2 MB 27.8 MB/s eta 0:00:00
#5 340.4 Collecting triton==3.4.0 (from torch==2.8.0)
#5 340.4   Downloading https://download-r2.pytorch.org/whl/triton-3.4.0-cp311-cp311-manylinux_2_27_x86_64.manylinux_2_28_x86_64.whl.metadata (1.7 kB)
#5 340.6 Collecting numpy (from torchvision==0.23.0)
#5 340.6   Downloading numpy-2.4.6-cp311-cp311-manylinux_2_27_x86_64.manylinux_2_28_x86_64.whl.metadata (6.6 kB)
#5 340.7 Collecting pillow!=8.3.*,>=5.3.0 (from torchvision==0.23.0)
#5 340.9   Downloading pillow-12.3.0-cp311-cp311-manylinux_2_27_x86_64.manylinux_2_28_x86_64.whl.metadata (9.1 kB)
#5 340.9 Requirement already satisfied: setuptools>=40.8.0 in /usr/local/lib/python3.11/site-packages (from triton==3.4.0->torch==2.8.0) (79.0.1)
#5 341.0 Collecting mpmath<1.4,>=1.1.0 (from sympy>=1.13.3->torch==2.8.0)
#5 341.0   Downloading mpmath-1.3.0-py3-none-any.whl.metadata (8.6 kB)
#5 341.0 Collecting MarkupSafe>=2.0 (from jinja2->torch==2.8.0)
#5 341.0   Downloading https://download.pytorch.org/whl/markupsafe-3.0.3-cp311-cp311-manylinux2014_x86_64.manylinux_2_17_x86_64.manylinux_2_28_x86_64.whl.metadata (2.7 kB)
#5 341.1 Downloading https://download-r2.pytorch.org/whl/cu128/torch-2.8.0%2Bcu128-cp311-cp311-manylinux_2_28_x86_64.whl (889.2 MB)
#5 398.1    ━━━━━━━━━━━━━━━━━━━━━━━━━━━━━━━━━━━━━━━━ 889.2/889.2 MB 14.3 MB/s eta 0:00:00
#5 398.3 Downloading https://download-r2.pytorch.org/whl/cu128/torchvision-0.23.0%2Bcu128-cp311-cp311-manylinux_2_28_x86_64.whl (8.6 MB)
#5 399.1    ━━━━━━━━━━━━━━━━━━━━━━━━━━━━━━━━━━━━━━━━ 8.6/8.6 MB 10.9 MB/s eta 0:00:00
#5 399.1 Downloading https://download-r2.pytorch.org/whl/triton-3.4.0-cp311-cp311-manylinux_2_27_x86_64.manylinux_2_28_x86_64.whl (155.5 MB)
#5 408.9    ━━━━━━━━━━━━━━━━━━━━━━━━━━━━━━━━━━━━━━━━ 155.5/155.5 MB 28.5 MB/s eta 0:00:00
#5 408.9 Downloading pillow-12.3.0-cp311-cp311-manylinux_2_27_x86_64.manylinux_2_28_x86_64.whl (6.9 MB)
#5 409.0    ━━━━━━━━━━━━━━━━━━━━━━━━━━━━━━━━━━━━━━━━ 6.9/6.9 MB 64.9 MB/s eta 0:00:00
#5 409.0 Downloading sympy-1.14.0-py3-none-any.whl (6.3 MB)
#5 409.8    ━━━━━━━━━━━━━━━━━━━━━━━━━━━━━━━━━━━━━━━━ 6.3/6.3 MB 7.5 MB/s eta 0:00:00
#5 409.8 Downloading typing_extensions-4.16.0-py3-none-any.whl (45 kB)
#5 409.8    ━━━━━━━━━━━━━━━━━━━━━━━━━━━━━━━━━━━━━━━━ 45.6/45.6 kB 425.9 MB/s eta 0:00:00
#5 409.8 Downloading filelock-3.32.3-py3-none-any.whl (98 kB)
#5 409.8    ━━━━━━━━━━━━━━━━━━━━━━━━━━━━━━━━━━━━━━━━ 98.9/98.9 kB 323.7 MB/s eta 0:00:00
#5 409.8 Downloading fsspec-2026.7.0-py3-none-any.whl (206 kB)
#5 409.8    ━━━━━━━━━━━━━━━━━━━━━━━━━━━━━━━━━━━━━━━━ 206.6/206.6 kB 85.0 MB/s eta 0:00:00
#5 409.8 Downloading https://download.pytorch.org/whl/jinja2-3.1.6-py3-none-any.whl (134 kB)
#5 409.8    ━━━━━━━━━━━━━━━━━━━━━━━━━━━━━━━━━━━━━━━ 134.9/134.9 kB 611.4 MB/s eta 0:00:00
#5 409.9 Downloading networkx-3.6.1-py3-none-any.whl (2.1 MB)
#5 409.9    ━━━━━━━━━━━━━━━━━━━━━━━━━━━━━━━━━━━━━━━━ 2.1/2.1 MB 63.4 MB/s eta 0:00:00
#5 409.9 Downloading numpy-2.4.6-cp311-cp311-manylinux_2_27_x86_64.manylinux_2_28_x86_64.whl (16.9 MB)
#5 410.9    ━━━━━━━━━━━━━━━━━━━━━━━━━━━━━━━━━━━━━━━━ 16.9/16.9 MB 70.9 MB/s eta 0:00:00
#5 410.9 Downloading https://download.pytorch.org/whl/markupsafe-3.0.3-cp311-cp311-manylinux2014_x86_64.manylinux_2_17_x86_64.manylinux_2_28_x86_64.whl (22 kB)
#5 410.9 Downloading mpmath-1.3.0-py3-none-any.whl (536 kB)
#5 410.9    ━━━━━━━━━━━━━━━━━━━━━━━━━━━━━━━━━━━━━━━━ 536.2/536.2 kB 86.0 MB/s eta 0:00:00
#5 411.5 Installing collected packages: nvidia-cusparselt-cu12, mpmath, typing-extensions, triton, sympy, pillow, nvidia-nvtx-cu12, nvidia-nvjitlink-cu12, nvidia-nccl-cu12, nvidia-curand-cu12, nvidia-cufile-cu12, nvidia-cuda-runtime-cu12, nvidia-cuda-nvrtc-cu12, nvidia-cuda-cupti-cu12, nvidia-cublas-cu12, numpy, networkx, MarkupSafe, fsspec, filelock, nvidia-cusparse-cu12, nvidia-cufft-cu12, nvidia-cudnn-cu12, jinja2, nvidia-cusolver-cu12, torch, torchvision
#5 442.6 Successfully installed MarkupSafe-3.0.3 filelock-3.32.3 fsspec-2026.7.0 jinja2-3.1.6 mpmath-1.3.0 networkx-3.6.1 numpy-2.4.6 nvidia-cublas-cu12-12.8.4.1 nvidia-cuda-cupti-cu12-12.8.90 nvidia-cuda-nvrtc-cu12-12.8.93 nvidia-cuda-runtime-cu12-12.8.90 nvidia-cudnn-cu12-9.10.2.21 nvidia-cufft-cu12-11.3.3.83 nvidia-cufile-cu12-1.13.1.3 nvidia-curand-cu12-10.3.9.90 nvidia-cusolver-cu12-11.7.3.90 nvidia-cusparse-cu12-12.5.8.93 nvidia-cusparselt-cu12-0.7.1 nvidia-nccl-cu12-2.27.3 nvidia-nvjitlink-cu12-12.8.93 nvidia-nvtx-cu12-12.8.90 pillow-12.3.0 sympy-1.14.0 torch-2.8.0+cu128 torchvision-0.23.0+cu128 triton-3.4.0 typing-extensions-4.16.0
#5 442.6 WARNING: Running pip as the 'root' user can result in broken permissions and conflicting behaviour with the system package manager. It is recommended to use a virtual environment instead: https://pip.pypa.io/warnings/venv
#5 DONE 446.5s

#7 [3/5] COPY requirements.vlm.txt /tmp/requirements.vlm.txt
#7 DONE 0.1s

#8 [4/5] RUN pip install --no-cache-dir -r /tmp/requirements.vlm.txt && pip check && pip freeze > /opt/requirements.resolved.txt
#8 0.950 Collecting transformers==4.53.2 (from -r /tmp/requirements.vlm.txt (line 1))
#8 0.973   Downloading transformers-4.53.2-py3-none-any.whl.metadata (40 kB)
#8 0.979      ━━━━━━━━━━━━━━━━━━━━━━━━━━━━━━━━━━━━━━━━ 40.9/40.9 kB 6.9 MB/s eta 0:00:00
#8 0.998 Collecting accelerate==1.8.1 (from -r /tmp/requirements.vlm.txt (line 2))
#8 1.001   Downloading accelerate-1.8.1-py3-none-any.whl.metadata (19 kB)
#8 1.044 Collecting huggingface-hub==0.33.2 (from -r /tmp/requirements.vlm.txt (line 3))
#8 1.048   Downloading huggingface_hub-0.33.2-py3-none-any.whl.metadata (14 kB)
#8 1.116 Collecting tokenizers==0.21.2 (from -r /tmp/requirements.vlm.txt (line 4))
#8 1.122   Downloading tokenizers-0.21.2-cp39-abi3-manylinux_2_17_x86_64.manylinux2014_x86_64.whl.metadata (6.8 kB)
#8 1.203 Collecting safetensors==0.5.3 (from -r /tmp/requirements.vlm.txt (line 5))
#8 1.206   Downloading safetensors-0.5.3-cp38-abi3-manylinux_2_17_x86_64.manylinux2014_x86_64.whl.metadata (3.8 kB)
#8 1.336 Collecting numpy==2.2.6 (from -r /tmp/requirements.vlm.txt (line 6))
#8 1.339   Downloading numpy-2.2.6-cp311-cp311-manylinux_2_17_x86_64.manylinux2014_x86_64.whl.metadata (62 kB)
#8 1.341      ━━━━━━━━━━━━━━━━━━━━━━━━━━━━━━━━━━━━━━━ 62.0/62.0 kB 135.7 MB/s eta 0:00:00
#8 1.478 Collecting pillow==11.3.0 (from -r /tmp/requirements.vlm.txt (line 7))
#8 1.485   Downloading pillow-11.3.0-cp311-cp311-manylinux_2_27_x86_64.manylinux_2_28_x86_64.whl.metadata (9.0 kB)
#8 1.492 Collecting num2words==0.5.14 (from -r /tmp/requirements.vlm.txt (line 8))
#8 1.496   Downloading num2words-0.5.14-py3-none-any.whl.metadata (13 kB)
#8 1.586 Requirement already satisfied: filelock in /usr/local/lib/python3.11/site-packages (from transformers==4.53.2->-r /tmp/requirements.vlm.txt (line 1)) (3.32.3)
#8 2.023 Collecting packaging>=20.0 (from transformers==4.53.2->-r /tmp/requirements.vlm.txt (line 1))
#8 2.027   Downloading packaging-26.3-py3-none-any.whl.metadata (3.5 kB)
#8 2.050 Collecting pyyaml>=5.1 (from transformers==4.53.2->-r /tmp/requirements.vlm.txt (line 1))
#8 2.053   Downloading pyyaml-6.0.3-cp311-cp311-manylinux2014_x86_64.manylinux_2_17_x86_64.manylinux_2_28_x86_64.whl.metadata (2.4 kB)
#8 2.310 Collecting regex!=2019.12.17 (from transformers==4.53.2->-r /tmp/requirements.vlm.txt (line 1))
#8 2.314   Downloading regex-2026.9.10-cp311-cp311-manylinux2014_x86_64.manylinux_2_17_x86_64.manylinux_2_28_x86_64.whl.metadata (40 kB)
#8 2.315      ━━━━━━━━━━━━━━━━━━━━━━━━━━━━━━━━━━━━━━━ 40.6/40.6 kB 493.2 MB/s eta 0:00:00
#8 2.332 Collecting requests (from transformers==4.53.2->-r /tmp/requirements.vlm.txt (line 1))
#8 2.335   Downloading requests-2.34.2-py3-none-any.whl.metadata (4.8 kB)
#8 2.363 Collecting tqdm>=4.27 (from transformers==4.53.2->-r /tmp/requirements.vlm.txt (line 1))
#8 2.368   Downloading tqdm-4.70.1-py3-none-any.whl.metadata (57 kB)
#8 2.371      ━━━━━━━━━━━━━━━━━━━━━━━━━━━━━━━━━━━━━━━ 57.4/57.4 kB 187.9 MB/s eta 0:00:00
#8 2.431 Collecting psutil (from accelerate==1.8.1->-r /tmp/requirements.vlm.txt (line 2))
#8 2.435   Downloading psutil-7.2.2-cp36-abi3-manylinux2010_x86_64.manylinux_2_12_x86_64.manylinux_2_28_x86_64.whl.metadata (22 kB)
#8 2.437 Requirement already satisfied: torch>=2.0.0 in /usr/local/lib/python3.11/site-packages (from accelerate==1.8.1->-r /tmp/requirements.vlm.txt (line 2)) (2.8.0+cu128)
#8 2.475 Requirement already satisfied: fsspec>=2023.5.0 in /usr/local/lib/python3.11/site-packages (from huggingface-hub==0.33.2->-r /tmp/requirements.vlm.txt (line 3)) (2026.7.0)
#8 2.482 Requirement already satisfied: typing-extensions>=3.7.4.3 in /usr/local/lib/python3.11/site-packages (from huggingface-hub==0.33.2->-r /tmp/requirements.vlm.txt (line 3)) (4.16.0)
#8 2.505 Collecting hf-xet<2.0.0,>=1.1.2 (from huggingface-hub==0.33.2->-r /tmp/requirements.vlm.txt (line 3))
#8 2.508   Downloading hf_xet-1.6.0-cp38-abi3-manylinux2014_x86_64.manylinux_2_17_x86_64.whl.metadata (4.9 kB)
#8 2.590 Collecting docopt>=0.6.2 (from num2words==0.5.14->-r /tmp/requirements.vlm.txt (line 8))
#8 2.593   Downloading docopt-0.6.2.tar.gz (25 kB)
#8 2.599   Preparing metadata (setup.py): started
#8 2.932   Preparing metadata (setup.py): finished with status 'done'
#8 2.988 Requirement already satisfied: sympy>=1.13.3 in /usr/local/lib/python3.11/site-packages (from torch>=2.0.0->accelerate==1.8.1->-r /tmp/requirements.vlm.txt (line 2)) (1.14.0)
#8 2.988 Requirement already satisfied: networkx in /usr/local/lib/python3.11/site-packages (from torch>=2.0.0->accelerate==1.8.1->-r /tmp/requirements.vlm.txt (line 2)) (3.6.1)
#8 2.989 Requirement already satisfied: jinja2 in /usr/local/lib/python3.11/site-packages (from torch>=2.0.0->accelerate==1.8.1->-r /tmp/requirements.vlm.txt (line 2)) (3.1.6)
#8 2.990 Requirement already satisfied: nvidia-cuda-nvrtc-cu12==12.8.93 in /usr/local/lib/python3.11/site-packages (from torch>=2.0.0->accelerate==1.8.1->-r /tmp/requirements.vlm.txt (line 2)) (12.8.93)
#8 2.991 Requirement already satisfied: nvidia-cuda-runtime-cu12==12.8.90 in /usr/local/lib/python3.11/site-packages (from torch>=2.0.0->accelerate==1.8.1->-r /tmp/requirements.vlm.txt (line 2)) (12.8.90)
#8 2.992 Requirement already satisfied: nvidia-cuda-cupti-cu12==12.8.90 in /usr/local/lib/python3.11/site-packages (from torch>=2.0.0->accelerate==1.8.1->-r /tmp/requirements.vlm.txt (line 2)) (12.8.90)
#8 2.995 Requirement already satisfied: nvidia-cudnn-cu12==9.10.2.21 in /usr/local/lib/python3.11/site-packages (from torch>=2.0.0->accelerate==1.8.1->-r /tmp/requirements.vlm.txt (line 2)) (9.10.2.21)
#8 2.995 Requirement already satisfied: nvidia-cublas-cu12==12.8.4.1 in /usr/local/lib/python3.11/site-packages (from torch>=2.0.0->accelerate==1.8.1->-r /tmp/requirements.vlm.txt (line 2)) (12.8.4.1)
#8 2.997 Requirement already satisfied: nvidia-cufft-cu12==11.3.3.83 in /usr/local/lib/python3.11/site-packages (from torch>=2.0.0->accelerate==1.8.1->-r /tmp/requirements.vlm.txt (line 2)) (11.3.3.83)
#8 2.997 Requirement already satisfied: nvidia-curand-cu12==10.3.9.90 in /usr/local/lib/python3.11/site-packages (from torch>=2.0.0->accelerate==1.8.1->-r /tmp/requirements.vlm.txt (line 2)) (10.3.9.90)
#8 2.998 Requirement already satisfied: nvidia-cusolver-cu12==11.7.3.90 in /usr/local/lib/python3.11/site-packages (from torch>=2.0.0->accelerate==1.8.1->-r /tmp/requirements.vlm.txt (line 2)) (11.7.3.90)
#8 2.999 Requirement already satisfied: nvidia-cusparse-cu12==12.5.8.93 in /usr/local/lib/python3.11/site-packages (from torch>=2.0.0->accelerate==1.8.1->-r /tmp/requirements.vlm.txt (line 2)) (12.5.8.93)
#8 2.999 Requirement already satisfied: nvidia-cusparselt-cu12==0.7.1 in /usr/local/lib/python3.11/site-packages (from torch>=2.0.0->accelerate==1.8.1->-r /tmp/requirements.vlm.txt (line 2)) (0.7.1)
#8 3.000 Requirement already satisfied: nvidia-nccl-cu12==2.27.3 in /usr/local/lib/python3.11/site-packages (from torch>=2.0.0->accelerate==1.8.1->-r /tmp/requirements.vlm.txt (line 2)) (2.27.3)
#8 3.001 Requirement already satisfied: nvidia-nvtx-cu12==12.8.90 in /usr/local/lib/python3.11/site-packages (from torch>=2.0.0->accelerate==1.8.1->-r /tmp/requirements.vlm.txt (line 2)) (12.8.90)
#8 3.001 Requirement already satisfied: nvidia-nvjitlink-cu12==12.8.93 in /usr/local/lib/python3.11/site-packages (from torch>=2.0.0->accelerate==1.8.1->-r /tmp/requirements.vlm.txt (line 2)) (12.8.93)
#8 3.002 Requirement already satisfied: nvidia-cufile-cu12==1.13.1.3 in /usr/local/lib/python3.11/site-packages (from torch>=2.0.0->accelerate==1.8.1->-r /tmp/requirements.vlm.txt (line 2)) (1.13.1.3)
#8 3.003 Requirement already satisfied: triton==3.4.0 in /usr/local/lib/python3.11/site-packages (from torch>=2.0.0->accelerate==1.8.1->-r /tmp/requirements.vlm.txt (line 2)) (3.4.0)
#8 3.022 Requirement already satisfied: setuptools>=40.8.0 in /usr/local/lib/python3.11/site-packages (from triton==3.4.0->torch>=2.0.0->accelerate==1.8.1->-r /tmp/requirements.vlm.txt (line 2)) (79.0.1)
#8 3.112 Collecting charset_normalizer<4,>=2 (from requests->transformers==4.53.2->-r /tmp/requirements.vlm.txt (line 1))
#8 3.116   Downloading charset_normalizer-3.5.1-cp311-cp311-manylinux2014_x86_64.manylinux_2_17_x86_64.manylinux_2_28_x86_64.whl.metadata (45 kB)
#8 3.117      ━━━━━━━━━━━━━━━━━━━━━━━━━━━━━━━━━━━━━━━ 45.9/45.9 kB 509.9 MB/s eta 0:00:00
#8 3.129 Collecting idna<4,>=2.5 (from requests->transformers==4.53.2->-r /tmp/requirements.vlm.txt (line 1))
#8 3.133   Downloading idna-3.19-py3-none-any.whl.metadata (9.2 kB)
#8 3.152 Collecting urllib3<3,>=1.26 (from requests->transformers==4.53.2->-r /tmp/requirements.vlm.txt (line 1))
#8 3.573   Downloading urllib3-2.7.0-py3-none-any.whl.metadata (6.9 kB)
#8 3.585 Collecting certifi>=2023.5.7 (from requests->transformers==4.53.2->-r /tmp/requirements.vlm.txt (line 1))
#8 3.588   Downloading certifi-2026.7.22-py3-none-any.whl.metadata (2.5 kB)
#8 3.599 Requirement already satisfied: mpmath<1.4,>=1.1.0 in /usr/local/lib/python3.11/site-packages (from sympy>=1.13.3->torch>=2.0.0->accelerate==1.8.1->-r /tmp/requirements.vlm.txt (line 2)) (1.3.0)
#8 3.604 Requirement already satisfied: MarkupSafe>=2.0 in /usr/local/lib/python3.11/site-packages (from jinja2->torch>=2.0.0->accelerate==1.8.1->-r /tmp/requirements.vlm.txt (line 2)) (3.0.3)
#8 3.640 Downloading transformers-4.53.2-py3-none-any.whl (10.8 MB)
#8 4.480    ━━━━━━━━━━━━━━━━━━━━━━━━━━━━━━━━━━━━━━━━ 10.8/10.8 MB 12.3 MB/s eta 0:00:00
#8 4.484 Downloading accelerate-1.8.1-py3-none-any.whl (365 kB)
#8 4.495    ━━━━━━━━━━━━━━━━━━━━━━━━━━━━━━━━━━━━━━━━ 365.3/365.3 kB 39.9 MB/s eta 0:00:00
#8 4.502 Downloading huggingface_hub-0.33.2-py3-none-any.whl (515 kB)
#8 4.513    ━━━━━━━━━━━━━━━━━━━━━━━━━━━━━━━━━━━━━━━━ 515.4/515.4 kB 42.5 MB/s eta 0:00:00
#8 4.517 Downloading tokenizers-0.21.2-cp39-abi3-manylinux_2_17_x86_64.manylinux2014_x86_64.whl (3.1 MB)
#8 4.620    ━━━━━━━━━━━━━━━━━━━━━━━━━━━━━━━━━━━━━━━━ 3.1/3.1 MB 30.7 MB/s eta 0:00:00
#8 4.624 Downloading safetensors-0.5.3-cp38-abi3-manylinux_2_17_x86_64.manylinux2014_x86_64.whl (471 kB)
#8 4.644    ━━━━━━━━━━━━━━━━━━━━━━━━━━━━━━━━━━━━━━━━ 471.6/471.6 kB 28.1 MB/s eta 0:00:00
#8 4.654 Downloading numpy-2.2.6-cp311-cp311-manylinux_2_17_x86_64.manylinux2014_x86_64.whl (16.8 MB)
#8 6.482    ━━━━━━━━━━━━━━━━━━━━━━━━━━━━━━━━━━━━━━━━ 16.8/16.8 MB 11.0 MB/s eta 0:00:00
#8 6.488 Downloading pillow-11.3.0-cp311-cp311-manylinux_2_27_x86_64.manylinux_2_28_x86_64.whl (6.6 MB)
#8 6.634    ━━━━━━━━━━━━━━━━━━━━━━━━━━━━━━━━━━━━━━━━ 6.6/6.6 MB 46.0 MB/s eta 0:00:00
#8 6.637 Downloading num2words-0.5.14-py3-none-any.whl (163 kB)
#8 6.641    ━━━━━━━━━━━━━━━━━━━━━━━━━━━━━━━━━━━━━━━━ 163.5/163.5 kB 53.8 MB/s eta 0:00:00
#8 6.645 Downloading hf_xet-1.6.0-cp38-abi3-manylinux2014_x86_64.manylinux_2_17_x86_64.whl (4.5 MB)
#8 6.749    ━━━━━━━━━━━━━━━━━━━━━━━━━━━━━━━━━━━━━━━━ 4.5/4.5 MB 43.4 MB/s eta 0:00:00
#8 6.753 Downloading packaging-26.3-py3-none-any.whl (129 kB)
#8 6.757    ━━━━━━━━━━━━━━━━━━━━━━━━━━━━━━━━━━━━━━━━ 130.0/130.0 kB 59.5 MB/s eta 0:00:00
#8 6.763 Downloading pyyaml-6.0.3-cp311-cp311-manylinux2014_x86_64.manylinux_2_17_x86_64.manylinux_2_28_x86_64.whl (806 kB)
#8 6.780    ━━━━━━━━━━━━━━━━━━━━━━━━━━━━━━━━━━━━━━━━ 806.6/806.6 kB 51.0 MB/s eta 0:00:00
#8 6.783 Downloading regex-2026.9.10-cp311-cp311-manylinux2014_x86_64.manylinux_2_17_x86_64.manylinux_2_28_x86_64.whl (802 kB)
#8 6.798    ━━━━━━━━━━━━━━━━━━━━━━━━━━━━━━━━━━━━━━━━ 803.0/803.0 kB 58.8 MB/s eta 0:00:00
#8 6.802 Downloading tqdm-4.70.1-py3-none-any.whl (80 kB)
#8 6.803    ━━━━━━━━━━━━━━━━━━━━━━━━━━━━━━━━━━━━━━━━ 80.2/80.2 kB 563.3 MB/s eta 0:00:00
#8 6.806 Downloading psutil-7.2.2-cp36-abi3-manylinux2010_x86_64.manylinux_2_12_x86_64.manylinux_2_28_x86_64.whl (155 kB)
#8 6.810    ━━━━━━━━━━━━━━━━━━━━━━━━━━━━━━━━━━━━━━━━ 155.6/155.6 kB 70.1 MB/s eta 0:00:00
#8 6.813 Downloading requests-2.34.2-py3-none-any.whl (73 kB)
#8 6.814    ━━━━━━━━━━━━━━━━━━━━━━━━━━━━━━━━━━━━━━━━ 73.1/73.1 kB 491.7 MB/s eta 0:00:00
#8 6.818 Downloading certifi-2026.7.22-py3-none-any.whl (136 kB)
#8 6.821    ━━━━━━━━━━━━━━━━━━━━━━━━━━━━━━━━━━━━━━━━ 137.0/137.0 kB 67.9 MB/s eta 0:00:00
#8 6.824 Downloading charset_normalizer-3.5.1-cp311-cp311-manylinux2014_x86_64.manylinux_2_17_x86_64.manylinux_2_28_x86_64.whl (262 kB)
#8 6.831    ━━━━━━━━━━━━━━━━━━━━━━━━━━━━━━━━━━━━━━━━ 262.3/262.3 kB 63.3 MB/s eta 0:00:00
#8 6.835 Downloading idna-3.19-py3-none-any.whl (68 kB)
#8 6.837    ━━━━━━━━━━━━━━━━━━━━━━━━━━━━━━━━━━━━━━━━ 68.5/68.5 kB 400.7 MB/s eta 0:00:00
#8 6.840 Downloading urllib3-2.7.0-py3-none-any.whl (131 kB)
#8 6.842    ━━━━━━━━━━━━━━━━━━━━━━━━━━━━━━━━━━━━━━━ 131.1/131.1 kB 142.7 MB/s eta 0:00:00
#8 6.887 Building wheels for collected packages: docopt
#8 6.888   Building wheel for docopt (setup.py): started
#8 7.232   Building wheel for docopt (setup.py): finished with status 'done'
#8 7.233   Created wheel for docopt: filename=docopt-0.6.2-py2.py3-none-any.whl size=13781 sha256=b7aa9175cfcac2becf15e4aec36166cf0c7645aaef3403547cdfee5117c36040
#8 7.233   Stored in directory: /tmp/pip-ephem-wheel-cache-pikhs4z6/wheels/1a/b0/8c/4b75c4116c31f83c8f9f047231251e13cc74481cca4a78a9ce
#8 7.234 Successfully built docopt
#8 7.487 Installing collected packages: docopt, urllib3, tqdm, safetensors, regex, pyyaml, psutil, pillow, packaging, numpy, num2words, idna, hf-xet, charset_normalizer, certifi, requests, huggingface-hub, tokenizers, accelerate, transformers
#8 7.744   Attempting uninstall: pillow
#8 7.749     Found existing installation: pillow 12.3.0
#8 7.753     Uninstalling pillow-12.3.0:
#8 7.770       Successfully uninstalled pillow-12.3.0
#8 7.986   Attempting uninstall: numpy
#8 7.992     Found existing installation: numpy 2.4.6
#8 8.016     Uninstalling numpy-2.4.6:
#8 8.127       Successfully uninstalled numpy-2.4.6
#8 12.42 Successfully installed accelerate-1.8.1 certifi-2026.7.22 charset_normalizer-3.5.1 docopt-0.6.2 hf-xet-1.6.0 huggingface-hub-0.33.2 idna-3.19 num2words-0.5.14 numpy-2.2.6 packaging-26.3 pillow-11.3.0 psutil-7.2.2 pyyaml-6.0.3 regex-2026.9.10 requests-2.34.2 safetensors-0.5.3 tokenizers-0.21.2 tqdm-4.70.1 transformers-4.53.2 urllib3-2.7.0
#8 12.42 WARNING: Running pip as the 'root' user can result in broken permissions and conflicting behaviour with the system package manager. It is recommended to use a virtual environment instead: https://pip.pypa.io/warnings/venv
#8 12.47 
#8 12.47 [notice] A new release of pip is available: 24.0 -> 26.2.1
#8 12.47 [notice] To update, run: pip install --upgrade pip
#8 13.86 No broken requirements found.
#8 DONE 14.8s

#9 [5/5] WORKDIR /study
#9 DONE 0.1s

#10 exporting to image
#10 exporting layers
#10 exporting layers 143.7s done
#10 exporting manifest sha256:b5b9cd50b76f4bf2f1ad6317e4150dfdbf2210a498ef2e7af556c3964f6cbf26 0.0s done
#10 exporting config sha256:9d623fbbed6465b9c636b88bfedc3899db1db2ef4005529eda0cc0af7ec8f8cf 0.0s done
#10 exporting attestation manifest sha256:44d8e0a6462abc49ec1749e56ed73d1f4b05c577693c4929148f6dac2a9c305e
#10 exporting attestation manifest sha256:44d8e0a6462abc49ec1749e56ed73d1f4b05c577693c4929148f6dac2a9c305e 0.4s done
#10 exporting manifest list sha256:0ceebb0f0fabbbfe4ab1d0ee7a29326ac99a210b51cc12faf0c6aa567d3f015e
#10 exporting manifest list sha256:0ceebb0f0fabbbfe4ab1d0ee7a29326ac99a210b51cc12faf0c6aa567d3f015e 0.0s done
#10 naming to docker.io/library/research3-q7-vlm:v1 done
#10 unpacking to docker.io/library/research3-q7-vlm:v1
#10 unpacking to docker.io/library/research3-q7-vlm:v1 30.9s done
#10 DONE 175.2s
