{
  "decision": "PASS_DENOMINATOR",
  "files_expected": 20,
  "files_openable": 20,
  "all_required_schema_ok": true,
  "segments_total": 570,
  "segments_matched_usable": 569,
  "segments_excluded_official_issue": 1,
  "target_action_segments": 524,
  "target_success": 473,
  "target_failure": 51,
  "train_failure": 40,
  "test_failure": 11,
  "eligible_action_families": [
    "pick",
    "insert",
    "remove"
  ],
  "cross_split_failure_families": [
    "pick",
    "insert",
    "remove"
  ],
  "exact_action_texts": 68,
  "exact_action_texts_with_both_outcomes": [
    "Insert BNC.",
    "Insert D-SUB.",
    "Insert Ethernet.",
    "Insert bolt 4.",
    "Insert large gear.",
    "Insert medium gear.",
    "Insert round peg 1.",
    "Insert round peg 2.",
    "Insert round peg 3.",
    "Insert round peg 4.",
    "Insert small gear.",
    "Insert square peg 1.",
    "Insert square peg 4.",
    "Pick Ethernet.",
    "Pick USB.",
    "Pick large gear.",
    "Pick round peg 1.",
    "Pick round peg 3.",
    "Pick small gear.",
    "Pick square peg 3.",
    "Place round peg 1.",
    "Remove BNC.",
    "Remove Ethernet.",
    "Remove bolt 4.",
    "Remove round peg 3.",
    "Remove square peg 3.",
    "Remove square peg 4.",
    "Remove waterproof."
  ],
  "exact_action_texts_shared_across_splits": [
    "Insert BNC.",
    "Insert D-SUB.",
    "Insert Ethernet.",
    "Insert USB.",
    "Insert bolt 4.",
    "Insert large gear.",
    "Insert medium gear.",
    "Insert round peg 1.",
    "Insert round peg 2.",
    "Insert round peg 3.",
    "Insert round peg 4.",
    "Insert small gear.",
    "Insert square peg 1.",
    "Insert square peg 2.",
    "Insert square peg 3.",
    "Insert square peg 4.",
    "Insert waterproof.",
    "Pick BNC.",
    "Pick D-SUB.",
    "Pick Ethernet.",
    "Pick USB.",
    "Pick bolt 4.",
    "Pick large gear.",
    "Pick medium gear.",
    "Pick round peg 1.",
    "Pick round peg 2.",
    "Pick round peg 3.",
    "Pick round peg 4.",
    "Pick small gear.",
    "Pick square peg 1.",
    "Pick square peg 2.",
    "Pick square peg 3.",
    "Pick square peg 4.",
    "Pick waterproof.",
    "Place BNC.",
    "Place D-SUB.",
    "Place Ethernet.",
    "Place USB.",
    "Place bolt 4.",
    "Place large gear.",
    "Place medium gear.",
    "Place round peg 1.",
    "Place round peg 2.",
    "Place round peg 3.",
    "Place round peg 4.",
    "Place small gear.",
    "Place square peg 1.",
    "Place square peg 2.",
    "Place square peg 3.",
    "Place square peg 4.",
    "Place waterproof.",
    "Remove BNC.",
    "Remove D-SUB.",
    "Remove Ethernet.",
    "Remove USB.",
    "Remove bolt 4.",
    "Remove large gear.",
    "Remove medium gear.",
    "Remove round peg 1.",
    "Remove round peg 2.",
    "Remove round peg 3.",
    "Remove round peg 4.",
    "Remove small gear.",
    "Remove square peg 1.",
    "Remove square peg 2.",
    "Remove square peg 3.",
    "Remove square peg 4.",
    "Remove waterproof."
  ]
}
