#0 building with "default" instance using docker driver

#1 [internal] load build definition from Dockerfile
#1 transferring dockerfile: 326B done
#1 DONE 0.0s

#2 [internal] load metadata for docker.io/library/python:3.11-slim-bookworm@sha256:b1add8a6f2aca6bcfcf0b9c9b522352f7ce0d62a3d556a2f2f32511aa0cca250
#2 ...

#3 [auth] library/python:pull token for registry-1.docker.io
#3 DONE 0.0s

#2 [internal] load metadata for docker.io/library/python:3.11-slim-bookworm@sha256:b1add8a6f2aca6bcfcf0b9c9b522352f7ce0d62a3d556a2f2f32511aa0cca250
#2 DONE 1.6s

#4 [internal] load .dockerignore
#4 transferring context: 2B done
#4 DONE 0.0s

#5 [1/4] FROM docker.io/library/python:3.11-slim-bookworm@sha256:b1add8a6f2aca6bcfcf0b9c9b522352f7ce0d62a3d556a2f2f32511aa0cca250
#5 resolve docker.io/library/python:3.11-slim-bookworm@sha256:b1add8a6f2aca6bcfcf0b9c9b522352f7ce0d62a3d556a2f2f32511aa0cca250 0.0s done
#5 ...

#6 [internal] load build context
#6 transferring context: 72B done
#6 DONE 0.1s

#5 [1/4] FROM docker.io/library/python:3.11-slim-bookworm@sha256:b1add8a6f2aca6bcfcf0b9c9b522352f7ce0d62a3d556a2f2f32511aa0cca250
#5 sha256:882a85d461488e9f738169100e18dabf5b52710cf9de01203645106010390643 0B / 16.02MB 0.2s
#5 sha256:882a85d461488e9f738169100e18dabf5b52710cf9de01203645106010390643 6.29MB / 16.02MB 0.3s
#5 sha256:6128e8861235d84a1b973ae2b2847000f2c1163dbf138e56f6ca2127512afdd2 0B / 250B 0.2s
#5 sha256:5916320cd9ac92ae5ba3f99d8c7e3a3821d03b6bac8c7cd2cd1459bf1cc4f327 0B / 3.53MB 0.2s
#5 sha256:a8ac7f6c67abc236e4c745052c404112b8fab6fe8ac3a329d1ef3b867ad67c71 0B / 28.23MB 0.2s
#5 sha256:6128e8861235d84a1b973ae2b2847000f2c1163dbf138e56f6ca2127512afdd2 250B / 250B 0.8s done
#5 sha256:882a85d461488e9f738169100e18dabf5b52710cf9de01203645106010390643 14.68MB / 16.02MB 1.1s
#5 sha256:882a85d461488e9f738169100e18dabf5b52710cf9de01203645106010390643 16.02MB / 16.02MB 1.3s done
#5 sha256:5916320cd9ac92ae5ba3f99d8c7e3a3821d03b6bac8c7cd2cd1459bf1cc4f327 3.53MB / 3.53MB 1.6s done
#5 sha256:a8ac7f6c67abc236e4c745052c404112b8fab6fe8ac3a329d1ef3b867ad67c71 7.34MB / 28.23MB 1.8s
#5 sha256:a8ac7f6c67abc236e4c745052c404112b8fab6fe8ac3a329d1ef3b867ad67c71 9.44MB / 28.23MB 2.4s
#5 sha256:a8ac7f6c67abc236e4c745052c404112b8fab6fe8ac3a329d1ef3b867ad67c71 15.73MB / 28.23MB 2.6s
#5 sha256:a8ac7f6c67abc236e4c745052c404112b8fab6fe8ac3a329d1ef3b867ad67c71 25.17MB / 28.23MB 2.9s
#5 sha256:a8ac7f6c67abc236e4c745052c404112b8fab6fe8ac3a329d1ef3b867ad67c71 28.23MB / 28.23MB 3.5s done
#5 extracting sha256:a8ac7f6c67abc236e4c745052c404112b8fab6fe8ac3a329d1ef3b867ad67c71
#5 extracting sha256:a8ac7f6c67abc236e4c745052c404112b8fab6fe8ac3a329d1ef3b867ad67c71 0.4s done
#5 DONE 4.1s

#5 [1/4] FROM docker.io/library/python:3.11-slim-bookworm@sha256:b1add8a6f2aca6bcfcf0b9c9b522352f7ce0d62a3d556a2f2f32511aa0cca250
#5 extracting sha256:5916320cd9ac92ae5ba3f99d8c7e3a3821d03b6bac8c7cd2cd1459bf1cc4f327 0.1s done
#5 extracting sha256:882a85d461488e9f738169100e18dabf5b52710cf9de01203645106010390643
#5 extracting sha256:882a85d461488e9f738169100e18dabf5b52710cf9de01203645106010390643 0.2s done
#5 DONE 4.4s

#5 [1/4] FROM docker.io/library/python:3.11-slim-bookworm@sha256:b1add8a6f2aca6bcfcf0b9c9b522352f7ce0d62a3d556a2f2f32511aa0cca250
#5 extracting sha256:6128e8861235d84a1b973ae2b2847000f2c1163dbf138e56f6ca2127512afdd2 0.0s done
#5 DONE 4.4s

#7 [2/4] COPY requirements_v2.txt /tmp/requirements.txt
#7 DONE 0.1s

#8 [3/4] RUN python -m pip install --no-cache-dir -r /tmp/requirements.txt
#8 1.032 Collecting numpy==2.1.3 (from -r /tmp/requirements.txt (line 1))
#8 1.059   Downloading numpy-2.1.3-cp311-cp311-manylinux_2_17_x86_64.manylinux2014_x86_64.whl.metadata (62 kB)
#8 1.067      ━━━━━━━━━━━━━━━━━━━━━━━━━━━━━━━━━━━━━━━━ 62.0/62.0 kB 7.4 MB/s eta 0:00:00
#8 1.094 Collecting h5py==3.12.1 (from -r /tmp/requirements.txt (line 2))
#8 1.099   Downloading h5py-3.12.1-cp311-cp311-manylinux_2_17_x86_64.manylinux2014_x86_64.whl.metadata (2.5 kB)
#8 1.108 Downloading numpy-2.1.3-cp311-cp311-manylinux_2_17_x86_64.manylinux2014_x86_64.whl (16.3 MB)
#8 1.671    ━━━━━━━━━━━━━━━━━━━━━━━━━━━━━━━━━━━━━━━━ 16.3/16.3 MB 23.1 MB/s eta 0:00:00
#8 1.676 Downloading h5py-3.12.1-cp311-cp311-manylinux_2_17_x86_64.manylinux2014_x86_64.whl (5.5 MB)
#8 2.460    ━━━━━━━━━━━━━━━━━━━━━━━━━━━━━━━━━━━━━━━━ 5.5/5.5 MB 7.0 MB/s eta 0:00:00
#8 2.523 Installing collected packages: numpy, h5py
#8 3.517 Successfully installed h5py-3.12.1 numpy-2.1.3
#8 3.517 WARNING: Running pip as the 'root' user can result in broken permissions and conflicting behaviour with the system package manager. It is recommended to use a virtual environment instead: https://pip.pypa.io/warnings/venv
#8 3.569 
#8 3.569 [notice] A new release of pip is available: 24.0 -> 26.2.1
#8 3.569 [notice] To update, run: pip install --upgrade pip
#8 DONE 3.7s

#9 [4/4] WORKDIR /workspace
#9 DONE 0.1s

#10 exporting to image
#10 exporting layers
#10 exporting layers 2.5s done
#10 exporting manifest sha256:54da859f5b6190dee47fd10701f2d40e097752d7ed31ba4fc0cd4ec9373a0e90 0.0s done
#10 exporting config sha256:460757bf0bb8dc7061ad0eeb48ac88f3891c88542d2b1523e3b57d4fff1f9f71 0.0s done
#10 exporting attestation manifest sha256:b0f99d0e43bc622371addbfbf452028f672698abbeab7084db30a9f73ad62b79 0.1s done
#10 exporting manifest list sha256:fd9d231c80b85653c7270165384e3691cdbd8244f66af0aaabfa58e96eb8ea0b
#10 exporting manifest list sha256:fd9d231c80b85653c7270165384e3691cdbd8244f66af0aaabfa58e96eb8ea0b 0.0s done
#10 naming to docker.io/library/research3-q10-schema:v2 0.0s done
#10 unpacking to docker.io/library/research3-q10-schema:v2
#10 unpacking to docker.io/library/research3-q10-schema:v2 0.4s done
#10 DONE 3.1s
