#0 building with "default" instance using docker driver

#1 [internal] load build definition from Dockerfile
#1 transferring dockerfile: 453B done
#1 DONE 0.0s

#2 [internal] load metadata for docker.io/library/python:3.11.13-slim-bookworm@sha256:cec9aa7aa96eea4fa036e9b82be1e6b325f2e3707f462d885868df51ec0a4b47
#2 ...

#3 [auth] library/python:pull token for registry-1.docker.io
#3 DONE 0.0s

#2 [internal] load metadata for docker.io/library/python:3.11.13-slim-bookworm@sha256:cec9aa7aa96eea4fa036e9b82be1e6b325f2e3707f462d885868df51ec0a4b47
#2 DONE 1.2s

#4 [internal] load .dockerignore
#4 transferring context: 2B done
#4 DONE 0.0s

#5 [1/4] FROM docker.io/library/python:3.11.13-slim-bookworm@sha256:cec9aa7aa96eea4fa036e9b82be1e6b325f2e3707f462d885868df51ec0a4b47
#5 resolve docker.io/library/python:3.11.13-slim-bookworm@sha256:cec9aa7aa96eea4fa036e9b82be1e6b325f2e3707f462d885868df51ec0a4b47 0.0s done
#5 CACHED

#6 [internal] load build context
#6 transferring context: 1.19kB done
#6 DONE 0.0s

#7 [2/4] COPY requirements.txt /tmp/requirements.txt
#7 DONE 0.0s

#8 [3/4] RUN python -m pip install --no-cache-dir --only-binary=:all: --require-hashes -r /tmp/requirements.txt && python -m pip check
#8 0.997 Collecting torch@ https://download-r2.pytorch.org/whl/cpu/torch-2.7.1%2Bcpu-cp311-cp311-manylinux_2_28_x86_64.whl (from -r /tmp/requirements.txt (line 1))
#8 1.255   Downloading https://download-r2.pytorch.org/whl/cpu/torch-2.7.1%2Bcpu-cp311-cp311-manylinux_2_28_x86_64.whl (176.0 MB)
#8 12.02      ━━━━━━━━━━━━━━━━━━━━━━━━━━━━━━━━━━━━━━ 176.0/176.0 MB 11.3 MB/s eta 0:00:00
#8 12.33 Collecting numpy==1.26.4 (from -r /tmp/requirements.txt (line 2))
#8 12.35   Downloading numpy-1.26.4-cp311-cp311-manylinux_2_17_x86_64.manylinux2014_x86_64.whl (18.3 MB)
#8 13.61      ━━━━━━━━━━━━━━━━━━━━━━━━━━━━━━━━━━━━━━━━ 18.3/18.3 MB 11.6 MB/s eta 0:00:00
#8 13.64 Collecting filelock==3.18.0 (from -r /tmp/requirements.txt (line 3))
#8 13.64   Downloading filelock-3.18.0-py3-none-any.whl (16 kB)
#8 13.67 Collecting typing_extensions==4.14.0 (from -r /tmp/requirements.txt (line 4))
#8 13.67   Downloading typing_extensions-4.14.0-py3-none-any.whl (43 kB)
#8 13.68      ━━━━━━━━━━━━━━━━━━━━━━━━━━━━━━━━━━━━━━━ 43.8/43.8 kB 398.6 MB/s eta 0:00:00
#8 13.69 Collecting sympy==1.14.0 (from -r /tmp/requirements.txt (line 5))
#8 13.69   Downloading sympy-1.14.0-py3-none-any.whl (6.3 MB)
#8 14.50      ━━━━━━━━━━━━━━━━━━━━━━━━━━━━━━━━━━━━━━━━ 6.3/6.3 MB 7.8 MB/s eta 0:00:00
#8 14.52 Collecting networkx==3.5 (from -r /tmp/requirements.txt (line 6))
#8 14.52   Downloading networkx-3.5-py3-none-any.whl (2.0 MB)
#8 14.56      ━━━━━━━━━━━━━━━━━━━━━━━━━━━━━━━━━━━━━━━━ 2.0/2.0 MB 67.9 MB/s eta 0:00:00
#8 14.57 Collecting jinja2==3.1.6 (from -r /tmp/requirements.txt (line 7))
#8 14.57   Downloading jinja2-3.1.6-py3-none-any.whl (134 kB)
#8 14.58      ━━━━━━━━━━━━━━━━━━━━━━━━━━━━━━━━━━━━━━ 134.9/134.9 kB 79.5 MB/s eta 0:00:00
#8 14.59 Collecting fsspec==2025.5.1 (from -r /tmp/requirements.txt (line 8))
#8 14.60   Downloading fsspec-2025.5.1-py3-none-any.whl (199 kB)
#8 14.60      ━━━━━━━━━━━━━━━━━━━━━━━━━━━━━━━━━━━━━ 199.1/199.1 kB 107.2 MB/s eta 0:00:00
#8 14.61 Collecting mpmath==1.3.0 (from -r /tmp/requirements.txt (line 9))
#8 14.61   Downloading mpmath-1.3.0-py3-none-any.whl (536 kB)
#8 14.62      ━━━━━━━━━━━━━━━━━━━━━━━━━━━━━━━━━━━━━━ 536.2/536.2 kB 74.7 MB/s eta 0:00:00
#8 14.65 Collecting MarkupSafe==3.0.2 (from -r /tmp/requirements.txt (line 10))
#8 14.66   Downloading MarkupSafe-3.0.2-cp311-cp311-manylinux_2_17_x86_64.manylinux2014_x86_64.whl (23 kB)
#8 14.71 Collecting setuptools==80.9.0 (from -r /tmp/requirements.txt (line 11))
#8 14.71   Downloading setuptools-80.9.0-py3-none-any.whl (1.2 MB)
#8 14.73      ━━━━━━━━━━━━━━━━━━━━━━━━━━━━━━━━━━━━━━━━ 1.2/1.2 MB 65.1 MB/s eta 0:00:00
#8 14.91 Installing collected packages: mpmath, typing_extensions, sympy, setuptools, numpy, networkx, MarkupSafe, fsspec, filelock, jinja2, torch
#8 17.55   Attempting uninstall: setuptools
#8 17.55     Found existing installation: setuptools 65.5.1
#8 17.55     Uninstalling setuptools-65.5.1:
#8 17.61       Successfully uninstalled setuptools-65.5.1
#8 24.02 Successfully installed MarkupSafe-3.0.2 filelock-3.18.0 fsspec-2025.5.1 jinja2-3.1.6 mpmath-1.3.0 networkx-3.5 numpy-1.26.4 setuptools-80.9.0 sympy-1.14.0 torch-2.7.1+cpu typing_extensions-4.14.0
#8 24.02 WARNING: Running pip as the 'root' user can result in broken permissions and conflicting behaviour with the system package manager. It is recommended to use a virtual environment instead: https://pip.pypa.io/warnings/venv
#8 24.07 
#8 24.07 [notice] A new release of pip is available: 24.0 -> 26.2.1
#8 24.07 [notice] To update, run: pip install --upgrade pip
#8 24.43 No broken requirements found.
#8 DONE 24.7s

#9 [4/4] WORKDIR /study/model
#9 DONE 0.1s

#10 exporting to image
#10 exporting layers
#10 exporting layers 20.0s done
#10 exporting manifest sha256:f430dd5ac75e75cb2e3edb6f4fa4272d95832fdb3b820939301fce8327861576 0.0s done
#10 exporting config sha256:2b40b4be092f85394533c76b3b5ba4f500e4db3b48e963a9a0cca31d517f2123 0.0s done
#10 exporting attestation manifest sha256:7d5b06a82e6402f40cc9a7e080634bb3aecfe1013b5ee93c72643d3953df050e 0.1s done
#10 exporting manifest list sha256:9977f452f5bb84734c210e911110d23a2dacf9fb38d94c260d864c65da1444d6
#10 exporting manifest list sha256:9977f452f5bb84734c210e911110d23a2dacf9fb38d94c260d864c65da1444d6 0.0s done
#10 naming to docker.io/library/research3-q12-model-schema:v1 done
#10 unpacking to docker.io/library/research3-q12-model-schema:v1
#10 unpacking to docker.io/library/research3-q12-model-schema:v1 2.7s done
#10 DONE 22.9s
