#0 building with "default" instance using docker driver

#1 [internal] load build definition from Dockerfile
#1 transferring dockerfile: 373B done
#1 DONE 0.0s

#2 [internal] load metadata for docker.io/library/python:3.11.14-slim-bookworm
#2 DONE 0.7s

#3 [internal] load .dockerignore
#3 transferring context: 72B done
#3 DONE 0.0s

#4 [internal] load build context
#4 transferring context: 2.95kB done
#4 DONE 0.0s

#5 [1/5] FROM docker.io/library/python:3.11.14-slim-bookworm@sha256:65a93d69fa75478d554f4ad27c85c1e69fa184956261b4301ebaf6dbb0a3543d
#5 resolve docker.io/library/python:3.11.14-slim-bookworm@sha256:65a93d69fa75478d554f4ad27c85c1e69fa184956261b4301ebaf6dbb0a3543d 0.0s done
#5 DONE 0.0s

#6 [2/5] RUN pip install --no-cache-dir numpy==2.2.6
#6 CACHED

#7 [3/5] RUN pip install --no-cache-dir torch==2.8.0+cpu --index-url https://download.pytorch.org/whl/cpu
#7 0.905 Looking in indexes: https://download.pytorch.org/whl/cpu
#7 0.983 Collecting torch==2.8.0+cpu
#7 1.029   Downloading https://download-r2.pytorch.org/whl/cpu/torch-2.8.0%2Bcpu-cp311-cp311-manylinux_2_28_x86_64.whl.metadata (29 kB)
#7 1.063 Collecting filelock (from torch==2.8.0+cpu)
#7 1.088   Downloading filelock-3.32.3-py3-none-any.whl.metadata (2.0 kB)
#7 1.103 Collecting typing-extensions>=4.10.0 (from torch==2.8.0+cpu)
#7 1.106   Downloading typing_extensions-4.16.0-py3-none-any.whl.metadata (3.3 kB)
#7 1.126 Collecting sympy>=1.13.3 (from torch==2.8.0+cpu)
#7 1.130   Downloading sympy-1.14.0-py3-none-any.whl.metadata (12 kB)
#7 1.154 Collecting networkx (from torch==2.8.0+cpu)
#7 1.157   Downloading networkx-3.6.1-py3-none-any.whl.metadata (6.8 kB)
#7 1.167 Collecting jinja2 (from torch==2.8.0+cpu)
#7 1.177   Downloading https://download.pytorch.org/whl/jinja2-3.1.6-py3-none-any.whl.metadata (2.9 kB)
#7 1.196 Collecting fsspec (from torch==2.8.0+cpu)
#7 1.198   Downloading fsspec-2026.7.0-py3-none-any.whl.metadata (10 kB)
#7 1.757 Collecting mpmath<1.4,>=1.1.0 (from sympy>=1.13.3->torch==2.8.0+cpu)
#7 1.759   Downloading mpmath-1.3.0-py3-none-any.whl.metadata (8.6 kB)
#7 1.797 Collecting MarkupSafe>=2.0 (from jinja2->torch==2.8.0+cpu)
#7 1.804   Downloading https://download.pytorch.org/whl/markupsafe-3.0.3-cp311-cp311-manylinux2014_x86_64.manylinux_2_17_x86_64.manylinux_2_28_x86_64.whl.metadata (2.7 kB)
#7 2.040 Downloading https://download-r2.pytorch.org/whl/cpu/torch-2.8.0%2Bcpu-cp311-cp311-manylinux_2_28_x86_64.whl (184.1 MB)
#7 14.15    ━━━━━━━━━━━━━━━━━━━━━━━━━━━━━━━━━━━━━━━━ 184.1/184.1 MB 10.8 MB/s eta 0:00:00
#7 14.16 Downloading sympy-1.14.0-py3-none-any.whl (6.3 MB)
#7 14.23    ━━━━━━━━━━━━━━━━━━━━━━━━━━━━━━━━━━━━━━━━ 6.3/6.3 MB 86.9 MB/s eta 0:00:00
#7 14.23 Downloading typing_extensions-4.16.0-py3-none-any.whl (45 kB)
#7 14.23    ━━━━━━━━━━━━━━━━━━━━━━━━━━━━━━━━━━━━━━━━ 45.6/45.6 kB 699.6 MB/s eta 0:00:00
#7 14.24 Downloading filelock-3.32.3-py3-none-any.whl (98 kB)
#7 14.24    ━━━━━━━━━━━━━━━━━━━━━━━━━━━━━━━━━━━━━━━━ 98.9/98.9 kB 229.2 MB/s eta 0:00:00
#7 14.24 Downloading fsspec-2026.7.0-py3-none-any.whl (206 kB)
#7 14.24    ━━━━━━━━━━━━━━━━━━━━━━━━━━━━━━━━━━━━━━━ 206.6/206.6 kB 106.5 MB/s eta 0:00:00
#7 14.25 Downloading https://download.pytorch.org/whl/jinja2-3.1.6-py3-none-any.whl (134 kB)
#7 14.25    ━━━━━━━━━━━━━━━━━━━━━━━━━━━━━━━━━━━━━━━━ 134.9/134.9 kB 34.8 MB/s eta 0:00:00
#7 14.25 Downloading networkx-3.6.1-py3-none-any.whl (2.1 MB)
#7 14.28    ━━━━━━━━━━━━━━━━━━━━━━━━━━━━━━━━━━━━━━━━ 2.1/2.1 MB 84.9 MB/s eta 0:00:00
#7 14.29 Downloading https://download.pytorch.org/whl/markupsafe-3.0.3-cp311-cp311-manylinux2014_x86_64.manylinux_2_17_x86_64.manylinux_2_28_x86_64.whl (22 kB)
#7 14.29 Downloading mpmath-1.3.0-py3-none-any.whl (536 kB)
#7 14.30    ━━━━━━━━━━━━━━━━━━━━━━━━━━━━━━━━━━━━━━━━ 536.2/536.2 kB 85.0 MB/s eta 0:00:00
#7 14.52 Installing collected packages: mpmath, typing-extensions, sympy, networkx, MarkupSafe, fsspec, filelock, jinja2, torch
#7 22.36 Successfully installed MarkupSafe-3.0.3 filelock-3.32.3 fsspec-2026.7.0 jinja2-3.1.6 mpmath-1.3.0 networkx-3.6.1 sympy-1.14.0 torch-2.8.0+cpu typing-extensions-4.16.0
#7 22.36 WARNING: Running pip as the 'root' user can result in broken permissions and conflicting behaviour with the system package manager. It is recommended to use a virtual environment instead: https://pip.pypa.io/warnings/venv
#7 DONE 23.2s

#8 [4/5] WORKDIR /study
#8 DONE 0.1s

#9 [5/5] COPY inspect_input.py /study/inspect_input.py
#9 DONE 0.1s

#10 exporting to image
#10 exporting layers
#10 exporting layers 15.0s done
#10 exporting manifest sha256:4cb5feadf7d1a4f7d85e22d5a576e2c811bc3346bda0d1874274f19a49a88ad5 0.0s done
#10 exporting config sha256:00667b0b9d4b5111913be442731141a7d3c65088acf7f07b9c3f191c71608448 0.0s done
#10 exporting attestation manifest sha256:4c4bf32e488cc34191c80f6f74870aeea3ee0f4e25eb98db75d0c88803dfa175 0.1s done
#10 exporting manifest list sha256:7eca5af889f3bd97fb795f74f86bd6832aa3d2b2887ba283ca83503b6f109df5
#10 exporting manifest list sha256:7eca5af889f3bd97fb795f74f86bd6832aa3d2b2887ba283ca83503b6f109df5 0.0s done
#10 naming to docker.io/library/research3-q9-refresh:v2 done
#10 unpacking to docker.io/library/research3-q9-refresh:v2
#10 unpacking to docker.io/library/research3-q9-refresh:v2 3.4s done
#10 DONE 18.6s
