#0 building with "default" instance using docker driver

#1 [internal] load build definition from Dockerfile.sim-source
#1 transferring dockerfile: 407B done
#1 DONE 0.0s

#2 [internal] load metadata for docker.io/library/research3-q17-sim:v2
#2 DONE 0.0s

#3 [context activearena] load .dockerignore
#3 transferring activearena: 2B done
#3 DONE 0.1s

#4 [internal] load .dockerignore
#4 transferring context: 2B done
#4 DONE 0.0s

#5 [context activearena] load from client
#5 DONE 0.0s

#6 [stage-0 1/3] FROM docker.io/library/research3-q17-sim:v2@sha256:cfadc55b359b215bcfc187b066a75e5d98f98625022d6f4bb837267a3a553ea6
#6 resolve docker.io/library/research3-q17-sim:v2@sha256:cfadc55b359b215bcfc187b066a75e5d98f98625022d6f4bb837267a3a553ea6 0.0s done
#6 DONE 0.0s

#5 [context activearena] load from client
#5 transferring activearena: 17.16MB 0.1s done
#5 DONE 0.2s

#6 [stage-0 1/3] FROM docker.io/library/research3-q17-sim:v2@sha256:cfadc55b359b215bcfc187b066a75e5d98f98625022d6f4bb837267a3a553ea6
#6 DONE 0.2s

#7 [stage-0 2/3] COPY --from=activearena . /sim/
#7 DONE 0.1s

#8 [stage-0 3/3] RUN mkdir -p /sim/assets
#8 DONE 0.2s

#9 exporting to image
#9 exporting layers
#9 exporting layers 0.4s done
#9 exporting manifest sha256:2744d9bec2d959ac97e87d94c5511630fdeb3c2ddff039f67707ea372eb698de 0.0s done
#9 exporting config sha256:9aee7e4f6d96f03fbafcb2b336babaef2f79c2d8da7b3dc2c3c4cc4c8c6b8a78 0.0s done
#9 exporting attestation manifest sha256:35c8bd770bf962ff9fff1dceb3f2456fb4324fa4ebc3383a48e26bb8c24330a0 0.1s done
#9 exporting manifest list sha256:bef50555aeaba627b37fa6ecfba076e63af4821a4f57e6a1a36a35a6f8d48222
#9 exporting manifest list sha256:bef50555aeaba627b37fa6ecfba076e63af4821a4f57e6a1a36a35a6f8d48222 0.0s done
#9 naming to docker.io/library/research3-q17-sim:v3 done
#9 unpacking to docker.io/library/research3-q17-sim:v3 0.1s done
#9 DONE 0.7s
