#0 building with "default" instance using docker driver

#1 [internal] load build definition from Dockerfile
#1 transferring dockerfile: 674B done
#1 DONE 0.0s

#2 [internal] load metadata for docker.io/library/python:3.11.14-slim-bookworm@sha256:65a93d69fa75478d554f4ad27c85c1e69fa184956261b4301ebaf6dbb0a3543d
#2 ...

#3 [auth] library/python:pull token for registry-1.docker.io
#3 DONE 0.0s

#2 [internal] load metadata for docker.io/library/python:3.11.14-slim-bookworm@sha256:65a93d69fa75478d554f4ad27c85c1e69fa184956261b4301ebaf6dbb0a3543d
#2 DONE 1.1s

#4 [internal] load .dockerignore
#4 transferring context: 2B done
#4 DONE 0.0s

#5 [1/7] FROM docker.io/library/python:3.11.14-slim-bookworm@sha256:65a93d69fa75478d554f4ad27c85c1e69fa184956261b4301ebaf6dbb0a3543d
#5 resolve docker.io/library/python:3.11.14-slim-bookworm@sha256:65a93d69fa75478d554f4ad27c85c1e69fa184956261b4301ebaf6dbb0a3543d 0.0s done
#5 CACHED

#6 [internal] load build context
#6 transferring context: 440.13kB done
#6 DONE 0.0s

#7 [2/7] COPY requirements.lock /opt/requirements.lock
#7 DONE 0.1s

#8 [3/7] RUN pip install --no-cache-dir --only-binary=:all: -r /opt/requirements.lock --extra-index-url https://download.pytorch.org/whl/cpu && pip freeze --all > /opt/dependencies.lock
#8 0.907 Looking in indexes: https://pypi.org/simple, https://download.pytorch.org/whl/cpu
#8 1.062 Collecting torch==2.8.0+cpu (from -r /opt/requirements.lock (line 1))
#8 1.320   Downloading https://download-r2.pytorch.org/whl/cpu/torch-2.8.0%2Bcpu-cp311-cp311-manylinux_2_28_x86_64.whl.metadata (29 kB)
#8 1.413 Collecting torchvision==0.23.0+cpu (from -r /opt/requirements.lock (line 2))
#8 1.631   Downloading https://download-r2.pytorch.org/whl/cpu/torchvision-0.23.0%2Bcpu-cp311-cp311-manylinux_2_28_x86_64.whl.metadata (6.1 kB)
#8 1.925 Collecting numpy==1.26.4 (from -r /opt/requirements.lock (line 3))
#8 1.948   Downloading numpy-1.26.4-cp311-cp311-manylinux_2_17_x86_64.manylinux2014_x86_64.whl.metadata (61 kB)
#8 1.955      ━━━━━━━━━━━━━━━━━━━━━━━━━━━━━━━━━━━━━━━━ 61.0/61.0 kB 8.3 MB/s eta 0:00:00
#8 2.220 Collecting scipy==1.16.1 (from -r /opt/requirements.lock (line 4))
#8 2.224   Downloading scipy-1.16.1-cp311-cp311-manylinux2014_x86_64.manylinux_2_17_x86_64.whl.metadata (61 kB)
#8 2.226      ━━━━━━━━━━━━━━━━━━━━━━━━━━━━━━━━━━━━━━━━ 62.0/62.0 kB 76.9 MB/s eta 0:00:00
#8 2.459 Collecting opencv-python-headless==4.11.0.86 (from -r /opt/requirements.lock (line 5))
#8 2.463   Downloading opencv_python_headless-4.11.0.86-cp37-abi3-manylinux_2_17_x86_64.manylinux2014_x86_64.whl.metadata (20 kB)
#8 2.708 Collecting Pillow==11.3.0 (from -r /opt/requirements.lock (line 6))
#8 2.711   Downloading pillow-11.3.0-cp311-cp311-manylinux_2_27_x86_64.manylinux_2_28_x86_64.whl.metadata (9.0 kB)
#8 3.404 Collecting matplotlib==3.10.5 (from -r /opt/requirements.lock (line 7))
#8 3.408   Downloading matplotlib-3.10.5-cp311-cp311-manylinux2014_x86_64.manylinux_2_17_x86_64.whl.metadata (11 kB)
#8 4.024 Collecting ruamel.yaml==0.18.15 (from -r /opt/requirements.lock (line 8))
#8 4.030   Downloading ruamel.yaml-0.18.15-py3-none-any.whl.metadata (25 kB)
#8 4.800 Collecting pyrr==0.10.3 (from -r /opt/requirements.lock (line 9))
#8 4.803   Downloading pyrr-0.10.3-py3-none-any.whl.metadata (832 bytes)
#8 5.379 Collecting webcolors==1.13 (from -r /opt/requirements.lock (line 10))
#8 5.384   Downloading webcolors-1.13-py3-none-any.whl.metadata (2.6 kB)
#8 5.425 Collecting filelock (from torch==2.8.0+cpu->-r /opt/requirements.lock (line 1))
#8 5.429   Downloading filelock-3.32.7-py3-none-any.whl.metadata (2.0 kB)
#8 5.457 Collecting typing-extensions>=4.10.0 (from torch==2.8.0+cpu->-r /opt/requirements.lock (line 1))
#8 5.460   Downloading typing_extensions-4.16.0-py3-none-any.whl.metadata (3.3 kB)
#8 5.487 Collecting sympy>=1.13.3 (from torch==2.8.0+cpu->-r /opt/requirements.lock (line 1))
#8 5.492   Downloading sympy-1.14.0-py3-none-any.whl.metadata (12 kB)
#8 5.525 Collecting networkx (from torch==2.8.0+cpu->-r /opt/requirements.lock (line 1))
#8 5.529   Downloading networkx-3.6.1-py3-none-any.whl.metadata (6.8 kB)
#8 5.549 Collecting jinja2 (from torch==2.8.0+cpu->-r /opt/requirements.lock (line 1))
#8 5.556   Downloading https://download.pytorch.org/whl/jinja2-3.1.6-py3-none-any.whl.metadata (2.9 kB)
#8 5.589 Collecting fsspec (from torch==2.8.0+cpu->-r /opt/requirements.lock (line 1))
#8 5.593   Downloading fsspec-2026.7.0-py3-none-any.whl.metadata (10 kB)
#8 5.882 Collecting contourpy>=1.0.1 (from matplotlib==3.10.5->-r /opt/requirements.lock (line 7))
#8 5.887   Downloading contourpy-1.3.3-cp311-cp311-manylinux_2_27_x86_64.manylinux_2_28_x86_64.whl.metadata (5.5 kB)
#8 6.094 Collecting cycler>=0.10 (from matplotlib==3.10.5->-r /opt/requirements.lock (line 7))
#8 6.098   Downloading cycler-0.12.1-py3-none-any.whl.metadata (3.8 kB)
#8 6.454 Collecting fonttools>=4.22.0 (from matplotlib==3.10.5->-r /opt/requirements.lock (line 7))
#8 6.458   Downloading fonttools-4.65.0-cp311-cp311-manylinux2014_x86_64.manylinux_2_17_x86_64.whl.metadata (125 kB)
#8 6.459      ━━━━━━━━━━━━━━━━━━━━━━━━━━━━━━━━━━━━━ 125.0/125.0 kB 239.5 MB/s eta 0:00:00
#8 6.688 Collecting kiwisolver>=1.3.1 (from matplotlib==3.10.5->-r /opt/requirements.lock (line 7))
#8 6.691   Downloading kiwisolver-1.5.1-cp311-cp311-manylinux2014_x86_64.manylinux_2_17_x86_64.whl.metadata (5.2 kB)
#8 6.714 Collecting packaging>=20.0 (from matplotlib==3.10.5->-r /opt/requirements.lock (line 7))
#8 6.717   Downloading packaging-26.3-py3-none-any.whl.metadata (3.5 kB)
#8 6.935 Collecting pyparsing>=2.3.1 (from matplotlib==3.10.5->-r /opt/requirements.lock (line 7))
#8 6.939   Downloading pyparsing-3.3.2-py3-none-any.whl.metadata (5.8 kB)
#8 7.143 Collecting python-dateutil>=2.7 (from matplotlib==3.10.5->-r /opt/requirements.lock (line 7))
#8 7.147   Downloading python_dateutil-2.9.0.post0-py2.py3-none-any.whl.metadata (8.4 kB)
#8 7.735 Collecting ruamel.yaml.clib>=0.2.7 (from ruamel.yaml==0.18.15->-r /opt/requirements.lock (line 8))
#8 7.740   Downloading ruamel_yaml_clib-0.2.15-cp311-cp311-manylinux2014_x86_64.manylinux_2_17_x86_64.manylinux_2_28_x86_64.whl.metadata (3.5 kB)
#8 8.328 Collecting multipledispatch (from pyrr==0.10.3->-r /opt/requirements.lock (line 9))
#8 8.331   Downloading multipledispatch-1.0.0-py3-none-any.whl.metadata (3.8 kB)
#8 8.929 Collecting six>=1.5 (from python-dateutil>=2.7->matplotlib==3.10.5->-r /opt/requirements.lock (line 7))
#8 8.933   Downloading six-1.17.0-py2.py3-none-any.whl.metadata (1.7 kB)
#8 8.965 Collecting mpmath<1.4,>=1.1.0 (from sympy>=1.13.3->torch==2.8.0+cpu->-r /opt/requirements.lock (line 1))
#8 8.970   Downloading mpmath-1.3.0-py3-none-any.whl.metadata (8.6 kB)
#8 9.055 Collecting MarkupSafe>=2.0 (from jinja2->torch==2.8.0+cpu->-r /opt/requirements.lock (line 1))
#8 9.063   Downloading https://download.pytorch.org/whl/markupsafe-3.0.3-cp311-cp311-manylinux2014_x86_64.manylinux_2_17_x86_64.manylinux_2_28_x86_64.whl.metadata (2.7 kB)
#8 9.091 Downloading https://download-r2.pytorch.org/whl/cpu/torch-2.8.0%2Bcpu-cp311-cp311-manylinux_2_28_x86_64.whl (184.1 MB)
#8 20.37    ━━━━━━━━━━━━━━━━━━━━━━━━━━━━━━━━━━━━━━━━ 184.1/184.1 MB 14.3 MB/s eta 0:00:00
#8 20.58 Downloading https://download-r2.pytorch.org/whl/cpu/torchvision-0.23.0%2Bcpu-cp311-cp311-manylinux_2_28_x86_64.whl (1.9 MB)
#8 20.60    ━━━━━━━━━━━━━━━━━━━━━━━━━━━━━━━━━━━━━━━━ 1.9/1.9 MB 110.9 MB/s eta 0:00:00
#8 20.60 Downloading numpy-1.26.4-cp311-cp311-manylinux_2_17_x86_64.manylinux2014_x86_64.whl (18.3 MB)
#8 21.79    ━━━━━━━━━━━━━━━━━━━━━━━━━━━━━━━━━━━━━━━━ 18.3/18.3 MB 24.2 MB/s eta 0:00:00
#8 21.80 Downloading scipy-1.16.1-cp311-cp311-manylinux2014_x86_64.manylinux_2_17_x86_64.whl (35.4 MB)
#8 24.16    ━━━━━━━━━━━━━━━━━━━━━━━━━━━━━━━━━━━━━━━━ 35.4/35.4 MB 11.4 MB/s eta 0:00:00
#8 24.16 Downloading opencv_python_headless-4.11.0.86-cp37-abi3-manylinux_2_17_x86_64.manylinux2014_x86_64.whl (50.0 MB)
#8 26.96    ━━━━━━━━━━━━━━━━━━━━━━━━━━━━━━━━━━━━━━━━ 50.0/50.0 MB 22.7 MB/s eta 0:00:00
#8 26.97 Downloading pillow-11.3.0-cp311-cp311-manylinux_2_27_x86_64.manylinux_2_28_x86_64.whl (6.6 MB)
#8 27.35    ━━━━━━━━━━━━━━━━━━━━━━━━━━━━━━━━━━━━━━━━ 6.6/6.6 MB 17.6 MB/s eta 0:00:00
#8 27.35 Downloading matplotlib-3.10.5-cp311-cp311-manylinux2014_x86_64.manylinux_2_17_x86_64.whl (8.7 MB)
#8 28.20    ━━━━━━━━━━━━━━━━━━━━━━━━━━━━━━━━━━━━━━━━ 8.7/8.7 MB 10.3 MB/s eta 0:00:00
#8 28.20 Downloading ruamel.yaml-0.18.15-py3-none-any.whl (119 kB)
#8 28.21    ━━━━━━━━━━━━━━━━━━━━━━━━━━━━━━━━━━━━━━━━ 119.7/119.7 kB 49.7 MB/s eta 0:00:00
#8 28.21 Downloading pyrr-0.10.3-py3-none-any.whl (46 kB)
#8 28.21    ━━━━━━━━━━━━━━━━━━━━━━━━━━━━━━━━━━━━━━━━ 46.8/46.8 kB 281.9 MB/s eta 0:00:00
#8 28.22 Downloading webcolors-1.13-py3-none-any.whl (14 kB)
#8 28.22 Downloading contourpy-1.3.3-cp311-cp311-manylinux_2_27_x86_64.manylinux_2_28_x86_64.whl (355 kB)
#8 28.23    ━━━━━━━━━━━━━━━━━━━━━━━━━━━━━━━━━━━━━━━━ 355.2/355.2 kB 48.3 MB/s eta 0:00:00
#8 28.23 Downloading cycler-0.12.1-py3-none-any.whl (8.3 kB)
#8 28.24 Downloading fonttools-4.65.0-cp311-cp311-manylinux2014_x86_64.manylinux_2_17_x86_64.whl (5.5 MB)
#8 28.34    ━━━━━━━━━━━━━━━━━━━━━━━━━━━━━━━━━━━━━━━━ 5.5/5.5 MB 50.8 MB/s eta 0:00:00
#8 28.35 Downloading kiwisolver-1.5.1-cp311-cp311-manylinux2014_x86_64.manylinux_2_17_x86_64.whl (1.4 MB)
#8 28.38    ━━━━━━━━━━━━━━━━━━━━━━━━━━━━━━━━━━━━━━━━ 1.4/1.4 MB 59.8 MB/s eta 0:00:00
#8 28.38 Downloading packaging-26.3-py3-none-any.whl (129 kB)
#8 28.38    ━━━━━━━━━━━━━━━━━━━━━━━━━━━━━━━━━━━━━━━ 130.0/130.0 kB 525.8 MB/s eta 0:00:00
#8 28.39 Downloading pyparsing-3.3.2-py3-none-any.whl (122 kB)
#8 28.39    ━━━━━━━━━━━━━━━━━━━━━━━━━━━━━━━━━━━━━━━ 122.8/122.8 kB 211.3 MB/s eta 0:00:00
#8 28.39 Downloading python_dateutil-2.9.0.post0-py2.py3-none-any.whl (229 kB)
#8 28.39    ━━━━━━━━━━━━━━━━━━━━━━━━━━━━━━━━━━━━━━━━ 229.9/229.9 kB 83.7 MB/s eta 0:00:00
#8 28.40 Downloading ruamel_yaml_clib-0.2.15-cp311-cp311-manylinux2014_x86_64.manylinux_2_17_x86_64.manylinux_2_28_x86_64.whl (777 kB)
#8 28.41    ━━━━━━━━━━━━━━━━━━━━━━━━━━━━━━━━━━━━━━━━ 777.6/777.6 kB 60.9 MB/s eta 0:00:00
#8 28.42 Downloading sympy-1.14.0-py3-none-any.whl (6.3 MB)
#8 29.19    ━━━━━━━━━━━━━━━━━━━━━━━━━━━━━━━━━━━━━━━━ 6.3/6.3 MB 8.2 MB/s eta 0:00:00
#8 29.19 Downloading typing_extensions-4.16.0-py3-none-any.whl (45 kB)
#8 29.19    ━━━━━━━━━━━━━━━━━━━━━━━━━━━━━━━━━━━━━━━━ 45.6/45.6 kB 481.3 MB/s eta 0:00:00
#8 29.20 Downloading filelock-3.32.7-py3-none-any.whl (100 kB)
#8 29.20    ━━━━━━━━━━━━━━━━━━━━━━━━━━━━━━━━━━━━━━━ 100.2/100.2 kB 398.6 MB/s eta 0:00:00
#8 29.20 Downloading fsspec-2026.7.0-py3-none-any.whl (206 kB)
#8 29.21    ━━━━━━━━━━━━━━━━━━━━━━━━━━━━━━━━━━━━━━━━ 206.6/206.6 kB 72.1 MB/s eta 0:00:00
#8 29.22 Downloading https://download.pytorch.org/whl/jinja2-3.1.6-py3-none-any.whl (134 kB)
#8 29.22    ━━━━━━━━━━━━━━━━━━━━━━━━━━━━━━━━━━━━━━━ 134.9/134.9 kB 567.9 MB/s eta 0:00:00
#8 29.22 Downloading multipledispatch-1.0.0-py3-none-any.whl (12 kB)
#8 29.22 Downloading networkx-3.6.1-py3-none-any.whl (2.1 MB)
#8 29.26    ━━━━━━━━━━━━━━━━━━━━━━━━━━━━━━━━━━━━━━━━ 2.1/2.1 MB 53.1 MB/s eta 0:00:00
#8 29.27 Downloading https://download.pytorch.org/whl/markupsafe-3.0.3-cp311-cp311-manylinux2014_x86_64.manylinux_2_17_x86_64.manylinux_2_28_x86_64.whl (22 kB)
#8 29.27 Downloading mpmath-1.3.0-py3-none-any.whl (536 kB)
#8 29.28    ━━━━━━━━━━━━━━━━━━━━━━━━━━━━━━━━━━━━━━━━ 536.2/536.2 kB 64.9 MB/s eta 0:00:00
#8 29.29 Downloading six-1.17.0-py2.py3-none-any.whl (11 kB)
#8 29.62 Installing collected packages: multipledispatch, mpmath, webcolors, typing-extensions, sympy, six, ruamel.yaml.clib, pyparsing, Pillow, packaging, numpy, networkx, MarkupSafe, kiwisolver, fsspec, fonttools, filelock, cycler, scipy, ruamel.yaml, python-dateutil, pyrr, opencv-python-headless, jinja2, contourpy, torch, matplotlib, torchvision
#8 42.40 Successfully installed MarkupSafe-3.0.3 Pillow-11.3.0 contourpy-1.3.3 cycler-0.12.1 filelock-3.32.7 fonttools-4.65.0 fsspec-2026.7.0 jinja2-3.1.6 kiwisolver-1.5.1 matplotlib-3.10.5 mpmath-1.3.0 multipledispatch-1.0.0 networkx-3.6.1 numpy-1.26.4 opencv-python-headless-4.11.0.86 packaging-26.3 pyparsing-3.3.2 pyrr-0.10.3 python-dateutil-2.9.0.post0 ruamel.yaml-0.18.15 ruamel.yaml.clib-0.2.15 scipy-1.16.1 six-1.17.0 sympy-1.14.0 torch-2.8.0+cpu torchvision-0.23.0+cpu typing-extensions-4.16.0 webcolors-1.13
#8 42.40 WARNING: Running pip as the 'root' user can result in broken permissions and conflicting behaviour with the system package manager. It is recommended to use a virtual environment instead: https://pip.pypa.io/warnings/venv
#8 DONE 43.9s

#9 [4/7] COPY upstream /opt/dream
#9 DONE 0.1s

#10 [5/7] COPY adapt.py /opt/adapt.py
#10 DONE 0.1s

#11 [6/7] RUN python /opt/adapt.py
#11 DONE 0.2s

#12 [7/7] WORKDIR /study
#12 DONE 0.1s

#13 exporting to image
#13 exporting layers
#13 exporting layers 29.0s done
#13 exporting manifest sha256:3c3e626b53701bef2bc48280dd92c17b3940c0dd9b3bcd1f6436684d0d238a6e 0.0s done
#13 exporting config sha256:b0d509ecc387a17f21e05652c2e6a4bef475aa29188204a3c9ad4a305cf7c08a 0.0s done
#13 exporting attestation manifest sha256:a275aaedc1786955dae459c74d1104c6e6abf34d77086d86c21729fa45c819eb 0.1s done
#13 exporting manifest list sha256:9c8a10f15a70841aabb72be506768aa7cf17331fc36a02172d453693b85ddf1d
#13 exporting manifest list sha256:9c8a10f15a70841aabb72be506768aa7cf17331fc36a02172d453693b85ddf1d 0.0s done
#13 naming to docker.io/library/research3-q14-real-keypoints:v1 done
#13 unpacking to docker.io/library/research3-q14-real-keypoints:v1
#13 unpacking to docker.io/library/research3-q14-real-keypoints:v1 3.8s done
#13 DONE 32.9s
