
==========
== CUDA ==
==========

CUDA Version 12.8.0

Container image Copyright (c) 2016-2023, NVIDIA CORPORATION & AFFILIATES. All rights reserved.

This container image and its contents are governed by the NVIDIA Deep Learning Container License.
By pulling and using the container, you accept the terms and conditions of this license:
https://developer.nvidia.com/ngc/nvidia-deep-learning-container-license

A copy of this license is made available in this container at /NGC-DL-CONTAINER-LICENSE for your convenience.

{
    "file_format_version" : "1.0.1",
    "layers": [{
        "name": "VK_LAYER_NV_optimus",
        "type": "INSTANCE",
        "library_path": "libGLX_nvidia.so.0",
        "api_version" : "1.4.312",
        "implementation_version" : "1",
        "description" : "NVIDIA Optimus layer",
        "functions": {
            "vkGetInstanceProcAddr": "vk_optimusGetInstanceProcAddr",
            "vkGetDeviceProcAddr": "vk_optimusGetDeviceProcAddr"
        },
        "enable_environment": {
            "__NV_PRIME_RENDER_OFFLOAD": "1"
        },
        "disable_environment": {
            "DISABLE_LAYER_NV_OPTIMUS_1": ""
        }
    },{
        "name": "VK_LAYER_NV_present",
        "type": "INSTANCE",
        "library_path": "libnvidia-present.so.580.173.02",
        "api_version" : "1.4.312",
        "implementation_version" : "1",
        "description" : "NVIDIA GR2608 layer",
        "functions": {
            "vkGetInstanceProcAddr": "vk_nvpGetInstanceProcAddr",
            "vkGetDeviceProcAddr": "vk_nvpGetDeviceProcAddr"
        },
        "enable_environment": {
            "NVPRESENT_ENABLE_SMOOTH_MOTION": "1"
        },
        "disable_environment": {
            "DISABLE_LAYER_NV_GR2608_1": ""
        }
    }]
}
	libvulkan.so.1 (libc6,x86-64) => /lib/x86_64-linux-gnu/libvulkan.so.1
