--2026-09-15 11:37:26--  https://huggingface.co/datasets/hello-peiqi/DynaMem-DynaBench/resolve/1d561e2de8718addf398e5e967f2c44dc015c366/env1/env.pkl
Resolving huggingface.co (huggingface.co)... 52.85.128.111, 52.85.128.77, 52.85.128.104, ...
Connecting to huggingface.co (huggingface.co)|52.85.128.111|:443... connected.
HTTP request sent, awaiting response... 302 Found
Location: https://us.aws.cdn.hf.co/xet-bridge-us/6861c5f994640fe6cf1a9afa/94abb996e1d1e3430aa595f865cbbf1289f2524ad0fd97b59f977808e288b1c9?user_id=public&response-content-disposition=inline%3B+filename*%3DUTF-8%27%27env.pkl%3B+filename%3D%22env.pkl%22%3B&X-Xet-Cas-Uid=public&Expires=1789443446&Policy=eyJTdGF0ZW1lbnQiOlt7IlJlc291cmNlIjoiaHR0cHM6Ly91cy5hd3MuY2RuLmhmLmNvL3hldC1icmlkZ2UtdXMvNjg2MWM1Zjk5NDY0MGZlNmNmMWE5YWZhLzk0YWJiOTk2ZTFkMWUzNDMwYWE1OTVmODY1Y2JiZjEyODlmMjUyNGFkMGZkOTdiNTlmOTc3ODA4ZTI4OGIxYzlcXD91c2VyX2lkPXB1YmxpYyZyZXNwb25zZS1jb250ZW50LWRpc3Bvc2l0aW9uPWlubGluZSUzQitmaWxlbmFtZSUyQSUzRFVURi04JTI3JTI3ZW52LnBrbCUzQitmaWxlbmFtZSUzRCUyMmVudi5wa2wlMjIlM0ImWC1YZXQtQ2FzLVVpZD1wdWJsaWMiLCJDb25kaXRpb24iOnsiRGF0ZUxlc3NUaGFuIjp7IkVwb2NoVGltZSI6MTc4OTQ0MzQ0Nn19fV19&Signature=MEUCIF%7EvL6GOCm44CBC8sF%7EaIHJ8pbzrhCulEG6HBVkncaKUAiEA0jxQDiSZ63mWUTTANfJoAnk-D4HcR1QIGNZH7tqtD74_&Key-Pair-Id=01KXEF4KZ1B6FV465MAWR4M21F [following]
--2026-09-15 11:37:26--  https://us.aws.cdn.hf.co/xet-bridge-us/6861c5f994640fe6cf1a9afa/94abb996e1d1e3430aa595f865cbbf1289f2524ad0fd97b59f977808e288b1c9?user_id=public&response-content-disposition=inline%3B+filename*%3DUTF-8%27%27env.pkl%3B+filename%3D%22env.pkl%22%3B&X-Xet-Cas-Uid=public&Expires=1789443446&Policy=eyJTdGF0ZW1lbnQiOlt7IlJlc291cmNlIjoiaHR0cHM6Ly91cy5hd3MuY2RuLmhmLmNvL3hldC1icmlkZ2UtdXMvNjg2MWM1Zjk5NDY0MGZlNmNmMWE5YWZhLzk0YWJiOTk2ZTFkMWUzNDMwYWE1OTVmODY1Y2JiZjEyODlmMjUyNGFkMGZkOTdiNTlmOTc3ODA4ZTI4OGIxYzlcXD91c2VyX2lkPXB1YmxpYyZyZXNwb25zZS1jb250ZW50LWRpc3Bvc2l0aW9uPWlubGluZSUzQitmaWxlbmFtZSUyQSUzRFVURi04JTI3JTI3ZW52LnBrbCUzQitmaWxlbmFtZSUzRCUyMmVudi5wa2wlMjIlM0ImWC1YZXQtQ2FzLVVpZD1wdWJsaWMiLCJDb25kaXRpb24iOnsiRGF0ZUxlc3NUaGFuIjp7IkVwb2NoVGltZSI6MTc4OTQ0MzQ0Nn19fV19&Signature=MEUCIF%7EvL6GOCm44CBC8sF%7EaIHJ8pbzrhCulEG6HBVkncaKUAiEA0jxQDiSZ63mWUTTANfJoAnk-D4HcR1QIGNZH7tqtD74_&Key-Pair-Id=01KXEF4KZ1B6FV465MAWR4M21F
Resolving us.aws.cdn.hf.co (us.aws.cdn.hf.co)... 54.254.163.78, 47.130.32.119, 13.214.85.108, ...
Connecting to us.aws.cdn.hf.co (us.aws.cdn.hf.co)|54.254.163.78|:443... connected.
HTTP request sent, awaiting response... 200 OK
Length: 54700824 (52M) [application/octet-stream]
Saving to: ‘datasets/q9/env1/env.pkl’

     0K .......... .......... .......... .......... ..........  0% 62.2K 14m17s
    50K .......... .......... .......... .......... ..........  0%  810K 7m41s
   100K .......... .......... .......... .......... ..........  0%  990K 5m25s
   150K .......... .......... .......... .......... ..........  0% 2.02M 4m10s
   200K .......... .......... .......... .......... ..........  0% 2.23M 3m24s
   250K .......... .......... .......... .......... ..........  0% 2.96M 2m53s
   300K .......... .......... .......... .......... ..........  0% 3.36M 2m30s
   350K .......... .......... .......... .......... ..........  0% 3.96M 2m13s
   400K .......... .......... .......... .......... ..........  0% 4.74M 1m59s
   450K .......... .......... .......... .......... ..........  0% 4.73M 1m49s
   500K .......... .......... .......... .......... ..........  1% 4.36M 1m40s
   550K .......... .......... .......... .......... ..........  1% 5.93M 92s
   600K .......... .......... .......... .......... ..........  1% 6.92M 85s
   650K .......... .......... .......... .......... ..........  1% 6.53M 80s
   700K .......... .......... .......... .......... ..........  1% 8.10M 75s
   750K .......... .......... .......... .......... ..........  1% 7.79M 70s
   800K .......... .......... .......... .......... ..........  1% 8.30M 67s
   850K .......... .......... .......... .......... ..........  1% 9.38M 63s
   900K .......... .......... .......... .......... ..........  1% 6.65M 60s
   950K .......... .......... .......... .......... ..........  1% 9.22M 57s
  1000K .......... .......... .......... .......... ..........  1% 12.9M 55s
  1050K .......... .......... .......... .......... ..........  2% 10.7M 52s
  1100K .......... .......... .......... .......... ..........  2% 11.3M 50s
  1150K .......... .......... .......... .......... ..........  2% 13.0M 48s
  1200K .......... .......... .......... .......... ..........  2% 13.2M 47s
  1250K .......... .......... .......... .......... ..........  2% 13.9M 45s
  1300K .......... .......... .......... .......... ..........  2% 10.5M 43s
  1350K .......... .......... .......... .......... ..........  2% 13.4M 42s
  1400K .......... .......... .......... .......... ..........  2% 16.6M 41s
  1450K .......... .......... .......... .......... ..........  2% 15.4M 39s
  1500K .......... .......... .......... .......... ..........  2% 14.0M 38s
  1550K .......... .......... .......... .......... ..........  2% 17.3M 37s
  1600K .......... .......... .......... .......... ..........  3% 17.6M 36s
  1650K .......... .......... .......... .......... ..........  3% 17.4M 35s
  1700K .......... .......... .......... .......... ..........  3% 12.9M 34s
  1750K .......... .......... .......... .......... ..........  3% 20.6M 33s
  1800K .......... .......... .......... .......... ..........  3% 15.0M 32s
  1850K .......... .......... .......... .......... ..........  3% 25.0M 31s
  1900K .......... .......... .......... .......... ..........  3% 17.9M 31s
  1950K .......... .......... .......... .......... ..........  3% 20.7M 30s
  2000K .......... .......... .......... .......... ..........  3% 23.1M 29s
  2050K .......... .......... .......... .......... ..........  3% 25.6M 28s
  2100K .......... .......... .......... .......... ..........  4% 13.9M 28s
  2150K .......... .......... .......... .......... ..........  4% 18.0M 27s
  2200K .......... .......... .......... .......... ..........  4% 27.5M 27s
  2250K .......... .......... .......... .......... ..........  4% 24.7M 26s
  2300K .......... .......... .......... .......... ..........  4% 27.2M 26s
  2350K .......... .......... .......... .......... ..........  4% 19.9M 25s
  2400K .......... .......... .......... .......... ..........  4% 28.0M 25s
  2450K .......... .......... .......... .......... ..........  4% 24.5M 24s
  2500K .......... .......... .......... .......... ..........  4% 18.9M 24s
  2550K .......... .......... .......... .......... ..........  4% 34.8M 23s
  2600K .......... .......... .......... .......... ..........  4% 26.9M 23s
  2650K .......... .......... .......... .......... ..........  5% 22.0M 22s
  2700K .......... .......... .......... .......... ..........  5% 24.7M 22s
  2750K .......... .......... .......... .......... ..........  5% 36.9M 22s
  2800K .......... .......... .......... .......... ..........  5% 48.9M 21s
  2850K .......... .......... .......... .......... ..........  5% 26.2M 21s
  2900K .......... .......... .......... .......... ..........  5% 23.4M 21s
  2950K .......... .......... .......... .......... ..........  5% 27.6M 20s
  3000K .......... .......... .......... .......... ..........  5% 48.9M 20s
  3050K .......... .......... .......... .......... ..........  5% 27.3M 20s
  3100K .......... .......... .......... .......... ..........  5% 25.4M 19s
  3150K .......... .......... .......... .......... ..........  5% 29.5M 19s
  3200K .......... .......... .......... .......... ..........  6% 30.5M 19s
  3250K .......... .......... .......... .......... ..........  6% 73.0M 18s
  3300K .......... .......... .......... .......... ..........  6% 27.2M 18s
  3350K .......... .......... .......... .......... ..........  6% 27.0M 18s
  3400K .......... .......... .......... .......... ..........  6% 52.4M 18s
  3450K .......... .......... .......... .......... ..........  6% 18.8M 17s
  3500K .......... .......... .......... .......... ..........  6%  106M 17s
  3550K .......... .......... .......... .......... ..........  6% 46.7M 17s
  3600K .......... .......... .......... .......... ..........  6% 37.7M 17s
  3650K .......... .......... .......... .......... ..........  6% 27.2M 16s
  3700K .......... .......... .......... .......... ..........  7% 39.2M 16s
  3750K .......... .......... .......... .......... ..........  7% 24.7M 16s
  3800K .......... .......... .......... .......... ..........  7% 34.4M 16s
  3850K .......... .......... .......... .......... ..........  7% 50.3M 16s
  3900K .......... .......... .......... .......... ..........  7% 49.9M 15s
  3950K .......... .......... .......... .......... ..........  7% 61.0M 15s
  4000K .......... .......... .......... .......... ..........  7% 29.9M 15s
  4050K .......... .......... .......... .......... ..........  7% 50.4M 15s
  4100K .......... .......... .......... .......... ..........  7% 23.6M 15s
  4150K .......... .......... .......... .......... ..........  7%  113M 14s
  4200K .......... .......... .......... .......... ..........  7% 53.8M 14s
  4250K .......... .......... .......... .......... ..........  8% 30.5M 14s
  4300K .......... .......... .......... .......... ..........  8% 34.4M 14s
  4350K .......... .......... .......... .......... ..........  8% 25.3M 14s
  4400K .......... .......... .......... .......... ..........  8%  201M 14s
  4450K .......... .......... .......... .......... ..........  8% 46.6M 14s
  4500K .......... .......... .......... .......... ..........  8% 34.2M 13s
  4550K .......... .......... .......... .......... ..........  8% 87.7M 13s
  4600K .......... .......... .......... .......... ..........  8% 27.6M 13s
  4650K .......... .......... .......... .......... ..........  8% 83.0M 13s
  4700K .......... .......... .......... .......... ..........  8% 53.8M 13s
  4750K .......... .......... .......... .......... ..........  8% 33.0M 13s
  4800K .......... .......... .......... .......... ..........  9% 45.9M 13s
  4850K .......... .......... .......... .......... ..........  9%  335M 12s
  4900K .......... .......... .......... .......... ..........  9% 31.2M 12s
  4950K .......... .......... .......... .......... ..........  9% 51.2M 12s
  5000K .......... .......... .......... .......... ..........  9% 34.1M 12s
  5050K .......... .......... .......... .......... ..........  9%  200M 12s
  5100K .......... .......... .......... .......... ..........  9% 55.2M 12s
  5150K .......... .......... .......... .......... ..........  9% 47.2M 12s
  5200K .......... .......... .......... .......... ..........  9% 33.5M 12s
  5250K .......... .......... .......... .......... ..........  9%  135M 11s
  5300K .......... .......... .......... .......... .......... 10% 59.1M 11s
  5350K .......... .......... .......... .......... .......... 10% 38.3M 11s
  5400K .......... .......... .......... .......... .......... 10% 57.2M 11s
  5450K .......... .......... .......... .......... .......... 10% 74.2M 11s
  5500K .......... .......... .......... .......... .......... 10% 41.8M 11s
  5550K .......... .......... .......... .......... .......... 10%  109M 11s
  5600K .......... .......... .......... .......... .......... 10% 52.0M 11s
  5650K .......... .......... .......... .......... .......... 10% 49.3M 11s
  5700K .......... .......... .......... .......... .......... 10% 50.0M 10s
  5750K .......... .......... .......... .......... .......... 10% 29.9M 10s
  5800K .......... .......... .......... .......... .......... 10%  150M 10s
  5850K .......... .......... .......... .......... .......... 11%  106M 10s
  5900K .......... .......... .......... .......... .......... 11% 38.5M 10s
  5950K .......... .......... .......... .......... .......... 11%  125M 10s
  6000K .......... .......... .......... .......... .......... 11% 55.0M 10s
  6050K .......... .......... .......... .......... .......... 11% 55.0M 10s
  6100K .......... .......... .......... .......... .......... 11% 49.3M 10s
  6150K .......... .......... .......... .......... .......... 11% 57.9M 10s
  6200K .......... .......... .......... .......... .......... 11%  273M 10s
  6250K .......... .......... .......... .......... .......... 11% 50.3M 10s
  6300K .......... .......... .......... .......... .......... 11% 53.9M 9s
  6350K .......... .......... .......... .......... .......... 11% 41.0M 9s
  6400K .......... .......... .......... .......... .......... 12%  248M 9s
  6450K .......... .......... .......... .......... .......... 12% 89.7M 9s
  6500K .......... .......... .......... .......... .......... 12% 38.3M 9s
  6550K .......... .......... .......... .......... .......... 12% 91.5M 9s
  6600K .......... .......... .......... .......... .......... 12% 88.4M 9s
  6650K .......... .......... .......... .......... .......... 12% 54.0M 9s
  6700K .......... .......... .......... .......... .......... 12%  268M 9s
  6750K .......... .......... .......... .......... .......... 12% 53.4M 9s
  6800K .......... .......... .......... .......... .......... 12% 50.1M 9s
  6850K .......... .......... .......... .......... .......... 12% 59.3M 9s
  6900K .......... .......... .......... .......... .......... 13% 81.0M 9s
  6950K .......... .......... .......... .......... .......... 13% 69.6M 9s
  7000K .......... .......... .......... .......... .......... 13% 38.9M 8s
  7050K .......... .......... .......... .......... .......... 13% 89.6M 8s
  7100K .......... .......... .......... .......... .......... 13%  246M 8s
  7150K .......... .......... .......... .......... .......... 13% 33.2M 8s
  7200K .......... .......... .......... .......... .......... 13%  140M 8s
  7250K .......... .......... .......... .......... .......... 13%  280M 8s
  7300K .......... .......... .......... .......... .......... 13% 47.0M 8s
  7350K .......... .......... .......... .......... .......... 13% 60.2M 8s
  7400K .......... .......... .......... .......... .......... 13% 48.9M 8s
  7450K .......... .......... .......... .......... .......... 14%  109M 8s
  7500K .......... .......... .......... .......... .......... 14% 55.1M 8s
  7550K .......... .......... .......... .......... .......... 14% 77.2M 8s
  7600K .......... .......... .......... .......... .......... 14% 96.7M 8s
  7650K .......... .......... .......... .......... .......... 14% 97.7M 8s
  7700K .......... .......... .......... .......... .......... 14% 45.4M 8s
  7750K .......... .......... .......... .......... .......... 14% 68.2M 8s
  7800K .......... .......... .......... .......... .......... 14%  222M 8s
  7850K .......... .......... .......... .......... .......... 14% 49.2M 7s
  7900K .......... .......... .......... .......... .......... 14% 43.6M 7s
  7950K .......... .......... .......... .......... .......... 14%  188M 7s
  8000K .......... .......... .......... .......... .......... 15%  475M 7s
  8050K .......... .......... .......... .......... .......... 15%  117K 10s
  8100K .......... .......... .......... .......... .......... 15%  549M 10s
  8150K .......... .......... .......... .......... .......... 15%  805M 10s
  8200K .......... .......... .......... .......... .......... 15%  845M 9s
  8250K .......... .......... .......... .......... .......... 15%  814M 9s
  8300K .......... .......... .......... .......... .......... 15%  824M 9s
  8350K .......... .......... .......... .......... .......... 15%  870M 9s
  8400K .......... .......... .......... .......... .......... 15%  903M 9s
  8450K .......... .......... .......... .......... .......... 15%  883M 9s
  8500K .......... .......... .......... .......... .......... 16%  167M 9s
  8550K .......... .......... .......... .......... .......... 16%  677M 9s
  8600K .......... .......... .......... .......... .......... 16%  431M 9s
  8650K .......... .......... .......... .......... .......... 16%  359M 9s
  8700K .......... .......... .......... .......... .......... 16%  781M 9s
  8750K .......... .......... .......... .......... .......... 16%  588M 9s
  8800K .......... .......... .......... .......... .......... 16%  805M 9s
  8850K .......... .......... .......... .......... .......... 16%  787M 9s
  8900K .......... .......... .......... .......... .......... 16%  613M 9s
  8950K .......... .......... .......... .......... .......... 16%  242M 9s
  9000K .......... .......... .......... .......... .......... 16%  695M 8s
  9050K .......... .......... .......... .......... .......... 17%  799M 8s
  9100K .......... .......... .......... .......... .......... 17%  738M 8s
  9150K .......... .......... .......... .......... .......... 17%  689M 8s
  9200K .......... .......... .......... .......... .......... 17%  502M 8s
  9250K .......... .......... .......... .......... .......... 17%  443M 8s
  9300K .......... .......... .......... .......... .......... 17%  614M 8s
  9350K .......... .......... .......... .......... .......... 17%  741K 8s
  9400K .......... .......... .......... .......... .......... 17%  395M 8s
  9450K .......... .......... .......... .......... .......... 17%  817M 8s
  9500K .......... .......... .......... .......... .......... 17%  950M 8s
  9550K .......... .......... .......... .......... .......... 17%  733K 9s
  9600K .......... .......... .......... .......... .......... 18%  135M 8s
  9650K .......... .......... .......... .......... .......... 18% 73.5M 8s
  9700K .......... .......... .......... .......... .......... 18% 55.5M 8s
  9750K .......... .......... .......... .......... .......... 18% 70.0M 8s
  9800K .......... .......... .......... .......... .......... 18%  779K 9s
  9850K .......... .......... .......... .......... .......... 18%  194M 8s
  9900K .......... .......... .......... .......... .......... 18%  706K 9s
  9950K .......... .......... .......... .......... .......... 18%  709K 9s
 10000K .......... .......... .......... .......... .......... 18% 98.9M 9s
 10050K .......... .......... .......... .......... .......... 18%  478M 9s
 10100K .......... .......... .......... .......... .......... 19%  256M 9s
 10150K .......... .......... .......... .......... .......... 19%  345M 9s
 10200K .......... .......... .......... .......... .......... 19%  304M 9s
 10250K .......... .......... .......... .......... .......... 19%  444M 9s
 10300K .......... .......... .......... .......... .......... 19%  434M 9s
 10350K .......... .......... .......... .......... .......... 19%  457M 9s
 10400K .......... .......... .......... .......... .......... 19%  417M 9s
 10450K .......... .......... .......... .......... .......... 19%  409M 8s
 10500K .......... .......... .......... .......... .......... 19%  106M 8s
 10550K .......... .......... .......... .......... .......... 19% 31.0M 8s
 10600K .......... .......... .......... .......... .......... 19% 56.7M 8s
 10650K .......... .......... .......... .......... .......... 20% 89.4K 11s
 10700K .......... .......... .......... .......... .......... 20%  244K 11s
 10750K .......... .......... .......... .......... .......... 20% 35.5K 17s
 10800K .......... .......... .......... .......... .......... 20%  363K 17s
 10850K .......... .......... .......... .......... .......... 20%  492M 17s
 10900K .......... .......... .......... .......... .......... 20%  449M 17s
 10950K .......... .......... .......... .......... .......... 20%  235M 17s
 11000K .......... .......... .......... .......... .......... 20% 71.8K 19s
 11050K .......... .......... .......... .......... .......... 20%  499K 20s
 11100K .......... .......... .......... .......... .......... 20%  695K 20s
 11150K .......... .......... .......... .......... .......... 20%  778K 20s
 11200K .......... .......... .......... .......... .......... 21%  893K 20s
 11250K .......... .......... .......... .......... .......... 21%  922K 20s
 11300K .......... .......... .......... .......... .......... 21%  795K 20s
 11350K .......... .......... .......... .......... .......... 21% 1.09M 20s
 11400K .......... .......... .......... .......... .......... 21% 1.12M 20s
 11450K .......... .......... .......... .......... .......... 21% 1.26M 20s
 11500K .......... .......... .......... .......... .......... 21% 1.30M 21s
 11550K .......... .......... .......... .......... .......... 21% 1.35M 21s
 11600K .......... .......... .......... .......... .......... 21% 1.50M 21s
 11650K .......... .......... .......... .......... .......... 21% 1.50M 21s
 11700K .......... .......... .......... .......... .......... 21% 1.25M 21s
 11750K .......... .......... .......... .......... .......... 22% 1.79M 21s
 11800K .......... .......... .......... .......... .......... 22% 1.76M 21s
 11850K .......... .......... .......... .......... .......... 22% 1.86M 21s
 11900K .......... .......... .......... .......... .......... 22% 2.05M 20s
 11950K .......... .......... .......... .......... .......... 22% 2.03M 20s
 12000K .......... .......... .......... .......... .......... 22% 2.22M 20s
 12050K .......... .......... .......... .......... .......... 22% 2.14M 20s
 12100K .......... .......... .......... .......... .......... 22% 1.75M 20s
 12150K .......... .......... .......... .......... .......... 22% 2.43M 20s
 12200K .......... .......... .......... .......... .......... 22% 2.45M 20s
 12250K .......... .......... .......... .......... .......... 23% 2.69M 20s
 12300K .......... .......... .......... .......... .......... 23% 2.61M 20s
 12350K .......... .......... .......... .......... .......... 23% 2.76M 20s
 12400K .......... .......... .......... .......... .......... 23% 2.94M 20s
 12450K .......... .......... .......... .......... .......... 23% 2.89M 20s
 12500K .......... .......... .......... .......... .......... 23% 2.31M 20s
 12550K .......... .......... .......... .......... .......... 23% 3.23M 20s
 12600K .......... .......... .......... .......... .......... 23% 3.22M 20s
 12650K .......... .......... .......... .......... .......... 23% 3.24M 20s
 12700K .......... .......... .......... .......... .......... 23% 3.52M 20s
 12750K .......... .......... .......... .......... .......... 23% 3.51M 20s
 12800K .......... .......... .......... .......... .......... 24% 3.60M 20s
 12850K .......... .......... .......... .......... .......... 24% 3.59M 20s
 12900K .......... .......... .......... .......... .......... 24% 2.86M 20s
 12950K .......... .......... .......... .......... .......... 24% 4.04M 20s
 13000K .......... .......... .......... .......... .......... 24% 3.88M 19s
 13050K .......... .......... .......... .......... .......... 24% 4.07M 19s
 13100K .......... .......... .......... .......... .......... 24% 4.28M 19s
 13150K .......... .......... .......... .......... .......... 24% 4.13M 19s
 13200K .......... .......... .......... .......... .......... 24% 4.48M 19s
 13250K .......... .......... .......... .......... .......... 24% 4.31M 19s
 13300K .......... .......... .......... .......... .......... 24% 3.40M 19s
 13350K .......... .......... .......... .......... .......... 25% 4.88M 19s
 13400K .......... .......... .......... .......... .......... 25% 4.77M 19s
 13450K .......... .......... .......... .......... .......... 25% 4.97M 19s
 13500K .......... .......... .......... .......... .......... 25% 4.90M 19s
 13550K .......... .......... .......... .......... .......... 25% 4.72M 19s
 13600K .......... .......... .......... .......... .......... 25% 5.19M 19s
 13650K .......... .......... .......... .......... .......... 25% 5.15M 19s
 13700K .......... .......... .......... .......... .......... 25% 4.01M 19s
 13750K .......... .......... .......... .......... .......... 25% 5.61M 19s
 13800K .......... .......... .......... .......... .......... 25% 5.20M 18s
 13850K .......... .......... .......... .......... .......... 26% 5.84M 18s
 13900K .......... .......... .......... .......... .......... 26% 5.88M 18s
 13950K .......... .......... .......... .......... .......... 26% 5.49M 18s
 14000K .......... .......... .......... .......... .......... 26% 6.02M 18s
 14050K .......... .......... .......... .......... .......... 26% 6.37M 18s
 14100K .......... .......... .......... .......... .......... 26% 4.48M 18s
 14150K .......... .......... .......... .......... .......... 26% 6.38M 18s
 14200K .......... .......... .......... .......... .......... 26% 5.77M 18s
 14250K .......... .......... .......... .......... .......... 26% 6.56M 18s
 14300K .......... .......... .......... .......... .......... 26% 6.86M 18s
 14350K .......... .......... .......... .......... .......... 26% 6.40M 18s
 14400K .......... .......... .......... .......... .......... 27% 6.32M 18s
 14450K .......... .......... .......... .......... .......... 27% 6.97M 18s
 14500K .......... .......... .......... .......... .......... 27% 5.15M 18s
 14550K .......... .......... .......... .......... .......... 27% 7.36M 18s
 14600K .......... .......... .......... .......... .......... 27% 7.33M 17s
 14650K .......... .......... .......... .......... .......... 27% 6.75M 17s
 14700K .......... .......... .......... .......... .......... 27% 7.56M 17s
 14750K .......... .......... .......... .......... .......... 27% 7.77M 17s
 14800K .......... .......... .......... .......... .......... 27% 7.19M 17s
 14850K .......... .......... .......... .......... .......... 27% 7.25M 17s
 14900K .......... .......... .......... .......... .......... 27% 5.81M 17s
 14950K .......... .......... .......... .......... .......... 28% 7.47M 17s
 15000K .......... .......... .......... .......... .......... 28% 8.37M 17s
 15050K .......... .......... .......... .......... .......... 28% 7.55M 17s
 15100K .......... .......... .......... .......... .......... 28% 8.47M 17s
 15150K .......... .......... .......... .......... .......... 28% 7.87M 17s
 15200K .......... .......... .......... .......... .......... 28% 7.91M 17s
 15250K .......... .......... .......... .......... .......... 28% 8.21M 17s
 15300K .......... .......... .......... .......... .......... 28% 6.40M 17s
 15350K .......... .......... .......... .......... .......... 28% 8.34M 17s
 15400K .......... .......... .......... .......... .......... 28% 9.78M 16s
 15450K .......... .......... .......... .......... .......... 29% 8.47M 16s
 15500K .......... .......... .......... .......... .......... 29% 8.58M 16s
 15550K .......... .......... .......... .......... .......... 29% 9.19M 16s
 15600K .......... .......... .......... .......... .......... 29% 9.31M 16s
 15650K .......... .......... .......... .......... .......... 29% 8.62M 16s
 15700K .......... .......... .......... .......... .......... 29% 7.01M 16s
 15750K .......... .......... .......... .......... .......... 29% 9.53M 16s
 15800K .......... .......... .......... .......... .......... 29% 9.04M 16s
 15850K .......... .......... .......... .......... .......... 29% 10.4M 16s
 15900K .......... .......... .......... .......... .......... 29% 8.49M 16s
 15950K .......... .......... .......... .......... .......... 29% 11.0M 16s
 16000K .......... .......... .......... .......... .......... 30% 10.1M 16s
 16050K .......... .......... .......... .......... .......... 30% 8.62M 16s
 16100K .......... .......... .......... .......... .......... 30% 7.54M 16s
 16150K .......... .......... .......... .......... .......... 30% 10.5M 16s
 16200K .......... .......... .......... .......... .......... 30% 10.5M 16s
 16250K .......... .......... .......... .......... .......... 30% 10.1M 15s
 16300K .......... .......... .......... .......... .......... 30% 11.5M 15s
 16350K .......... .......... .......... .......... .......... 30% 10.5M 15s
 16400K .......... .......... .......... .......... .......... 30% 10.2M 15s
 16450K .......... .......... .......... .......... .......... 30% 11.7M 15s
 16500K .......... .......... .......... .......... .......... 30% 8.04M 15s
 16550K .......... .......... .......... .......... .......... 31% 9.72M 15s
 16600K .......... .......... .......... .......... .......... 31% 11.4M 15s
 16650K .......... .......... .......... .......... .......... 31% 12.3M 15s
 16700K .......... .......... .......... .......... .......... 31% 11.1M 15s
 16750K .......... .......... .......... .......... .......... 31% 10.1M 15s
 16800K .......... .......... .......... .......... .......... 31% 11.6M 15s
 16850K .......... .......... .......... .......... .......... 31% 12.6M 15s
 16900K .......... .......... .......... .......... .......... 31% 8.46M 15s
 16950K .......... .......... .......... .......... .......... 31% 10.5M 15s
 17000K .......... .......... .......... .......... .......... 31% 10.3M 15s
 17050K .......... .......... .......... .......... .......... 32% 11.0M 15s
 17100K .......... .......... .......... .......... .......... 32% 12.8M 15s
 17150K .......... .......... .......... .......... .......... 32% 14.0M 14s
 17200K .......... .......... .......... .......... .......... 32% 15.7M 14s
 17250K .......... .......... .......... .......... .......... 32% 14.6M 14s
 17300K .......... .......... .......... .......... .......... 32% 12.3M 14s
 17350K .......... .......... .......... .......... .......... 32% 13.3M 14s
 17400K .......... .......... .......... .......... .......... 32% 10.7M 14s
 17450K .......... .......... .......... .......... .......... 32% 13.5M 14s
 17500K .......... .......... .......... .......... .......... 32% 12.9M 14s
 17550K .......... .......... .......... .......... .......... 32% 85.6K 15s
 17600K .......... .......... .......... .......... .......... 33% 75.6M 15s
 17650K .......... .......... .......... .......... .......... 33%  121M 15s
 17700K .......... .......... .......... .......... .......... 33%  311M 15s
 17750K .......... .......... .......... .......... .......... 33%  850M 15s
 17800K .......... .......... .......... .......... .......... 33%  856M 15s
 17850K .......... .......... .......... .......... .......... 33%  853M 15s
 17900K .......... .......... .......... .......... .......... 33%  793M 15s
 17950K .......... .......... .......... .......... .......... 33%  741M 15s
 18000K .......... .......... .......... .......... .......... 33%  400M 15s
 18050K .......... .......... .......... .......... .......... 33%  789M 15s
 18100K .......... .......... .......... .......... .......... 33%  648M 15s
 18150K .......... .......... .......... .......... .......... 34%  838M 14s
 18200K .......... .......... .......... .......... .......... 34%  821M 14s
 18250K .......... .......... .......... .......... .......... 34%  580M 14s
 18300K .......... .......... .......... .......... .......... 34%  836M 14s
 18350K .......... .......... .......... .......... .......... 34%  754K 14s
 18400K .......... .......... .......... .......... .......... 34%  735K 14s
 18450K .......... .......... .......... .......... .......... 34% 13.9M 14s
 18500K .......... .......... .......... .......... .......... 34%  772K 14s
 18550K .......... .......... .......... .......... .......... 34% 13.8M 14s
 18600K .......... .......... .......... .......... .......... 34% 12.3M 14s
 18650K .......... .......... .......... .......... .......... 35% 14.8M 14s
 18700K .......... .......... .......... .......... .......... 35% 12.3M 14s
 18750K .......... .......... .......... .......... .......... 35%  899K 14s
 18800K .......... .......... .......... .......... .......... 35% 15.0M 14s
 18850K .......... .......... .......... .......... .......... 35% 13.9M 14s
 18900K .......... .......... .......... .......... .......... 35% 9.25M 14s
 18950K .......... .......... .......... .......... .......... 35% 14.0M 14s
 19000K .......... .......... .......... .......... .......... 35% 12.9M 14s
 19050K .......... .......... .......... .......... .......... 35% 15.1M 14s
 19100K .......... .......... .......... .......... .......... 35% 11.0M 14s
 19150K .......... .......... .......... .......... .......... 35% 1.25M 14s
 19200K .......... .......... .......... .......... .......... 36% 20.6M 14s
 19250K .......... .......... .......... .......... .......... 36% 13.0M 14s
 19300K .......... .......... .......... .......... .......... 36% 13.4M 14s
 19350K .......... .......... .......... .......... .......... 36% 16.9M 14s
 19400K .......... .......... .......... .......... .......... 36% 16.8M 14s
 19450K .......... .......... .......... .......... .......... 36% 16.8M 14s
 19500K .......... .......... .......... .......... .......... 36% 17.0M 14s
 19550K .......... .......... .......... .......... .......... 36% 16.7M 14s
 19600K .......... .......... .......... .......... .......... 36% 17.0M 13s
 19650K .......... .......... .......... .......... .......... 36% 16.8M 13s
 19700K .......... .......... .......... .......... .......... 36% 12.5M 13s
 19750K .......... .......... .......... .......... .......... 37% 16.9M 13s
 19800K .......... .......... .......... .......... .......... 37% 17.0M 13s
 19850K .......... .......... .......... .......... .......... 37% 12.5M 13s
 19900K .......... .......... .......... .......... .......... 37% 16.9M 13s
 19950K .......... .......... .......... .......... .......... 37% 17.0M 13s
 20000K .......... .......... .......... .......... .......... 37% 2.59M 13s
 20050K .......... .......... .......... .......... .......... 37% 21.2M 13s
 20100K .......... .......... .......... .......... .......... 37% 16.2M 13s
 20150K .......... .......... .......... .......... .......... 37% 17.4M 13s
 20200K .......... .......... .......... .......... .......... 37% 12.4M 13s
 20250K .......... .......... .......... .......... .......... 38% 17.5M 13s
 20300K .......... .......... .......... .......... .......... 38% 17.0M 13s
 20350K .......... .......... .......... .......... .......... 38% 16.8M 13s
 20400K .......... .......... .......... .......... .......... 38% 12.6M 13s
 20450K .......... .......... .......... .......... .......... 38% 16.9M 13s
 20500K .......... .......... .......... .......... .......... 38% 16.7M 13s
 20550K .......... .......... .......... .......... .......... 38% 17.0M 13s
 20600K .......... .......... .......... .......... .......... 38% 16.8M 13s
 20650K .......... .......... .......... .......... .......... 38% 16.7M 13s
 20700K .......... .......... .......... .......... .......... 38% 17.0M 12s
 20750K .......... .......... .......... .......... .......... 38% 16.8M 12s
 20800K .......... .......... .......... .......... .......... 39% 12.3M 12s
 20850K .......... .......... .......... .......... .......... 39% 17.9M 12s
 20900K .......... .......... .......... .......... .......... 39% 12.4M 12s
 20950K .......... .......... .......... .......... .......... 39% 16.7M 12s
 21000K .......... .......... .......... .......... .......... 39% 16.9M 12s
 21050K .......... .......... .......... .......... .......... 39% 16.9M 12s
 21100K .......... .......... .......... .......... .......... 39% 17.0M 12s
 21150K .......... .......... .......... .......... .......... 39% 12.6M 12s
 21200K .......... .......... .......... .......... .......... 39% 16.7M 12s
 21250K .......... .......... .......... .......... .......... 39% 16.5M 12s
 21300K .......... .......... .......... .......... .......... 39% 17.2M 12s
 21350K .......... .......... .......... .......... .......... 40% 16.8M 12s
 21400K .......... .......... .......... .......... .......... 40% 12.7M 12s
 21450K .......... .......... .......... .......... .......... 40% 16.8M 12s
 21500K .......... .......... .......... .......... .......... 40% 16.9M 12s
 21550K .......... .......... .......... .......... .......... 40% 16.8M 12s
 21600K .......... .......... .......... .......... .......... 40% 16.8M 12s
 21650K .......... .......... .......... .......... .......... 40% 16.6M 12s
 21700K .......... .......... .......... .......... .......... 40% 12.8M 12s
 21750K .......... .......... .......... .......... .......... 40% 16.9M 12s
 21800K .......... .......... .......... .......... .......... 40% 8.29M 12s
 21850K .......... .......... .......... .......... .......... 40%  416M 12s
 21900K .......... .......... .......... .......... .......... 41% 18.0M 11s
 21950K .......... .......... .......... .......... .......... 41% 12.7M 11s
 22000K .......... .......... .......... .......... .......... 41% 16.8M 11s
 22050K .......... .......... .......... .......... .......... 41% 17.0M 11s
 22100K .......... .......... .......... .......... .......... 41% 12.6M 11s
 22150K .......... .......... .......... .......... .......... 41% 16.8M 11s
 22200K .......... .......... .......... .......... .......... 41% 17.4M 11s
 22250K .......... .......... .......... .......... .......... 41% 12.7M 11s
 22300K .......... .......... .......... .......... .......... 41% 25.7M 11s
 22350K .......... .......... .......... .......... .......... 41% 17.7M 11s
 22400K .......... .......... .......... .......... .......... 42% 17.7M 11s
 22450K .......... .......... .......... .......... .......... 42% 26.7M 11s
 22500K .......... .......... .......... .......... .......... 42% 13.4M 11s
 22550K .......... .......... .......... .......... .......... 42% 26.1M 11s
 22600K .......... .......... .......... .......... .......... 42% 18.0M 11s
 22650K .......... .......... .......... .......... .......... 42% 26.0M 11s
 22700K .......... .......... .......... .......... .......... 42% 18.0M 11s
 22750K .......... .......... .......... .......... .......... 42% 17.8M 11s
 22800K .......... .......... .......... .......... .......... 42% 17.7M 11s
 22850K .......... .......... .......... .......... .......... 42% 25.7M 11s
 22900K .......... .......... .......... .......... .......... 42% 18.3M 11s
 22950K .......... .......... .......... .......... .......... 43% 26.1M 11s
 23000K .......... .......... .......... .......... .......... 43% 18.1M 11s
 23050K .......... .......... .......... .......... .......... 43% 17.8M 11s
 23100K .......... .......... .......... .......... .......... 43% 18.2M 11s
 23150K .......... .......... .......... .......... .......... 43% 25.5M 11s
 23200K .......... .......... .......... .......... .......... 43% 17.6M 10s
 23250K .......... .......... .......... .......... .......... 43% 18.1M 10s
 23300K .......... .......... .......... .......... .......... 43% 17.7M 10s
 23350K .......... .......... .......... .......... .......... 43% 17.8M 10s
 23400K .......... .......... .......... .......... .......... 43% 17.6M 10s
 23450K .......... .......... .......... .......... .......... 43% 26.9M 10s
 23500K .......... .......... .......... .......... .......... 44% 17.5M 10s
 23550K .......... .......... .......... .......... .......... 44% 26.1M 10s
 23600K .......... .......... .......... .......... .......... 44% 18.2M 10s
 23650K .......... .......... .......... .......... .......... 44% 17.9M 10s
 23700K .......... .......... .......... .......... .......... 44% 26.0M 10s
 23750K .......... .......... .......... .......... .......... 44% 13.7M 10s
 23800K .......... .......... .......... .......... .......... 44% 25.6M 10s
 23850K .......... .......... .......... .......... .......... 44% 25.1M 10s
 23900K .......... .......... .......... .......... .......... 44% 16.9M 10s
 23950K .......... .......... .......... .......... .......... 44%  123K 10s
 24000K .......... .......... .......... .......... .......... 45%  729K 10s
 24050K .......... .......... .......... .......... .......... 45% 20.3M 10s
 24100K .......... .......... .......... .......... .......... 45% 31.1M 10s
 24150K .......... .......... .......... .......... .......... 45%  779K 10s
 24200K .......... .......... .......... .......... .......... 45% 13.9M 10s
 24250K .......... .......... .......... .......... .......... 45% 22.9M 10s
 24300K .......... .......... .......... .......... .......... 45% 22.6M 10s
 24350K .......... .......... .......... .......... .......... 45% 16.8M 10s
 24400K .......... .......... .......... .......... .......... 45%  865K 10s
 24450K .......... .......... .......... .......... .......... 45% 27.9M 10s
 24500K .......... .......... .......... .......... .......... 45% 15.8M 10s
 24550K .......... .......... .......... .......... .......... 46% 22.5M 10s
 24600K .......... .......... .......... .......... .......... 46% 22.8M 10s
 24650K .......... .......... .......... .......... .......... 46% 15.3M 10s
 24700K .......... .......... .......... .......... .......... 46% 22.9M 10s
 24750K .......... .......... .......... .......... .......... 46% 22.4M 10s
 24800K .......... .......... .......... .......... .......... 46% 20.4M 10s
 24850K .......... .......... .......... .......... .......... 46% 14.9M 10s
 24900K .......... .......... .......... .......... .......... 46% 22.4M 10s
 24950K .......... .......... .......... .......... .......... 46% 1.10M 10s
 25000K .......... .......... .......... .......... .......... 46% 17.7M 10s
 25050K .......... .......... .......... .......... .......... 46% 23.2M 10s
 25100K .......... .......... .......... .......... .......... 47% 17.4M 10s
 25150K .......... .......... .......... .......... .......... 47% 18.9M 10s
 25200K .......... .......... .......... .......... .......... 47% 21.5M 10s
 25250K .......... .......... .......... .......... .......... 47% 20.1M 10s
 25300K .......... .......... .......... .......... .......... 47% 20.3M 10s
 25350K .......... .......... .......... .......... .......... 47% 20.1M 10s
 25400K .......... .......... .......... .......... .......... 47% 15.1M 10s
 25450K .......... .......... .......... .......... .......... 47% 13.5M 10s
 25500K .......... .......... .......... .......... .......... 47% 14.2M 10s
 25550K .......... .......... .......... .......... .......... 47% 14.6M 10s
 25600K .......... .......... .......... .......... .......... 48% 24.4M 10s
 25650K .......... .......... .......... .......... .......... 48% 17.2M 10s
 25700K .......... .......... .......... .......... .......... 48% 19.8M 9s
 25750K .......... .......... .......... .......... .......... 48% 21.0M 9s
 25800K .......... .......... .......... .......... .......... 48% 19.8M 9s
 25850K .......... .......... .......... .......... .......... 48% 19.3M 9s
 25900K .......... .......... .......... .......... .......... 48% 2.63M 9s
 25950K .......... .......... .......... .......... .......... 48% 17.0M 9s
 26000K .......... .......... .......... .......... .......... 48% 19.2M 9s
 26050K .......... .......... .......... .......... .......... 48% 24.3M 9s
 26100K .......... .......... .......... .......... .......... 48% 20.0M 9s
 26150K .......... .......... .......... .......... .......... 49% 20.3M 9s
 26200K .......... .......... .......... .......... .......... 49% 20.1M 9s
 26250K .......... .......... .......... .......... .......... 49% 17.4M 9s
 26300K .......... .......... .......... .......... .......... 49% 20.4M 9s
 26350K .......... .......... .......... .......... .......... 49% 20.1M 9s
 26400K .......... .......... .......... .......... .......... 49% 20.2M 9s
 26450K .......... .......... .......... .......... .......... 49% 20.2M 9s
 26500K .......... .......... .......... .......... .......... 49% 20.4M 9s
 26550K .......... .......... .......... .......... .......... 49% 20.2M 9s
 26600K .......... .......... .......... .......... .......... 49% 20.1M 9s
 26650K .......... .......... .......... .......... .......... 49% 13.6M 9s
 26700K .......... .......... .......... .......... .......... 50% 20.0M 9s
 26750K .......... .......... .......... .......... .......... 50% 24.1M 9s
 26800K .......... .......... .......... .......... .......... 50% 17.6M 9s
 26850K .......... .......... .......... .......... .......... 50% 20.0M 9s
 26900K .......... .......... .......... .......... .......... 50% 20.2M 9s
 26950K .......... .......... .......... .......... .......... 50% 36.5M 9s
 27000K .......... .......... .......... .......... .......... 50%  315M 9s
 27050K .......... .......... .......... .......... .......... 50% 31.6M 9s
 27100K .......... .......... .......... .......... .......... 50% 26.6M 9s
 27150K .......... .......... .......... .......... .......... 50% 17.5M 9s
 27200K .......... .......... .......... .......... .......... 51% 17.6M 9s
 27250K .......... .......... .......... .......... .......... 51% 26.4M 9s
 27300K .......... .......... .......... .......... .......... 51% 17.4M 9s
 27350K .......... .......... .......... .......... .......... 51% 17.8M 8s
 27400K .......... .......... .......... .......... .......... 51% 17.4M 8s
 27450K .......... .......... .......... .......... .......... 51% 25.5M 8s
 27500K .......... .......... .......... .......... .......... 51% 25.1M 8s
 27550K .......... .......... .......... .......... .......... 51% 42.7M 8s
 27600K .......... .......... .......... .......... .......... 51% 17.9M 8s
 27650K .......... .......... .......... .......... .......... 51% 25.7M 8s
 27700K .......... .......... .......... .......... .......... 51% 25.1M 8s
 27750K .......... .......... .......... .......... .......... 52% 24.4M 8s
 27800K .......... .......... .......... .......... .......... 52% 23.4M 8s
 27850K .......... .......... .......... .......... .......... 52% 29.0M 8s
 27900K .......... .......... .......... .......... .......... 52% 25.2M 8s
 27950K .......... .......... .......... .......... .......... 52% 24.9M 8s
 28000K .......... .......... .......... .......... .......... 52% 25.0M 8s
 28050K .......... .......... .......... .......... .......... 52% 25.3M 8s
 28100K .......... .......... .......... .......... .......... 52% 17.1M 8s
 28150K .......... .......... .......... .......... .......... 52% 25.3M 8s
 28200K .......... .......... .......... .......... .......... 52% 24.9M 8s
 28250K .......... .......... .......... .......... .......... 52% 25.5M 8s
 28300K .......... .......... .......... .......... .......... 53% 25.7M 8s
 28350K .......... .......... .......... .......... .......... 53% 24.3M 8s
 28400K .......... .......... .......... .......... .......... 53% 23.6M 8s
 28450K .......... .......... .......... .......... .......... 53% 28.1M 8s
 28500K .......... .......... .......... .......... .......... 53% 16.5M 8s
 28550K .......... .......... .......... .......... .......... 53% 27.5M 8s
 28600K .......... .......... .......... .......... .......... 53% 22.6M 8s
 28650K .......... .......... .......... .......... .......... 53% 49.1M 8s
 28700K .......... .......... .......... .......... .......... 53% 27.0M 8s
 28750K .......... .......... .......... .......... .......... 53% 17.0M 8s
 28800K .......... .......... .......... .......... .......... 54% 15.5M 8s
 28850K .......... .......... .......... .......... .......... 54% 68.4M 8s
 28900K .......... .......... .......... .......... .......... 54% 25.1M 8s
 28950K .......... .......... .......... .......... .......... 54% 23.1M 8s
 29000K .......... .......... .......... .......... .......... 54% 25.1M 8s
 29050K .......... .......... .......... .......... .......... 54% 27.6M 8s
 29100K .......... .......... .......... .......... .......... 54% 17.3M 7s
 29150K .......... .......... .......... .......... .......... 54% 23.9M 7s
 29200K .......... .......... .......... .......... .......... 54% 29.8M 7s
 29250K .......... .......... .......... .......... .......... 54% 24.3M 7s
 29300K .......... .......... .......... .......... .......... 54% 24.3M 7s
 29350K .......... .......... .......... .......... .......... 55% 25.7M 7s
 29400K .......... .......... .......... .......... .......... 55% 26.0M 7s
 29450K .......... .......... .......... .......... .......... 55% 25.7M 7s
 29500K .......... .......... .......... .......... .......... 55% 26.4M 7s
 29550K .......... .......... .......... .......... .......... 55% 24.9M 7s
 29600K .......... .......... .......... .......... .......... 55% 25.6M 7s
 29650K .......... .......... .......... .......... .......... 55% 26.2M 7s
 29700K .......... .......... .......... .......... .......... 55% 25.3M 7s
 29750K .......... .......... .......... .......... .......... 55% 27.0M 7s
 29800K .......... .......... .......... .......... .......... 55% 24.4M 7s
 29850K .......... .......... .......... .......... .......... 55% 26.1M 7s
 29900K .......... .......... .......... .......... .......... 56% 25.8M 7s
 29950K .......... .......... .......... .......... .......... 56% 25.6M 7s
 30000K .......... .......... .......... .......... .......... 56% 25.2M 7s
 30050K .......... .......... .......... .......... .......... 56% 48.0M 7s
 30100K .......... .......... .......... .......... .......... 56% 10.8M 7s
 30150K .......... .......... .......... .......... .......... 56%  374M 7s
 30200K .......... .......... .......... .......... .......... 56% 46.4M 7s
 30250K .......... .......... .......... .......... .......... 56% 25.6M 7s
 30300K .......... .......... .......... .......... .......... 56% 27.9M 7s
 30350K .......... .......... .......... .......... .......... 56% 45.6M 7s
 30400K .......... .......... .......... .......... .......... 57% 24.7M 7s
 30450K .......... .......... .......... .......... .......... 57% 27.0M 7s
 30500K .......... .......... .......... .......... .......... 57% 25.9M 7s
 30550K .......... .......... .......... .......... .......... 57% 25.8M 7s
 30600K .......... .......... .......... .......... .......... 57% 25.6M 7s
 30650K .......... .......... .......... .......... .......... 57% 25.3M 7s
 30700K .......... .......... .......... .......... .......... 57% 48.5M 7s
 30750K .......... .......... .......... .......... .......... 57% 26.2M 7s
 30800K .......... .......... .......... .......... .......... 57% 25.6M 7s
 30850K .......... .......... .......... .......... .......... 57% 49.8M 7s
 30900K .......... .......... .......... .......... .......... 57% 27.6M 7s
 30950K .......... .......... .......... .......... .......... 58% 24.5M 7s
 31000K .......... .......... .......... .......... .......... 58% 49.1M 7s
 31050K .......... .......... .......... .......... .......... 58% 16.9M 7s
 31100K .......... .......... .......... .......... .......... 58% 40.8M 6s
 31150K .......... .......... .......... .......... .......... 58% 28.8M 6s
 31200K .......... .......... .......... .......... .......... 58% 49.5M 6s
 31250K .......... .......... .......... .......... .......... 58% 24.9M 6s
 31300K .......... .......... .......... .......... .......... 58% 26.2M 6s
 31350K .......... .......... .......... .......... .......... 58% 25.1M 6s
 31400K .......... .......... .......... .......... .......... 58% 48.9M 6s
 31450K .......... .......... .......... .......... .......... 58% 26.1M 6s
 31500K .......... .......... .......... .......... .......... 59% 48.2M 6s
 31550K .......... .......... .......... .......... .......... 59% 25.3M 6s
 31600K .......... .......... .......... .......... .......... 59% 26.1M 6s
 31650K .......... .......... .......... .......... .......... 59% 26.8M 6s
 31700K .......... .......... .......... .......... .......... 59% 46.1M 6s
 31750K .......... .......... .......... .......... .......... 59% 25.5M 6s
 31800K .......... .......... .......... .......... .......... 59% 24.6M 6s
 31850K .......... .......... .......... .......... .......... 59% 50.3M 6s
 31900K .......... .......... .......... .......... .......... 59% 26.9M 6s
 31950K .......... .......... .......... .......... .......... 59% 24.8M 6s
 32000K .......... .......... .......... .......... .......... 59% 26.3M 6s
 32050K .......... .......... .......... .......... .......... 60% 43.6M 6s
 32100K .......... .......... .......... .......... .......... 60% 26.2M 6s
 32150K .......... .......... .......... .......... .......... 60% 18.6M 6s
 32200K .......... .......... .......... .......... .......... 60%  521M 6s
 32250K .......... .......... .......... .......... .......... 60% 24.3M 6s
 32300K .......... .......... .......... .......... .......... 60% 68.0M 6s
 32350K .......... .......... .......... .......... .......... 60% 24.7M 6s
 32400K .......... .......... .......... .......... .......... 60% 25.7M 6s
 32450K .......... .......... .......... .......... .......... 60% 25.1M 6s
 32500K .......... .......... .......... .......... .......... 60% 46.5M 6s
 32550K .......... .......... .......... .......... .......... 61% 26.2M 6s
 32600K .......... .......... .......... .......... .......... 61% 50.1M 6s
 32650K .......... .......... .......... .......... .......... 61% 25.7M 6s
 32700K .......... .......... .......... .......... .......... 61% 49.0M 6s
 32750K .......... .......... .......... .......... .......... 61% 26.2M 6s
 32800K .......... .......... .......... .......... .......... 61% 40.7M 6s
 32850K .......... .......... .......... .......... .......... 61% 28.2M 6s
 32900K .......... .......... .......... .......... .......... 61% 26.5M 6s
 32950K .......... .......... .......... .......... .......... 61% 28.4M 6s
 33000K .......... .......... .......... .......... .......... 61% 47.1M 6s
 33050K .......... .......... .......... .......... .......... 61% 24.9M 6s
 33100K .......... .......... .......... .......... .......... 62% 48.3M 6s
 33150K .......... .......... .......... .......... .......... 62% 25.6M 6s
 33200K .......... .......... .......... .......... .......... 62% 49.2M 6s
 33250K .......... .......... .......... .......... .......... 62% 25.7M 6s
 33300K .......... .......... .......... .......... .......... 62% 49.7M 5s
 33350K .......... .......... .......... .......... .......... 62% 25.5M 5s
 33400K .......... .......... .......... .......... .......... 62% 49.8M 5s
 33450K .......... .......... .......... .......... .......... 62% 27.4M 5s
 33500K .......... .......... .......... .......... .......... 62% 49.1M 5s
 33550K .......... .......... .......... .......... .......... 62% 25.5M 5s
 33600K .......... .......... .......... .......... .......... 62% 47.8M 5s
 33650K .......... .......... .......... .......... .......... 63% 25.4M 5s
 33700K .......... .......... .......... .......... .......... 63% 52.2M 5s
 33750K .......... .......... .......... .......... .......... 63% 28.2M 5s
 33800K .......... .......... .......... .......... .......... 63% 39.4M 5s
 33850K .......... .......... .......... .......... .......... 63% 27.6M 5s
 33900K .......... .......... .......... .......... .......... 63%  149K 5s
 33950K .......... .......... .......... .......... .......... 63%  729K 5s
 34000K .......... .......... .......... .......... .......... 63%  732K 5s
 34050K .......... .......... .......... .......... .......... 63%  736K 5s
 34100K .......... .......... .......... .......... .......... 63% 60.6M 5s
 34150K .......... .......... .......... .......... .......... 64% 30.7M 5s
 34200K .......... .......... .......... .......... .......... 64% 31.2M 5s
 34250K .......... .......... .......... .......... .......... 64%  776K 5s
 34300K .......... .......... .......... .......... .......... 64% 39.2M 5s
 34350K .......... .......... .......... .......... .......... 64% 33.4M 5s
 34400K .......... .......... .......... .......... .......... 64% 40.3M 5s
 34450K .......... .......... .......... .......... .......... 64% 26.6M 5s
 34500K .......... .......... .......... .......... .......... 64% 27.2M 5s
 34550K .......... .......... .......... .......... .......... 64% 41.1M 5s
 34600K .......... .......... .......... .......... .......... 64% 42.0M 5s
 34650K .......... .......... .......... .......... .......... 64%  856K 5s
 34700K .......... .......... .......... .......... .......... 65% 38.8M 5s
 34750K .......... .......... .......... .......... .......... 65% 30.4M 5s
 34800K .......... .......... .......... .......... .......... 65% 33.4M 5s
 34850K .......... .......... .......... .......... .......... 65% 24.2M 5s
 34900K .......... .......... .......... .......... .......... 65% 31.9M 5s
 34950K .......... .......... .......... .......... .......... 65% 41.8M 5s
 35000K .......... .......... .......... .......... .......... 65% 26.6M 5s
 35050K .......... .......... .......... .......... .......... 65% 36.4M 5s
 35100K .......... .......... .......... .......... .......... 65% 36.8M 5s
 35150K .......... .......... .......... .......... .......... 65% 42.9M 5s
 35200K .......... .......... .......... .......... .......... 65% 21.8M 5s
 35250K .......... .......... .......... .......... .......... 66% 24.9M 5s
 35300K .......... .......... .......... .......... .......... 66% 36.4M 5s
 35350K .......... .......... .......... .......... .......... 66% 39.8M 5s
 35400K .......... .......... .......... .......... .......... 66% 1.04M 5s
 35450K .......... .......... .......... .......... .......... 66% 50.2M 5s
 35500K .......... .......... .......... .......... .......... 66% 38.8M 5s
 35550K .......... .......... .......... .......... .......... 66% 14.1M 5s
 35600K .......... .......... .......... .......... .......... 66%  184M 5s
 35650K .......... .......... .......... .......... .......... 66% 41.8M 5s
 35700K .......... .......... .......... .......... .......... 66% 25.6M 5s
 35750K .......... .......... .......... .......... .......... 67% 30.6M 5s
 35800K .......... .......... .......... .......... .......... 67% 50.5M 5s
 35850K .......... .......... .......... .......... .......... 67% 26.8M 5s
 35900K .......... .......... .......... .......... .......... 67% 31.0M 5s
 35950K .......... .......... .......... .......... .......... 67% 33.3M 5s
 36000K .......... .......... .......... .......... .......... 67% 53.6M 5s
 36050K .......... .......... .......... .......... .......... 67% 21.0M 5s
 36100K .......... .......... .......... .......... .......... 67% 36.5M 5s
 36150K .......... .......... .......... .......... .......... 67% 41.8M 5s
 36200K .......... .......... .......... .......... .......... 67% 21.9M 5s
 36250K .......... .......... .......... .......... .......... 67% 42.5M 5s
 36300K .......... .......... .......... .......... .......... 68% 36.1M 5s
 36350K .......... .......... .......... .......... .......... 68% 27.5M 5s
 36400K .......... .......... .......... .......... .......... 68% 30.1M 5s
 36450K .......... .......... .......... .......... .......... 68% 41.2M 5s
 36500K .......... .......... .......... .......... .......... 68% 21.4M 5s
 36550K .......... .......... .......... .......... .......... 68% 41.5M 5s
 36600K .......... .......... .......... .......... .......... 68% 39.1M 5s
 36650K .......... .......... .......... .......... .......... 68% 33.4M 5s
 36700K .......... .......... .......... .......... .......... 68% 28.0M 5s
 36750K .......... .......... .......... .......... .......... 68% 30.9M 4s
 36800K .......... .......... .......... .......... .......... 68% 36.1M 4s
 36850K .......... .......... .......... .......... .......... 69% 25.1M 4s
 36900K .......... .......... .......... .......... .......... 69% 28.9M 4s
 36950K .......... .......... .......... .......... .......... 69% 2.21M 4s
 37000K .......... .......... .......... .......... .......... 69% 35.4M 4s
 37050K .......... .......... .......... .......... .......... 69% 43.4M 4s
 37100K .......... .......... .......... .......... .......... 69% 39.4M 4s
 37150K .......... .......... .......... .......... .......... 69% 41.2M 4s
 37200K .......... .......... .......... .......... .......... 69% 47.2M 4s
 37250K .......... .......... .......... .......... .......... 69% 25.2M 4s
 37300K .......... .......... .......... .......... .......... 69% 66.6M 4s
 37350K .......... .......... .......... .......... .......... 70% 39.9M 4s
 37400K .......... .......... .......... .......... .......... 70% 50.1M 4s
 37450K .......... .......... .......... .......... .......... 70% 47.4M 4s
 37500K .......... .......... .......... .......... .......... 70% 25.8M 4s
 37550K .......... .......... .......... .......... .......... 70% 50.9M 4s
 37600K .......... .......... .......... .......... .......... 70% 46.8M 4s
 37650K .......... .......... .......... .......... .......... 70% 26.0M 4s
 37700K .......... .......... .......... .......... .......... 70% 49.2M 4s
 37750K .......... .......... .......... .......... .......... 70% 48.4M 4s
 37800K .......... .......... .......... .......... .......... 70% 49.7M 4s
 37850K .......... .......... .......... .......... .......... 70% 25.8M 4s
 37900K .......... .......... .......... .......... .......... 71% 50.4M 4s
 37950K .......... .......... .......... .......... .......... 71% 49.2M 4s
 38000K .......... .......... .......... .......... .......... 71% 49.0M 4s
 38050K .......... .......... .......... .......... .......... 71% 25.6M 4s
 38100K .......... .......... .......... .......... .......... 71% 47.9M 4s
 38150K .......... .......... .......... .......... .......... 71% 49.7M 4s
 38200K .......... .......... .......... .......... .......... 71% 48.8M 4s
 38250K .......... .......... .......... .......... .......... 71% 25.4M 4s
 38300K .......... .......... .......... .......... .......... 71% 51.8M 4s
 38350K .......... .......... .......... .......... .......... 71% 48.0M 4s
 38400K .......... .......... .......... .......... .......... 71% 41.9M 4s
 38450K .......... .......... .......... .......... .......... 72% 28.5M 4s
 38500K .......... .......... .......... .......... .......... 72% 49.4M 4s
 38550K .......... .......... .......... .......... .......... 72% 50.7M 4s
 38600K .......... .......... .......... .......... .......... 72% 48.9M 4s
 38650K .......... .......... .......... .......... .......... 72% 51.6M 4s
 38700K .......... .......... .......... .......... .......... 72% 25.8M 4s
 38750K .......... .......... .......... .......... .......... 72% 49.8M 4s
 38800K .......... .......... .......... .......... .......... 72% 46.6M 4s
 38850K .......... .......... .......... .......... .......... 72% 24.9M 4s
 38900K .......... .......... .......... .......... .......... 72% 49.1M 4s
 38950K .......... .......... .......... .......... .......... 73% 50.9M 4s
 39000K .......... .......... .......... .......... .......... 73% 48.7M 4s
 39050K .......... .......... .......... .......... .......... 73% 25.7M 4s
 39100K .......... .......... .......... .......... .......... 73% 49.6M 4s
 39150K .......... .......... .......... .......... .......... 73% 48.2M 4s
 39200K .......... .......... .......... .......... .......... 73% 49.9M 4s
 39250K .......... .......... .......... .......... .......... 73% 26.0M 4s
 39300K .......... .......... .......... .......... .......... 73% 47.4M 4s
 39350K .......... .......... .......... .......... .......... 73% 51.2M 4s
 39400K .......... .......... .......... .......... .......... 73% 47.9M 4s
 39450K .......... .......... .......... .......... .......... 73% 26.0M 4s
 39500K .......... .......... .......... .......... .......... 74% 48.0M 4s
 39550K .......... .......... .......... .......... .......... 74% 47.5M 3s
 39600K .......... .......... .......... .......... .......... 74% 44.3M 3s
 39650K .......... .......... .......... .......... .......... 74% 27.4M 3s
 39700K .......... .......... .......... .......... .......... 74% 50.1M 3s
 39750K .......... .......... .......... .......... .......... 74% 49.7M 3s
 39800K .......... .......... .......... .......... .......... 74% 25.5M 3s
 39850K .......... .......... .......... .......... .......... 74% 52.2M 3s
 39900K .......... .......... .......... .......... .......... 74% 49.4M 3s
 39950K .......... .......... .......... .......... .......... 74% 49.7M 3s
 40000K .......... .......... .......... .......... .......... 74% 49.5M 3s
 40050K .......... .......... .......... .......... .......... 75% 24.8M 3s
 40100K .......... .......... .......... .......... .......... 75% 52.2M 3s
 40150K .......... .......... .......... .......... .......... 75% 48.8M 3s
 40200K .......... .......... .......... .......... .......... 75% 27.2M 3s
 40250K .......... .......... .......... .......... .......... 75% 47.1M 3s
 40300K .......... .......... .......... .......... .......... 75% 48.0M 3s
 40350K .......... .......... .......... .......... .......... 75% 44.8M 3s
 40400K .......... .......... .......... .......... .......... 75% 26.2M 3s
 40450K .......... .......... .......... .......... .......... 75% 42.0M 3s
 40500K .......... .......... .......... .......... .......... 75% 55.6M 3s
 40550K .......... .......... .......... .......... .......... 76% 26.0M 3s
 40600K .......... .......... .......... .......... .......... 76% 50.7M 3s
 40650K .......... .......... .......... .......... .......... 76% 48.2M 3s
 40700K .......... .......... .......... .......... .......... 76% 50.9M 3s
 40750K .......... .......... .......... .......... .......... 76% 48.7M 3s
 40800K .......... .......... .......... .......... .......... 76% 25.5M 3s
 40850K .......... .......... .......... .......... .......... 76% 49.5M 3s
 40900K .......... .......... .......... .......... .......... 76% 47.4M 3s
 40950K .......... .......... .......... .......... .......... 76% 25.7M 3s
 41000K .......... .......... .......... .......... .......... 76% 48.7M 3s
 41050K .......... .......... .......... .......... .......... 76% 49.6M 3s
 41100K .......... .......... .......... .......... .......... 77% 50.0M 3s
 41150K .......... .......... .......... .......... .......... 77% 26.1M 3s
 41200K .......... .......... .......... .......... .......... 77% 51.1M 3s
 41250K .......... .......... .......... .......... .......... 77% 39.7M 3s
 41300K .......... .......... .......... .......... .......... 77% 28.5M 3s
 41350K .......... .......... .......... .......... .......... 77% 49.9M 3s
 41400K .......... .......... .......... .......... .......... 77% 49.0M 3s
 41450K .......... .......... .......... .......... .......... 77% 48.4M 3s
 41500K .......... .......... .......... .......... .......... 77% 51.0M 3s
 41550K .......... .......... .......... .......... .......... 77% 29.2M 3s
 41600K .......... .......... .......... .......... .......... 77% 39.9M 3s
 41650K .......... .......... .......... .......... .......... 78% 28.2M 3s
 41700K .......... .......... .......... .......... .......... 78% 48.5M 3s
 41750K .......... .......... .......... .......... .......... 78% 46.9M 3s
 41800K .......... .......... .......... .......... .......... 78% 45.1M 3s
 41850K .......... .......... .......... .......... .......... 78% 50.1M 3s
 41900K .......... .......... .......... .......... .......... 78% 25.6M 3s
 41950K .......... .......... .......... .......... .......... 78% 49.5M 3s
 42000K .......... .......... .......... .......... .......... 78% 47.2M 3s
 42050K .......... .......... .......... .......... .......... 78% 22.2M 3s
 42100K .......... .......... .......... .......... .......... 78% 67.5M 3s
 42150K .......... .......... .......... .......... .......... 78% 48.9M 3s
 42200K .......... .......... .......... .......... .......... 79% 52.0M 3s
 42250K .......... .......... .......... .......... .......... 79% 47.5M 3s
 42300K .......... .......... .......... .......... .......... 79% 25.9M 3s
 42350K .......... .......... .......... .......... .......... 79% 48.3M 3s
 42400K .......... .......... .......... .......... .......... 79% 50.1M 3s
 42450K .......... .......... .......... .......... .......... 79% 25.6M 3s
 42500K .......... .......... .......... .......... .......... 79% 48.5M 3s
 42550K .......... .......... .......... .......... .......... 79% 50.0M 3s
 42600K .......... .......... .......... .......... .......... 79% 48.6M 3s
 42650K .......... .......... .......... .......... .......... 79% 25.9M 3s
 42700K .......... .......... .......... .......... .......... 80% 46.5M 3s
 42750K .......... .......... .......... .......... .......... 80% 50.4M 3s
 42800K .......... .......... .......... .......... .......... 80% 50.3M 2s
 42850K .......... .......... .......... .......... .......... 80% 49.6M 2s
 42900K .......... .......... .......... .......... .......... 80% 52.5M 2s
 42950K .......... .......... .......... .......... .......... 80% 52.7M 2s
 43000K .......... .......... .......... .......... .......... 80% 50.9M 2s
 43050K .......... .......... .......... .......... .......... 80% 52.6M 2s
 43100K .......... .......... .......... .......... .......... 80% 52.1M 2s
 43150K .......... .......... .......... .......... .......... 80% 49.4M 2s
 43200K .......... .......... .......... .......... .......... 80% 58.4M 2s
 43250K .......... .......... .......... .......... .......... 81% 46.1M 2s
 43300K .......... .......... .......... .......... .......... 81% 50.5M 2s
 43350K .......... .......... .......... .......... .......... 81% 50.8M 2s
 43400K .......... .......... .......... .......... .......... 81% 52.5M 2s
 43450K .......... .......... .......... .......... .......... 81% 49.9M 2s
 43500K .......... .......... .......... .......... .......... 81% 53.0M 2s
 43550K .......... .......... .......... .......... .......... 81% 52.4M 2s
 43600K .......... .......... .......... .......... .......... 81% 51.3M 2s
 43650K .......... .......... .......... .......... .......... 81%  101K 2s
 43700K .......... .......... .......... .......... .......... 81% 32.7M 2s
 43750K .......... .......... .......... .......... .......... 81% 32.2M 2s
 43800K .......... .......... .......... .......... .......... 82% 32.7M 2s
 43850K .......... .......... .......... .......... .......... 82% 32.4M 2s
 43900K .......... .......... .......... .......... .......... 82% 32.6M 2s
 43950K .......... .......... .......... .......... .......... 82% 32.5M 2s
 44000K .......... .......... .......... .......... .......... 82% 32.7M 2s
 44050K .......... .......... .......... .......... .......... 82% 29.9M 2s
 44100K .......... .......... .......... .......... .......... 82% 31.0M 2s
 44150K .......... .......... .......... .......... .......... 82% 36.6M 2s
 44200K .......... .......... .......... .......... .......... 82% 26.7M 2s
 44250K .......... .......... .......... .......... .......... 82% 35.3M 2s
 44300K .......... .......... .......... .......... .......... 83% 31.9M 2s
 44350K .......... .......... .......... .......... .......... 83% 37.8M 2s
 44400K .......... .......... .......... .......... .......... 83% 31.6M 2s
 44450K .......... .......... .......... .......... .......... 83% 21.8M 2s
 44500K .......... .......... .......... .......... .......... 83% 32.2M 2s
 44550K .......... .......... .......... .......... .......... 83% 32.8M 2s
 44600K .......... .......... .......... .......... .......... 83% 32.1M 2s
 44650K .......... .......... .......... .......... .......... 83% 32.8M 2s
 44700K .......... .......... .......... .......... .......... 83% 32.3M 2s
 44750K .......... .......... .......... .......... .......... 83% 32.9M 2s
 44800K .......... .......... .......... .......... .......... 83% 31.3M 2s
 44850K .......... .......... .......... .......... .......... 84% 23.2M 2s
 44900K .......... .......... .......... .......... .......... 84% 33.0M 2s
 44950K .......... .......... .......... .......... .......... 84% 31.7M 2s
 45000K .......... .......... .......... .......... .......... 84% 33.3M 2s
 45050K .......... .......... .......... .......... .......... 84% 32.5M 2s
 45100K .......... .......... .......... .......... .......... 84% 32.4M 2s
 45150K .......... .......... .......... .......... .......... 84% 32.1M 2s
 45200K .......... .......... .......... .......... .......... 84% 32.7M 2s
 45250K .......... .......... .......... .......... .......... 84% 32.0M 2s
 45300K .......... .......... .......... .......... .......... 84% 28.3M 2s
 45350K .......... .......... .......... .......... .......... 84% 35.3M 2s
 45400K .......... .......... .......... .......... .......... 85% 34.5M 2s
 45450K .......... .......... .......... .......... .......... 85% 32.6M 2s
 45500K .......... .......... .......... .......... .......... 85% 32.5M 2s
 45550K .......... .......... .......... .......... .......... 85% 32.7M 2s
 45600K .......... .......... .......... .......... .......... 85% 33.1M 2s
 45650K .......... .......... .......... .......... .......... 85% 21.0M 2s
 45700K .......... .......... .......... .......... .......... 85% 31.9M 2s
 45750K .......... .......... .......... .......... .......... 85% 32.8M 2s
 45800K .......... .......... .......... .......... .......... 85% 32.1M 2s
 45850K .......... .......... .......... .......... .......... 85% 32.9M 2s
 45900K .......... .......... .......... .......... .......... 86% 32.9M 2s
 45950K .......... .......... .......... .......... .......... 86% 32.5M 2s
 46000K .......... .......... .......... .......... .......... 86% 42.5M 2s
 46050K .......... .......... .......... .......... .......... 86% 29.8M 2s
 46100K .......... .......... .......... .......... .......... 86% 43.0M 2s
 46150K .......... .......... .......... .......... .......... 86% 43.7M 2s
 46200K .......... .......... .......... .......... .......... 86% 44.1M 2s
 46250K .......... .......... .......... .......... .......... 86% 48.8M 2s
 46300K .......... .......... .......... .......... .......... 86% 34.8M 2s
 46350K .......... .......... .......... .......... .......... 86% 49.1M 2s
 46400K .......... .......... .......... .......... .......... 86% 17.5M 2s
 46450K .......... .......... .......... .......... .......... 87%  633M 2s
 46500K .......... .......... .......... .......... .......... 87% 44.9M 2s
 46550K .......... .......... .......... .......... .......... 87% 33.2M 2s
 46600K .......... .......... .......... .......... .......... 87% 31.2M 2s
 46650K .......... .......... .......... .......... .......... 87% 34.5M 2s
 46700K .......... .......... .......... .......... .......... 87% 30.4M 2s
 46750K .......... .......... .......... .......... .......... 87% 31.0M 2s
 46800K .......... .......... .......... .......... .......... 87% 35.6M 2s
 46850K .......... .......... .......... .......... .......... 87% 22.2M 1s
 46900K .......... .......... .......... .......... .......... 87% 33.5M 1s
 46950K .......... .......... .......... .......... .......... 87% 32.8M 1s
 47000K .......... .......... .......... .......... .......... 88% 32.3M 1s
 47050K .......... .......... .......... .......... .......... 88% 32.1M 1s
 47100K .......... .......... .......... .......... .......... 88% 32.9M 1s
 47150K .......... .......... .......... .......... .......... 88% 30.0M 1s
 47200K .......... .......... .......... .......... .......... 88% 33.7M 1s
 47250K .......... .......... .......... .......... .......... 88% 21.5M 1s
 47300K .......... .......... .......... .......... .......... 88% 32.8M 1s
 47350K .......... .......... .......... .......... .......... 88% 33.4M 1s
 47400K .......... .......... .......... .......... .......... 88% 31.2M 1s
 47450K .......... .......... .......... .......... .......... 88% 34.9M 1s
 47500K .......... .......... .......... .......... .......... 89% 23.5M 1s
 47550K .......... .......... .......... .......... .......... 89% 46.1M 1s
 47600K .......... .......... .......... .......... .......... 89% 33.2M 1s
 47650K .......... .......... .......... .......... .......... 89% 26.2M 1s
 47700K .......... .......... .......... .......... .......... 89% 44.5M 1s
 47750K .......... .......... .......... .......... .......... 89% 32.5M 1s
 47800K .......... .......... .......... .......... .......... 89% 31.9M 1s
 47850K .......... .......... .......... .......... .......... 89% 33.7M 1s
 47900K .......... .......... .......... .......... .......... 89% 30.3M 1s
 47950K .......... .......... .......... .......... .......... 89% 33.5M 1s
 48000K .......... .......... .......... .......... .......... 89% 32.9M 1s
 48050K .......... .......... .......... .......... .......... 90% 23.0M 1s
 48100K .......... .......... .......... .......... .......... 90% 31.3M 1s
 48150K .......... .......... .......... .......... .......... 90% 32.3M 1s
 48200K .......... .......... .......... .......... .......... 90% 32.9M 1s
 48250K .......... .......... .......... .......... .......... 90% 33.5M 1s
 48300K .......... .......... .......... .......... .......... 90% 51.3M 1s
 48350K .......... .......... .......... .......... .......... 90% 37.8M 1s
 48400K .......... .......... .......... .......... .......... 90% 54.0M 1s
 48450K .......... .......... .......... .......... .......... 90% 27.8M 1s
 48500K .......... .......... .......... .......... .......... 90% 36.6M 1s
 48550K .......... .......... .......... .......... .......... 90% 59.0M 1s
 48600K .......... .......... .......... .......... .......... 91% 45.8M 1s
 48650K .......... .......... .......... .......... .......... 91% 37.0M 1s
 48700K .......... .......... .......... .......... .......... 91% 77.0M 1s
 48750K .......... .......... .......... .......... .......... 91% 45.7M 1s
 48800K .......... .......... .......... .......... .......... 91% 41.0M 1s
 48850K .......... .......... .......... .......... .......... 91% 25.9M 1s
 48900K .......... .......... .......... .......... .......... 91% 39.8M 1s
 48950K .......... .......... .......... .......... .......... 91% 42.8M 1s
 49000K .......... .......... .......... .......... .......... 91% 94.6M 1s
 49050K .......... .......... .......... .......... .......... 91% 40.3M 1s
 49100K .......... .......... .......... .......... .......... 92% 39.5M 1s
 49150K .......... .......... .......... .......... .......... 92% 43.3M 1s
 49200K .......... .......... .......... .......... .......... 92% 39.0M 1s
 49250K .......... .......... .......... .......... .......... 92% 26.5M 1s
 49300K .......... .......... .......... .......... .......... 92% 90.6M 1s
 49350K .......... .......... .......... .......... .......... 92% 36.5M 1s
 49400K .......... .......... .......... .......... .......... 92% 46.2M 1s
 49450K .......... .......... .......... .......... .......... 92% 41.7M 1s
 49500K .......... .......... .......... .......... .......... 92% 42.4M 1s
 49550K .......... .......... .......... .......... .......... 92% 37.7M 1s
 49600K .......... .......... .......... .......... .......... 92% 44.2M 1s
 49650K .......... .......... .......... .......... .......... 93% 41.0M 1s
 49700K .......... .......... .......... .......... .......... 93% 40.4M 1s
 49750K .......... .......... .......... .......... .......... 93% 40.4M 1s
 49800K .......... .......... .......... .......... .......... 93% 40.3M 1s
 49850K .......... .......... .......... .......... .......... 93% 37.2M 1s
 49900K .......... .......... .......... .......... .......... 93% 46.1M 1s
 49950K .......... .......... .......... .......... .......... 93% 40.5M 1s
 50000K .......... .......... .......... .......... .......... 93% 43.5M 1s
 50050K .......... .......... .......... .......... .......... 93% 41.1M 1s
 50100K .......... .......... .......... .......... .......... 93% 40.2M 1s
 50150K .......... .......... .......... .......... .......... 93% 40.8M 1s
 50200K .......... .......... .......... .......... .......... 94% 41.1M 1s
 50250K .......... .......... .......... .......... .......... 94% 49.7M 1s
 50300K .......... .......... .......... .......... .......... 94% 49.0M 1s
 50350K .......... .......... .......... .......... .......... 94% 47.2M 1s
 50400K .......... .......... .......... .......... .......... 94% 27.7M 1s
 50450K .......... .......... .......... .......... .......... 94% 42.3M 1s
 50500K .......... .......... .......... .......... .......... 94% 57.9M 1s
 50550K .......... .......... .......... .......... .......... 94% 26.4M 1s
 50600K .......... .......... .......... .......... .......... 94% 42.5M 1s
 50650K .......... .......... .......... .......... .......... 94% 53.7M 1s
 50700K .......... .......... .......... .......... .......... 95% 57.1M 1s
 50750K .......... .......... .......... .......... .......... 95% 51.8M 1s
 50800K .......... .......... .......... .......... .......... 95% 48.3M 1s
 50850K .......... .......... .......... .......... .......... 95% 27.1M 1s
 50900K .......... .......... .......... .......... .......... 95% 43.8M 1s
 50950K .......... .......... .......... .......... .......... 95% 54.1M 1s
 51000K .......... .......... .......... .......... .......... 95% 46.4M 1s
 51050K .......... .......... .......... .......... .......... 95% 26.8M 0s
 51100K .......... .......... .......... .......... .......... 95% 43.3M 0s
 51150K .......... .......... .......... .......... .......... 95% 55.2M 0s
 51200K .......... .......... .......... .......... .......... 95% 52.0M 0s
 51250K .......... .......... .......... .......... .......... 96% 26.3M 0s
 51300K .......... .......... .......... .......... .......... 96% 50.0M 0s
 51350K .......... .......... .......... .......... .......... 96% 51.5M 0s
 51400K .......... .......... .......... .......... .......... 96% 45.3M 0s
 51450K .......... .......... .......... .......... .......... 96% 56.1M 0s
 51500K .......... .......... .......... .......... .......... 96% 26.2M 0s
 51550K .......... .......... .......... .......... .......... 96% 50.9M 0s
 51600K .......... .......... .......... .......... .......... 96% 46.2M 0s
 51650K .......... .......... .......... .......... .......... 96% 52.1M 0s
 51700K .......... .......... .......... .......... .......... 96% 31.0M 0s
 51750K .......... .......... .......... .......... .......... 96% 48.3M 0s
 51800K .......... .......... .......... .......... .......... 97% 39.6M 0s
 51850K .......... .......... .......... .......... .......... 97% 52.6M 0s
 51900K .......... .......... .......... .......... .......... 97% 50.8M 0s
 51950K .......... .......... .......... .......... .......... 97% 26.1M 0s
 52000K .......... .......... .......... .......... .......... 97% 47.9M 0s
 52050K .......... .......... .......... .......... .......... 97% 51.5M 0s
 52100K .......... .......... .......... .......... .......... 97% 47.4M 0s
 52150K .......... .......... .......... .......... .......... 97% 26.4M 0s
 52200K .......... .......... .......... .......... .......... 97% 51.0M 0s
 52250K .......... .......... .......... .......... .......... 97% 48.8M 0s
 52300K .......... .......... .......... .......... .......... 97% 52.4M 0s
 52350K .......... .......... .......... .......... .......... 98% 48.5M 0s
 52400K .......... .......... .......... .......... .......... 98% 51.1M 0s
 52450K .......... .......... .......... .......... .......... 98% 25.5M 0s
 52500K .......... .......... .......... .......... .......... 98% 50.5M 0s
 52550K .......... .......... .......... .......... .......... 98% 50.2M 0s
 52600K .......... .......... .......... .......... .......... 98% 25.9M 0s
 52650K .......... .......... .......... .......... .......... 98% 52.3M 0s
 52700K .......... .......... .......... .......... .......... 98% 51.9M 0s
 52750K .......... .......... .......... .......... .......... 98% 50.0M 0s
 52800K .......... .......... .......... .......... .......... 98% 50.5M 0s
 52850K .......... .......... .......... .......... .......... 99% 28.1M 0s
 52900K .......... .......... .......... .......... .......... 99% 47.9M 0s
 52950K .......... .......... .......... .......... .......... 99% 44.3M 0s
 53000K .......... .......... .......... .......... .......... 99% 49.1M 0s
 53050K .......... .......... .......... .......... .......... 99% 51.9M 0s
 53100K .......... .......... .......... .......... .......... 99% 25.7M 0s
 53150K .......... .......... .......... .......... .......... 99% 51.8M 0s
 53200K .......... .......... .......... .......... .......... 99% 48.5M 0s
 53250K .......... .......... .......... .......... .......... 99% 25.6M 0s
 53300K .......... .......... .......... .......... .......... 99% 52.0M 0s
 53350K .......... .......... .......... .......... .......... 99% 52.7M 0s
 53400K .......... ........                                   100%  499M=11s

2026-09-15 11:37:38 (4.80 MB/s) - ‘datasets/q9/env1/env.pkl’ saved [54700824/54700824]

