#0 building with "default" instance using docker driver

#1 [internal] load build definition from Dockerfile_v4
#1 transferring dockerfile: 334B done
#1 DONE 0.0s

#2 [internal] load metadata for docker.io/library/python:3.11-slim-bookworm@sha256:b1add8a6f2aca6bcfcf0b9c9b522352f7ce0d62a3d556a2f2f32511aa0cca250
#2 ...

#3 [auth] library/python:pull token for registry-1.docker.io
#3 DONE 0.0s

#2 [internal] load metadata for docker.io/library/python:3.11-slim-bookworm@sha256:b1add8a6f2aca6bcfcf0b9c9b522352f7ce0d62a3d556a2f2f32511aa0cca250
#2 DONE 1.1s

#4 [internal] load .dockerignore
#4 transferring context: 2B done
#4 DONE 0.0s

#5 [1/4] FROM docker.io/library/python:3.11-slim-bookworm@sha256:b1add8a6f2aca6bcfcf0b9c9b522352f7ce0d62a3d556a2f2f32511aa0cca250
#5 resolve docker.io/library/python:3.11-slim-bookworm@sha256:b1add8a6f2aca6bcfcf0b9c9b522352f7ce0d62a3d556a2f2f32511aa0cca250 0.0s done
#5 CACHED

#6 [internal] load build context
#6 transferring context: 72B done
#6 DONE 0.0s

#7 [2/4] COPY requirements_v2.txt /tmp/requirements_v4.txt
#7 DONE 0.0s

#8 [3/4] RUN pip install --no-cache-dir -r /tmp/requirements_v4.txt
#8 1.057 Collecting numpy==2.1.3 (from -r /tmp/requirements_v4.txt (line 1))
#8 1.086   Downloading numpy-2.1.3-cp311-cp311-manylinux_2_17_x86_64.manylinux2014_x86_64.whl.metadata (62 kB)
#8 1.094      ━━━━━━━━━━━━━━━━━━━━━━━━━━━━━━━━━━━━━━━━ 62.0/62.0 kB 10.6 MB/s eta 0:00:00
#8 1.120 Collecting h5py==3.12.1 (from -r /tmp/requirements_v4.txt (line 2))
#8 1.124   Downloading h5py-3.12.1-cp311-cp311-manylinux_2_17_x86_64.manylinux2014_x86_64.whl.metadata (2.5 kB)
#8 1.134 Downloading numpy-2.1.3-cp311-cp311-manylinux_2_17_x86_64.manylinux2014_x86_64.whl (16.3 MB)
#8 2.071    ━━━━━━━━━━━━━━━━━━━━━━━━━━━━━━━━━━━━━━━━ 16.3/16.3 MB 12.2 MB/s eta 0:00:00
#8 2.076 Downloading h5py-3.12.1-cp311-cp311-manylinux_2_17_x86_64.manylinux2014_x86_64.whl (5.5 MB)
#8 2.413    ━━━━━━━━━━━━━━━━━━━━━━━━━━━━━━━━━━━━━━━━ 5.5/5.5 MB 16.2 MB/s eta 0:00:00
#8 2.480 Installing collected packages: numpy, h5py
#8 3.471 Successfully installed h5py-3.12.1 numpy-2.1.3
#8 3.472 WARNING: Running pip as the 'root' user can result in broken permissions and conflicting behaviour with the system package manager. It is recommended to use a virtual environment instead: https://pip.pypa.io/warnings/venv
#8 3.522 
#8 3.522 [notice] A new release of pip is available: 24.0 -> 26.2.1
#8 3.522 [notice] To update, run: pip install --upgrade pip
#8 DONE 3.7s

#9 [4/4] WORKDIR /workspace
#9 DONE 0.1s

#10 exporting to image
#10 exporting layers
#10 exporting layers 2.6s done
#10 exporting manifest sha256:a8850ae3b9776e6e02942e009737afd0ce19c96a8cec895250542f5384001cfd 0.0s done
#10 exporting config sha256:0c1837cb62f995d64d1376882e3e7d63524acc876d8c6edb88454b13fc039a79 0.0s done
#10 exporting attestation manifest sha256:33fe2885c9916402e2db3046756770c4661af70dffc0c0a36e89c7cf0eca0399 0.1s done
#10 exporting manifest list sha256:38b94b1790ad2411be707a699f822416eb031884bf8787e92427cb013a8a83a1
#10 exporting manifest list sha256:38b94b1790ad2411be707a699f822416eb031884bf8787e92427cb013a8a83a1 0.0s done
#10 naming to docker.io/library/research3-q10-denominator:v4 done
#10 unpacking to docker.io/library/research3-q10-denominator:v4
#10 unpacking to docker.io/library/research3-q10-denominator:v4 0.4s done
#10 DONE 3.2s
