#0 building with "default" instance using docker driver

#1 [internal] load build definition from Dockerfile_v3
#1 transferring dockerfile: 335B done
#1 DONE 0.0s

#2 [internal] load metadata for docker.io/library/python:3.11-slim-bookworm@sha256:b1add8a6f2aca6bcfcf0b9c9b522352f7ce0d62a3d556a2f2f32511aa0cca250
#2 DONE 0.0s

#3 [internal] load .dockerignore
#3 transferring context: 2B done
#3 DONE 0.0s

#4 [1/4] FROM docker.io/library/python:3.11-slim-bookworm@sha256:b1add8a6f2aca6bcfcf0b9c9b522352f7ce0d62a3d556a2f2f32511aa0cca250
#4 resolve docker.io/library/python:3.11-slim-bookworm@sha256:b1add8a6f2aca6bcfcf0b9c9b522352f7ce0d62a3d556a2f2f32511aa0cca250 0.0s done
#4 CACHED

#5 [internal] load build context
#5 transferring context: 109B done
#5 DONE 0.0s

#6 [2/4] COPY requirements_v3.txt /tmp/requirements_v3.txt
#6 DONE 0.0s

#7 [3/4] RUN pip install --no-cache-dir -r /tmp/requirements_v3.txt
#7 0.908 Collecting h5py==3.12.1 (from -r /tmp/requirements_v3.txt (line 1))
#7 0.935   Downloading h5py-3.12.1-cp311-cp311-manylinux_2_17_x86_64.manylinux2014_x86_64.whl.metadata (2.5 kB)
#7 0.946 Collecting imageio-ffmpeg==0.6.0 (from -r /tmp/requirements_v3.txt (line 2))
#7 0.949   Downloading imageio_ffmpeg-0.6.0-py3-none-manylinux2014_x86_64.whl.metadata (1.5 kB)
#7 1.058 Collecting numpy==2.1.3 (from -r /tmp/requirements_v3.txt (line 3))
#7 1.063   Downloading numpy-2.1.3-cp311-cp311-manylinux_2_17_x86_64.manylinux2014_x86_64.whl.metadata (62 kB)
#7 1.069      ━━━━━━━━━━━━━━━━━━━━━━━━━━━━━━━━━━━━━━━━ 62.0/62.0 kB 12.7 MB/s eta 0:00:00
#7 1.171 Collecting pillow==11.3.0 (from -r /tmp/requirements_v3.txt (line 4))
#7 1.174   Downloading pillow-11.3.0-cp311-cp311-manylinux_2_27_x86_64.manylinux_2_28_x86_64.whl.metadata (9.0 kB)
#7 1.191 Downloading h5py-3.12.1-cp311-cp311-manylinux_2_17_x86_64.manylinux2014_x86_64.whl (5.5 MB)
#7 1.299    ━━━━━━━━━━━━━━━━━━━━━━━━━━━━━━━━━━━━━━━━ 5.5/5.5 MB 51.1 MB/s eta 0:00:00
#7 1.303 Downloading imageio_ffmpeg-0.6.0-py3-none-manylinux2014_x86_64.whl (29.5 MB)
#7 3.154    ━━━━━━━━━━━━━━━━━━━━━━━━━━━━━━━━━━━━━━━━ 29.5/29.5 MB 12.5 MB/s eta 0:00:00
#7 3.162 Downloading numpy-2.1.3-cp311-cp311-manylinux_2_17_x86_64.manylinux2014_x86_64.whl (16.3 MB)
#7 3.987    ━━━━━━━━━━━━━━━━━━━━━━━━━━━━━━━━━━━━━━━━ 16.3/16.3 MB 22.7 MB/s eta 0:00:00
#7 3.992 Downloading pillow-11.3.0-cp311-cp311-manylinux_2_27_x86_64.manylinux_2_28_x86_64.whl (6.6 MB)
#7 4.447    ━━━━━━━━━━━━━━━━━━━━━━━━━━━━━━━━━━━━━━━━ 6.6/6.6 MB 14.6 MB/s eta 0:00:00
#7 4.513 Installing collected packages: pillow, numpy, imageio-ffmpeg, h5py
#7 5.949 Successfully installed h5py-3.12.1 imageio-ffmpeg-0.6.0 numpy-2.1.3 pillow-11.3.0
#7 5.949 WARNING: Running pip as the 'root' user can result in broken permissions and conflicting behaviour with the system package manager. It is recommended to use a virtual environment instead: https://pip.pypa.io/warnings/venv
#7 6.002 
#7 6.002 [notice] A new release of pip is available: 24.0 -> 26.2.1
#7 6.002 [notice] To update, run: pip install --upgrade pip
#7 DONE 6.2s

#8 [4/4] WORKDIR /workspace
#8 DONE 0.1s

#9 exporting to image
#9 exporting layers
#9 exporting layers 4.9s done
#9 exporting manifest sha256:ccb2e1141d009f7755ed1dc898b20ede35c2ceedc069ab4eb0c95019f62255ff 0.0s done
#9 exporting config sha256:247f5605c6b968b4b3e345bfb821f9c4f0a3987ba091d76bcb58d57a4a16ac39 0.0s done
#9 exporting attestation manifest sha256:16a15bc87154168a4fd381a70edc908eafe985f818f8be5d5c828784e834c99a 0.1s done
#9 exporting manifest list sha256:f47f62971adda6a431ebca80e6c1ba19a0bf36a7f335bfcf06c0006a7f6f5298
#9 exporting manifest list sha256:f47f62971adda6a431ebca80e6c1ba19a0bf36a7f335bfcf06c0006a7f6f5298 0.0s done
#9 naming to docker.io/library/research3-q10-rgb-audit:v3 done
#9 unpacking to docker.io/library/research3-q10-rgb-audit:v3
#9 unpacking to docker.io/library/research3-q10-rgb-audit:v3 0.7s done
#9 DONE 5.7s
