{
  "checkpoint_bytes": 1044185793,
  "checkpoint_sha256": "f804e16575e261fa0b7e981da3f67741fc8517817734320d550e43a4182bf876",
  "policy_target": "diffusion_policy.policy.diffusion_unet_lowdim_policy.DiffusionUnetLowdimPolicy",
  "task_obs_dim": 20,
  "task_action_dim": 2,
  "horizon": 16,
  "n_obs_steps": 2,
  "n_action_steps": 8,
  "inference_steps": 100,
  "runner_target": "diffusion_policy.env_runner.pusht_keypoints_runner.PushTKeypointsRunner",
  "runner_legacy_test": true,
  "use_ema": true,
  "state_dicts": {
    "model": {
      "entries": 162,
      "tensors": 162,
      "elements": 65245850,
      "first_shapes": {
        "_dummy_variable": [
          0
        ],
        "model.mid_modules.0.blocks.0.block.0.weight": [
          1024,
          1024,
          5
        ],
        "model.mid_modules.0.blocks.0.block.0.bias": [
          1024
        ],
        "model.mid_modules.0.blocks.0.block.1.weight": [
          1024
        ],
        "model.mid_modules.0.blocks.0.block.1.bias": [
          1024
        ],
        "model.mid_modules.0.blocks.1.block.0.weight": [
          1024,
          1024,
          5
        ],
        "model.mid_modules.0.blocks.1.block.0.bias": [
          1024
        ],
        "model.mid_modules.0.blocks.1.block.1.weight": [
          1024
        ],
        "model.mid_modules.0.blocks.1.block.1.bias": [
          1024
        ],
        "model.mid_modules.0.cond_encoder.1.weight": [
          2048,
          256
        ],
        "model.mid_modules.0.cond_encoder.1.bias": [
          2048
        ],
        "model.mid_modules.1.blocks.0.block.0.weight": [
          1024,
          1024,
          5
        ]
      }
    },
    "ema_model": {
      "entries": 162,
      "tensors": 162,
      "elements": 65245850,
      "first_shapes": {
        "_dummy_variable": [
          0
        ],
        "model.mid_modules.0.blocks.0.block.0.weight": [
          1024,
          1024,
          5
        ],
        "model.mid_modules.0.blocks.0.block.0.bias": [
          1024
        ],
        "model.mid_modules.0.blocks.0.block.1.weight": [
          1024
        ],
        "model.mid_modules.0.blocks.0.block.1.bias": [
          1024
        ],
        "model.mid_modules.0.blocks.1.block.0.weight": [
          1024,
          1024,
          5
        ],
        "model.mid_modules.0.blocks.1.block.0.bias": [
          1024
        ],
        "model.mid_modules.0.blocks.1.block.1.weight": [
          1024
        ],
        "model.mid_modules.0.blocks.1.block.1.bias": [
          1024
        ],
        "model.mid_modules.0.cond_encoder.1.weight": [
          2048,
          256
        ],
        "model.mid_modules.0.cond_encoder.1.bias": [
          2048
        ],
        "model.mid_modules.1.blocks.0.block.0.weight": [
          1024,
          1024,
          5
        ]
      }
    },
    "optimizer": {
      "entries": 2,
      "tensors": 0,
      "elements": 0,
      "first_shapes": {}
    }
  }
}
