
==========
== CUDA ==
==========

CUDA Version 12.8.0

Container image Copyright (c) 2016-2023, NVIDIA CORPORATION & AFFILIATES. All rights reserved.

This container image and its contents are governed by the NVIDIA Deep Learning Container License.
By pulling and using the container, you accept the terms and conditions of this license:
https://developer.nvidia.com/ngc/nvidia-deep-learning-container-license

A copy of this license is made available in this container at /NGC-DL-CONTAINER-LICENSE for your convenience.

/etc/vulkan/icd.d:
total 16
drwxr-xr-x 1 root root 4096 Sep 28 03:00 .
drwxr-xr-x 1 root root 4096 Sep 28 02:50 ..
-rw-r--r-- 1 root root  140 Jun 23 07:56 nvidia_icd.json
{
    "file_format_version" : "1.0.1",
    "ICD": {
        "library_path": "libGLX_nvidia.so.0",
        "api_version" : "1.4.312"
    }
}
