{
  "time": "2026-09-18T10:39:19.709702+09:00",
  "containers": [
    {
      "container_id": "7463bd29aa179eb67862b64c5a789e2f2c861d874f53cb73843d2a4cbd83013b",
      "name": "research3_q4_prepare_20260918_102644",
      "stage": "prepare",
      "run_id": "20260918_v1",
      "receipt": "runs/q4-planning/20260918_v1/containers/research3_q4_prepare_20260918_102644.json",
      "log": "logs/20260918_102644_q4_prepare.log",
      "exit_code": 0,
      "removed": true
    },
    {
      "container_id": "a0a35bd1db0381dce583e9f905b44e200e4feb8221771b84483fd21b1003289b",
      "name": "research3_q4_run_20260918_102710",
      "stage": "run",
      "run_id": "20260918_v1",
      "receipt": "runs/q4-planning/20260918_v1/containers/research3_q4_run_20260918_102710.json",
      "log": "logs/20260918_102710_q4_run.log",
      "exit_code": 137,
      "removed": true
    },
    {
      "container_id": "1fdefb0a6da297d9858cbd69186f00ee01ffb29bcdcd860418f1536e2f8465cd",
      "name": "research3_q4_analyze_20260918_103300",
      "stage": "analyze",
      "run_id": "20260918_v2",
      "receipt": "runs/q4-planning/20260918_v2/containers/research3_q4_analyze_20260918_103300.json",
      "log": "logs/20260918_103300_q4_analyze.log",
      "exit_code": 0,
      "removed": true
    },
    {
      "container_id": "096d304d62ca6be7e3fe174eeb59761de091c53641d8a9e012cddf4a4b7e70bc",
      "name": "research3_q4_diagnose_20260918_103546",
      "stage": "diagnose",
      "run_id": "20260918_v2",
      "receipt": "runs/q4-planning/20260918_v2/containers/research3_q4_diagnose_20260918_103546.json",
      "log": "logs/20260918_103546_q4_diagnose.log",
      "exit_code": 0,
      "removed": true
    },
    {
      "container_id": "50db8709b35e251a0477dc65dd3a5da2f5562f14d63d059318ed4c3616884c3a",
      "name": "research3_q4_finalize_20260918_103816",
      "stage": "finalize",
      "run_id": "20260918_v2",
      "receipt": "runs/q4-planning/20260918_v2/containers/research3_q4_finalize_20260918_103816.json",
      "log": "logs/20260918_103816_q4_finalize.log",
      "exit_code": 0,
      "removed": true
    },
    {
      "container_id": "fc03d7a653c6efb59f5e1c72c5d6be42f50e71dae3cc89d408aad196472f70e9",
      "name": "research3_q4_prepare_20260918_102907",
      "stage": "prepare",
      "run_id": "20260918_v2",
      "receipt": "runs/q4-planning/20260918_v2/containers/research3_q4_prepare_20260918_102907.json",
      "log": "logs/20260918_102907_q4_prepare.log",
      "exit_code": 0,
      "removed": true
    },
    {
      "container_id": "9c2cda13c4142505c350a5a98c6e27ad6962da116d4f032beecfe90b08284d52",
      "name": "research3_q4_run_20260918_102908",
      "stage": "run",
      "run_id": "20260918_v2",
      "receipt": "runs/q4-planning/20260918_v2/containers/research3_q4_run_20260918_102908.json",
      "log": "logs/20260918_102908_q4_run.log",
      "exit_code": 0,
      "removed": true
    },
    {
      "container_id": "089763a50cd6e391dd883cc0329ee3c0912f315c0ed01b86733bc0f41f5471a0",
      "name": "research3_q4_verify_20260918_103202",
      "stage": "verify",
      "run_id": "20260918_v2",
      "receipt": "runs/q4-planning/20260918_v2/containers/research3_q4_verify_20260918_103202.json",
      "log": "logs/20260918_103202_q4_verify.log",
      "exit_code": 1,
      "removed": true
    },
    {
      "container_id": "4154b9c7f62f07b89a422548baff7abd6d4436b38f2e85bda0aa22db4fc3cff5",
      "name": "research3_q4_verify_20260918_103219",
      "stage": "verify",
      "run_id": "20260918_v2",
      "receipt": "runs/q4-planning/20260918_v2/containers/research3_q4_verify_20260918_103219.json",
      "log": "logs/20260918_103219_q4_verify.log",
      "exit_code": 1,
      "removed": true
    },
    {
      "container_id": "f089671d0a005a9657e25e55c1ecb6ac6bb321084443d16c2eed6832c0ee0a0a",
      "name": "research3_q4_verify_20260918_103254",
      "stage": "verify",
      "run_id": "20260918_v2",
      "receipt": "runs/q4-planning/20260918_v2/containers/research3_q4_verify_20260918_103254.json",
      "log": "logs/20260918_103254_q4_verify.log",
      "exit_code": 0,
      "removed": true
    }
  ],
  "verified_output_files": 447,
  "image_retained": "research3-q4-planning:v1",
  "scope": "Only exact IDs with creation receipts and verified workspace/run mounts. Other containers/images/data untouched."
}
