taskographyv2tiny1_40_full valid 16 6.58
taskographyv2tiny1_40_scrub valid 16 0.264
taskographyv2tiny1_41_full valid 18 6.935
taskographyv2tiny1_41_scrub valid 18 0.265
taskographyv4tiny5_40_full valid 38 5.53
taskographyv4tiny5_40_scrub valid 38 2.721
taskographyv4tiny5_40_lexical_b0 valid 106 0.266
taskographyv4tiny5_40_lexical_b1 valid 90 0.366
taskographyv4tiny5_40_nearest_b0 valid 70 0.264
taskographyv4tiny5_40_nearest_b1 valid 89 0.315
taskographyv4tiny5_41_full timeout None 60.002
taskographyv4tiny5_41_scrub valid 110 8.691
taskographyv4tiny5_41_lexical_b0 valid 169 0.415
taskographyv4tiny5_41_lexical_b1 valid 221 0.567
taskographyv4tiny5_41_nearest_b0 valid 118 0.315
taskographyv4tiny5_41_nearest_b1 valid 108 0.315
taskographyv4tiny5_42_full valid 66 5.877
taskographyv4tiny5_42_scrub valid 67 3.273
taskographyv4tiny5_42_lexical_b0 valid 61 0.264
taskographyv4tiny5_42_lexical_b1 valid 85 0.365
taskographyv4tiny5_42_nearest_b0 valid 72 0.264
taskographyv4tiny5_42_nearest_b1 valid 67 0.364
taskographyv4tiny5_43_full valid 79 5.63
taskographyv4tiny5_43_scrub valid 79 4.025
taskographyv4tiny5_43_lexical_b0 valid 101 0.264
taskographyv4tiny5_43_lexical_b1 valid 103 0.315
taskographyv4tiny5_43_nearest_b0 valid 51 0.265
taskographyv4tiny5_43_nearest_b1 valid 73 0.315
taskographyv4tiny5_44_full valid 78 5.982
taskographyv4tiny5_44_scrub valid 78 2.421
taskographyv4tiny5_44_lexical_b0 valid 115 0.265
taskographyv4tiny5_44_lexical_b1 valid 102 0.314
taskographyv4tiny5_44_nearest_b0 valid 88 0.314
taskographyv4tiny5_44_nearest_b1 valid 87 0.365
taskographyv4tiny5_45_full valid 56 3.529
taskographyv4tiny5_45_scrub valid 55 2.272
taskographyv4tiny5_45_lexical_b0 valid 79 0.265
taskographyv4tiny5_45_lexical_b1 valid 109 0.314
taskographyv4tiny5_45_nearest_b0 valid 67 0.315
taskographyv4tiny5_45_nearest_b1 valid 85 0.314
