TRAIN native 101
TRAIN COMPLETE native 101 436.24349673092365
TRAIN no_grasp 101
TRAIN COMPLETE no_grasp 101 428.3034999957308
TRAIN half 101
TRAIN COMPLETE half 101 449.2927062753588
TRAIN native 202
TRAIN COMPLETE native 202 444.111910384614
TRAIN no_grasp 202
TRAIN COMPLETE no_grasp 202 430.00756741687655
TRAIN half 202
TRAIN COMPLETE half 202 449.158558123745
TRAIN native 303
TRAIN COMPLETE native 303 441.573021824006
TRAIN no_grasp 303
TRAIN COMPLETE no_grasp 303 444.3668728657067
TRAIN half 303
TRAIN COMPLETE half 303 452.62812180118635
EVALUATED native_101_u97_d1_f1
EVALUATED native_101_u97_d2_f1
EVALUATED native_101_u97_d1_f0.5
EVALUATED native_101_u97_d2_f0.5
EVALUATED native_101_u195_d1_f1
EVALUATED native_101_u195_d2_f1
EVALUATED native_101_u195_d1_f0.5
EVALUATED native_101_u195_d2_f0.5
EVALUATED native_202_u97_d1_f1
EVALUATED native_202_u97_d2_f1
EVALUATED native_202_u97_d1_f0.5
EVALUATED native_202_u97_d2_f0.5
EVALUATED native_202_u195_d1_f1
EVALUATED native_202_u195_d2_f1
EVALUATED native_202_u195_d1_f0.5
EVALUATED native_202_u195_d2_f0.5
EVALUATED native_303_u97_d1_f1
EVALUATED native_303_u97_d2_f1
EVALUATED native_303_u97_d1_f0.5
EVALUATED native_303_u97_d2_f0.5
EVALUATED native_303_u195_d1_f1
EVALUATED native_303_u195_d2_f1
EVALUATED native_303_u195_d1_f0.5
EVALUATED native_303_u195_d2_f0.5
EVALUATED no_grasp_101_u97_d1_f1
EVALUATED no_grasp_101_u97_d2_f1
EVALUATED no_grasp_101_u97_d1_f0.5
EVALUATED no_grasp_101_u97_d2_f0.5
EVALUATED no_grasp_101_u195_d1_f1
EVALUATED no_grasp_101_u195_d2_f1
EVALUATED no_grasp_101_u195_d1_f0.5
EVALUATED no_grasp_101_u195_d2_f0.5
EVALUATED no_grasp_202_u97_d1_f1
EVALUATED no_grasp_202_u97_d2_f1
EVALUATED no_grasp_202_u97_d1_f0.5
EVALUATED no_grasp_202_u97_d2_f0.5
EVALUATED no_grasp_202_u195_d1_f1
EVALUATED no_grasp_202_u195_d2_f1
EVALUATED no_grasp_202_u195_d1_f0.5
EVALUATED no_grasp_202_u195_d2_f0.5
EVALUATED no_grasp_303_u97_d1_f1
EVALUATED no_grasp_303_u97_d2_f1
EVALUATED no_grasp_303_u97_d1_f0.5
EVALUATED no_grasp_303_u97_d2_f0.5
EVALUATED no_grasp_303_u195_d1_f1
EVALUATED no_grasp_303_u195_d2_f1
EVALUATED no_grasp_303_u195_d1_f0.5
EVALUATED no_grasp_303_u195_d2_f0.5
EVALUATED half_101_u97_d1_f1
EVALUATED half_101_u97_d2_f1
EVALUATED half_101_u97_d1_f0.5
EVALUATED half_101_u97_d2_f0.5
EVALUATED half_101_u195_d1_f1
EVALUATED half_101_u195_d2_f1
EVALUATED half_101_u195_d1_f0.5
EVALUATED half_101_u195_d2_f0.5
EVALUATED half_202_u97_d1_f1
EVALUATED half_202_u97_d2_f1
EVALUATED half_202_u97_d1_f0.5
EVALUATED half_202_u97_d2_f0.5
EVALUATED half_202_u195_d1_f1
EVALUATED half_202_u195_d2_f1
EVALUATED half_202_u195_d1_f0.5
EVALUATED half_202_u195_d2_f0.5
EVALUATED half_303_u97_d1_f1
EVALUATED half_303_u97_d2_f1
EVALUATED half_303_u97_d1_f0.5
EVALUATED half_303_u97_d2_f0.5
EVALUATED half_303_u195_d1_f1
EVALUATED half_303_u195_d2_f1
EVALUATED half_303_u195_d1_f0.5
EVALUATED half_303_u195_d2_f0.5
