Gym has been unmaintained since 2022 and does not support NumPy 2.0 amongst other critical functionality.
Please upgrade to Gymnasium, the maintained drop-in replacement of Gym, or contact the authors of your software and request that they upgrade.
Users of this version of Gym should be able to simply replace 'import gym' with 'import gymnasium as gym' in the vast majority of cases.
See the migration guide at https://gymnasium.farama.org/introduction/migration_guide/ for additional information.
/usr/local/lib/python3.11/site-packages/shapely/set_operations.py:131: RuntimeWarning: invalid value encountered in intersection
  return lib.intersection(a, b, **kwargs)
{"seed": 49200, "route": "eight", "steps": 300, "native_success": false, "maximum_overlap": 0.9484289178832819, "policy_calls": 38, "wall_seconds": 9.421395246870816}
/usr/local/lib/python3.11/site-packages/shapely/set_operations.py:131: RuntimeWarning: divide by zero encountered in intersection
  return lib.intersection(a, b, **kwargs)
{"seed": 49200, "route": "two", "steps": 300, "native_success": false, "maximum_overlap": 0.9370671264232582, "policy_calls": 150, "wall_seconds": 37.5493328217417}
{"seed": 49201, "route": "eight", "steps": 240, "native_success": true, "maximum_overlap": 0.953430298969369, "policy_calls": 30, "wall_seconds": 7.0398298082873225}
{"seed": 49201, "route": "two", "steps": 300, "native_success": false, "maximum_overlap": 0.929441627213731, "policy_calls": 150, "wall_seconds": 37.4563247198239}
{"seed": 49202, "route": "eight", "steps": 300, "native_success": false, "maximum_overlap": 0.9312624310637397, "policy_calls": 38, "wall_seconds": 8.940560700371861}
{"seed": 49202, "route": "two", "steps": 300, "native_success": false, "maximum_overlap": 0.9482891692640779, "policy_calls": 150, "wall_seconds": 37.44207748956978}
{"seed": 49203, "route": "eight", "steps": 300, "native_success": false, "maximum_overlap": 0.9301874073672051, "policy_calls": 38, "wall_seconds": 9.198250696063042}
{"seed": 49203, "route": "two", "steps": 153, "native_success": true, "maximum_overlap": 0.950967640528779, "policy_calls": 77, "wall_seconds": 20.14881588984281}
{"seed": 49204, "route": "eight", "steps": 117, "native_success": true, "maximum_overlap": 0.9791212258469828, "policy_calls": 15, "wall_seconds": 3.5710765616968274}
{"seed": 49204, "route": "two", "steps": 143, "native_success": true, "maximum_overlap": 0.9508387520405677, "policy_calls": 72, "wall_seconds": 16.742728269658983}
{"seed": 49205, "route": "eight", "steps": 100, "native_success": true, "maximum_overlap": 0.9502338278097875, "policy_calls": 13, "wall_seconds": 3.7845781492069364}
{"seed": 49205, "route": "two", "steps": 300, "native_success": false, "maximum_overlap": 0.9445975624792755, "policy_calls": 150, "wall_seconds": 36.66621290240437}
{"seed": 49206, "route": "eight", "steps": 300, "native_success": false, "maximum_overlap": 0.9482093522540177, "policy_calls": 38, "wall_seconds": 10.9197917599231}
{"seed": 49206, "route": "two", "steps": 300, "native_success": false, "maximum_overlap": 0.8282764367965596, "policy_calls": 150, "wall_seconds": 36.33035960327834}
{"seed": 49207, "route": "eight", "steps": 300, "native_success": false, "maximum_overlap": 0.0, "policy_calls": 38, "wall_seconds": 10.46208431199193}
{"seed": 49207, "route": "two", "steps": 300, "native_success": false, "maximum_overlap": 0.0, "policy_calls": 150, "wall_seconds": 37.0604841504246}
{"seed": 49208, "route": "eight", "steps": 126, "native_success": true, "maximum_overlap": 0.9666233127812982, "policy_calls": 16, "wall_seconds": 4.084597279317677}
{"seed": 49208, "route": "two", "steps": 189, "native_success": true, "maximum_overlap": 0.9546119834176904, "policy_calls": 95, "wall_seconds": 21.94705455098301}
{"seed": 49209, "route": "eight", "steps": 300, "native_success": false, "maximum_overlap": 0.9076944921643373, "policy_calls": 38, "wall_seconds": 8.87541136611253}
{"seed": 49209, "route": "two", "steps": 300, "native_success": false, "maximum_overlap": 0.9085441232679984, "policy_calls": 150, "wall_seconds": 34.6398013420403}
{"seed": 49210, "route": "eight", "steps": 300, "native_success": false, "maximum_overlap": 0.045504337955251835, "policy_calls": 38, "wall_seconds": 8.857092411257327}
{"seed": 49210, "route": "two", "steps": 300, "native_success": false, "maximum_overlap": 0.045504337955251835, "policy_calls": 150, "wall_seconds": 34.74227373953909}
{"seed": 49211, "route": "eight", "steps": 300, "native_success": false, "maximum_overlap": 0.9292707055558777, "policy_calls": 38, "wall_seconds": 8.911710849031806}
{"seed": 49211, "route": "two", "steps": 192, "native_success": true, "maximum_overlap": 0.9508346950990951, "policy_calls": 96, "wall_seconds": 26.187661747448146}
{"seed": 49212, "route": "eight", "steps": 201, "native_success": true, "maximum_overlap": 0.9645123630227908, "policy_calls": 26, "wall_seconds": 7.723873380571604}
{"seed": 49212, "route": "two", "steps": 165, "native_success": true, "maximum_overlap": 0.984872060433721, "policy_calls": 83, "wall_seconds": 21.215242052450776}
{"seed": 49213, "route": "eight", "steps": 300, "native_success": false, "maximum_overlap": 0.9363653930070073, "policy_calls": 38, "wall_seconds": 8.93239240348339}
{"seed": 49213, "route": "two", "steps": 300, "native_success": false, "maximum_overlap": 0.9471817613225483, "policy_calls": 150, "wall_seconds": 42.091401955112815}
{"seed": 49214, "route": "eight", "steps": 214, "native_success": true, "maximum_overlap": 0.9735696296280192, "policy_calls": 27, "wall_seconds": 6.49471553042531}
{"seed": 49214, "route": "two", "steps": 300, "native_success": false, "maximum_overlap": 0.9380166066384967, "policy_calls": 150, "wall_seconds": 37.924407344311476}
{"seed": 49215, "route": "eight", "steps": 88, "native_success": true, "maximum_overlap": 0.9698191805091009, "policy_calls": 11, "wall_seconds": 3.2612741608172655}
{"seed": 49215, "route": "two", "steps": 150, "native_success": true, "maximum_overlap": 0.9604016350165175, "policy_calls": 75, "wall_seconds": 20.97298499569297}
