#0 building with "default" instance using docker driver

#1 [internal] load build definition from Dockerfile_v6
#1 transferring dockerfile: 420B done
#1 DONE 0.0s

#2 [internal] load metadata for docker.io/library/python:3.11-slim-bookworm@sha256:b1add8a6f2aca6bcfcf0b9c9b522352f7ce0d62a3d556a2f2f32511aa0cca250
#2 ...

#3 [auth] library/python:pull token for registry-1.docker.io
#3 DONE 0.0s

#2 [internal] load metadata for docker.io/library/python:3.11-slim-bookworm@sha256:b1add8a6f2aca6bcfcf0b9c9b522352f7ce0d62a3d556a2f2f32511aa0cca250
#2 DONE 1.1s

#4 [internal] load .dockerignore
#4 transferring context: 2B done
#4 DONE 0.0s

#5 [1/4] FROM docker.io/library/python:3.11-slim-bookworm@sha256:b1add8a6f2aca6bcfcf0b9c9b522352f7ce0d62a3d556a2f2f32511aa0cca250
#5 resolve docker.io/library/python:3.11-slim-bookworm@sha256:b1add8a6f2aca6bcfcf0b9c9b522352f7ce0d62a3d556a2f2f32511aa0cca250 0.0s done
#5 CACHED

#6 [internal] load build context
#6 transferring context: 141B done
#6 DONE 0.0s

#7 [2/4] COPY requirements_v6.txt /tmp/requirements.txt
#7 DONE 0.1s

#8 [3/4] RUN pip install --no-cache-dir -r /tmp/requirements.txt && pip check
#8 1.144 Collecting numpy==2.1.3 (from -r /tmp/requirements.txt (line 1))
#8 1.169   Downloading numpy-2.1.3-cp311-cp311-manylinux_2_17_x86_64.manylinux2014_x86_64.whl.metadata (62 kB)
#8 1.178      ━━━━━━━━━━━━━━━━━━━━━━━━━━━━━━━━━━━━━━━━ 62.0/62.0 kB 7.8 MB/s eta 0:00:00
#8 1.208 Collecting h5py==3.12.1 (from -r /tmp/requirements.txt (line 2))
#8 1.213   Downloading h5py-3.12.1-cp311-cp311-manylinux_2_17_x86_64.manylinux2014_x86_64.whl.metadata (2.5 kB)
#8 1.296 Collecting scipy==1.15.3 (from -r /tmp/requirements.txt (line 3))
#8 1.301   Downloading scipy-1.15.3-cp311-cp311-manylinux_2_17_x86_64.manylinux2014_x86_64.whl.metadata (61 kB)
#8 1.304      ━━━━━━━━━━━━━━━━━━━━━━━━━━━━━━━━━━━━━━━━ 62.0/62.0 kB 22.8 MB/s eta 0:00:00
#8 1.351 Collecting scikit-learn==1.7.2 (from -r /tmp/requirements.txt (line 4))
#8 1.357   Downloading scikit_learn-1.7.2-cp311-cp311-manylinux2014_x86_64.manylinux_2_17_x86_64.whl.metadata (11 kB)
#8 1.370 Collecting joblib==1.5.2 (from -r /tmp/requirements.txt (line 5))
#8 1.374   Downloading joblib-1.5.2-py3-none-any.whl.metadata (5.6 kB)
#8 1.382 Collecting threadpoolctl==3.6.0 (from -r /tmp/requirements.txt (line 6))
#8 1.386   Downloading threadpoolctl-3.6.0-py3-none-any.whl.metadata (13 kB)
#8 1.427 Downloading numpy-2.1.3-cp311-cp311-manylinux_2_17_x86_64.manylinux2014_x86_64.whl (16.3 MB)
#8 2.028    ━━━━━━━━━━━━━━━━━━━━━━━━━━━━━━━━━━━━━━━━ 16.3/16.3 MB 21.6 MB/s eta 0:00:00
#8 2.033 Downloading h5py-3.12.1-cp311-cp311-manylinux_2_17_x86_64.manylinux2014_x86_64.whl (5.5 MB)
#8 2.503    ━━━━━━━━━━━━━━━━━━━━━━━━━━━━━━━━━━━━━━━━ 5.5/5.5 MB 11.6 MB/s eta 0:00:00
#8 2.509 Downloading scipy-1.15.3-cp311-cp311-manylinux_2_17_x86_64.manylinux2014_x86_64.whl (37.7 MB)
#8 4.826    ━━━━━━━━━━━━━━━━━━━━━━━━━━━━━━━━━━━━━━━━ 37.7/37.7 MB 11.2 MB/s eta 0:00:00
#8 4.831 Downloading scikit_learn-1.7.2-cp311-cp311-manylinux2014_x86_64.manylinux_2_17_x86_64.whl (9.7 MB)
#8 5.714    ━━━━━━━━━━━━━━━━━━━━━━━━━━━━━━━━━━━━━━━━ 9.7/9.7 MB 11.0 MB/s eta 0:00:00
#8 5.719 Downloading joblib-1.5.2-py3-none-any.whl (308 kB)
#8 5.726    ━━━━━━━━━━━━━━━━━━━━━━━━━━━━━━━━━━━━━━━━ 308.4/308.4 kB 49.7 MB/s eta 0:00:00
#8 5.731 Downloading threadpoolctl-3.6.0-py3-none-any.whl (18 kB)
#8 5.838 Installing collected packages: threadpoolctl, numpy, joblib, scipy, h5py, scikit-learn
#8 9.681 Successfully installed h5py-3.12.1 joblib-1.5.2 numpy-2.1.3 scikit-learn-1.7.2 scipy-1.15.3 threadpoolctl-3.6.0
#8 9.681 WARNING: Running pip as the 'root' user can result in broken permissions and conflicting behaviour with the system package manager. It is recommended to use a virtual environment instead: https://pip.pypa.io/warnings/venv
#8 9.734 
#8 9.734 [notice] A new release of pip is available: 24.0 -> 26.2.1
#8 9.734 [notice] To update, run: pip install --upgrade pip
#8 10.06 No broken requirements found.
#8 DONE 10.2s

#9 [4/4] WORKDIR /workspace
#9 DONE 0.1s

#10 exporting to image
#10 exporting layers
#10 exporting layers 6.9s done
#10 exporting manifest sha256:ae8815aa1370d7ebca913337edf854201cea4f7d4dcebbcf6e74d9d75d75ed54 0.0s done
#10 exporting config sha256:b4861ab406cc9b78ded7933c3b71c499b53497b87d1484338e6b89a5e2054913 0.0s done
#10 exporting attestation manifest sha256:2babeaf05d33b4edef69df04968c1f32eba747ba9180bf6f6e7201ba6d18bb61 0.1s done
#10 exporting manifest list sha256:e45ade4bbe3081bc6b6659fa5efebd0a71744aca71c57ae8b476949c17d0b715
#10 exporting manifest list sha256:e45ade4bbe3081bc6b6659fa5efebd0a71744aca71c57ae8b476949c17d0b715 0.0s done
#10 naming to docker.io/library/research3-q10-probe:v6 done
#10 unpacking to docker.io/library/research3-q10-probe:v6
#10 unpacking to docker.io/library/research3-q10-probe:v6 0.9s done
#10 DONE 8.1s
