{
  "push_t": {
    "hold": {
      "final_success": 0,
      "any_success": 0,
      "mean_initial_metric": 0.2884848527610302,
      "mean_final_metric": 0.2884848527610302,
      "mean_best_metric": 0.2884848527610302,
      "mean_object_xy_displacement": 3.1134231748275454e-08,
      "mean_elapsed_seconds": 0.16512706596404314,
      "mean_push_phase_steps": 0.0
    },
    "feedback": {
      "final_success": 0,
      "any_success": 0,
      "mean_initial_metric": 0.2884848527610302,
      "mean_final_metric": 0.14212121441960335,
      "mean_best_metric": 0.3718181848526001,
      "mean_object_xy_displacement": 0.19291232666000724,
      "mean_elapsed_seconds": 0.18507138302084059,
      "mean_push_phase_steps": 20.125
    },
    "fixed_reference": {
      "final_success": 0,
      "any_success": 0,
      "mean_initial_metric": 0.2884848527610302,
      "mean_final_metric": 0.2834848463535309,
      "mean_best_metric": 0.3762121181935072,
      "mean_object_xy_displacement": 0.07697683805599809,
      "mean_elapsed_seconds": 0.18452207068912685,
      "mean_push_phase_steps": 62.875
    }
  },
  "roll_ball": {
    "hold": {
      "final_success": 0,
      "any_success": 0,
      "mean_initial_metric": 1.4514681100845337,
      "mean_final_metric": 1.4514681100845337,
      "mean_best_metric": 1.4514681100845337,
      "mean_object_xy_displacement": 1.5203841030597687e-07,
      "mean_elapsed_seconds": 0.08723505516536534,
      "mean_push_phase_steps": 0.0
    },
    "feedback": {
      "final_success": 0,
      "any_success": 0,
      "mean_initial_metric": 1.4514681100845337,
      "mean_final_metric": 1.449134886264801,
      "mean_best_metric": 1.449134886264801,
      "mean_object_xy_displacement": 0.0072121897246688604,
      "mean_elapsed_seconds": 0.0986391807673499,
      "mean_push_phase_steps": 0.0
    },
    "fixed_reference": {
      "final_success": 0,
      "any_success": 0,
      "mean_initial_metric": 1.4514681100845337,
      "mean_final_metric": 1.449134886264801,
      "mean_best_metric": 1.449134886264801,
      "mean_object_xy_displacement": 0.0072121897246688604,
      "mean_elapsed_seconds": 0.09871216490864754,
      "mean_push_phase_steps": 0.0
    }
  }
}
