--2026-09-15 14:15:25--  https://huggingface.co/datasets/paulpacaud/ur5fail_test_dataset/resolve/fedfcb3346b92f6a2bfeb14dc254635c9a5013f1/records.tar.gz
Resolving huggingface.co (huggingface.co)... 52.85.128.117, 52.85.128.77, 52.85.128.104, ...
Connecting to huggingface.co (huggingface.co)|52.85.128.117|:443... connected.
HTTP request sent, awaiting response... 302 Found
Location: https://us.aws.cdn.hf.co/xet-bridge-us/69834d73ce84a121cd2757a8/ac54f679569c402cac99b6bcc0aeccd28481b13763921d6af4f9ff6bdbad4932?response-content-disposition=inline%3B+filename*%3DUTF-8%27%27records.tar.gz%3B+filename%3D%22records.tar.gz%22%3B&response-content-type=application%2Fgzip&X-Xet-Cas-Uid=public&user_id=public&Expires=1789452925&Policy=eyJTdGF0ZW1lbnQiOlt7IlJlc291cmNlIjoiaHR0cHM6Ly91cy5hd3MuY2RuLmhmLmNvL3hldC1icmlkZ2UtdXMvNjk4MzRkNzNjZTg0YTEyMWNkMjc1N2E4L2FjNTRmNjc5NTY5YzQwMmNhYzk5YjZiY2MwYWVjY2QyODQ4MWIxMzc2MzkyMWQ2YWY0ZjlmZjZiZGJhZDQ5MzJcXD9yZXNwb25zZS1jb250ZW50LWRpc3Bvc2l0aW9uPWlubGluZSUzQitmaWxlbmFtZSUyQSUzRFVURi04JTI3JTI3cmVjb3Jkcy50YXIuZ3olM0IrZmlsZW5hbWUlM0QlMjJyZWNvcmRzLnRhci5neiUyMiUzQiZyZXNwb25zZS1jb250ZW50LXR5cGU9YXBwbGljYXRpb24lMkZnemlwJlgtWGV0LUNhcy1VaWQ9cHVibGljJnVzZXJfaWQ9cHVibGljIiwiQ29uZGl0aW9uIjp7IkRhdGVMZXNzVGhhbiI6eyJFcG9jaFRpbWUiOjE3ODk0NTI5MjV9fX1dfQ__&Signature=MEUCIQDN-0qO-1GSa8G%7ElVWTC8WXAHDhn5v9w4VVDNPVyNJwjwIgP0Y9VvMmdTOgWjKPOBvNPgcVPIY8aCy9vNdC6oYWgqU_&Key-Pair-Id=01KXEF4KZ1B6FV465MAWR4M21F [following]
--2026-09-15 14:15:25--  https://us.aws.cdn.hf.co/xet-bridge-us/69834d73ce84a121cd2757a8/ac54f679569c402cac99b6bcc0aeccd28481b13763921d6af4f9ff6bdbad4932?response-content-disposition=inline%3B+filename*%3DUTF-8%27%27records.tar.gz%3B+filename%3D%22records.tar.gz%22%3B&response-content-type=application%2Fgzip&X-Xet-Cas-Uid=public&user_id=public&Expires=1789452925&Policy=eyJTdGF0ZW1lbnQiOlt7IlJlc291cmNlIjoiaHR0cHM6Ly91cy5hd3MuY2RuLmhmLmNvL3hldC1icmlkZ2UtdXMvNjk4MzRkNzNjZTg0YTEyMWNkMjc1N2E4L2FjNTRmNjc5NTY5YzQwMmNhYzk5YjZiY2MwYWVjY2QyODQ4MWIxMzc2MzkyMWQ2YWY0ZjlmZjZiZGJhZDQ5MzJcXD9yZXNwb25zZS1jb250ZW50LWRpc3Bvc2l0aW9uPWlubGluZSUzQitmaWxlbmFtZSUyQSUzRFVURi04JTI3JTI3cmVjb3Jkcy50YXIuZ3olM0IrZmlsZW5hbWUlM0QlMjJyZWNvcmRzLnRhci5neiUyMiUzQiZyZXNwb25zZS1jb250ZW50LXR5cGU9YXBwbGljYXRpb24lMkZnemlwJlgtWGV0LUNhcy1VaWQ9cHVibGljJnVzZXJfaWQ9cHVibGljIiwiQ29uZGl0aW9uIjp7IkRhdGVMZXNzVGhhbiI6eyJFcG9jaFRpbWUiOjE3ODk0NTI5MjV9fX1dfQ__&Signature=MEUCIQDN-0qO-1GSa8G%7ElVWTC8WXAHDhn5v9w4VVDNPVyNJwjwIgP0Y9VvMmdTOgWjKPOBvNPgcVPIY8aCy9vNdC6oYWgqU_&Key-Pair-Id=01KXEF4KZ1B6FV465MAWR4M21F
Resolving us.aws.cdn.hf.co (us.aws.cdn.hf.co)... 54.254.163.78, 52.221.162.66, 47.130.32.119, ...
Connecting to us.aws.cdn.hf.co (us.aws.cdn.hf.co)|54.254.163.78|:443... connected.
HTTP request sent, awaiting response... 200 OK
Length: 54848824 (52M) [application/gzip]
Saving to: ‘datasets/q7-ur5/records.tar.gz’

     0K .......... .......... .......... .......... ..........  0% 12.2K 72m52s
    50K .......... .......... .......... .......... ..........  0% 1.31M 36m44s
   100K .......... .......... .......... .......... ..........  0%  983K 24m46s
   150K .......... .......... .......... .......... ..........  0% 2.04M 18m40s
   200K .......... .......... .......... .......... ..........  0% 2.30M 15m0s
   250K .......... .......... .......... .......... ..........  0% 2.72M 12m32s
   300K .......... .......... .......... .......... ..........  0% 3.32M 10m46s
   350K .......... .......... .......... .......... ..........  0% 3.95M 9m27s
   400K .......... .......... .......... .......... ..........  0% 4.59M 8m24s
   450K .......... .......... .......... .......... ..........  0% 5.11M 7m35s
   500K .......... .......... .......... .......... ..........  1%  211K 7m16s
   550K .......... .......... .......... .......... ..........  1% 13.9M 6m39s
   600K .......... .......... .......... .......... ..........  1% 11.2M 6m9s
   650K .......... .......... .......... .......... ..........  1% 11.2M 5m42s
   700K .......... .......... .......... .......... ..........  1% 11.2M 5m20s
   750K .......... .......... .......... .......... ..........  1% 11.2M 5m0s
   800K .......... .......... .......... .......... ..........  1% 11.3M 4m42s
   850K .......... .......... .......... .......... ..........  1% 11.2M 4m26s
   900K .......... .......... .......... .......... ..........  1% 14.1M 4m12s
   950K .......... .......... .......... .......... ..........  1%  210K 4m12s
  1000K .......... .......... .......... .......... ..........  1% 11.2M 4m0s
  1050K .......... .......... .......... .......... ..........  2% 11.2M 3m49s
  1100K .......... .......... .......... .......... ..........  2% 8.10M 3m39s
  1150K .......... .......... .......... .......... ..........  2% 13.7M 3m30s
  1200K .......... .......... .......... .......... ..........  2% 11.3M 3m22s
  1250K .......... .......... .......... .......... ..........  2% 11.1M 3m14s
  1300K .......... .......... .......... .......... ..........  2% 14.0M 3m7s
  1350K .......... .......... .......... .......... ..........  2% 9.35M 3m0s
  1400K .......... .......... .......... .......... ..........  2% 11.2M 2m54s
  1450K .......... .......... .......... .......... ..........  2% 11.1M 2m48s
  1500K .......... .......... .......... .......... ..........  2% 13.8M 2m42s
  1550K .......... .......... .......... .......... ..........  2% 11.3M 2m37s
  1600K .......... .......... .......... .......... ..........  3% 11.4M 2m33s
  1650K .......... .......... .......... .......... ..........  3% 7.90M 2m28s
  1700K .......... .......... .......... .......... ..........  3% 14.1M 2m24s
  1750K .......... .......... .......... .......... ..........  3%  282K 2m25s
  1800K .......... .......... .......... .......... ..........  3% 48.1M 2m21s
  1850K .......... .......... .......... .......... ..........  3% 26.7M 2m17s
  1900K .......... .......... .......... .......... ..........  3% 26.9M 2m13s
  1950K .......... .......... .......... .......... ..........  3% 51.1M 2m10s
  2000K .......... .......... .......... .......... ..........  3% 26.0M 2m7s
  2050K .......... .......... .......... .......... ..........  3% 50.0M 2m4s
  2100K .......... .......... .......... .......... ..........  4% 25.9M 2m1s
  2150K .......... .......... .......... .......... ..........  4% 50.3M 1m58s
  2200K .......... .......... .......... .......... ..........  4% 26.1M 1m55s
  2250K .......... .......... .......... .......... ..........  4% 27.2M 1m53s
  2300K .......... .......... .......... .......... ..........  4% 24.3M 1m50s
  2350K .......... .......... .......... .......... ..........  4% 50.6M 1m48s
  2400K .......... .......... .......... .......... ..........  4% 25.2M 1m45s
  2450K .......... .......... .......... .......... ..........  4% 52.5M 1m43s
  2500K .......... .......... .......... .......... ..........  4% 26.1M 1m41s
  2550K .......... .......... .......... .......... ..........  4% 49.9M 99s
  2600K .......... .......... .......... .......... ..........  4% 26.0M 97s
  2650K .......... .......... .......... .......... ..........  5% 25.4M 95s
  2700K .......... .......... .......... .......... ..........  5% 50.7M 94s
  2750K .......... .......... .......... .......... ..........  5% 25.9M 92s
  2800K .......... .......... .......... .......... ..........  5% 29.2M 90s
  2850K .......... .......... .......... .......... ..........  5% 40.8M 89s
  2900K .......... .......... .......... .......... ..........  5% 27.0M 87s
  2950K .......... .......... .......... .......... ..........  5% 47.4M 85s
  3000K .......... .......... .......... .......... ..........  5% 1.50M 85s
  3050K .......... .......... .......... .......... ..........  5% 36.2M 83s
  3100K .......... .......... .......... .......... ..........  5% 25.7M 82s
  3150K .......... .......... .......... .......... ..........  5% 26.1M 80s
  3200K .......... .......... .......... .......... ..........  6% 50.7M 79s
  3250K .......... .......... .......... .......... ..........  6% 25.9M 78s
  3300K .......... .......... .......... .......... ..........  6% 46.9M 77s
  3350K .......... .......... .......... .......... ..........  6% 25.0M 75s
  3400K .......... .......... .......... .......... ..........  6% 49.6M 74s
  3450K .......... .......... .......... .......... ..........  6% 26.1M 73s
  3500K .......... .......... .......... .......... ..........  6% 27.2M 72s
  3550K .......... .......... .......... .......... ..........  6% 46.8M 71s
  3600K .......... .......... .......... .......... ..........  6% 25.2M 70s
  3650K .......... .......... .......... .......... ..........  6% 26.8M 69s
  3700K .......... .......... .......... .......... ..........  7% 50.5M 68s
  3750K .......... .......... .......... .......... ..........  7% 25.8M 67s
  3800K .......... .......... .......... .......... ..........  7% 53.2M 66s
  3850K .......... .......... .......... .......... ..........  7% 26.0M 65s
  3900K .......... .......... .......... .......... ..........  7% 25.6M 64s
  3950K .......... .......... .......... .......... ..........  7% 51.9M 64s
  4000K .......... .......... .......... .......... ..........  7% 25.9M 63s
  4050K .......... .......... .......... .......... ..........  7% 48.5M 62s
  4100K .......... .......... .......... .......... ..........  7% 26.0M 61s
  4150K .......... .......... .......... .......... ..........  7%  199K 63s
  4200K .......... .......... .......... .......... ..........  7%  229M 63s
  4250K .......... .......... .......... .......... ..........  8%  284M 62s
  4300K .......... .......... .......... .......... ..........  8%  232M 61s
  4350K .......... .......... .......... .......... ..........  8%  325M 60s
  4400K .......... .......... .......... .......... ..........  8% 62.1M 59s
  4450K .......... .......... .......... .......... ..........  8% 49.1M 59s
  4500K .......... .......... .......... .......... ..........  8%  304M 58s
  4550K .......... .......... .......... .......... ..........  8% 52.6M 57s
  4600K .......... .......... .......... .......... ..........  8% 49.5M 57s
  4650K .......... .......... .......... .......... ..........  8% 54.4M 56s
  4700K .......... .......... .......... .......... ..........  8% 26.5M 55s
  4750K .......... .......... .......... .......... ..........  8% 50.7M 55s
  4800K .......... .......... .......... .......... ..........  9%  526M 54s
  4850K .......... .......... .......... .......... ..........  9% 53.6M 54s
  4900K .......... .......... .......... .......... ..........  9% 53.0M 53s
  4950K .......... .......... .......... .......... ..........  9% 49.9M 52s
  5000K .......... .......... .......... .......... ..........  9% 53.3M 52s
  5050K .......... .......... .......... .......... ..........  9% 51.5M 51s
  5100K .......... .......... .......... .......... ..........  9% 47.4M 51s
  5150K .......... .......... .......... .......... ..........  9% 55.2M 50s
  5200K .......... .......... .......... .......... ..........  9% 50.6M 50s
  5250K .......... .......... .......... .......... ..........  9% 51.0M 49s
  5300K .......... .......... .......... .......... ..........  9% 53.6M 49s
  5350K .......... .......... .......... .......... .......... 10% 52.9M 48s
  5400K .......... .......... .......... .......... .......... 10% 50.2M 48s
  5450K .......... .......... .......... .......... .......... 10% 59.0M 47s
  5500K .......... .......... .......... .......... .......... 10% 44.9M 47s
  5550K .......... .......... .......... .......... .......... 10% 53.5M 46s
  5600K .......... .......... .......... .......... .......... 10% 47.3M 46s
  5650K .......... .......... .......... .......... .......... 10% 53.0M 45s
  5700K .......... .......... .......... .......... .......... 10% 52.1M 45s
  5750K .......... .......... .......... .......... .......... 10% 50.9M 45s
  5800K .......... .......... .......... .......... .......... 10% 49.3M 44s
  5850K .......... .......... .......... .......... .......... 11% 54.7M 44s
  5900K .......... .......... .......... .......... .......... 11% 50.4M 43s
  5950K .......... .......... .......... .......... .......... 11% 25.3M 43s
  6000K .......... .......... .......... .......... .......... 11%  688M 43s
  6050K .......... .......... .......... .......... .......... 11% 55.9M 42s
  6100K .......... .......... .......... .......... .......... 11% 50.7M 42s
  6150K .......... .......... .......... .......... .......... 11% 54.0M 41s
  6200K .......... .......... .......... .......... .......... 11% 51.9M 41s
  6250K .......... .......... .......... .......... .......... 11% 52.1M 41s
  6300K .......... .......... .......... .......... .......... 11% 51.8M 40s
  6350K .......... .......... .......... .......... .......... 11% 50.2M 40s
  6400K .......... .......... .......... .......... .......... 12% 63.3M 40s
  6450K .......... .......... .......... .......... .......... 12% 49.6M 39s
  6500K .......... .......... .......... .......... .......... 12% 49.4M 39s
  6550K .......... .......... .......... .......... .......... 12% 50.0M 39s
  6600K .......... .......... .......... .......... .......... 12% 49.0M 38s
  6650K .......... .......... .......... .......... .......... 12% 49.3M 38s
  6700K .......... .......... .......... .......... .......... 12% 51.9M 38s
  6750K .......... .......... .......... .......... .......... 12% 48.2M 37s
  6800K .......... .......... .......... .......... .......... 12% 54.4M 37s
  6850K .......... .......... .......... .......... .......... 12% 52.1M 37s
  6900K .......... .......... .......... .......... .......... 12% 50.8M 36s
  6950K .......... .......... .......... .......... .......... 13% 51.0M 36s
  7000K .......... .......... .......... .......... .......... 13% 50.7M 36s
  7050K .......... .......... .......... .......... .......... 13% 53.0M 36s
  7100K .......... .......... .......... .......... .......... 13% 51.2M 35s
  7150K .......... .......... .......... .......... .......... 13% 51.0M 35s
  7200K .......... .......... .......... .......... .......... 13% 52.3M 35s
  7250K .......... .......... .......... .......... .......... 13% 83.1M 34s
  7300K .......... .......... .......... .......... .......... 13% 26.7M 34s
  7350K .......... .......... .......... .......... .......... 13%  325M 34s
  7400K .......... .......... .......... .......... .......... 13%  149M 34s
  7450K .......... .......... .......... .......... .......... 14% 51.0M 33s
  7500K .......... .......... .......... .......... .......... 14% 28.4M 33s
  7550K .......... .......... .......... .......... .......... 14% 48.1M 33s
  7600K .......... .......... .......... .......... .......... 14%  394M 33s
  7650K .......... .......... .......... .......... .......... 14%  206K 34s
  7700K .......... .......... .......... .......... .......... 14% 70.0M 34s
  7750K .......... .......... .......... .......... .......... 14% 59.7M 33s
  7800K .......... .......... .......... .......... .......... 14% 63.7M 33s
  7850K .......... .......... .......... .......... .......... 14% 67.0M 33s
  7900K .......... .......... .......... .......... .......... 14% 50.6M 33s
  7950K .......... .......... .......... .......... .......... 14%  798M 32s
  8000K .......... .......... .......... .......... .......... 15% 56.5M 32s
  8050K .......... .......... .......... .......... .......... 15% 59.5M 32s
  8100K .......... .......... .......... .......... .......... 15%  106M 32s
  8150K .......... .......... .......... .......... .......... 15%  203K 33s
  8200K .......... .......... .......... .......... .......... 15% 53.8M 33s
  8250K .......... .......... .......... .......... .......... 15%  112M 32s
  8300K .......... .......... .......... .......... .......... 15% 77.4M 32s
  8350K .......... .......... .......... .......... .......... 15% 50.9M 32s
  8400K .......... .......... .......... .......... .......... 15% 51.4M 32s
  8450K .......... .......... .......... .......... .......... 15%  561M 32s
  8500K .......... .......... .......... .......... .......... 15% 61.2M 31s
  8550K .......... .......... .......... .......... .......... 16% 52.9M 31s
  8600K .......... .......... .......... .......... .......... 16% 66.4M 31s
  8650K .......... .......... .......... .......... .......... 16% 98.2M 31s
  8700K .......... .......... .......... .......... .......... 16%  130M 30s
  8750K .......... .......... .......... .......... .......... 16% 70.9M 30s
  8800K .......... .......... .......... .......... .......... 16% 50.0M 30s
  8850K .......... .......... .......... .......... .......... 16% 57.0M 30s
  8900K .......... .......... .......... .......... .......... 16%  450M 30s
  8950K .......... .......... .......... .......... .......... 16%  205K 31s
  9000K .......... .......... .......... .......... .......... 16% 45.9M 30s
  9050K .......... .......... .......... .......... .......... 16%  772M 30s
  9100K .......... .......... .......... .......... .......... 17% 55.5M 30s
  9150K .......... .......... .......... .......... .......... 17% 60.8M 30s
  9200K .......... .......... .......... .......... .......... 17% 59.0M 30s
  9250K .......... .......... .......... .......... .......... 17%  104M 30s
  9300K .......... .......... .......... .......... .......... 17%  125M 29s
  9350K .......... .......... .......... .......... .......... 17% 73.9M 29s
  9400K .......... .......... .......... .......... .......... 17% 49.5M 29s
  9450K .......... .......... .......... .......... .......... 17% 54.9M 29s
  9500K .......... .......... .......... .......... .......... 17%  729M 29s
  9550K .......... .......... .......... .......... .......... 17% 58.7M 28s
  9600K .......... .......... .......... .......... .......... 18% 54.5M 28s
  9650K .......... .......... .......... .......... .......... 18% 61.8M 28s
  9700K .......... .......... .......... .......... .......... 18% 97.6M 28s
  9750K .......... .......... .......... .......... .......... 18%  133M 28s
  9800K .......... .......... .......... .......... .......... 18% 72.0M 28s
  9850K .......... .......... .......... .......... .......... 18% 50.4M 27s
  9900K .......... .......... .......... .......... .......... 18% 56.3M 27s
  9950K .......... .......... .......... .......... .......... 18%  736M 27s
 10000K .......... .......... .......... .......... .......... 18% 55.7M 27s
 10050K .......... .......... .......... .......... .......... 18% 47.3M 27s
 10100K .......... .......... .......... .......... .......... 18% 74.4M 27s
 10150K .......... .......... .......... .......... .......... 19%  103M 26s
 10200K .......... .......... .......... .......... .......... 19%  139M 26s
 10250K .......... .......... .......... .......... .......... 19% 70.0M 26s
 10300K .......... .......... .......... .......... .......... 19% 33.0M 26s
 10350K .......... .......... .......... .......... .......... 19%  106M 26s
 10400K .......... .......... .......... .......... .......... 19%  718K 26s
 10450K .......... .......... .......... .......... .......... 19%  482M 26s
 10500K .......... .......... .......... .......... .......... 19%  629M 26s
 10550K .......... .......... .......... .......... .......... 19%  631M 25s
 10600K .......... .......... .......... .......... .......... 19%  553M 25s
 10650K .......... .......... .......... .......... .......... 19%  619M 25s
 10700K .......... .......... .......... .......... .......... 20%  576M 25s
 10750K .......... .......... .......... .......... .......... 20%  625M 25s
 10800K .......... .......... .......... .......... .......... 20%  464M 25s
 10850K .......... .......... .......... .......... .......... 20%  644M 25s
 10900K .......... .......... .......... .......... .......... 20%  477M 24s
 10950K .......... .......... .......... .......... .......... 20%  653M 24s
 11000K .......... .......... .......... .......... .......... 20%  634M 24s
 11050K .......... .......... .......... .......... .......... 20%  635M 24s
 11100K .......... .......... .......... .......... .......... 20%  602M 24s
 11150K .......... .......... .......... .......... .......... 20%  583M 24s
 11200K .......... .......... .......... .......... .......... 21%  452M 24s
 11250K .......... .......... .......... .......... .......... 21%  631M 24s
 11300K .......... .......... .......... .......... .......... 21%  643M 23s
 11350K .......... .......... .......... .......... .......... 21%  627M 23s
 11400K .......... .......... .......... .......... .......... 21%  569M 23s
 11450K .......... .......... .......... .......... .......... 21%  660M 23s
 11500K .......... .......... .......... .......... .......... 21%  653M 23s
 11550K .......... .......... .......... .......... .......... 21%  642M 23s
 11600K .......... .......... .......... .......... .......... 21%  435M 23s
 11650K .......... .......... .......... .......... .......... 21%  634M 23s
 11700K .......... .......... .......... .......... .......... 21%  632M 22s
 11750K .......... .......... .......... .......... .......... 22%  628M 22s
 11800K .......... .......... .......... .......... .......... 22%  621M 22s
 11850K .......... .......... .......... .......... .......... 22%  563M 22s
 11900K .......... .......... .......... .......... .......... 22%  414M 22s
 11950K .......... .......... .......... .......... .......... 22%  635M 22s
 12000K .......... .......... .......... .......... .......... 22%  492M 22s
 12050K .......... .......... .......... .......... .......... 22%  622M 22s
 12100K .......... .......... .......... .......... .......... 22%  544M 21s
 12150K .......... .......... .......... .......... .......... 22%  627M 21s
 12200K .......... .......... .......... .......... .......... 22%  629M 21s
 12250K .......... .......... .......... .......... .......... 22%  619M 21s
 12300K .......... .......... .......... .......... .......... 23%  640M 21s
 12350K .......... .......... .......... .......... .......... 23%  589M 21s
 12400K .......... .......... .......... .......... .......... 23%  448M 21s
 12450K .......... .......... .......... .......... .......... 23%  623M 21s
 12500K .......... .......... .......... .......... .......... 23%  626M 21s
 12550K .......... .......... .......... .......... .......... 23%  608M 20s
 12600K .......... .......... .......... .......... .......... 23%  560M 20s
 12650K .......... .......... .......... .......... .......... 23%  250K 21s
 12700K .......... .......... .......... .......... .......... 23% 64.8M 21s
 12750K .......... .......... .......... .......... .......... 23%  272M 21s
 12800K .......... .......... .......... .......... .......... 23% 76.9M 21s
 12850K .......... .......... .......... .......... .......... 24% 86.5M 20s
 12900K .......... .......... .......... .......... .......... 24% 65.5M 20s
 12950K .......... .......... .......... .......... .......... 24%  286M 20s
 13000K .......... .......... .......... .......... .......... 24% 66.9M 20s
 13050K .......... .......... .......... .......... .......... 24% 86.9M 20s
 13100K .......... .......... .......... .......... .......... 24% 64.0M 20s
 13150K .......... .......... .......... .......... .......... 24% 60.7M 20s
 13200K .......... .......... .......... .......... .......... 24%  212K 20s
 13250K .......... .......... .......... .......... .......... 24%  116M 20s
 13300K .......... .......... .......... .......... .......... 24%  212K 21s
 13350K .......... .......... .......... .......... .......... 25%  286M 21s
 13400K .......... .......... .......... .......... .......... 25%  154M 21s
 13450K .......... .......... .......... .......... .......... 25% 64.8M 21s
 13500K .......... .......... .......... .......... .......... 25%  202M 21s
 13550K .......... .......... .......... .......... .......... 25%  115M 20s
 13600K .......... .......... .......... .......... .......... 25% 78.2M 20s
 13650K .......... .......... .......... .......... .......... 25% 56.6M 20s
 13700K .......... .......... .......... .......... .......... 25% 79.2M 20s
 13750K .......... .......... .......... .......... .......... 25%  724M 20s
 13800K .......... .......... .......... .......... .......... 25% 71.8M 20s
 13850K .......... .......... .......... .......... .......... 25% 65.6M 20s
 13900K .......... .......... .......... .......... .......... 26% 70.5M 20s
 13950K .......... .......... .......... .......... .......... 26%  182M 20s
 14000K .......... .......... .......... .......... .......... 26%  108M 20s
 14050K .......... .......... .......... .......... .......... 26% 81.0M 20s
 14100K .......... .......... .......... .......... .......... 26% 61.3M 19s
 14150K .......... .......... .......... .......... .......... 26% 70.3M 19s
 14200K .......... .......... .......... .......... .......... 26%  760M 19s
 14250K .......... .......... .......... .......... .......... 26% 71.6M 19s
 14300K .......... .......... .......... .......... .......... 26% 66.9M 19s
 14350K .......... .......... .......... .......... .......... 26% 72.5M 19s
 14400K .......... .......... .......... .......... .......... 26%  150M 19s
 14450K .......... .......... .......... .......... .......... 27%  114M 19s
 14500K .......... .......... .......... .......... .......... 27% 80.8M 19s
 14550K .......... .......... .......... .......... .......... 27% 61.3M 19s
 14600K .......... .......... .......... .......... .......... 27% 70.2M 19s
 14650K .......... .......... .......... .......... .......... 27%  104M 18s
 14700K .......... .......... .......... .......... .......... 27%  149M 18s
 14750K .......... .......... .......... .......... .......... 27% 68.1M 18s
 14800K .......... .......... .......... .......... .......... 27% 73.4M 18s
 14850K .......... .......... .......... .......... .......... 27%  164M 18s
 14900K .......... .......... .......... .......... .......... 27%  103M 18s
 14950K .......... .......... .......... .......... .......... 28% 88.2M 18s
 15000K .......... .......... .......... .......... .......... 28% 58.5M 18s
 15050K .......... .......... .......... .......... .......... 28% 71.1M 18s
 15100K .......... .......... .......... .......... .......... 28%  111M 18s
 15150K .......... .......... .......... .......... .......... 28%  171M 18s
 15200K .......... .......... .......... .......... .......... 28% 63.8M 18s
 15250K .......... .......... .......... .......... .......... 28% 76.2M 17s
 15300K .......... .......... .......... .......... .......... 28%  161M 17s
 15350K .......... .......... .......... .......... .......... 28%  113M 17s
 15400K .......... .......... .......... .......... .......... 28% 77.3M 17s
 15450K .......... .......... .......... .......... .......... 28% 58.3M 17s
 15500K .......... .......... .......... .......... .......... 29% 70.9M 17s
 15550K .......... .......... .......... .......... .......... 29%  113M 17s
 15600K .......... .......... .......... .......... .......... 29% 50.6M 17s
 15650K .......... .......... .......... .......... .......... 29%  619M 17s
 15700K .......... .......... .......... .......... .......... 29% 87.5M 17s
 15750K .......... .......... .......... .......... .......... 29% 58.7M 17s
 15800K .......... .......... .......... .......... .......... 29% 88.1M 17s
 15850K .......... .......... .......... .......... .......... 29% 60.5M 17s
 15900K .......... .......... .......... .......... .......... 29%  431M 16s
 15950K .......... .......... .......... .......... .......... 29% 77.8M 16s
 16000K .......... .......... .......... .......... .......... 29% 98.3M 16s
 16050K .......... .......... .......... .......... .......... 30% 54.1M 16s
 16100K .......... .......... .......... .......... .......... 30%  604M 16s
 16150K .......... .......... .......... .......... .......... 30% 72.2M 16s
 16200K .......... .......... .......... .......... .......... 30% 72.3M 16s
 16250K .......... .......... .......... .......... .......... 30% 76.1M 16s
 16300K .......... .......... .......... .......... .......... 30% 62.4M 16s
 16350K .......... .......... .......... .......... .......... 30%  747M 16s
 16400K .......... .......... .......... .......... .......... 30% 69.3M 16s
 16450K .......... .......... .......... .......... .......... 30%  106M 16s
 16500K .......... .......... .......... .......... .......... 30% 53.6M 16s
 16550K .......... .......... .......... .......... .......... 30%  730M 16s
 16600K .......... .......... .......... .......... .......... 31% 69.4M 16s
 16650K .......... .......... .......... .......... .......... 31% 70.0M 15s
 16700K .......... .......... .......... .......... .......... 31% 79.3M 15s
 16750K .......... .......... .......... .......... .......... 31% 59.3M 15s
 16800K .......... .......... .......... .......... .......... 31%  794M 15s
 16850K .......... .......... .......... .......... .......... 31% 74.9M 15s
 16900K .......... .......... .......... .......... .......... 31% 28.5M 15s
 16950K .......... .......... .......... .......... .......... 31%  746M 15s
 17000K .......... .......... .......... .......... .......... 31%  248K 15s
 17050K .......... .......... .......... .......... .......... 31%  118M 15s
 17100K .......... .......... .......... .......... .......... 32% 76.5M 15s
 17150K .......... .......... .......... .......... .......... 32% 68.8M 15s
 17200K .......... .......... .......... .......... .......... 32% 78.0M 15s
 17250K .......... .......... .......... .......... .......... 32%  171M 15s
 17300K .......... .......... .......... .......... .......... 32%  136M 15s
 17350K .......... .......... .......... .......... .......... 32% 68.2M 15s
 17400K .......... .......... .......... .......... .......... 32% 77.3M 15s
 17450K .......... .......... .......... .......... .......... 32%  166M 15s
 17500K .......... .......... .......... .......... .......... 32% 49.5M 15s
 17550K .......... .......... .......... .......... .......... 32%  320M 15s
 17600K .......... .......... .......... .......... .......... 32% 83.6M 15s
 17650K .......... .......... .......... .......... .......... 33%  152M 15s
 17700K .......... .......... .......... .......... .......... 33% 51.7M 15s
 17750K .......... .......... .......... .......... .......... 33%  396M 15s
 17800K .......... .......... .......... .......... .......... 33% 76.9M 14s
 17850K .......... .......... .......... .......... .......... 33%  168M 14s
 17900K .......... .......... .......... .......... .......... 33% 48.4M 14s
 17950K .......... .......... .......... .......... .......... 33% 71.8M 14s
 18000K .......... .......... .......... .......... .......... 33%  724K 14s
 18050K .......... .......... .......... .......... .......... 33%  314M 14s
 18100K .......... .......... .......... .......... .......... 33%  527M 14s
 18150K .......... .......... .......... .......... .......... 33%  523M 14s
 18200K .......... .......... .......... .......... .......... 34%  511M 14s
 18250K .......... .......... .......... .......... .......... 34%  552M 14s
 18300K .......... .......... .......... .......... .......... 34%  411M 14s
 18350K .......... .......... .......... .......... .......... 34%  504M 14s
 18400K .......... .......... .......... .......... .......... 34%  468M 14s
 18450K .......... .......... .......... .......... .......... 34%  467M 14s
 18500K .......... .......... .......... .......... .......... 34%  507M 14s
 18550K .......... .......... .......... .......... .......... 34%  490M 14s
 18600K .......... .......... .......... .......... .......... 34%  472M 14s
 18650K .......... .......... .......... .......... .......... 34%  493M 14s
 18700K .......... .......... .......... .......... .......... 35%  369M 14s
 18750K .......... .......... .......... .......... .......... 35%  521M 13s
 18800K .......... .......... .......... .......... .......... 35%  498M 13s
 18850K .......... .......... .......... .......... .......... 35%  508M 13s
 18900K .......... .......... .......... .......... .......... 35%  501M 13s
 18950K .......... .......... .......... .......... .......... 35%  475M 13s
 19000K .......... .......... .......... .......... .......... 35%  508M 13s
 19050K .......... .......... .......... .......... .......... 35%  497M 13s
 19100K .......... .......... .......... .......... .......... 35%  367M 13s
 19150K .......... .......... .......... .......... .......... 35%  487M 13s
 19200K .......... .......... .......... .......... .......... 35%  512M 13s
 19250K .......... .......... .......... .......... .......... 36%  510M 13s
 19300K .......... .......... .......... .......... .......... 36%  503M 13s
 19350K .......... .......... .......... .......... .......... 36%  494M 13s
 19400K .......... .......... .......... .......... .......... 36%  483M 13s
 19450K .......... .......... .......... .......... .......... 36%  503M 13s
 19500K .......... .......... .......... .......... .......... 36%  381M 13s
 19550K .......... .......... .......... .......... .......... 36%  512M 13s
 19600K .......... .......... .......... .......... .......... 36%  485M 13s
 19650K .......... .......... .......... .......... .......... 36%  489M 13s
 19700K .......... .......... .......... .......... .......... 36%  519M 12s
 19750K .......... .......... .......... .......... .......... 36%  511M 12s
 19800K .......... .......... .......... .......... .......... 37%  501M 12s
 19850K .......... .......... .......... .......... .......... 37%  515M 12s
 19900K .......... .......... .......... .......... .......... 37%  368M 12s
 19950K .......... .......... .......... .......... .......... 37%  518M 12s
 20000K .......... .......... .......... .......... .......... 37%  504M 12s
 20050K .......... .......... .......... .......... .......... 37%  515M 12s
 20100K .......... .......... .......... .......... .......... 37%  465M 12s
 20150K .......... .......... .......... .......... .......... 37%  501M 12s
 20200K .......... .......... .......... .......... .......... 37%  507M 12s
 20250K .......... .......... .......... .......... .......... 37%  511M 12s
 20300K .......... .......... .......... .......... .......... 37%  380M 12s
 20350K .......... .......... .......... .......... .......... 38%  498M 12s
 20400K .......... .......... .......... .......... .......... 38%  678M 12s
 20450K .......... .......... .......... .......... .......... 38%  268K 12s
 20500K .......... .......... .......... .......... .......... 38% 24.2M 12s
 20550K .......... .......... .......... .......... .......... 38%  567M 12s
 20600K .......... .......... .......... .......... .......... 38%  544M 12s
 20650K .......... .......... .......... .......... .......... 38%  690M 12s
 20700K .......... .......... .......... .......... .......... 38%  195M 12s
 20750K .......... .......... .......... .......... .......... 38%  149M 12s
 20800K .......... .......... .......... .......... .......... 38%  170M 12s
 20850K .......... .......... .......... .......... .......... 39% 65.6M 12s
 20900K .......... .......... .......... .......... .......... 39% 91.6M 12s
 20950K .......... .......... .......... .......... .......... 39% 97.9M 12s
 21000K .......... .......... .......... .......... .......... 39% 62.5M 12s
 21050K .......... .......... .......... .......... .......... 39% 1.02G 12s
 21100K .......... .......... .......... .......... .......... 39% 79.7M 11s
 21150K .......... .......... .......... .......... .......... 39% 86.9M 11s
 21200K .......... .......... .......... .......... .......... 39% 70.9M 11s
 21250K .......... .......... .......... .......... .......... 39%  203M 11s
 21300K .......... .......... .......... .......... .......... 39%  109M 11s
 21350K .......... .......... .......... .......... .......... 39% 73.9M 11s
 21400K .......... .......... .......... .......... .......... 40%  188M 11s
 21450K .......... .......... .......... .......... .......... 40%  202K 12s
 21500K .......... .......... .......... .......... .......... 40%  128M 11s
 21550K .......... .......... .......... .......... .......... 40% 75.0M 11s
 21600K .......... .......... .......... .......... .......... 40% 79.0M 11s
 21650K .......... .......... .......... .......... .......... 40% 82.1M 11s
 21700K .......... .......... .......... .......... .......... 40%  890M 11s
 21750K .......... .......... .......... .......... .......... 40% 61.2M 11s
 21800K .......... .......... .......... .......... .......... 40%  107M 11s
 21850K .......... .......... .......... .......... .......... 40%  203K 12s
 21900K .......... .......... .......... .......... .......... 40%  194K 12s
 21950K .......... .......... .......... .......... .......... 41% 85.2M 12s
 22000K .......... .......... .......... .......... .......... 41%  139M 12s
 22050K .......... .......... .......... .......... .......... 41% 56.9M 12s
 22100K .......... .......... .......... .......... .......... 41%  581M 12s
 22150K .......... .......... .......... .......... .......... 41% 80.4M 12s
 22200K .......... .......... .......... .......... .......... 41%  107M 12s
 22250K .......... .......... .......... .......... .......... 41% 61.2M 12s
 22300K .......... .......... .......... .......... .......... 41% 78.3M 12s
 22350K .......... .......... .......... .......... .......... 41%  497M 11s
 22400K .......... .......... .......... .......... .......... 41% 93.1M 11s
 22450K .......... .......... .......... .......... .......... 42% 74.5M 11s
 22500K .......... .......... .......... .......... .......... 42%  155M 11s
 22550K .......... .......... .......... .......... .......... 42% 51.5M 11s
 22600K .......... .......... .......... .......... .......... 42%  533M 11s
 22650K .......... .......... .......... .......... .......... 42% 77.5M 11s
 22700K .......... .......... .......... .......... .......... 42%  146M 11s
 22750K .......... .......... .......... .......... .......... 42% 54.8M 11s
 22800K .......... .......... .......... .......... .......... 42%  479M 11s
 22850K .......... .......... .......... .......... .......... 42% 85.6M 11s
 22900K .......... .......... .......... .......... .......... 42%  107M 11s
 22950K .......... .......... .......... .......... .......... 42% 62.2M 11s
 23000K .......... .......... .......... .......... .......... 43%  319M 11s
 23050K .......... .......... .......... .......... .......... 43% 48.3M 11s
 23100K .......... .......... .......... .......... .......... 43%  522M 11s
 23150K .......... .......... .......... .......... .......... 43% 69.4M 11s
 23200K .......... .......... .......... .......... .......... 43% 55.4M 11s
 23250K .......... .......... .......... .......... .......... 43%  570M 11s
 23300K .......... .......... .......... .......... .......... 43%  145K 11s
 23350K .......... .......... .......... .......... .......... 43% 90.5M 11s
 23400K .......... .......... .......... .......... .......... 43% 77.7M 11s
 23450K .......... .......... .......... .......... .......... 43% 80.0M 11s
 23500K .......... .......... .......... .......... .......... 43% 94.0M 11s
 23550K .......... .......... .......... .......... .......... 44% 1.02G 11s
 23600K .......... .......... .......... .......... .......... 44% 67.7M 11s
 23650K .......... .......... .......... .......... .......... 44%  199M 11s
 23700K .......... .......... .......... .......... .......... 44% 48.4M 11s
 23750K .......... .......... .......... .......... .......... 44% 74.0M 11s
 23800K .......... .......... .......... .......... .......... 44%  395M 11s
 23850K .......... .......... .......... .......... .......... 44%  103M 11s
 23900K .......... .......... .......... .......... .......... 44% 72.8M 11s
 23950K .......... .......... .......... .......... .......... 44% 79.3M 11s
 24000K .......... .......... .......... .......... .......... 44%  621M 11s
 24050K .......... .......... .......... .......... .......... 44%  111M 11s
 24100K .......... .......... .......... .......... .......... 45% 58.6M 10s
 24150K .......... .......... .......... .......... .......... 45% 85.8M 10s
 24200K .......... .......... .......... .......... .......... 45% 91.0M 10s
 24250K .......... .......... .......... .......... .......... 45%  240M 10s
 24300K .......... .......... .......... .......... .......... 45% 80.0M 10s
 24350K .......... .......... .......... .......... .......... 45% 88.0M 10s
 24400K .......... .......... .......... .......... .......... 45% 76.5M 10s
 24450K .......... .......... .......... .......... .......... 45%  458M 10s
 24500K .......... .......... .......... .......... .......... 45% 60.8M 10s
 24550K .......... .......... .......... .......... .......... 45% 86.8M 10s
 24600K .......... .......... .......... .......... .......... 46% 99.3M 10s
 24650K .......... .......... .......... .......... .......... 46% 58.7M 10s
 24700K .......... .......... .......... .......... .......... 46%  356M 10s
 24750K .......... .......... .......... .......... .......... 46%  113M 10s
 24800K .......... .......... .......... .......... .......... 46% 90.5M 10s
 24850K .......... .......... .......... .......... .......... 46% 39.7M 10s
 24900K .......... .......... .......... .......... .......... 46%  380M 10s
 24950K .......... .......... .......... .......... .......... 46%  617M 10s
 25000K .......... .......... .......... .......... .......... 46% 94.6M 10s
 25050K .......... .......... .......... .......... .......... 46% 86.2M 10s
 25100K .......... .......... .......... .......... .......... 46% 86.8M 10s
 25150K .......... .......... .......... .......... .......... 47%  383M 10s
 25200K .......... .......... .......... .......... .......... 47% 74.7M 10s
 25250K .......... .......... .......... .......... .......... 47% 86.5M 10s
 25300K .......... .......... .......... .......... .......... 47% 72.8M 10s
 25350K .......... .......... .......... .......... .......... 47% 76.6M 10s
 25400K .......... .......... .......... .......... .......... 47%  415M 10s
 25450K .......... .......... .......... .......... .......... 47% 99.7M 9s
 25500K .......... .......... .......... .......... .......... 47% 72.7M 9s
 25550K .......... .......... .......... .......... .......... 47%  187M 9s
 25600K .......... .......... .......... .......... .......... 47%  178K 10s
 25650K .......... .......... .......... .......... .......... 47%  101M 10s
 25700K .......... .......... .......... .......... .......... 48% 76.5M 10s
 25750K .......... .......... .......... .......... .......... 48%  118M 10s
 25800K .......... .......... .......... .......... .......... 48% 60.4M 10s
 25850K .......... .......... .......... .......... .......... 48%  651M 10s
 25900K .......... .......... .......... .......... .......... 48% 83.3M 9s
 25950K .......... .......... .......... .......... .......... 48% 91.1M 9s
 26000K .......... .......... .......... .......... .......... 48% 66.0M 9s
 26050K .......... .......... .......... .......... .......... 48%  159M 9s
 26100K .......... .......... .......... .......... .......... 48%  146M 9s
 26150K .......... .......... .......... .......... .......... 48% 75.7M 9s
 26200K .......... .......... .......... .......... .......... 49% 74.4M 9s
 26250K .......... .......... .......... .......... .......... 49%  178M 9s
 26300K .......... .......... .......... .......... .......... 49% 51.3M 9s
 26350K .......... .......... .......... .......... .......... 49%  694M 9s
 26400K .......... .......... .......... .......... .......... 49% 80.4M 9s
 26450K .......... .......... .......... .......... .......... 49%  126M 9s
 26500K .......... .......... .......... .......... .......... 49% 57.7M 9s
 26550K .......... .......... .......... .......... .......... 49%  725M 9s
 26600K .......... .......... .......... .......... .......... 49% 76.2M 9s
 26650K .......... .......... .......... .......... .......... 49% 13.8M 9s
 26700K .......... .......... .......... .......... .......... 49%  480M 9s
 26750K .......... .......... .......... .......... .......... 50%  629M 9s
 26800K .......... .......... .......... .......... .......... 50%  656M 9s
 26850K .......... .......... .......... .......... .......... 50%  687M 9s
 26900K .......... .......... .......... .......... .......... 50%  640M 9s
 26950K .......... .......... .......... .......... .......... 50%  720M 9s
 27000K .......... .......... .......... .......... .......... 50%  711M 9s
 27050K .......... .......... .......... .......... .......... 50%  117M 9s
 27100K .......... .......... .......... .......... .......... 50% 80.4M 9s
 27150K .......... .......... .......... .......... .......... 50% 89.1M 9s
 27200K .......... .......... .......... .......... .......... 50%  209K 9s
 27250K .......... .......... .......... .......... .......... 50%  242M 9s
 27300K .......... .......... .......... .......... .......... 51%  261M 9s
 27350K .......... .......... .......... .......... .......... 51%  229M 9s
 27400K .......... .......... .......... .......... .......... 51%  249M 9s
 27450K .......... .......... .......... .......... .......... 51%  256M 9s
 27500K .......... .......... .......... .......... .......... 51%  272M 9s
 27550K .......... .......... .......... .......... .......... 51%  187M 9s
 27600K .......... .......... .......... .......... .......... 51%  137M 9s
 27650K .......... .......... .......... .......... .......... 51%  195M 9s
 27700K .......... .......... .......... .......... .......... 51% 66.7M 9s
 27750K .......... .......... .......... .......... .......... 51% 79.1M 8s
 27800K .......... .......... .......... .......... .......... 51%  126M 8s
 27850K .......... .......... .......... .......... .......... 52%  263M 8s
 27900K .......... .......... .......... .......... .......... 52% 65.1M 8s
 27950K .......... .......... .......... .......... .......... 52% 85.2M 8s
 28000K .......... .......... .......... .......... .......... 52% 88.0M 8s
 28050K .......... .......... .......... .......... .......... 52% 69.5M 8s
 28100K .......... .......... .......... .......... .......... 52%  367M 8s
 28150K .......... .......... .......... .......... .......... 52% 98.1M 8s
 28200K .......... .......... .......... .......... .......... 52% 74.0M 8s
 28250K .......... .......... .......... .......... .......... 52% 79.5M 8s
 28300K .......... .......... .......... .......... .......... 52%  357M 8s
 28350K .......... .......... .......... .......... .......... 53% 87.8M 8s
 28400K .......... .......... .......... .......... .......... 53% 80.1M 8s
 28450K .......... .......... .......... .......... .......... 53% 79.0M 8s
 28500K .......... .......... .......... .......... .......... 53%  117M 8s
 28550K .......... .......... .......... .......... .......... 53%  187M 8s
 28600K .......... .......... .......... .......... .......... 53% 72.9M 8s
 28650K .......... .......... .......... .......... .......... 53% 80.6M 8s
 28700K .......... .......... .......... .......... .......... 53%  109M 8s
 28750K .......... .......... .......... .......... .......... 53% 62.1M 8s
 28800K .......... .......... .......... .......... .......... 53%  820M 8s
 28850K .......... .......... .......... .......... .......... 53% 82.0M 8s
 28900K .......... .......... .......... .......... .......... 54% 79.6M 8s
 28950K .......... .......... .......... .......... .......... 54% 71.2M 8s
 29000K .......... .......... .......... .......... .......... 54%  635M 8s
 29050K .......... .......... .......... .......... .......... 54% 85.4M 8s
 29100K .......... .......... .......... .......... .......... 54% 76.0M 8s
 29150K .......... .......... .......... .......... .......... 54% 78.9M 8s
 29200K .......... .......... .......... .......... .......... 54%  133M 8s
 29250K .......... .......... .......... .......... .......... 54%  173M 8s
 29300K .......... .......... .......... .......... .......... 54% 74.4M 8s
 29350K .......... .......... .......... .......... .......... 54% 78.9M 8s
 29400K .......... .......... .......... .......... .......... 54%  113M 8s
 29450K .......... .......... .......... .......... .......... 55%  226M 7s
 29500K .......... .......... .......... .......... .......... 55% 68.8M 7s
 29550K .......... .......... .......... .......... .......... 55% 82.6M 7s
 29600K .......... .......... .......... .......... .......... 55% 98.1M 7s
 29650K .......... .......... .......... .......... .......... 55% 65.9M 7s
 29700K .......... .......... .......... .......... .......... 55%  591M 7s
 29750K .......... .......... .......... .......... .......... 55% 88.1M 7s
 29800K .......... .......... .......... .......... .......... 55% 77.1M 7s
 29850K .......... .......... .......... .......... .......... 55% 73.8M 7s
 29900K .......... .......... .......... .......... .......... 55%  147M 7s
 29950K .......... .......... .......... .......... .......... 56% 47.4M 7s
 30000K .......... .......... .......... .......... .......... 56%  284M 7s
 30050K .......... .......... .......... .......... .......... 56% 92.1M 7s
 30100K .......... .......... .......... .......... .......... 56%  141K 7s
 30150K .......... .......... .......... .......... .......... 56%  116M 7s
 30200K .......... .......... .......... .......... .......... 56%  118M 7s
 30250K .......... .......... .......... .......... .......... 56% 58.8M 7s
 30300K .......... .......... .......... .......... .......... 56%  734M 7s
 30350K .......... .......... .......... .......... .......... 56% 80.9M 7s
 30400K .......... .......... .......... .......... .......... 56% 91.6M 7s
 30450K .......... .......... .......... .......... .......... 56% 66.3M 7s
 30500K .......... .......... .......... .......... .......... 57%  223M 7s
 30550K .......... .......... .......... .......... .......... 57%  117M 7s
 30600K .......... .......... .......... .......... .......... 57% 75.3M 7s
 30650K .......... .......... .......... .......... .......... 57% 74.9M 7s
 30700K .......... .......... .......... .......... .......... 57%  170M 7s
 30750K .......... .......... .......... .......... .......... 57%  139M 7s
 30800K .......... .......... .......... .......... .......... 57% 77.4M 7s
 30850K .......... .......... .......... .......... .......... 57% 71.1M 7s
 30900K .......... .......... .......... .......... .......... 57%  123M 7s
 30950K .......... .......... .......... .......... .......... 57% 61.0M 7s
 31000K .......... .......... .......... .......... .......... 57%  726M 7s
 31050K .......... .......... .......... .......... .......... 58% 78.3M 7s
 31100K .......... .......... .......... .......... .......... 58%  105M 7s
 31150K .......... .......... .......... .......... .......... 58% 62.5M 7s
 31200K .......... .......... .......... .......... .......... 58%  577M 7s
 31250K .......... .......... .......... .......... .......... 58% 84.5M 7s
 31300K .......... .......... .......... .......... .......... 58% 81.6M 7s
 31350K .......... .......... .......... .......... .......... 58% 72.6M 7s
 31400K .......... .......... .......... .......... .......... 58%  178M 7s
 31450K .......... .......... .......... .......... .......... 58%  139M 7s
 31500K .......... .......... .......... .......... .......... 58% 73.1M 7s
 31550K .......... .......... .......... .......... .......... 58% 78.2M 7s
 31600K .......... .......... .......... .......... .......... 59%  139M 7s
 31650K .......... .......... .......... .......... .......... 59% 52.8M 7s
 31700K .......... .......... .......... .......... .......... 59%  688M 7s
 31750K .......... .......... .......... .......... .......... 59% 83.0M 7s
 31800K .......... .......... .......... .......... .......... 59%  112M 7s
 31850K .......... .......... .......... .......... .......... 59% 61.7M 6s
 31900K .......... .......... .......... .......... .......... 59%  709M 6s
 31950K .......... .......... .......... .......... .......... 59% 76.8M 6s
 32000K .......... .......... .......... .......... .......... 59% 93.4M 6s
 32050K .......... .......... .......... .......... .......... 59% 67.6M 6s
 32100K .......... .......... .......... .......... .......... 60%  198M 6s
 32150K .......... .......... .......... .......... .......... 60%  110M 6s
 32200K .......... .......... .......... .......... .......... 60% 80.0M 6s
 32250K .......... .......... .......... .......... .......... 60% 75.5M 6s
 32300K .......... .......... .......... .......... .......... 60%  166M 6s
 32350K .......... .......... .......... .......... .......... 60%  130M 6s
 32400K .......... .......... .......... .......... .......... 60% 77.0M 6s
 32450K .......... .......... .......... .......... .......... 60% 80.5M 6s
 32500K .......... .......... .......... .......... .......... 60%  116M 6s
 32550K .......... .......... .......... .......... .......... 60% 58.7M 6s
 32600K .......... .......... .......... .......... .......... 60%  381M 6s
 32650K .......... .......... .......... .......... .......... 61% 86.1M 6s
 32700K .......... .......... .......... .......... .......... 61%  101M 6s
 32750K .......... .......... .......... .......... .......... 61% 65.4M 6s
 32800K .......... .......... .......... .......... .......... 61%  237M 6s
 32850K .......... .......... .......... .......... .......... 61% 34.4M 6s
 32900K .......... .......... .......... .......... .......... 61%  544M 6s
 32950K .......... .......... .......... .......... .......... 61%  158M 6s
 33000K .......... .......... .......... .......... .......... 61%  192M 6s
 33050K .......... .......... .......... .......... .......... 61% 52.8M 6s
 33100K .......... .......... .......... .......... .......... 61%  425M 6s
 33150K .......... .......... .......... .......... .......... 61% 77.9M 6s
 33200K .......... .......... .......... .......... .......... 62%  157M 6s
 33250K .......... .......... .......... .......... .......... 62% 53.9M 6s
 33300K .......... .......... .......... .......... .......... 62% 79.6M 6s
 33350K .......... .......... .......... .......... .......... 62%  330M 6s
 33400K .......... .......... .......... .......... .......... 62%  126M 6s
 33450K .......... .......... .......... .......... .......... 62% 65.2M 6s
 33500K .......... .......... .......... .......... .......... 62%  362M 6s
 33550K .......... .......... .......... .......... .......... 62% 97.5M 6s
 33600K .......... .......... .......... .......... .......... 62% 89.8M 6s
 33650K .......... .......... .......... .......... .......... 62% 65.5M 6s
 33700K .......... .......... .......... .......... .......... 63% 80.9M 6s
 33750K .......... .......... .......... .......... .......... 63% 79.1M 6s
 33800K .......... .......... .......... .......... .......... 63%  702M 6s
 33850K .......... .......... .......... .......... .......... 63% 76.5M 6s
 33900K .......... .......... .......... .......... .......... 63%  161M 6s
 33950K .......... .......... .......... .......... .......... 63% 74.1M 6s
 34000K .......... .......... .......... .......... .......... 63%  217K 6s
 34050K .......... .......... .......... .......... .......... 63%  507M 6s
 34100K .......... .......... .......... .......... .......... 63%  634M 6s
 34150K .......... .......... .......... .......... .......... 63%  730M 6s
 34200K .......... .......... .......... .......... .......... 63%  485M 6s
 34250K .......... .......... .......... .......... .......... 64%  131M 6s
 34300K .......... .......... .......... .......... .......... 64% 85.3M 5s
 34350K .......... .......... .......... .......... .......... 64% 81.2M 5s
 34400K .......... .......... .......... .......... .......... 64%  112M 5s
 34450K .......... .......... .......... .......... .......... 64%  312M 5s
 34500K .......... .......... .......... .......... .......... 64% 72.0M 5s
 34550K .......... .......... .......... .......... .......... 64%  249M 5s
 34600K .......... .......... .......... .......... .......... 64% 1.00M 5s
 34650K .......... .......... .......... .......... .......... 64%  107M 5s
 34700K .......... .......... .......... .......... .......... 64% 78.8M 5s
 34750K .......... .......... .......... .......... .......... 64%  196M 5s
 34800K .......... .......... .......... .......... .......... 65% 50.9M 5s
 34850K .......... .......... .......... .......... .......... 65%  568M 5s
 34900K .......... .......... .......... .......... .......... 65% 84.5M 5s
 34950K .......... .......... .......... .......... .......... 65%  120M 5s
 35000K .......... .......... .......... .......... .......... 65%  124M 5s
 35050K .......... .......... .......... .......... .......... 65%  210K 5s
 35100K .......... .......... .......... .......... .......... 65% 93.3M 5s
 35150K .......... .......... .......... .......... .......... 65%  111M 5s
 35200K .......... .......... .......... .......... .......... 65% 85.2M 5s
 35250K .......... .......... .......... .......... .......... 65% 93.5M 5s
 35300K .......... .......... .......... .......... .......... 65% 73.7M 5s
 35350K .......... .......... .......... .......... .......... 66%  346M 5s
 35400K .......... .......... .......... .......... .......... 66%  103M 5s
 35450K .......... .......... .......... .......... .......... 66% 67.4M 5s
 35500K .......... .......... .......... .......... .......... 66% 87.4M 5s
 35550K .......... .......... .......... .......... .......... 66% 43.1M 5s
 35600K .......... .......... .......... .......... .......... 66%  262M 5s
 35650K .......... .......... .......... .......... .......... 66%  327M 5s
 35700K .......... .......... .......... .......... .......... 66%  141M 5s
 35750K .......... .......... .......... .......... .......... 66% 84.9M 5s
 35800K .......... .......... .......... .......... .......... 66%  333M 5s
 35850K .......... .......... .......... .......... .......... 67% 80.0M 5s
 35900K .......... .......... .......... .......... .......... 67% 99.2M 5s
 35950K .......... .......... .......... .......... .......... 67% 74.4M 5s
 36000K .......... .......... .......... .......... .......... 67% 83.0M 5s
 36050K .......... .......... .......... .......... .......... 67%  384M 5s
 36100K .......... .......... .......... .......... .......... 67%  108M 5s
 36150K .......... .......... .......... .......... .......... 67% 70.8M 5s
 36200K .......... .......... .......... .......... .......... 67%  354M 5s
 36250K .......... .......... .......... .......... .......... 67%  207K 5s
 36300K .......... .......... .......... .......... .......... 67%  176M 5s
 36350K .......... .......... .......... .......... .......... 67% 65.2M 5s
 36400K .......... .......... .......... .......... .......... 68% 86.1M 5s
 36450K .......... .......... .......... .......... .......... 68% 92.2M 5s
 36500K .......... .......... .......... .......... .......... 68% 67.6M 5s
 36550K .......... .......... .......... .......... .......... 68%  941M 5s
 36600K .......... .......... .......... .......... .......... 68% 90.1M 5s
 36650K .......... .......... .......... .......... .......... 68% 69.6M 5s
 36700K .......... .......... .......... .......... .......... 68% 90.2M 5s
 36750K .......... .......... .......... .......... .......... 68% 1.04G 5s
 36800K .......... .......... .......... .......... .......... 68%  131M 5s
 36850K .......... .......... .......... .......... .......... 68% 55.9M 5s
 36900K .......... .......... .......... .......... .......... 68% 89.8M 5s
 36950K .......... .......... .......... .......... .......... 69% 87.8M 5s
 37000K .......... .......... .......... .......... .......... 69% 1015M 5s
 37050K .......... .......... .......... .......... .......... 69% 71.2M 5s
 37100K .......... .......... .......... .......... .......... 69%  155M 5s
 37150K .......... .......... .......... .......... .......... 69% 55.4M 5s
 37200K .......... .......... .......... .......... .......... 69%  954M 5s
 37250K .......... .......... .......... .......... .......... 69% 76.2M 5s
 37300K .......... .......... .......... .......... .......... 69%  107M 5s
 37350K .......... .......... .......... .......... .......... 69% 66.9M 4s
 37400K .......... .......... .......... .......... .......... 69%  228M 4s
 37450K .......... .......... .......... .......... .......... 70%  108M 4s
 37500K .......... .......... .......... .......... .......... 70% 81.4M 4s
 37550K .......... .......... .......... .......... .......... 70% 82.2M 4s
 37600K .......... .......... .......... .......... .......... 70%  137M 4s
 37650K .......... .......... .......... .......... .......... 70% 58.6M 4s
 37700K .......... .......... .......... .......... .......... 70%  673M 4s
 37750K .......... .......... .......... .......... .......... 70% 87.5M 4s
 37800K .......... .......... .......... .......... .......... 70% 88.8M 4s
 37850K .......... .......... .......... .......... .......... 70% 69.7M 4s
 37900K .......... .......... .......... .......... .......... 70% 1.04G 4s
 37950K .......... .......... .......... .......... .......... 70% 91.8M 4s
 38000K .......... .......... .......... .......... .......... 71%  225K 4s
 38050K .......... .......... .......... .......... .......... 71% 89.3M 4s
 38100K .......... .......... .......... .......... .......... 71%  213M 4s
 38150K .......... .......... .......... .......... .......... 71% 51.1M 4s
 38200K .......... .......... .......... .......... .......... 71% 1.02G 4s
 38250K .......... .......... .......... .......... .......... 71% 70.7M 4s
 38300K .......... .......... .......... .......... .......... 71%  159M 4s
 38350K .......... .......... .......... .......... .......... 71% 60.0M 4s
 38400K .......... .......... .......... .......... .......... 71% 1.01G 4s
 38450K .......... .......... .......... .......... .......... 71% 77.3M 4s
 38500K .......... .......... .......... .......... .......... 71% 60.1M 4s
 38550K .......... .......... .......... .......... .......... 72%  100M 4s
 38600K .......... .......... .......... .......... .......... 72%  725K 4s
 38650K .......... .......... .......... .......... .......... 72%  357M 4s
 38700K .......... .......... .......... .......... .......... 72%  547M 4s
 38750K .......... .......... .......... .......... .......... 72%  674M 4s
 38800K .......... .......... .......... .......... .......... 72%  755M 4s
 38850K .......... .......... .......... .......... .......... 72%  701M 4s
 38900K .......... .......... .......... .......... .......... 72%  755M 4s
 38950K .......... .......... .......... .......... .......... 72%  762M 4s
 39000K .......... .......... .......... .......... .......... 72%  749M 4s
 39050K .......... .......... .......... .......... .......... 72%  764M 4s
 39100K .......... .......... .......... .......... .......... 73%  531M 4s
 39150K .......... .......... .......... .......... .......... 73%  738M 4s
 39200K .......... .......... .......... .......... .......... 73%  755M 4s
 39250K .......... .......... .......... .......... .......... 73%  728M 4s
 39300K .......... .......... .......... .......... .......... 73%  762M 4s
 39350K .......... .......... .......... .......... .......... 73%  701M 4s
 39400K .......... .......... .......... .......... .......... 73%  697M 4s
 39450K .......... .......... .......... .......... .......... 73%  744M 4s
 39500K .......... .......... .......... .......... .......... 73%  561M 4s
 39550K .......... .......... .......... .......... .......... 73%  759M 4s
 39600K .......... .......... .......... .......... .......... 74%  719M 4s
 39650K .......... .......... .......... .......... .......... 74%  781M 4s
 39700K .......... .......... .......... .......... .......... 74%  760M 4s
 39750K .......... .......... .......... .......... .......... 74%  758M 4s
 39800K .......... .......... .......... .......... .......... 74%  767M 4s
 39850K .......... .......... .......... .......... .......... 74%  656M 4s
 39900K .......... .......... .......... .......... .......... 74%  564M 4s
 39950K .......... .......... .......... .......... .......... 74%  773M 4s
 40000K .......... .......... .......... .......... .......... 74%  765M 4s
 40050K .......... .......... .......... .......... .......... 74%  719M 4s
 40100K .......... .......... .......... .......... .......... 74%  773M 4s
 40150K .......... .......... .......... .......... .......... 75%  746M 4s
 40200K .......... .......... .......... .......... .......... 75%  783M 4s
 40250K .......... .......... .......... .......... .......... 75%  793M 4s
 40300K .......... .......... .......... .......... .......... 75%  548M 3s
 40350K .......... .......... .......... .......... .......... 75%  753M 3s
 40400K .......... .......... .......... .......... .......... 75%  791M 3s
 40450K .......... .......... .......... .......... .......... 75%  781M 3s
 40500K .......... .......... .......... .......... .......... 75%  775M 3s
 40550K .......... .......... .......... .......... .......... 75%  718M 3s
 40600K .......... .......... .......... .......... .......... 75%  769M 3s
 40650K .......... .......... .......... .......... .......... 75%  763M 3s
 40700K .......... .......... .......... .......... .......... 76%  584M 3s
 40750K .......... .......... .......... .......... .......... 76%  800M 3s
 40800K .......... .......... .......... .......... .......... 76%  729M 3s
 40850K .......... .......... .......... .......... .......... 76%  729M 3s
 40900K .......... .......... .......... .......... .......... 76%  694M 3s
 40950K .......... .......... .......... .......... .......... 76%  762M 3s
 41000K .......... .......... .......... .......... .......... 76%  777M 3s
 41050K .......... .......... .......... .......... .......... 76%  723M 3s
 41100K .......... .......... .......... .......... .......... 76%  571M 3s
 41150K .......... .......... .......... .......... .......... 76%  775M 3s
 41200K .......... .......... .......... .......... .......... 77%  744M 3s
 41250K .......... .......... .......... .......... .......... 77%  724M 3s
 41300K .......... .......... .......... .......... .......... 77%  757M 3s
 41350K .......... .......... .......... .......... .......... 77%  771M 3s
 41400K .......... .......... .......... .......... .......... 77%  777M 3s
 41450K .......... .......... .......... .......... .......... 77%  738M 3s
 41500K .......... .......... .......... .......... .......... 77%  564M 3s
 41550K .......... .......... .......... .......... .......... 77%  789M 3s
 41600K .......... .......... .......... .......... .......... 77%  776M 3s
 41650K .......... .......... .......... .......... .......... 77%  724M 3s
 41700K .......... .......... .......... .......... .......... 77%  778M 3s
 41750K .......... .......... .......... .......... .......... 78%  745M 3s
 41800K .......... .......... .......... .......... .......... 78%  773M 3s
 41850K .......... .......... .......... .......... .......... 78%  786M 3s
 41900K .......... .......... .......... .......... .......... 78%  594M 3s
 41950K .......... .......... .......... .......... .......... 78%  768M 3s
 42000K .......... .......... .......... .......... .......... 78%  735M 3s
 42050K .......... .......... .......... .......... .......... 78%  788M 3s
 42100K .......... .......... .......... .......... .......... 78%  744M 3s
 42150K .......... .......... .......... .......... .......... 78%  784M 3s
 42200K .......... .......... .......... .......... .......... 78%  785M 3s
 42250K .......... .......... .......... .......... .......... 78%  714M 3s
 42300K .......... .......... .......... .......... .......... 79%  603M 3s
 42350K .......... .......... .......... .......... .......... 79%  762M 3s
 42400K .......... .......... .......... .......... .......... 79%  730M 3s
 42450K .......... .......... .......... .......... .......... 79%  722M 3s
 42500K .......... .......... .......... .......... .......... 79%  774M 3s
 42550K .......... .......... .......... .......... .......... 79%  795M 3s
 42600K .......... .......... .......... .......... .......... 79%  236K 3s
 42650K .......... .......... .......... .......... .......... 79%  117M 3s
 42700K .......... .......... .......... .......... .......... 79%  150M 3s
 42750K .......... .......... .......... .......... .......... 79%  723K 3s
 42800K .......... .......... .......... .......... .......... 79%  333M 3s
 42850K .......... .......... .......... .......... .......... 80%  375M 3s
 42900K .......... .......... .......... .......... .......... 80%  130M 3s
 42950K .......... .......... .......... .......... .......... 80% 97.2M 3s
 43000K .......... .......... .......... .......... .......... 80%  211M 3s
 43050K .......... .......... .......... .......... .......... 80%  128M 3s
 43100K .......... .......... .......... .......... .......... 80%  167M 3s
 43150K .......... .......... .......... .......... .......... 80%  315M 3s
 43200K .......... .......... .......... .......... .......... 80%  124M 3s
 43250K .......... .......... .......... .......... .......... 80%  131M 3s
 43300K .......... .......... .......... .......... .......... 80%  220M 3s
 43350K .......... .......... .......... .......... .......... 81%  521M 3s
 43400K .......... .......... .......... .......... .......... 81% 64.9M 3s
 43450K .......... .......... .......... .......... .......... 81%  302M 3s
 43500K .......... .......... .......... .......... .......... 81%  140M 3s
 43550K .......... .......... .......... .......... .......... 81% 40.6M 3s
 43600K .......... .......... .......... .......... .......... 81%  302K 3s
 43650K .......... .......... .......... .......... .......... 81%  134M 3s
 43700K .......... .......... .......... .......... .......... 81%  129M 2s
 43750K .......... .......... .......... .......... .......... 81%  169M 2s
 43800K .......... .......... .......... .......... .......... 81%  720K 2s
 43850K .......... .......... .......... .......... .......... 81%  393M 2s
 43900K .......... .......... .......... .......... .......... 82%  214M 2s
 43950K .......... .......... .......... .......... .......... 82%  179M 2s
 44000K .......... .......... .......... .......... .......... 82% 98.5M 2s
 44050K .......... .......... .......... .......... .......... 82%  421M 2s
 44100K .......... .......... .......... .......... .......... 82% 79.0M 2s
 44150K .......... .......... .......... .......... .......... 82%  340M 2s
 44200K .......... .......... .......... .......... .......... 82%  397M 2s
 44250K .......... .......... .......... .......... .......... 82%  138M 2s
 44300K .......... .......... .......... .......... .......... 82%  131M 2s
 44350K .......... .......... .......... .......... .......... 82% 17.7M 2s
 44400K .......... .......... .......... .......... .......... 82%  219M 2s
 44450K .......... .......... .......... .......... .......... 83%  359M 2s
 44500K .......... .......... .......... .......... .......... 83%  256M 2s
 44550K .......... .......... .......... .......... .......... 83%  408M 2s
 44600K .......... .......... .......... .......... .......... 83%  640M 2s
 44650K .......... .......... .......... .......... .......... 83%  624M 2s
 44700K .......... .......... .......... .......... .......... 83%  497M 2s
 44750K .......... .......... .......... .......... .......... 83%  610M 2s
 44800K .......... .......... .......... .......... .......... 83%  645M 2s
 44850K .......... .......... .......... .......... .......... 83%  657M 2s
 44900K .......... .......... .......... .......... .......... 83%  305K 2s
 44950K .......... .......... .......... .......... .......... 84%  115M 2s
 45000K .......... .......... .......... .......... .......... 84% 71.7M 2s
 45050K .......... .......... .......... .......... .......... 84% 49.3M 2s
 45100K .......... .......... .......... .......... .......... 84% 51.2M 2s
 45150K .......... .......... .......... .......... .......... 84% 51.1M 2s
 45200K .......... .......... .......... .......... .......... 84% 49.4M 2s
 45250K .......... .......... .......... .......... .......... 84% 51.9M 2s
 45300K .......... .......... .......... .......... .......... 84% 50.6M 2s
 45350K .......... .......... .......... .......... .......... 84% 28.4M 2s
 45400K .......... .......... .......... .......... .......... 84%  325M 2s
 45450K .......... .......... .......... .......... .......... 84% 47.6M 2s
 45500K .......... .......... .......... .......... .......... 85%  393M 2s
 45550K .......... .......... .......... .......... .......... 85% 52.7M 2s
 45600K .......... .......... .......... .......... .......... 85% 51.9M 2s
 45650K .......... .......... .......... .......... .......... 85% 51.0M 2s
 45700K .......... .......... .......... .......... .......... 85% 48.6M 2s
 45750K .......... .......... .......... .......... .......... 85% 49.5M 2s
 45800K .......... .......... .......... .......... .......... 85% 54.3M 2s
 45850K .......... .......... .......... .......... .......... 85% 49.9M 2s
 45900K .......... .......... .......... .......... .......... 85% 52.1M 2s
 45950K .......... .......... .......... .......... .......... 85% 48.0M 2s
 46000K .......... .......... .......... .......... .......... 85%  694M 2s
 46050K .......... .......... .......... .......... .......... 86% 53.9M 2s
 46100K .......... .......... .......... .......... .......... 86% 51.2M 2s
 46150K .......... .......... .......... .......... .......... 86% 50.0M 2s
 46200K .......... .......... .......... .......... .......... 86% 51.8M 2s
 46250K .......... .......... .......... .......... .......... 86% 49.9M 2s
 46300K .......... .......... .......... .......... .......... 86% 51.2M 2s
 46350K .......... .......... .......... .......... .......... 86% 63.9M 2s
 46400K .......... .......... .......... .......... .......... 86% 51.5M 2s
 46450K .......... .......... .......... .......... .......... 86% 48.6M 2s
 46500K .......... .......... .......... .......... .......... 86%  212M 2s
 46550K .......... .......... .......... .......... .......... 86% 51.9M 2s
 46600K .......... .......... .......... .......... .......... 87% 55.7M 2s
 46650K .......... .......... .......... .......... .......... 87% 44.6M 2s
 46700K .......... .......... .......... .......... .......... 87% 53.6M 2s
 46750K .......... .......... .......... .......... .......... 87% 45.9M 2s
 46800K .......... .......... .......... .......... .......... 87% 12.2M 2s
 46850K .......... .......... .......... .......... .......... 87%  550M 2s
 46900K .......... .......... .......... .......... .......... 87%  588M 2s
 46950K .......... .......... .......... .......... .......... 87%  631M 2s
 47000K .......... .......... .......... .......... .......... 87%  679M 2s
 47050K .......... .......... .......... .......... .......... 87% 37.1M 2s
 47100K .......... .......... .......... .......... .......... 88%  243K 2s
 47150K .......... .......... .......... .......... .......... 88% 58.7M 2s
 47200K .......... .......... .......... .......... .......... 88% 83.5M 2s
 47250K .......... .......... .......... .......... .......... 88% 61.6M 2s
 47300K .......... .......... .......... .......... .......... 88% 48.8M 2s
 47350K .......... .......... .......... .......... .......... 88% 51.2M 2s
 47400K .......... .......... .......... .......... .......... 88% 44.5M 1s
 47450K .......... .......... .......... .......... .......... 88% 53.3M 1s
 47500K .......... .......... .......... .......... .......... 88% 71.3M 1s
 47550K .......... .......... .......... .......... .......... 88%  212K 1s
 47600K .......... .......... .......... .......... .......... 88% 50.7M 1s
 47650K .......... .......... .......... .......... .......... 89% 51.7M 1s
 47700K .......... .......... .......... .......... .......... 89% 50.6M 1s
 47750K .......... .......... .......... .......... .......... 89% 49.3M 1s
 47800K .......... .......... .......... .......... .......... 89% 53.3M 1s
 47850K .......... .......... .......... .......... .......... 89% 54.0M 1s
 47900K .......... .......... .......... .......... .......... 89%  143M 1s
 47950K .......... .......... .......... .......... .......... 89% 58.5M 1s
 48000K .......... .......... .......... .......... .......... 89%  212K 1s
 48050K .......... .......... .......... .......... .......... 89% 70.9M 1s
 48100K .......... .......... .......... .......... .......... 89% 52.9M 1s
 48150K .......... .......... .......... .......... .......... 89% 47.3M 1s
 48200K .......... .......... .......... .......... .......... 90% 83.2M 1s
 48250K .......... .......... .......... .......... .......... 90%  214K 1s
 48300K .......... .......... .......... .......... .......... 90% 49.7M 1s
 48350K .......... .......... .......... .......... .......... 90% 51.0M 1s
 48400K .......... .......... .......... .......... .......... 90% 55.0M 1s
 48450K .......... .......... .......... .......... .......... 90% 50.2M 1s
 48500K .......... .......... .......... .......... .......... 90% 50.2M 1s
 48550K .......... .......... .......... .......... .......... 90% 48.0M 1s
 48600K .......... .......... .......... .......... .......... 90%  508M 1s
 48650K .......... .......... .......... .......... .......... 90% 53.1M 1s
 48700K .......... .......... .......... .......... .......... 91% 51.0M 1s
 48750K .......... .......... .......... .......... .......... 91% 51.1M 1s
 48800K .......... .......... .......... .......... .......... 91% 50.3M 1s
 48850K .......... .......... .......... .......... .......... 91% 49.4M 1s
 48900K .......... .......... .......... .......... .......... 91% 51.7M 1s
 48950K .......... .......... .......... .......... .......... 91% 45.1M 1s
 49000K .......... .......... .......... .......... .......... 91% 59.1M 1s
 49050K .......... .......... .......... .......... .......... 91% 49.9M 1s
 49100K .......... .......... .......... .......... .......... 91%  607M 1s
 49150K .......... .......... .......... .......... .......... 91% 53.4M 1s
 49200K .......... .......... .......... .......... .......... 91% 33.6M 1s
 49250K .......... .......... .......... .......... .......... 92%  107M 1s
 49300K .......... .......... .......... .......... .......... 92% 48.5M 1s
 49350K .......... .......... .......... .......... .......... 92% 50.8M 1s
 49400K .......... .......... .......... .......... .......... 92% 52.6M 1s
 49450K .......... .......... .......... .......... .......... 92% 66.5M 1s
 49500K .......... .......... .......... .......... .......... 92% 50.9M 1s
 49550K .......... .......... .......... .......... .......... 92% 49.0M 1s
 49600K .......... .......... .......... .......... .......... 92%  185M 1s
 49650K .......... .......... .......... .......... .......... 92% 52.7M 1s
 49700K .......... .......... .......... .......... .......... 92% 27.1M 1s
 49750K .......... .......... .......... .......... .......... 92%  351M 1s
 49800K .......... .......... .......... .......... .......... 93% 49.4M 1s
 49850K .......... .......... .......... .......... .......... 93% 51.8M 1s
 49900K .......... .......... .......... .......... .......... 93% 49.8M 1s
 49950K .......... .......... .......... .......... .......... 93% 48.1M 1s
 50000K .......... .......... .......... .......... .......... 93% 51.7M 1s
 50050K .......... .......... .......... .......... .......... 93% 51.4M 1s
 50100K .......... .......... .......... .......... .......... 93% 30.5M 1s
 50150K .......... .......... .......... .......... .......... 93%  138M 1s
 50200K .......... .......... .......... .......... .......... 93% 48.5M 1s
 50250K .......... .......... .......... .......... .......... 93%  381M 1s
 50300K .......... .......... .......... .......... .......... 94% 54.1M 1s
 50350K .......... .......... .......... .......... .......... 94% 52.7M 1s
 50400K .......... .......... .......... .......... .......... 94% 48.0M 1s
 50450K .......... .......... .......... .......... .......... 94% 53.5M 1s
 50500K .......... .......... .......... .......... .......... 94% 54.0M 1s
 50550K .......... .......... .......... .......... .......... 94%  221K 1s
 50600K .......... .......... .......... .......... .......... 94% 64.3M 1s
 50650K .......... .......... .......... .......... .......... 94% 51.0M 1s
 50700K .......... .......... .......... .......... .......... 94% 47.9M 1s
 50750K .......... .......... .......... .......... .......... 94% 54.7M 1s
 50800K .......... .......... .......... .......... .......... 94% 59.4M 1s
 50850K .......... .......... .......... .......... .......... 95%  207K 1s
 50900K .......... .......... .......... .......... .......... 95% 72.1M 1s
 50950K .......... .......... .......... .......... .......... 95% 54.1M 1s
 51000K .......... .......... .......... .......... .......... 95% 50.5M 1s
 51050K .......... .......... .......... .......... .......... 95% 68.4M 1s
 51100K .......... .......... .......... .......... .......... 95% 49.6M 1s
 51150K .......... .......... .......... .......... .......... 95% 47.7M 1s
 51200K .......... .......... .......... .......... .......... 95% 50.0M 1s
 51250K .......... .......... .......... .......... .......... 95% 47.0M 1s
 51300K .......... .......... .......... .......... .......... 95%  318M 1s
 51350K .......... .......... .......... .......... .......... 95% 50.1M 1s
 51400K .......... .......... .......... .......... .......... 96% 54.9M 1s
 51450K .......... .......... .......... .......... .......... 96% 48.9M 1s
 51500K .......... .......... .......... .......... .......... 96% 49.9M 1s
 51550K .......... .......... .......... .......... .......... 96% 49.0M 0s
 51600K .......... .......... .......... .......... .......... 96% 48.3M 0s
 51650K .......... .......... .......... .......... .......... 96% 51.9M 0s
 51700K .......... .......... .......... .......... .......... 96% 52.6M 0s
 51750K .......... .......... .......... .......... .......... 96% 47.4M 0s
 51800K .......... .......... .......... .......... .......... 96% 49.6M 0s
 51850K .......... .......... .......... .......... .......... 96%  751M 0s
 51900K .......... .......... .......... .......... .......... 96% 53.6M 0s
 51950K .......... .......... .......... .......... .......... 97% 49.8M 0s
 52000K .......... .......... .......... .......... .......... 97% 51.4M 0s
 52050K .......... .......... .......... .......... .......... 97% 49.9M 0s
 52100K .......... .......... .......... .......... .......... 97% 54.5M 0s
 52150K .......... .......... .......... .......... .......... 97%  220K 0s
 52200K .......... .......... .......... .......... .......... 97% 53.8M 0s
 52250K .......... .......... .......... .......... .......... 97%  139M 0s
 52300K .......... .......... .......... .......... .......... 97% 49.9M 0s
 52350K .......... .......... .......... .......... .......... 97% 63.3M 0s
 52400K .......... .......... .......... .......... .......... 97%  199K 0s
 52450K .......... .......... .......... .......... .......... 98%  276M 0s
 52500K .......... .......... .......... .......... .......... 98%  186K 0s
 52550K .......... .......... .......... .......... .......... 98%  427M 0s
 52600K .......... .......... .......... .......... .......... 98%  736M 0s
 52650K .......... .......... .......... .......... .......... 98%  638M 0s
 52700K .......... .......... .......... .......... .......... 98%  420M 0s
 52750K .......... .......... .......... .......... .......... 98%  204K 0s
 52800K .......... .......... .......... .......... .......... 98% 39.2M 0s
 52850K .......... .......... .......... .......... .......... 98%  159M 0s
 52900K .......... .......... .......... .......... .......... 98% 50.5M 0s
 52950K .......... .......... .......... .......... .......... 98% 51.0M 0s
 53000K .......... .......... .......... .......... .......... 99% 61.6M 0s
 53050K .......... .......... .......... .......... .......... 99% 32.6M 0s
 53100K .......... .......... .......... .......... .......... 99%  104M 0s
 53150K .......... .......... .......... .......... .......... 99% 48.5M 0s
 53200K .......... .......... .......... .......... .......... 99% 47.8M 0s
 53250K .......... .......... .......... .......... .......... 99% 49.6M 0s
 53300K .......... .......... .......... .......... .......... 99% 48.9M 0s
 53350K .......... .......... .......... .......... .......... 99%  688M 0s
 53400K .......... .......... .......... .......... .......... 99% 40.9M 0s
 53450K .......... .......... .......... .......... .......... 99% 66.9M 0s
 53500K .......... .......... .......... .......... .......... 99% 59.2M 0s
 53550K .......... ...                                        100%  738M=14s

2026-09-15 14:15:40 (3.77 MB/s) - ‘datasets/q7-ur5/records.tar.gz’ saved [54848824/54848824]

