#0 building with "default" instance using docker driver

#1 [internal] load build definition from Dockerfile
#1 transferring dockerfile: 536B done
#1 DONE 0.0s

#2 [internal] load metadata for docker.io/library/python:3.11.14-slim-bookworm@sha256:65a93d69fa75478d554f4ad27c85c1e69fa184956261b4301ebaf6dbb0a3543d
#2 ...

#3 [auth] library/python:pull token for registry-1.docker.io
#3 DONE 0.0s

#2 [internal] load metadata for docker.io/library/python:3.11.14-slim-bookworm@sha256:65a93d69fa75478d554f4ad27c85c1e69fa184956261b4301ebaf6dbb0a3543d
#2 DONE 1.1s

#4 [internal] load .dockerignore
#4 transferring context: 2B done
#4 DONE 0.0s

#5 [1/4] FROM docker.io/library/python:3.11.14-slim-bookworm@sha256:65a93d69fa75478d554f4ad27c85c1e69fa184956261b4301ebaf6dbb0a3543d
#5 resolve docker.io/library/python:3.11.14-slim-bookworm@sha256:65a93d69fa75478d554f4ad27c85c1e69fa184956261b4301ebaf6dbb0a3543d 0.0s done
#5 DONE 0.0s

#6 [internal] load build context
#6 transferring context: 141B done
#6 DONE 0.0s

#5 [1/4] FROM docker.io/library/python:3.11.14-slim-bookworm@sha256:65a93d69fa75478d554f4ad27c85c1e69fa184956261b4301ebaf6dbb0a3543d
#5 CACHED

#7 [2/4] COPY requirements.lock /opt/requirements.lock
#7 DONE 0.0s

#8 [3/4] RUN python -m pip install --no-cache-dir --no-deps --report /opt/install.json -r /opt/requirements.lock && python -m pip check
#8 1.009 Collecting numpy==1.26.4 (from -r /opt/requirements.lock (line 1))
#8 1.034   Downloading numpy-1.26.4-cp311-cp311-manylinux_2_17_x86_64.manylinux2014_x86_64.whl.metadata (61 kB)
#8 1.042      ━━━━━━━━━━━━━━━━━━━━━━━━━━━━━━━━━━━━━━━━ 61.0/61.0 kB 7.6 MB/s eta 0:00:00
#8 1.105 Collecting pandas==2.2.3 (from -r /opt/requirements.lock (line 2))
#8 1.109   Downloading pandas-2.2.3-cp311-cp311-manylinux_2_17_x86_64.manylinux2014_x86_64.whl.metadata (89 kB)
#8 1.111      ━━━━━━━━━━━━━━━━━━━━━━━━━━━━━━━━━━━━━━━━ 89.9/89.9 kB 55.2 MB/s eta 0:00:00
#8 1.141 Collecting python-dateutil==2.9.0.post0 (from -r /opt/requirements.lock (line 3))
#8 1.144   Downloading python_dateutil-2.9.0.post0-py2.py3-none-any.whl.metadata (8.4 kB)
#8 1.165 Collecting pytz==2025.2 (from -r /opt/requirements.lock (line 4))
#8 1.168   Downloading pytz-2025.2-py2.py3-none-any.whl.metadata (22 kB)
#8 1.177 Collecting tzdata==2025.2 (from -r /opt/requirements.lock (line 5))
#8 1.182   Downloading tzdata-2025.2-py2.py3-none-any.whl.metadata (1.4 kB)
#8 1.190 Collecting six==1.17.0 (from -r /opt/requirements.lock (line 6))
#8 1.193   Downloading six-1.17.0-py2.py3-none-any.whl.metadata (1.7 kB)
#8 1.202 Downloading numpy-1.26.4-cp311-cp311-manylinux_2_17_x86_64.manylinux2014_x86_64.whl (18.3 MB)
#8 2.202    ━━━━━━━━━━━━━━━━━━━━━━━━━━━━━━━━━━━━━━━━ 18.3/18.3 MB 11.7 MB/s eta 0:00:00
#8 2.206 Downloading pandas-2.2.3-cp311-cp311-manylinux_2_17_x86_64.manylinux2014_x86_64.whl (13.1 MB)
#8 3.166    ━━━━━━━━━━━━━━━━━━━━━━━━━━━━━━━━━━━━━━━━ 13.1/13.1 MB 46.7 MB/s eta 0:00:00
#8 3.170 Downloading python_dateutil-2.9.0.post0-py2.py3-none-any.whl (229 kB)
#8 3.173    ━━━━━━━━━━━━━━━━━━━━━━━━━━━━━━━━━━━━━━━━ 229.9/229.9 kB 88.0 MB/s eta 0:00:00
#8 3.177 Downloading pytz-2025.2-py2.py3-none-any.whl (509 kB)
#8 3.185    ━━━━━━━━━━━━━━━━━━━━━━━━━━━━━━━━━━━━━━━━ 509.2/509.2 kB 72.3 MB/s eta 0:00:00
#8 3.188 Downloading tzdata-2025.2-py2.py3-none-any.whl (347 kB)
#8 3.195    ━━━━━━━━━━━━━━━━━━━━━━━━━━━━━━━━━━━━━━━━ 347.8/347.8 kB 72.1 MB/s eta 0:00:00
#8 3.198 Downloading six-1.17.0-py2.py3-none-any.whl (11 kB)
#8 3.249 Installing collected packages: pytz, tzdata, six, python-dateutil, pandas, numpy
#8 6.132 WARNING: Running pip as the 'root' user can result in broken permissions and conflicting behaviour with the system package manager. It is recommended to use a virtual environment instead: https://pip.pypa.io/warnings/venv
#8 6.132 Successfully installed numpy-1.26.4 pandas-2.2.3 python-dateutil-2.9.0.post0 pytz-2025.2 six-1.17.0 tzdata-2025.2
#8 6.179 
#8 6.179 [notice] A new release of pip is available: 24.0 -> 26.2.1
#8 6.179 [notice] To update, run: pip install --upgrade pip
#8 6.904 No broken requirements found.
#8 DONE 7.0s

#9 [4/4] WORKDIR /study
#9 DONE 0.1s

#10 exporting to image
#10 exporting layers
#10 exporting layers 4.0s done
#10 exporting manifest sha256:cc813d7639d0b81ba061a42795522374627081e3c7b3fb20e778ecbad1494ce0 0.0s done
#10 exporting config sha256:9858b3428c07a46c542ebc988a7f21ea9d36c18ec41fc00c40dbed65dcc310cc 0.0s done
#10 exporting attestation manifest sha256:a10f4d76eb461f82a89c0b189bac158db35bd91861fe06b0440f9300efa2b67c 0.1s done
#10 exporting manifest list sha256:30d669fb7787bc37e92a2152e79bf84e4f72b4576d649a4308a656bfafd27030
#10 exporting manifest list sha256:30d669fb7787bc37e92a2152e79bf84e4f72b4576d649a4308a656bfafd27030 0.0s done
#10 naming to docker.io/library/research3-cd2-episodes:v1 done
#10 unpacking to docker.io/library/research3-cd2-episodes:v1
#10 unpacking to docker.io/library/research3-cd2-episodes:v1 0.6s done
#10 DONE 4.8s
