{
  "time": "2026-09-18T11:01:24.717319+09:00",
  "containers": [
    {
      "container_id": "bb280815c828c3274b3199089a1630a1d04be34ec4a9b96bd99158498a890635",
      "name": "research3_q4_goal_analyze_20260918_110004",
      "stage": "goal_analyze",
      "run_id": "20260918_goal_v1",
      "receipt": "runs/q4-planning/20260918_goal_v1/containers/research3_q4_goal_analyze_20260918_110004.json",
      "log": "logs/20260918_110004_q4_goal_analyze.log",
      "exit_code": 0,
      "removed": true
    },
    {
      "container_id": "731273b0e812a193ddf710d3e852a987d8487d42a166beef2b5d9a4a00024d1d",
      "name": "research3_q4_goal_prepare_20260918_110001",
      "stage": "goal_prepare",
      "run_id": "20260918_goal_v1",
      "receipt": "runs/q4-planning/20260918_goal_v1/containers/research3_q4_goal_prepare_20260918_110001.json",
      "log": "logs/20260918_110001_q4_goal_prepare.log",
      "exit_code": 0,
      "removed": true
    },
    {
      "container_id": "8c01ee061bdf8ddec9aa4f2c9752c394555108d707be0700116b25dadd6fe5b0",
      "name": "research3_q4_goal_verify_20260918_110003",
      "stage": "goal_verify",
      "run_id": "20260918_goal_v1",
      "receipt": "runs/q4-planning/20260918_goal_v1/containers/research3_q4_goal_verify_20260918_110003.json",
      "log": "logs/20260918_110003_q4_goal_verify.log",
      "exit_code": 0,
      "removed": true
    },
    {
      "container_id": "3b2fb625b1854cc16809dcad59095b2ba8edc16c6697da51b8bd8f739e944791",
      "name": "research3_q4_run_20260918_110001",
      "stage": "run",
      "run_id": "20260918_goal_v1",
      "receipt": "runs/q4-planning/20260918_goal_v1/containers/research3_q4_run_20260918_110001.json",
      "log": "logs/20260918_110001_q4_run.log",
      "exit_code": 0,
      "removed": true
    }
  ],
  "verified_output_files": 113,
  "image_retained": "research3-q4-planning:v1",
  "scope": "Only exact IDs with creation receipts and verified workspace/run mounts. Other containers/images/data untouched."
}
