6066042d5ffcae2e024ff897f5252a857a20cbe6a3d5fd593286623c44dbda6d
{
  "counts": {
    "subsets": 1600,
    "scores": 6400,
    "gaps": 3200
  },
  "reference": {
    "success": {
      "task_means": {
        "DiT_DP_single_task": [
          0.28,
          0.08,
          0.14,
          0.08,
          0.0
        ],
        "DiT_DP_stage5_finetune": [
          0.18,
          0.06,
          0.44,
          0.18,
          0.38
        ]
      },
      "global_means": {
        "DiT_DP_single_task": 0.11600000000000002,
        "DiT_DP_stage5_finetune": 0.248
      },
      "task_gaps": [
        -0.10000000000000003,
        -0.020000000000000004,
        0.3,
        0.09999999999999999,
        0.38
      ],
      "global_gap": 0.13199999999999998
    },
    "progress": {
      "task_means": {
        "DiT_DP_single_task": [
          0.6015384615384616,
          0.4057142857142857,
          0.43714285714285717,
          0.6128571428571429,
          0.465
        ],
        "DiT_DP_stage5_finetune": [
          0.5723076923076923,
          0.6171428571428571,
          0.8085714285714286,
          0.78,
          0.85
        ]
      },
      "global_means": {
        "DiT_DP_single_task": 0.5044505494505495,
        "DiT_DP_stage5_finetune": 0.7256043956043956
      },
      "task_gaps": [
        -0.029230769230769282,
        0.2114285714285714,
        0.37142857142857144,
        0.16714285714285715,
        0.38499999999999995
      ],
      "global_gap": 0.22115384615384612
    }
  },
  "seconds": 0.2809494179673493
}
