Traceback (most recent call last):
  File "/study/main.py", line 91, in <module>
    if __name__=='__main__':main()
                            ^^^^^^
  File "/study/main.py", line 87, in main
    if a.stage=='develop':run_develop(out)
                          ^^^^^^^^^^^^^^^^
  File "/study/main.py", line 74, in run_develop
    env=make_env();summary=[]
        ^^^^^^^^^^
  File "/study/task.py", line 32, in make_env
    return gym.make('Q16DynamicCube-v1', num_envs=1, obs_mode='none', reward_mode='none',
           ^^^^^^^^^^^^^^^^^^^^^^^^^^^^^^^^^^^^^^^^^^^^^^^^^^^^^^^^^^^^^^^^^^^^^^^^^^^^^^
  File "/usr/local/lib/python3.11/site-packages/gymnasium/envs/registration.py", line 802, in make
    env = env_creator(**env_spec_kwargs)
          ^^^^^^^^^^^^^^^^^^^^^^^^^^^^^^
  File "/usr/local/lib/python3.11/site-packages/mani_skill/utils/registration.py", line 182, in make
    env = env_spec.make(**kwargs)
          ^^^^^^^^^^^^^^^^^^^^^^^
  File "/usr/local/lib/python3.11/site-packages/mani_skill/utils/registration.py", line 79, in make
    return self.cls(**_kwargs)
           ^^^^^^^^^^^^^^^^^^^
  File "/usr/local/lib/python3.11/site-packages/mani_skill/envs/tasks/tabletop/pick_cube.py", line 64, in __init__
    super().__init__(*args, robot_uids=robot_uids, **kwargs)
  File "/usr/local/lib/python3.11/site-packages/mani_skill/envs/sapien_env.py", line 327, in __init__
    obs, _ = self.reset(seed=[2022 + i for i in range(self.num_envs)], options=dict(reconfigure=True))
             ^^^^^^^^^^^^^^^^^^^^^^^^^^^^^^^^^^^^^^^^^^^^^^^^^^^^^^^^^^^^^^^^^^^^^^^^^^^^^^^^^^^^^^^^^
  File "/usr/local/lib/python3.11/site-packages/mani_skill/envs/sapien_env.py", line 913, in reset
    self._reconfigure(options)
  File "/usr/local/lib/python3.11/site-packages/mani_skill/envs/sapien_env.py", line 743, in _reconfigure
    self._load_scene(options)
  File "/study/task.py", line 22, in _load_scene
    super()._load_scene(options)
  File "/usr/local/lib/python3.11/site-packages/mani_skill/envs/tasks/tabletop/pick_cube.py", line 88, in _load_scene
    self.cube = actors.build_cube(
                ^^^^^^^^^^^^^^^^^^
  File "/usr/local/lib/python3.11/site-packages/mani_skill/utils/building/actors/common.py", line 87, in build_cube
    material=sapien.render.RenderMaterial(
             ^^^^^^^^^^^^^^^^^^^^^^^^^^^^^
RuntimeError: failed to find a rendering device
