--2026-09-23 12:41:02--  https://huggingface.co/datasets/haosulab/ManiSkill_Demonstrations/resolve/bedb31208d5a03f343c2fbe329744856d7869724/demos/PushT-v1.zip?download=true
Resolving huggingface.co (huggingface.co)... 3.168.178.58, 3.168.178.122, 3.168.178.31, ...
Connecting to huggingface.co (huggingface.co)|3.168.178.58|:443... connected.
HTTP request sent, awaiting response... 302 Found
Location: https://us.aws.cdn.hf.co/xet-bridge-us/672eba4d94fbf2ea460eb573/866e03472a08ee3fa92d41dd93bb38f3165fd136402969d50fa3f8d22df7be40?response-content-type=application%2Fzip&X-Xet-Cas-Uid=public&response-content-disposition=attachment%3B+filename*%3DUTF-8%27%27PushT-v1.zip%3B+filename%3D%22PushT-v1.zip%22%3B&user_id=public&Expires=1790138463&Policy=eyJTdGF0ZW1lbnQiOlt7IlJlc291cmNlIjoiaHR0cHM6Ly91cy5hd3MuY2RuLmhmLmNvL3hldC1icmlkZ2UtdXMvNjcyZWJhNGQ5NGZiZjJlYTQ2MGViNTczLzg2NmUwMzQ3MmEwOGVlM2ZhOTJkNDFkZDkzYmIzOGYzMTY1ZmQxMzY0MDI5NjlkNTBmYTNmOGQyMmRmN2JlNDBcXD9yZXNwb25zZS1jb250ZW50LXR5cGU9YXBwbGljYXRpb24lMkZ6aXAmWC1YZXQtQ2FzLVVpZD1wdWJsaWMmcmVzcG9uc2UtY29udGVudC1kaXNwb3NpdGlvbj1hdHRhY2htZW50JTNCK2ZpbGVuYW1lJTJBJTNEVVRGLTglMjclMjdQdXNoVC12MS56aXAlM0IrZmlsZW5hbWUlM0QlMjJQdXNoVC12MS56aXAlMjIlM0ImdXNlcl9pZD1wdWJsaWMiLCJDb25kaXRpb24iOnsiRGF0ZUxlc3NUaGFuIjp7IkVwb2NoVGltZSI6MTc5MDEzODQ2M319fV19&Signature=MEYCIQDSgdsLm9XhVAzYcUXFDYCAzE8iupv5WRcetrEhXWBtNQIhAOE%7EutjruADjP7wqG26dH27DszhxKF2AWTnJC5GCWrK6&Key-Pair-Id=01KXEF4KZ1B6FV465MAWR4M21F&Hash-Algorithm=SHA256 [following]
--2026-09-23 12:41:03--  https://us.aws.cdn.hf.co/xet-bridge-us/672eba4d94fbf2ea460eb573/866e03472a08ee3fa92d41dd93bb38f3165fd136402969d50fa3f8d22df7be40?response-content-type=application%2Fzip&X-Xet-Cas-Uid=public&response-content-disposition=attachment%3B+filename*%3DUTF-8%27%27PushT-v1.zip%3B+filename%3D%22PushT-v1.zip%22%3B&user_id=public&Expires=1790138463&Policy=eyJTdGF0ZW1lbnQiOlt7IlJlc291cmNlIjoiaHR0cHM6Ly91cy5hd3MuY2RuLmhmLmNvL3hldC1icmlkZ2UtdXMvNjcyZWJhNGQ5NGZiZjJlYTQ2MGViNTczLzg2NmUwMzQ3MmEwOGVlM2ZhOTJkNDFkZDkzYmIzOGYzMTY1ZmQxMzY0MDI5NjlkNTBmYTNmOGQyMmRmN2JlNDBcXD9yZXNwb25zZS1jb250ZW50LXR5cGU9YXBwbGljYXRpb24lMkZ6aXAmWC1YZXQtQ2FzLVVpZD1wdWJsaWMmcmVzcG9uc2UtY29udGVudC1kaXNwb3NpdGlvbj1hdHRhY2htZW50JTNCK2ZpbGVuYW1lJTJBJTNEVVRGLTglMjclMjdQdXNoVC12MS56aXAlM0IrZmlsZW5hbWUlM0QlMjJQdXNoVC12MS56aXAlMjIlM0ImdXNlcl9pZD1wdWJsaWMiLCJDb25kaXRpb24iOnsiRGF0ZUxlc3NUaGFuIjp7IkVwb2NoVGltZSI6MTc5MDEzODQ2M319fV19&Signature=MEYCIQDSgdsLm9XhVAzYcUXFDYCAzE8iupv5WRcetrEhXWBtNQIhAOE%7EutjruADjP7wqG26dH27DszhxKF2AWTnJC5GCWrK6&Key-Pair-Id=01KXEF4KZ1B6FV465MAWR4M21F&Hash-Algorithm=SHA256
Resolving us.aws.cdn.hf.co (us.aws.cdn.hf.co)... 3.0.71.232, 52.221.162.66, 47.131.129.243, ...
Connecting to us.aws.cdn.hf.co (us.aws.cdn.hf.co)|3.0.71.232|:443... connected.
HTTP request sent, awaiting response... 200 OK
Length: 35715188 (34M) [application/zip]
Saving to: ‘/home/yoohyun/research3/runs/q16/task_audit/demos/PushT-v1.zip’

     0K .......... .......... .......... .......... ..........  0%  125K 4m38s
    50K .......... .......... .......... .......... ..........  0%  983K 2m37s
   100K .......... .......... .......... .......... ..........  0% 1.29M 1m53s
   150K .......... .......... .......... .......... ..........  0% 2.04M 89s
   200K .......... .......... .......... .......... ..........  0% 2.32M 74s
   250K .......... .......... .......... .......... ..........  0% 2.70M 64s
   300K .......... .......... .......... .......... ..........  1% 3.34M 56s
   350K .......... .......... .......... .......... ..........  1% 3.90M 50s
   400K .......... .......... .......... .......... ..........  1% 3.41M 45s
   450K .......... .......... .......... .......... ..........  1% 5.39M 41s
   500K .......... .......... .......... .......... ..........  1% 5.71M 38s
   550K .......... .......... .......... .......... ..........  1% 5.81M 35s
   600K .......... .......... .......... .......... ..........  1% 6.95M 33s
   650K .......... .......... .......... .......... ..........  2% 6.55M 31s
   700K .......... .......... .......... .......... ..........  2% 7.89M 29s
   750K .......... .......... .......... .......... ..........  2% 7.65M 28s
   800K .......... .......... .......... .......... ..........  2% 6.34M 26s
   850K .......... .......... .......... .......... ..........  2% 8.71M 25s
   900K .......... .......... .......... .......... ..........  2% 10.9M 24s
   950K .......... .......... .......... .......... ..........  2% 8.99M 23s
  1000K .......... .......... .......... .......... ..........  3% 13.1M 22s
  1050K .......... .......... .......... .......... ..........  3% 10.9M 21s
  1100K .......... .......... .......... .......... ..........  3% 10.6M 20s
  1150K .......... .......... .......... .......... ..........  3% 13.0M 19s
  1200K .......... .......... .......... .......... ..........  3% 10.9M 19s
  1250K .......... .......... .......... .......... ..........  3% 12.9M 18s
  1300K .......... .......... .......... .......... ..........  3% 13.4M 17s
  1350K .......... .......... .......... .......... ..........  4% 14.7M 17s
  1400K .......... .......... .......... .......... ..........  4% 17.2M 16s
  1450K .......... .......... .......... .......... ..........  4% 13.4M 16s
  1500K .......... .......... .......... .......... ..........  4% 17.4M 15s
  1550K .......... .......... .......... .......... ..........  4% 17.4M 15s
  1600K .......... .......... .......... .......... ..........  4% 13.0M 14s
  1650K .......... .......... .......... .......... ..........  4% 16.7M 14s
  1700K .......... .......... .......... .......... ..........  5% 17.3M 14s
  1750K .......... .......... .......... .......... ..........  5% 27.1M 13s
  1800K .......... .......... .......... .......... ..........  5% 14.5M 13s
  1850K .......... .......... .......... .......... ..........  5% 21.5M 13s
  1900K .......... .......... .......... .......... ..........  5% 16.3M 12s
  1950K .......... .......... .......... .......... ..........  5% 18.7M 12s
  2000K .......... .......... .......... .......... ..........  5% 16.5M 12s
  2050K .......... .......... .......... .......... ..........  6% 27.8M 12s
  2100K .......... .......... .......... .......... ..........  6% 26.1M 11s
  2150K .......... .......... .......... .......... ..........  6% 18.1M 11s
  2200K .......... .......... .......... .......... ..........  6% 28.0M 11s
  2250K .......... .......... .......... .......... ..........  6% 25.8M 11s
  2300K .......... .......... .......... .......... ..........  6% 25.2M 10s
  2350K .......... .......... .......... .......... ..........  6% 26.6M 10s
  2400K .......... .......... .......... .......... ..........  7% 13.4M 10s
  2450K .......... .......... .......... .......... ..........  7% 27.1M 10s
  2500K .......... .......... .......... .......... ..........  7% 35.9M 10s
  2550K .......... .......... .......... .......... ..........  7% 22.1M 9s
  2600K .......... .......... .......... .......... ..........  7% 29.6M 9s
  2650K .......... .......... .......... .......... ..........  7% 33.3M 9s
  2700K .......... .......... .......... .......... ..........  7% 37.7M 9s
  2750K .......... .......... .......... .......... ..........  8% 22.1M 9s
  2800K .......... .......... .......... .......... ..........  8% 20.6M 9s
  2850K .......... .......... .......... .......... ..........  8% 25.9M 9s
  2900K .......... .......... .......... .......... ..........  8% 42.8M 8s
  2950K .......... .......... .......... .......... ..........  8% 29.1M 8s
  3000K .......... .......... .......... .......... ..........  8% 53.5M 8s
  3050K .......... .......... .......... .......... ..........  8% 25.2M 8s
  3100K .......... .......... .......... .......... ..........  9% 26.3M 8s
  3150K .......... .......... .......... .......... ..........  9% 49.8M 8s
  3200K .......... .......... .......... .......... ..........  9% 25.9M 8s
  3250K .......... .......... .......... .......... ..........  9% 47.1M 7s
  3300K .......... .......... .......... .......... ..........  9% 28.8M 7s
  3350K .......... .......... .......... .......... ..........  9% 43.5M 7s
  3400K .......... .......... .......... .......... ..........  9% 25.7M 7s
  3450K .......... .......... .......... .......... .......... 10% 97.5M 7s
  3500K .......... .......... .......... .......... .......... 10% 26.9M 7s
  3550K .......... .......... .......... .......... .......... 10% 37.5M 7s
  3600K .......... .......... .......... .......... .......... 10% 32.9M 7s
  3650K .......... .......... .......... .......... .......... 10% 53.4M 7s
  3700K .......... .......... .......... .......... .......... 10% 20.5M 7s
  3750K .......... .......... .......... .......... .......... 10% 52.7M 7s
  3800K .......... .......... .......... .......... .......... 11% 23.8M 6s
  3850K .......... .......... .......... .......... .......... 11% 90.3M 6s
  3900K .......... .......... .......... .......... .......... 11% 66.1M 6s
  3950K .......... .......... .......... .......... .......... 11% 34.9M 6s
  4000K .......... .......... .......... .......... .......... 11% 25.6M 6s
  4050K .......... .......... .......... .......... .......... 11% 49.5M 6s
  4100K .......... .......... .......... .......... .......... 11% 50.2M 6s
  4150K .......... .......... .......... .......... .......... 12% 49.6M 6s
  4200K .......... .......... .......... .......... .......... 12% 57.1M 6s
  4250K .......... .......... .......... .......... .......... 12% 26.7M 6s
  4300K .......... .......... .......... .......... .......... 12% 36.9M 6s
  4350K .......... .......... .......... .......... .......... 12% 45.3M 6s
  4400K .......... .......... .......... .......... .......... 12% 62.6M 6s
  4450K .......... .......... .......... .......... .......... 12% 53.4M 5s
  4500K .......... .......... .......... .......... .......... 13% 36.3M 5s
  4550K .......... .......... .......... .......... .......... 13% 94.4M 5s
  4600K .......... .......... .......... .......... .......... 13% 53.5M 5s
  4650K .......... .......... .......... .......... .......... 13% 35.5M 5s
  4700K .......... .......... .......... .......... .......... 13% 51.1M 5s
  4750K .......... .......... .......... .......... .......... 13% 41.4M 5s
  4800K .......... .......... .......... .......... .......... 13% 44.8M 5s
  4850K .......... .......... .......... .......... .......... 14% 33.9M 5s
  4900K .......... .......... .......... .......... .......... 14% 52.3M 5s
  4950K .......... .......... .......... .......... .......... 14% 60.4M 5s
  5000K .......... .......... .......... .......... .......... 14% 29.0M 5s
  5050K .......... .......... .......... .......... .......... 14% 67.7M 5s
  5100K .......... .......... .......... .......... .......... 14%  143M 5s
  5150K .......... .......... .......... .......... .......... 14% 38.0M 5s
  5200K .......... .......... .......... .......... .......... 15% 68.7M 5s
  5250K .......... .......... .......... .......... .......... 15% 48.7M 5s
  5300K .......... .......... .......... .......... .......... 15% 69.5M 5s
  5350K .......... .......... .......... .......... .......... 15% 43.6M 5s
  5400K .......... .......... .......... .......... .......... 15% 55.6M 4s
  5450K .......... .......... .......... .......... .......... 15% 69.3M 4s
  5500K .......... .......... .......... .......... .......... 15% 30.6M 4s
  5550K .......... .......... .......... .......... .......... 16%  108M 4s
  5600K .......... .......... .......... .......... .......... 16% 45.5M 4s
  5650K .......... .......... .......... .......... .......... 16%  103M 4s
  5700K .......... .......... .......... .......... .......... 16% 51.2M 4s
  5750K .......... .......... .......... .......... .......... 16% 23.3M 4s
  5800K .......... .......... .......... .......... .......... 16%  158M 4s
  5850K .......... .......... .......... .......... .......... 16%  730K 4s
  5900K .......... .......... .......... .......... .......... 17%  251M 4s
  5950K .......... .......... .......... .......... .......... 17%  447M 4s
  6000K .......... .......... .......... .......... .......... 17%  573M 4s
  6050K .......... .......... .......... .......... .......... 17%  504M 4s
  6100K .......... .......... .......... .......... .......... 17%  508M 4s
  6150K .......... .......... .......... .......... .......... 17%  591M 4s
  6200K .......... .......... .......... .......... .......... 17%  393M 4s
  6250K .......... .......... .......... .......... .......... 18%  422M 4s
  6300K .......... .......... .......... .......... .......... 18%  563M 4s
  6350K .......... .......... .......... .......... .......... 18%  569M 4s
  6400K .......... .......... .......... .......... .......... 18%  284M 4s
  6450K .......... .......... .......... .......... .......... 18%  387M 4s
  6500K .......... .......... .......... .......... .......... 18%  420M 4s
  6550K .......... .......... .......... .......... .......... 18%  462M 4s
  6600K .......... .......... .......... .......... .......... 19%  396M 4s
  6650K .......... .......... .......... .......... .......... 19%  447M 4s
  6700K .......... .......... .......... .......... .......... 19%  942M 4s
  6750K .......... .......... .......... .......... .......... 19%  372M 4s
  6800K .......... .......... .......... .......... .......... 19%  537M 4s
  6850K .......... .......... .......... .......... .......... 19%  410M 4s
  6900K .......... .......... .......... .......... .......... 19%  387M 4s
  6950K .......... .......... .......... .......... .......... 20%  393M 4s
  7000K .......... .......... .......... .......... .......... 20%  752M 4s
  7050K .......... .......... .......... .......... .......... 20%  913M 4s
  7100K .......... .......... .......... .......... .......... 20%  874M 4s
  7150K .......... .......... .......... .......... .......... 20%  902M 4s
  7200K .......... .......... .......... .......... .......... 20%  631M 3s
  7250K .......... .......... .......... .......... .......... 20%  877M 3s
  7300K .......... .......... .......... .......... .......... 21%  904M 3s
  7350K .......... .......... .......... .......... .......... 21%  842M 3s
  7400K .......... .......... .......... .......... .......... 21%  914M 3s
  7450K .......... .......... .......... .......... .......... 21%  920M 3s
  7500K .......... .......... .......... .......... .......... 21%  918M 3s
  7550K .......... .......... .......... .......... .......... 21% 2.25M 3s
  7600K .......... .......... .......... .......... .......... 21%  465M 3s
  7650K .......... .......... .......... .......... .......... 22%  840M 3s
  7700K .......... .......... .......... .......... .......... 22%  702M 3s
  7750K .......... .......... .......... .......... .......... 22%  721M 3s
  7800K .......... .......... .......... .......... .......... 22%  726M 3s
  7850K .......... .......... .......... .......... .......... 22%  711M 3s
  7900K .......... .......... .......... .......... .......... 22%  738M 3s
  7950K .......... .......... .......... .......... .......... 22%  671M 3s
  8000K .......... .......... .......... .......... .......... 23%  638M 3s
  8050K .......... .......... .......... .......... .......... 23%  831M 3s
  8100K .......... .......... .......... .......... .......... 23%  753M 3s
  8150K .......... .......... .......... .......... .......... 23%  737M 3s
  8200K .......... .......... .......... .......... .......... 23%  653M 3s
  8250K .......... .......... .......... .......... .......... 23%  761M 3s
  8300K .......... .......... .......... .......... .......... 23%  739M 3s
  8350K .......... .......... .......... .......... .......... 24%  699M 3s
  8400K .......... .......... .......... .......... .......... 24% 4.94M 3s
  8450K .......... .......... .......... .......... .......... 24%  662M 3s
  8500K .......... .......... .......... .......... .......... 24%  972M 3s
  8550K .......... .......... .......... .......... .......... 24% 1012M 3s
  8600K .......... .......... .......... .......... .......... 24% 1.01G 3s
  8650K .......... .......... .......... .......... .......... 24% 26.8M 3s
  8700K .......... .......... .......... .......... .......... 25%  903M 3s
  8750K .......... .......... .......... .......... .......... 25%  994M 3s
  8800K .......... .......... .......... .......... .......... 25%  744M 3s
  8850K .......... .......... .......... .......... .......... 25%  923M 3s
  8900K .......... .......... .......... .......... .......... 25% 17.3M 3s
  8950K .......... .......... .......... .......... .......... 25%  927M 3s
  9000K .......... .......... .......... .......... .......... 25% 1.01G 3s
  9050K .......... .......... .......... .......... .......... 26% 1.02G 3s
  9100K .......... .......... .......... .......... .......... 26% 1.04G 3s
  9150K .......... .......... .......... .......... .......... 26%  893M 3s
  9200K .......... .......... .......... .......... .......... 26%  610M 3s
  9250K .......... .......... .......... .......... .......... 26%  979M 3s
  9300K .......... .......... .......... .......... .......... 26% 1.02G 3s
  9350K .......... .......... .......... .......... .......... 26%  811M 3s
  9400K .......... .......... .......... .......... .......... 27%  997M 3s
  9450K .......... .......... .......... .......... .......... 27%  996M 3s
  9500K .......... .......... .......... .......... .......... 27%  870M 3s
  9550K .......... .......... .......... .......... .......... 27% 1.03G 3s
  9600K .......... .......... .......... .......... .......... 27%  703M 2s
  9650K .......... .......... .......... .......... .......... 27% 1.00G 2s
  9700K .......... .......... .......... .......... .......... 27% 1024M 2s
  9750K .......... .......... .......... .......... .......... 28% 6.22M 2s
  9800K .......... .......... .......... .......... .......... 28% 53.3M 2s
  9850K .......... .......... .......... .......... .......... 28%  649M 2s
  9900K .......... .......... .......... .......... .......... 28% 1.00G 2s
  9950K .......... .......... .......... .......... .......... 28% 29.4M 2s
 10000K .......... .......... .......... .......... .......... 28%  447M 2s
 10050K .......... .......... .......... .......... .......... 28%  701M 2s
 10100K .......... .......... .......... .......... .......... 29%  482M 2s
 10150K .......... .......... .......... .......... .......... 29%  477M 2s
 10200K .......... .......... .......... .......... .......... 29% 23.9M 2s
 10250K .......... .......... .......... .......... .......... 29%  468M 2s
 10300K .......... .......... .......... .......... .......... 29%  526M 2s
 10350K .......... .......... .......... .......... .......... 29%  610M 2s
 10400K .......... .......... .......... .......... .......... 29%  740M 2s
 10450K .......... .......... .......... .......... .......... 30%  574M 2s
 10500K .......... .......... .......... .......... .......... 30% 24.9M 2s
 10550K .......... .......... .......... .......... .......... 30%  391M 2s
 10600K .......... .......... .......... .......... .......... 30% 33.2M 2s
 10650K .......... .......... .......... .......... .......... 30%  566M 2s
 10700K .......... .......... .......... .......... .......... 30%  564M 2s
 10750K .......... .......... .......... .......... .......... 30%  653M 2s
 10800K .......... .......... .......... .......... .......... 31%  364M 2s
 10850K .......... .......... .......... .......... .......... 31%  494M 2s
 10900K .......... .......... .......... .......... .......... 31%  705M 2s
 10950K .......... .......... .......... .......... .......... 31%  572M 2s
 11000K .......... .......... .......... .......... .......... 31%  652M 2s
 11050K .......... .......... .......... .......... .......... 31%  982M 2s
 11100K .......... .......... .......... .......... .......... 31% 1011M 2s
 11150K .......... .......... .......... .......... .......... 32% 56.1K 4s
 11200K .......... .......... .......... .......... .......... 32%  371K 4s
 11250K .......... .......... .......... .......... .......... 32%  416M 4s
 11300K .......... .......... .......... .......... .......... 32%  795M 4s
 11350K .......... .......... .......... .......... .......... 32%  957M 4s
 11400K .......... .......... .......... .......... .......... 32% 1008M 4s
 11450K .......... .......... .......... .......... .......... 32%  875M 4s
 11500K .......... .......... .......... .......... .......... 33%  945M 4s
 11550K .......... .......... .......... .......... .......... 33% 1.01G 4s
 11600K .......... .......... .......... .......... .......... 33%  660M 4s
 11650K .......... .......... .......... .......... .......... 33%  747K 4s
 11700K .......... .......... .......... .......... .......... 33%  209M 4s
 11750K .......... .......... .......... .......... .......... 33%  293M 4s
 11800K .......... .......... .......... .......... .......... 33%  469M 4s
 11850K .......... .......... .......... .......... .......... 34%  497M 4s
 11900K .......... .......... .......... .......... .......... 34%  514M 4s
 11950K .......... .......... .......... .......... .......... 34%  457M 4s
 12000K .......... .......... .......... .......... .......... 34%  390M 4s
 12050K .......... .......... .......... .......... .......... 34%  430M 4s
 12100K .......... .......... .......... .......... .......... 34%  487M 4s
 12150K .......... .......... .......... .......... .......... 34%  505M 4s
 12200K .......... .......... .......... .......... .......... 35%  476M 4s
 12250K .......... .......... .......... .......... .......... 35%  493M 4s
 12300K .......... .......... .......... .......... .......... 35%  503M 4s
 12350K .......... .......... .......... .......... .......... 35%  507M 4s
 12400K .......... .......... .......... .......... .......... 35%  353M 4s
 12450K .......... .......... .......... .......... .......... 35%  508M 4s
 12500K .......... .......... .......... .......... .......... 35%  464M 4s
 12550K .......... .......... .......... .......... .......... 36%  465M 4s
 12600K .......... .......... .......... .......... .......... 36%  506M 4s
 12650K .......... .......... .......... .......... .......... 36%  455M 4s
 12700K .......... .......... .......... .......... .......... 36%  505M 4s
 12750K .......... .......... .......... .......... .......... 36%  499M 4s
 12800K .......... .......... .......... .......... .......... 36%  382M 4s
 12850K .......... .......... .......... .......... .......... 36%  453M 4s
 12900K .......... .......... .......... .......... .......... 37%  485M 3s
 12950K .......... .......... .......... .......... .......... 37%  494M 3s
 13000K .......... .......... .......... .......... .......... 37%  467M 3s
 13050K .......... .......... .......... .......... .......... 37%  482M 3s
 13100K .......... .......... .......... .......... .......... 37%  494M 3s
 13150K .......... .......... .......... .......... .......... 37%  450M 3s
 13200K .......... .......... .......... .......... .......... 37%  381M 3s
 13250K .......... .......... .......... .......... .......... 38%  488M 3s
 13300K .......... .......... .......... .......... .......... 38%  498M 3s
 13350K .......... .......... .......... .......... .......... 38%  466M 3s
 13400K .......... .......... .......... .......... .......... 38%  783K 3s
 13450K .......... .......... .......... .......... .......... 38%  311M 3s
 13500K .......... .......... .......... .......... .......... 38%  363M 3s
 13550K .......... .......... .......... .......... .......... 38%  317M 3s
 13600K .......... .......... .......... .......... .......... 39%  229M 3s
 13650K .......... .......... .......... .......... .......... 39%  393M 3s
 13700K .......... .......... .......... .......... .......... 39%  342M 3s
 13750K .......... .......... .......... .......... .......... 39%  245M 3s
 13800K .......... .......... .......... .......... .......... 39%  488M 3s
 13850K .......... .......... .......... .......... .......... 39%  406M 3s
 13900K .......... .......... .......... .......... .......... 39%  474M 3s
 13950K .......... .......... .......... .......... .......... 40%  511M 3s
 14000K .......... .......... .......... .......... .......... 40%  504M 3s
 14050K .......... .......... .......... .......... .......... 40%  508M 3s
 14100K .......... .......... .......... .......... .......... 40%  466M 3s
 14150K .......... .......... .......... .......... .......... 40%  427M 3s
 14200K .......... .......... .......... .......... .......... 40%  570M 3s
 14250K .......... .......... .......... .......... .......... 40%  575M 3s
 14300K .......... .......... .......... .......... .......... 41%  737M 3s
 14350K .......... .......... .......... .......... .......... 41%  530M 3s
 14400K .......... .......... .......... .......... .......... 41%  404M 3s
 14450K .......... .......... .......... .......... .......... 41%  706M 3s
 14500K .......... .......... .......... .......... .......... 41%  707M 3s
 14550K .......... .......... .......... .......... .......... 41%  703M 3s
 14600K .......... .......... .......... .......... .......... 42%  598M 3s
 14650K .......... .......... .......... .......... .......... 42%  660M 3s
 14700K .......... .......... .......... .......... .......... 42%  774K 3s
 14750K .......... .......... .......... .......... .......... 42%  216M 3s
 14800K .......... .......... .......... .......... .......... 42%  440M 3s
 14850K .......... .......... .......... .......... .......... 42%  399M 3s
 14900K .......... .......... .......... .......... .......... 42%  591M 3s
 14950K .......... .......... .......... .......... .......... 43%  523M 3s
 15000K .......... .......... .......... .......... .......... 43%  445M 3s
 15050K .......... .......... .......... .......... .......... 43%  424M 3s
 15100K .......... .......... .......... .......... .......... 43%  491M 3s
 15150K .......... .......... .......... .......... .......... 43%  368M 3s
 15200K .......... .......... .......... .......... .......... 43%  492M 3s
 15250K .......... .......... .......... .......... .......... 43%  447M 3s
 15300K .......... .......... .......... .......... .......... 44%  463M 3s
 15350K .......... .......... .......... .......... .......... 44%  511M 3s
 15400K .......... .......... .......... .......... .......... 44%  490M 3s
 15450K .......... .......... .......... .......... .......... 44%  483M 3s
 15500K .......... .......... .......... .......... .......... 44%  479M 3s
 15550K .......... .......... .......... .......... .......... 44%  355M 3s
 15600K .......... .......... .......... .......... .......... 44%  455M 3s
 15650K .......... .......... .......... .......... .......... 45%  506M 3s
 15700K .......... .......... .......... .......... .......... 45%  494M 3s
 15750K .......... .......... .......... .......... .......... 45%  447M 3s
 15800K .......... .......... .......... .......... .......... 45%  500M 3s
 15850K .......... .......... .......... .......... .......... 45%  537M 3s
 15900K .......... .......... .......... .......... .......... 45%  517M 3s
 15950K .......... .......... .......... .......... .......... 45%  438M 3s
 16000K .......... .......... .......... .......... .......... 46%  650M 3s
 16050K .......... .......... .......... .......... .......... 46%  644M 3s
 16100K .......... .......... .......... .......... .......... 46%  620M 3s
 16150K .......... .......... .......... .......... .......... 46%  654M 3s
 16200K .......... .......... .......... .......... .......... 46%  654M 3s
 16250K .......... .......... .......... .......... .......... 46%  776K 3s
 16300K .......... .......... .......... .......... .......... 46%  474M 3s
 16350K .......... .......... .......... .......... .......... 47%  527M 3s
 16400K .......... .......... .......... .......... .......... 47%  704M 3s
 16450K .......... .......... .......... .......... .......... 47%  896M 3s
 16500K .......... .......... .......... .......... .......... 47%  540M 3s
 16550K .......... .......... .......... .......... .......... 47%  283M 2s
 16600K .......... .......... .......... .......... .......... 47%  119M 2s
 16650K .......... .......... .......... .......... .......... 47%  268M 2s
 16700K .......... .......... .......... .......... .......... 48%  710M 2s
 16750K .......... .......... .......... .......... .......... 48%  200M 2s
 16800K .......... .......... .......... .......... .......... 48% 88.9M 2s
 16850K .......... .......... .......... .......... .......... 48% 81.1M 2s
 16900K .......... .......... .......... .......... .......... 48% 63.1M 2s
 16950K .......... .......... .......... .......... .......... 48%  132M 2s
 17000K .......... .......... .......... .......... .......... 48% 77.8M 2s
 17050K .......... .......... .......... .......... .......... 49% 65.7M 2s
 17100K .......... .......... .......... .......... .......... 49%  117M 2s
 17150K .......... .......... .......... .......... .......... 49%  805K 2s
 17200K .......... .......... .......... .......... .......... 49%  115M 2s
 17250K .......... .......... .......... .......... .......... 49%  105M 2s
 17300K .......... .......... .......... .......... .......... 49%  104M 2s
 17350K .......... .......... .......... .......... .......... 49%  109M 2s
 17400K .......... .......... .......... .......... .......... 50%  109M 2s
 17450K .......... .......... .......... .......... .......... 50%  104M 2s
 17500K .......... .......... .......... .......... .......... 50% 91.2M 2s
 17550K .......... .......... .......... .......... .......... 50% 90.0M 2s
 17600K .......... .......... .......... .......... .......... 50%  113M 2s
 17650K .......... .......... .......... .......... .......... 50%  103M 2s
 17700K .......... .......... .......... .......... .......... 50% 55.4M 2s
 17750K .......... .......... .......... .......... .......... 51%  517M 2s
 17800K .......... .......... .......... .......... .......... 51% 88.9M 2s
 17850K .......... .......... .......... .......... .......... 51% 95.6M 2s
 17900K .......... .......... .......... .......... .......... 51%  104M 2s
 17950K .......... .......... .......... .......... .......... 51% 99.4M 2s
 18000K .......... .......... .......... .......... .......... 51%  153M 2s
 18050K .......... .......... .......... .......... .......... 51% 69.6M 2s
 18100K .......... .......... .......... .......... .......... 52%  855K 2s
 18150K .......... .......... .......... .......... .......... 52%  203M 2s
 18200K .......... .......... .......... .......... .......... 52% 87.9M 2s
 18250K .......... .......... .......... .......... .......... 52%  109M 2s
 18300K .......... .......... .......... .......... .......... 52%  149M 2s
 18350K .......... .......... .......... .......... .......... 52% 66.9M 2s
 18400K .......... .......... .......... .......... .......... 52%  143M 2s
 18450K .......... .......... .......... .......... .......... 53% 88.8M 2s
 18500K .......... .......... .......... .......... .......... 53% 60.9M 2s
 18550K .......... .......... .......... .......... .......... 53%  100M 2s
 18600K .......... .......... .......... .......... .......... 53%  565M 2s
 18650K .......... .......... .......... .......... .......... 53% 92.6M 2s
 18700K .......... .......... .......... .......... .......... 53%  118M 2s
 18750K .......... .......... .......... .......... .......... 53% 58.0M 2s
 18800K .......... .......... .......... .......... .......... 54%  381M 2s
 18850K .......... .......... .......... .......... .......... 54% 90.0M 2s
 18900K .......... .......... .......... .......... .......... 54% 96.3M 2s
 18950K .......... .......... .......... .......... .......... 54% 69.6M 2s
 19000K .......... .......... .......... .......... .......... 54%  195M 2s
 19050K .......... .......... .......... .......... .......... 54%  153M 2s
 19100K .......... .......... .......... .......... .......... 54% 73.1M 2s
 19150K .......... .......... .......... .......... .......... 55% 88.5M 2s
 19200K .......... .......... .......... .......... .......... 55% 99.9M 2s
 19250K .......... .......... .......... .......... .......... 55% 70.6M 2s
 19300K .......... .......... .......... .......... .......... 55%  555M 2s
 19350K .......... .......... .......... .......... .......... 55% 94.1M 2s
 19400K .......... .......... .......... .......... .......... 55% 70.8M 2s
 19450K .......... .......... .......... .......... .......... 55% 85.3M 2s
 19500K .......... .......... .......... .......... .......... 56%  117M 2s
 19550K .......... .......... .......... .......... .......... 56%  355M 2s
 19600K .......... .......... .......... .......... .......... 56% 74.1M 2s
 19650K .......... .......... .......... .......... .......... 56%  259M 2s
 19700K .......... .......... .......... .......... .......... 56% 48.0M 2s
 19750K .......... .......... .......... .......... .......... 56%  660M 2s
 19800K .......... .......... .......... .......... .......... 56% 85.9M 2s
 19850K .......... .......... .......... .......... .......... 57%  136M 2s
 19900K .......... .......... .......... .......... .......... 57% 58.5M 2s
 19950K .......... .......... .......... .......... .......... 57%  782M 2s
 20000K .......... .......... .......... .......... .......... 57% 81.8M 2s
 20050K .......... .......... .......... .......... .......... 57% 92.9M 2s
 20100K .......... .......... .......... .......... .......... 57% 1019K 2s
 20150K .......... .......... .......... .......... .......... 57% 57.8M 2s
 20200K .......... .......... .......... .......... .......... 58%  137M 2s
 20250K .......... .......... .......... .......... .......... 58% 97.5M 2s
 20300K .......... .......... .......... .......... .......... 58%  724K 2s
 20350K .......... .......... .......... .......... .......... 58% 79.4M 2s
 20400K .......... .......... .......... .......... .......... 58% 55.8M 2s
 20450K .......... .......... .......... .......... .......... 58% 52.6K 2s
 20500K .......... .......... .......... .......... .......... 58%  742K 2s
 20550K .......... .......... .......... .......... .......... 59%  467M 2s
 20600K .......... .......... .......... .......... .......... 59% 1.04G 2s
 20650K .......... .......... .......... .......... .......... 59%  802M 2s
 20700K .......... .......... .......... .......... .......... 59%  976M 2s
 20750K .......... .......... .......... .......... .......... 59%  655M 2s
 20800K .......... .......... .......... .......... .......... 59%  971M 2s
 20850K .......... .......... .......... .......... .......... 59% 1.07G 2s
 20900K .......... .......... .......... .......... .......... 60%  661M 2s
 20950K .......... .......... .......... .......... .......... 60%  926M 2s
 21000K .......... .......... .......... .......... .......... 60%  990M 2s
 21050K .......... .......... .......... .......... .......... 60%  760M 2s
 21100K .......... .......... .......... .......... .......... 60% 1.00G 2s
 21150K .......... .......... .......... .......... .......... 60%  819M 2s
 21200K .......... .......... .......... .......... .......... 60%  849M 2s
 21250K .......... .......... .......... .......... .......... 61%  987M 2s
 21300K .......... .......... .......... .......... .......... 61%  811M 2s
 21350K .......... .......... .......... .......... .......... 61%  884M 2s
 21400K .......... .......... .......... .......... .......... 61%  837M 2s
 21450K .......... .......... .......... .......... .......... 61%  808M 2s
 21500K .......... .......... .......... .......... .......... 61% 1014M 2s
 21550K .......... .......... .......... .......... .......... 61% 1011M 2s
 21600K .......... .......... .......... .......... .......... 62%  786M 2s
 21650K .......... .......... .......... .......... .......... 62%  884M 2s
 21700K .......... .......... .......... .......... .......... 62%  885M 2s
 21750K .......... .......... .......... .......... .......... 62% 1.04G 2s
 21800K .......... .......... .......... .......... .......... 62%  772M 2s
 21850K .......... .......... .......... .......... .......... 62% 1.03G 2s
 21900K .......... .......... .......... .......... .......... 62% 1.04G 2s
 21950K .......... .......... .......... .......... .......... 63%  872M 2s
 22000K .......... .......... .......... .......... .......... 63%  770M 2s
 22050K .......... .......... .......... .......... .......... 63%  730M 2s
 22100K .......... .......... .......... .......... .......... 63% 1022M 2s
 22150K .......... .......... .......... .......... .......... 63%  877M 2s
 22200K .......... .......... .......... .......... .......... 63%  938M 2s
 22250K .......... .......... .......... .......... .......... 63%  899M 2s
 22300K .......... .......... .......... .......... .......... 64%  901M 2s
 22350K .......... .......... .......... .......... .......... 64%  992M 2s
 22400K .......... .......... .......... .......... .......... 64%  864M 2s
 22450K .......... .......... .......... .......... .......... 64%  759M 2s
 22500K .......... .......... .......... .......... .......... 64%  700M 2s
 22550K .......... .......... .......... .......... .......... 64% 1.07G 2s
 22600K .......... .......... .......... .......... .......... 64% 1022M 2s
 22650K .......... .......... .......... .......... .......... 65%  785M 2s
 22700K .......... .......... .......... .......... .......... 65%  770M 2s
 22750K .......... .......... .......... .......... .......... 65%  755M 2s
 22800K .......... .......... .......... .......... .......... 65% 1019M 2s
 22850K .......... .......... .......... .......... .......... 65%  885M 2s
 22900K .......... .......... .......... .......... .......... 65%  872M 2s
 22950K .......... .......... .......... .......... .......... 65%  850M 2s
 23000K .......... .......... .......... .......... .......... 66%  981M 2s
 23050K .......... .......... .......... .......... .......... 66%  802M 2s
 23100K .......... .......... .......... .......... .......... 66%  795M 2s
 23150K .......... .......... .......... .......... .......... 66%  827M 2s
 23200K .......... .......... .......... .......... .......... 66%  984M 2s
 23250K .......... .......... .......... .......... .......... 66%  784M 2s
 23300K .......... .......... .......... .......... .......... 66% 1.01G 2s
 23350K .......... .......... .......... .......... .......... 67%  866M 2s
 23400K .......... .......... .......... .......... .......... 67% 1.01G 2s
 23450K .......... .......... .......... .......... .......... 67%  753M 2s
 23500K .......... .......... .......... .......... .......... 67%  880M 2s
 23550K .......... .......... .......... .......... .......... 67% 1021M 2s
 23600K .......... .......... .......... .......... .......... 67%  860M 2s
 23650K .......... .......... .......... .......... .......... 67%  766M 2s
 23700K .......... .......... .......... .......... .......... 68% 1.09G 2s
 23750K .......... .......... .......... .......... .......... 68%  792M 2s
 23800K .......... .......... .......... .......... .......... 68%  927M 2s
 23850K .......... .......... .......... .......... .......... 68%  784K 2s
 23900K .......... .......... .......... .......... .......... 68%  742K 2s
 23950K .......... .......... .......... .......... .......... 68%  369M 2s
 24000K .......... .......... .......... .......... .......... 68%  338M 2s
 24050K .......... .......... .......... .......... .......... 69%  351M 2s
 24100K .......... .......... .......... .......... .......... 69%  373M 2s
 24150K .......... .......... .......... .......... .......... 69%  517M 2s
 24200K .......... .......... .......... .......... .......... 69%  491M 2s
 24250K .......... .......... .......... .......... .......... 69%  547M 2s
 24300K .......... .......... .......... .......... .......... 69%  467M 2s
 24350K .......... .......... .......... .......... .......... 69%  727M 2s
 24400K .......... .......... .......... .......... .......... 70%  779M 2s
 24450K .......... .......... .......... .......... .......... 70%  503M 2s
 24500K .......... .......... .......... .......... .......... 70%  410M 2s
 24550K .......... .......... .......... .......... .......... 70%  519M 2s
 24600K .......... .......... .......... .......... .......... 70%  458M 2s
 24650K .......... .......... .......... .......... .......... 70%  496M 2s
 24700K .......... .......... .......... .......... .......... 70%  539M 2s
 24750K .......... .......... .......... .......... .......... 71%  636M 2s
 24800K .......... .......... .......... .......... .......... 71%  414M 1s
 24850K .......... .......... .......... .......... .......... 71%  518M 1s
 24900K .......... .......... .......... .......... .......... 71%  918M 1s
 24950K .......... .......... .......... .......... .......... 71%  798M 1s
 25000K .......... .......... .......... .......... .......... 71%  513M 1s
 25050K .......... .......... .......... .......... .......... 71%  512M 1s
 25100K .......... .......... .......... .......... .......... 72%  450M 1s
 25150K .......... .......... .......... .......... .......... 72%  474M 1s
 25200K .......... .......... .......... .......... .......... 72%  534M 1s
 25250K .......... .......... .......... .......... .......... 72%  488M 1s
 25300K .......... .......... .......... .......... .......... 72%  542M 1s
 25350K .......... .......... .......... .......... .......... 72%  494M 1s
 25400K .......... .......... .......... .......... .......... 72%  493M 1s
 25450K .......... .......... .......... .......... .......... 73%  737M 1s
 25500K .......... .......... .......... .......... .......... 73%  666M 1s
 25550K .......... .......... .......... .......... .......... 73%  565M 1s
 25600K .......... .......... .......... .......... .......... 73%  576M 1s
 25650K .......... .......... .......... .......... .......... 73%  450M 1s
 25700K .......... .......... .......... .......... .......... 73%  505M 1s
 25750K .......... .......... .......... .......... .......... 73%  634M 1s
 25800K .......... .......... .......... .......... .......... 74%  565M 1s
 25850K .......... .......... .......... .......... .......... 74%  462M 1s
 25900K .......... .......... .......... .......... .......... 74%  577M 1s
 25950K .......... .......... .......... .......... .......... 74%  418M 1s
 26000K .......... .......... .......... .......... .......... 74%  509M 1s
 26050K .......... .......... .......... .......... .......... 74%  789K 1s
 26100K .......... .......... .......... .......... .......... 74%  331M 1s
 26150K .......... .......... .......... .......... .......... 75%  444M 1s
 26200K .......... .......... .......... .......... .......... 75%  481M 1s
 26250K .......... .......... .......... .......... .......... 75% 5.24M 1s
 26300K .......... .......... .......... .......... .......... 75%  458M 1s
 26350K .......... .......... .......... .......... .......... 75%  385M 1s
 26400K .......... .......... .......... .......... .......... 75%  451M 1s
 26450K .......... .......... .......... .......... .......... 75%  480M 1s
 26500K .......... .......... .......... .......... .......... 76%  384M 1s
 26550K .......... .......... .......... .......... .......... 76%  522M 1s
 26600K .......... .......... .......... .......... .......... 76%  490M 1s
 26650K .......... .......... .......... .......... .......... 76%  429M 1s
 26700K .......... .......... .......... .......... .......... 76%  536M 1s
 26750K .......... .......... .......... .......... .......... 76%  353M 1s
 26800K .......... .......... .......... .......... .......... 76%  474M 1s
 26850K .......... .......... .......... .......... .......... 77%  429M 1s
 26900K .......... .......... .......... .......... .......... 77%  836K 1s
 26950K .......... .......... .......... .......... .......... 77%  770K 1s
 27000K .......... .......... .......... .......... .......... 77%  284M 1s
 27050K .......... .......... .......... .......... .......... 77%  401M 1s
 27100K .......... .......... .......... .......... .......... 77%  376M 1s
 27150K .......... .......... .......... .......... .......... 77%  377M 1s
 27200K .......... .......... .......... .......... .......... 78%  319M 1s
 27250K .......... .......... .......... .......... .......... 78%  431M 1s
 27300K .......... .......... .......... .......... .......... 78%  413M 1s
 27350K .......... .......... .......... .......... .......... 78%  518M 1s
 27400K .......... .......... .......... .......... .......... 78%  487M 1s
 27450K .......... .......... .......... .......... .......... 78%  316M 1s
 27500K .......... .......... .......... .......... .......... 78%  534M 1s
 27550K .......... .......... .......... .......... .......... 79%  464M 1s
 27600K .......... .......... .......... .......... .......... 79%  397M 1s
 27650K .......... .......... .......... .......... .......... 79%  480M 1s
 27700K .......... .......... .......... .......... .......... 79%  418M 1s
 27750K .......... .......... .......... .......... .......... 79%  543M 1s
 27800K .......... .......... .......... .......... .......... 79%  517M 1s
 27850K .......... .......... .......... .......... .......... 79%  575M 1s
 27900K .......... .......... .......... .......... .......... 80%  632M 1s
 27950K .......... .......... .......... .......... .......... 80%  563M 1s
 28000K .......... .......... .......... .......... .......... 80%  488M 1s
 28050K .......... .......... .......... .......... .......... 80%  537M 1s
 28100K .......... .......... .......... .......... .......... 80%  374M 1s
 28150K .......... .......... .......... .......... .......... 80%  372M 1s
 28200K .......... .......... .......... .......... .......... 80%  379M 1s
 28250K .......... .......... .......... .......... .......... 81%  504M 1s
 28300K .......... .......... .......... .......... .......... 81%  631M 1s
 28350K .......... .......... .......... .......... .......... 81%  491M 1s
 28400K .......... .......... .......... .......... .......... 81%  596M 1s
 28450K .......... .......... .......... .......... .......... 81%  560M 1s
 28500K .......... .......... .......... .......... .......... 81%  579M 1s
 28550K .......... .......... .......... .......... .......... 81%  552M 1s
 28600K .......... .......... .......... .......... .......... 82%  471M 1s
 28650K .......... .......... .......... .......... .......... 82%  523M 1s
 28700K .......... .......... .......... .......... .......... 82%  528M 1s
 28750K .......... .......... .......... .......... .......... 82%  603M 1s
 28800K .......... .......... .......... .......... .......... 82%  513M 1s
 28850K .......... .......... .......... .......... .......... 82%  529M 1s
 28900K .......... .......... .......... .......... .......... 83%  534M 1s
 28950K .......... .......... .......... .......... .......... 83%  701M 1s
 29000K .......... .......... .......... .......... .......... 83%  526M 1s
 29050K .......... .......... .......... .......... .......... 83%  438M 1s
 29100K .......... .......... .......... .......... .......... 83%  691M 1s
 29150K .......... .......... .......... .......... .......... 83%  789K 1s
 29200K .......... .......... .......... .......... .......... 83% 95.5M 1s
 29250K .......... .......... .......... .......... .......... 84%  721K 1s
 29300K .......... .......... .......... .......... .......... 84%  440M 1s
 29350K .......... .......... .......... .......... .......... 84%  473M 1s
 29400K .......... .......... .......... .......... .......... 84%  551M 1s
 29450K .......... .......... .......... .......... .......... 84%  505M 1s
 29500K .......... .......... .......... .......... .......... 84%  460M 1s
 29550K .......... .......... .......... .......... .......... 84%  447M 1s
 29600K .......... .......... .......... .......... .......... 85%  536M 1s
 29650K .......... .......... .......... .......... .......... 85%  523M 1s
 29700K .......... .......... .......... .......... .......... 85%  588M 1s
 29750K .......... .......... .......... .......... .......... 85%  607M 1s
 29800K .......... .......... .......... .......... .......... 85%  527M 1s
 29850K .......... .......... .......... .......... .......... 85%  533M 1s
 29900K .......... .......... .......... .......... .......... 85%  450M 1s
 29950K .......... .......... .......... .......... .......... 86%  717M 1s
 30000K .......... .......... .......... .......... .......... 86%  158M 1s
 30050K .......... .......... .......... .......... .......... 86%  659M 1s
 30100K .......... .......... .......... .......... .......... 86% 62.4M 1s
 30150K .......... .......... .......... .......... .......... 86% 91.3M 1s
 30200K .......... .......... .......... .......... .......... 86% 54.5M 1s
 30250K .......... .......... .......... .......... .......... 86%  552M 1s
 30300K .......... .......... .......... .......... .......... 87% 68.1M 1s
 30350K .......... .......... .......... .......... .......... 87% 75.1M 1s
 30400K .......... .......... .......... .......... .......... 87% 79.5M 1s
 30450K .......... .......... .......... .......... .......... 87%  443M 1s
 30500K .......... .......... .......... .......... .......... 87% 60.4M 1s
 30550K .......... .......... .......... .......... .......... 87% 69.7M 1s
 30600K .......... .......... .......... .......... .......... 87% 67.0M 1s
 30650K .......... .......... .......... .......... .......... 88% 73.0M 1s
 30700K .......... .......... .......... .......... .......... 88%  732M 1s
 30750K .......... .......... .......... .......... .......... 88% 75.5M 1s
 30800K .......... .......... .......... .......... .......... 88%  880K 1s
 30850K .......... .......... .......... .......... .......... 88%  101M 1s
 30900K .......... .......... .......... .......... .......... 88% 75.7M 1s
 30950K .......... .......... .......... .......... .......... 88% 48.3M 1s
 31000K .......... .......... .......... .......... .......... 89%  698M 1s
 31050K .......... .......... .......... .......... .......... 89% 75.7M 0s
 31100K .......... .......... .......... .......... .......... 89% 74.7M 0s
 31150K .......... .......... .......... .......... .......... 89%  337M 0s
 31200K .......... .......... .......... .......... .......... 89% 64.1M 0s
 31250K .......... .......... .......... .......... .......... 89% 72.5M 0s
 31300K .......... .......... .......... .......... .......... 89%  111M 0s
 31350K .......... .......... .......... .......... .......... 90% 49.7M 0s
 31400K .......... .......... .......... .......... .......... 90% 67.0M 0s
 31450K .......... .......... .......... .......... .......... 90%  715M 0s
 31500K .......... .......... .......... .......... .......... 90% 66.5M 0s
 31550K .......... .......... .......... .......... .......... 90% 47.4M 0s
 31600K .......... .......... .......... .......... .......... 90%  129M 0s
 31650K .......... .......... .......... .......... .......... 90%  795M 0s
 31700K .......... .......... .......... .......... .......... 91% 66.3M 0s
 31750K .......... .......... .......... .......... .......... 91% 73.3M 0s
 31800K .......... .......... .......... .......... .......... 91% 83.2M 0s
 31850K .......... .......... .......... .......... .......... 91% 54.1M 0s
 31900K .......... .......... .......... .......... .......... 91% 1.05G 0s
 31950K .......... .......... .......... .......... .......... 91% 67.1M 0s
 32000K .......... .......... .......... .......... .......... 91% 57.8M 0s
 32050K .......... .......... .......... .......... .......... 92% 98.9M 0s
 32100K .......... .......... .......... .......... .......... 92% 62.5M 0s
 32150K .......... .......... .......... .......... .......... 92%  868M 0s
 32200K .......... .......... .......... .......... .......... 92% 67.2M 0s
 32250K .......... .......... .......... .......... .......... 92%  115M 0s
 32300K .......... .......... .......... .......... .......... 92% 48.1M 0s
 32350K .......... .......... .......... .......... .......... 92% 68.8M 0s
 32400K .......... .......... .......... .......... .......... 93%  935M 0s
 32450K .......... .......... .......... .......... .......... 93% 65.4M 0s
 32500K .......... .......... .......... .......... .......... 93%  102M 0s
 32550K .......... .......... .......... .......... .......... 93% 53.2M 0s
 32600K .......... .......... .......... .......... .......... 93%  726M 0s
 32650K .......... .......... .......... .......... .......... 93% 71.2M 0s
 32700K .......... .......... .......... .......... .......... 93% 66.5M 0s
 32750K .......... .......... .......... .......... .......... 94% 83.3M 0s
 32800K .......... .......... .......... .......... .......... 94% 56.9M 0s
 32850K .......... .......... .......... .......... .......... 94%  855M 0s
 32900K .......... .......... .......... .......... .......... 94% 64.1M 0s
 32950K .......... .......... .......... .......... .......... 94% 1.12M 0s
 33000K .......... .......... .......... .......... .......... 94% 20.6M 0s
 33050K .......... .......... .......... .......... .......... 94% 13.7M 0s
 33100K .......... .......... .......... .......... .......... 95% 21.0M 0s
 33150K .......... .......... .......... .......... .......... 95% 13.6M 0s
 33200K .......... .......... .......... .......... .......... 95% 18.8M 0s
 33250K .......... .......... .......... .......... .......... 95% 19.5M 0s
 33300K .......... .......... .......... .......... .......... 95% 17.6M 0s
 33350K .......... .......... .......... .......... .......... 95% 19.9M 0s
 33400K .......... .......... .......... .......... .......... 95% 21.6M 0s
 33450K .......... .......... .......... .......... .......... 96% 28.3M 0s
 33500K .......... .......... .......... .......... .......... 96% 19.1M 0s
 33550K .......... .......... .......... .......... .......... 96% 47.5M 0s
 33600K .......... .......... .......... .......... .......... 96% 21.0M 0s
 33650K .......... .......... .......... .......... .......... 96% 33.1M 0s
 33700K .......... .......... .......... .......... .......... 96% 21.2M 0s
 33750K .......... .......... .......... .......... .......... 96% 26.1M 0s
 33800K .......... .......... .......... .......... .......... 97% 20.2M 0s
 33850K .......... .......... .......... .......... .......... 97% 31.9M 0s
 33900K .......... .......... .......... .......... .......... 97% 34.2M 0s
 33950K .......... .......... .......... .......... .......... 97% 20.5M 0s
 34000K .......... .......... .......... .......... .......... 97% 26.7M 0s
 34050K .......... .......... .......... .......... .......... 97% 20.6M 0s
 34100K .......... .......... .......... .......... .......... 97% 31.6M 0s
 34150K .......... .......... .......... .......... .......... 98% 22.1M 0s
 34200K .......... .......... .......... .......... .......... 98% 29.4M 0s
 34250K .......... .......... .......... .......... .......... 98% 27.7M 0s
 34300K .......... .......... .......... .......... .......... 98% 30.9M 0s
 34350K .......... .......... .......... .......... .......... 98% 33.5M 0s
 34400K .......... .......... .......... .......... .......... 98% 20.5M 0s
 34450K .......... .......... .......... .......... .......... 98% 20.4M 0s
 34500K .......... .......... .......... .......... .......... 99% 26.7M 0s
 34550K .......... .......... .......... .......... .......... 99% 32.6M 0s
 34600K .......... .......... .......... .......... .......... 99% 33.2M 0s
 34650K .......... .......... .......... .......... .......... 99% 20.9M 0s
 34700K .......... .......... .......... .......... .......... 99% 46.8M 0s
 34750K .......... .......... .......... .......... .......... 99% 25.2M 0s
 34800K .......... .......... .......... .......... .......... 99% 47.8M 0s
 34850K .......... .......... ........                        100% 29.7M=4.2s

2026-09-23 12:41:08 (8.03 MB/s) - ‘/home/yoohyun/research3/runs/q16/task_audit/demos/PushT-v1.zip’ saved [35715188/35715188]

