{
  "archive_url": "https://researchdata.tuwien.ac.at/api/records/0ewrv-8cb44/files/data.zip/content",
  "archive_size": 58881334586,
  "selection": "selection_v4.json",
  "central_directory_range_requests": 20,
  "central_directory_bytes_transferred": 17986,
  "members": [
    {
      "recording_id": "2025-01-11-11-35-53",
      "archive_member": "data/2025-01-11-11-35-53.h5",
      "compressed_bytes_transferred": 317210941,
      "extracted_bytes": 1376410768,
      "crc32": "88c039cc",
      "sha256": "b101188a7d1ba00341ae92c89b6350dcfd8dea0b7df7dedfacb9e77b4e3352cd",
      "output": "2025-01-11-11-35-53.h5"
    },
    {
      "recording_id": "2025-01-14-11-06-43",
      "archive_member": "data/2025-01-14-11-06-43.h5",
      "compressed_bytes_transferred": 385215677,
      "extracted_bytes": 1711781696,
      "crc32": "e6807ca1",
      "sha256": "b6c1a69c39a442883220ddd2be131e2bebf218c2e9f401f427f60d6422baf1c4",
      "output": "2025-01-14-11-06-43.h5"
    },
    {
      "recording_id": "2025-01-13-11-31-57",
      "archive_member": "data/2025-01-13-11-31-57.h5",
      "compressed_bytes_transferred": 349499369,
      "extracted_bytes": 1488324716,
      "crc32": "38ae08bf",
      "sha256": "52ef3af7504ffcc97ba2ec76866c3487e4ecc56bc092bd58cbc87ef0e9b33a65",
      "output": "2025-01-13-11-31-57.h5"
    },
    {
      "recording_id": "2025-01-14-12-05-01",
      "archive_member": "data/2025-01-14-12-05-01.h5",
      "compressed_bytes_transferred": 389690814,
      "extracted_bytes": 1819979888,
      "crc32": "0f13dd4c",
      "sha256": "b784b9f19ef336bcd497d0dc09f29443096e628f06f4d8bf08259ff38386b951",
      "output": "2025-01-14-12-05-01.h5"
    },
    {
      "recording_id": "2025-01-13-15-06-09",
      "archive_member": "data/2025-01-13-15-06-09.h5",
      "compressed_bytes_transferred": 270603326,
      "extracted_bytes": 1218238744,
      "crc32": "c754920a",
      "sha256": "bbbc421aa8661a52b208e49f880e5f634122370af0ec8619d70162a234418f53",
      "output": "2025-01-13-15-06-09.h5"
    },
    {
      "recording_id": "2025-01-13-17-40-45",
      "archive_member": "data/2025-01-13-17-40-45.h5",
      "compressed_bytes_transferred": 226494967,
      "extracted_bytes": 1003655666,
      "crc32": "67848f09",
      "sha256": "0d97502ce3abb59bbfe7206b4e0b6997960339fb7cd328f7989ef6ab3830a32c",
      "output": "2025-01-13-17-40-45.h5"
    },
    {
      "recording_id": "2025-01-10-18-31-44",
      "archive_member": "data/2025-01-10-18-31-44.h5",
      "compressed_bytes_transferred": 608549250,
      "extracted_bytes": 2646890187,
      "crc32": "86f6557a",
      "sha256": "2446692206c1083a6c9ccf576b945a212fedfebde330dd2039bc27a97e8e2bb4",
      "output": "2025-01-10-18-31-44.h5"
    },
    {
      "recording_id": "2025-01-13-19-04-46",
      "archive_member": "data/2025-01-13-19-04-46.h5",
      "compressed_bytes_transferred": 63005412,
      "extracted_bytes": 261423980,
      "crc32": "c17b0bd6",
      "sha256": "761da327b7b03091f8a8b5b471207cedff04d359d58340d586bab2202822ca7a",
      "output": "2025-01-13-19-04-46.h5"
    },
    {
      "recording_id": "2025-01-14-10-49-57",
      "archive_member": "data/2025-01-14-10-49-57.h5",
      "compressed_bytes_transferred": 285929115,
      "extracted_bytes": 1308855377,
      "crc32": "c1889688",
      "sha256": "732e727b5d7a900a1284e8fb0449560d118a1e184f7eb997699eb6513e976218",
      "output": "2025-01-14-10-49-57.h5"
    },
    {
      "recording_id": "2025-01-10-17-36-05",
      "archive_member": "data/2025-01-10-17-36-05.h5",
      "compressed_bytes_transferred": 357452489,
      "extracted_bytes": 1600748730,
      "crc32": "c370718a",
      "sha256": "42533c46e06fb98956c22bad7cd6979edbb5f1d2e3981e75d44af6a3d327d723",
      "output": "2025-01-10-17-36-05.h5"
    },
    {
      "recording_id": "2025-01-13-18-32-31",
      "archive_member": "data/2025-01-13-18-32-31.h5",
      "compressed_bytes_transferred": 497136489,
      "extracted_bytes": 2173244164,
      "crc32": "3ee98c00",
      "sha256": "3e93bb67aef0f2f28a18eebcf196fac15a6fe2bdc5847a89de828cf314bf759e",
      "output": "2025-01-13-18-32-31.h5"
    },
    {
      "recording_id": "2025-01-14-10-57-14",
      "archive_member": "data/2025-01-14-10-57-14.h5",
      "compressed_bytes_transferred": 682580494,
      "extracted_bytes": 3123151042,
      "crc32": "12b64fa5",
      "sha256": "2ba84179e97de5cb6d46de4205b018aee82d7098693b84e7ddbb06a3bffb5ce6",
      "output": "2025-01-14-10-57-14.h5"
    },
    {
      "recording_id": "2025-01-13-17-02-10",
      "archive_member": "data/2025-01-13-17-02-10.h5",
      "compressed_bytes_transferred": 299148060,
      "extracted_bytes": 1355669125,
      "crc32": "aaae299d",
      "sha256": "ba9b7e190670258beac720f25a7fe609b4db17bcce3d0455ec6776111367e60f",
      "output": "2025-01-13-17-02-10.h5"
    },
    {
      "recording_id": "2025-01-10-16-37-45",
      "archive_member": "data/2025-01-10-16-37-45.h5",
      "compressed_bytes_transferred": 632326954,
      "extracted_bytes": 2788600595,
      "crc32": "37160f4d",
      "sha256": "c706fcfd3c4fcad7d723a1ba8b422a1267d5740ff6180c5672479c2af436f7e3",
      "output": "2025-01-10-16-37-45.h5"
    },
    {
      "recording_id": "2025-01-10-15-34-33",
      "archive_member": "data/2025-01-10-15-34-33.h5",
      "compressed_bytes_transferred": 337767018,
      "extracted_bytes": 1478556134,
      "crc32": "d1514ba9",
      "sha256": "ef59b4dec045beacb7c419630909c784fb7b71717df8769b4643522c5acccd8a",
      "output": "2025-01-10-15-34-33.h5"
    },
    {
      "recording_id": "2025-01-09-17-14-59",
      "archive_member": "data/2025-01-09-17-14-59.h5",
      "compressed_bytes_transferred": 461431148,
      "extracted_bytes": 2131263990,
      "crc32": "d1227347",
      "sha256": "406e7fdef05df5ce67557b49bb3e2ce6ba9b8c2edc2ee40b5703b01142e11c0d",
      "output": "2025-01-09-17-14-59.h5"
    }
  ],
  "total_compressed_bytes_transferred": 6164041523,
  "total_extracted_bytes": 27486794802
}
