[
  {
    "key": "30000_0_teacher",
    "first_12_actions": [
      [
        0.10769999772310257,
        0.11420000344514847,
        -0.25,
        1.0
      ],
      [
        0.026100000366568565,
        0.08129999786615372,
        -0.2401999980211258,
        1.0
      ],
      [
        0.048500001430511475,
        0.030799999833106995,
        -0.2443999946117401,
        1.0
      ],
      [
        0.02930000051856041,
        0.02280000038444996,
        -0.15029999613761902,
        1.0
      ],
      [
        0.007300000172108412,
        -0.027499999850988388,
        -0.25,
        1.0
      ],
      [
        -0.003800000064074993,
        -0.03970000147819519,
        -0.22020000219345093,
        1.0
      ],
      [
        -0.03150000050663948,
        0.033799998462200165,
        -0.25,
        1.0
      ],
      [
        0.007799999788403511,
        0.029100000858306885,
        -0.23469999432563782,
        1.0
      ],
      [
        0.03310000151395798,
        -0.02250000089406967,
        -0.24060000479221344,
        1.0
      ],
      [
        0.021199999377131462,
        -0.0020000000949949026,
        -0.0957999974489212,
        1.0
      ],
      [
        -0.0027000000700354576,
        -0.04089999943971634,
        -0.08209999650716782,
        -1.0
      ],
      [
        0.025299999862909317,
        0.027899999171495438,
        -0.03460000082850456,
        -1.0
      ]
    ],
    "first_12_mean_action": [
      0.02236880548298359,
      0.01727844588458538,
      -0.1910773664712906,
      0.6666666865348816
    ],
    "whole_episode_action_std": [
      0.07065895944833755,
      0.08169058710336685,
      0.1288008689880371,
      0.6614378094673157
    ],
    "first_12_gripper_close_fraction": 0.16666666666666666,
    "first_40_min_tcp_object_distance_m": 0.007014729082584381,
    "min_tcp_object_distance_m": 0.007014729082584381,
    "max_object_height_m": 0.16135531663894653,
    "grasp_once": true,
    "final_goal_distance_m": 0.0010985004482790828
  },
  {
    "key": "32008_static_cv",
    "first_12_actions": [
      [
        0.17980000376701355,
        -0.25,
        -0.25,
        1.0
      ],
      [
        0.17980000376701355,
        -0.25,
        -0.25,
        1.0
      ],
      [
        0.00860000029206276,
        -0.21070000529289246,
        -0.25,
        1.0
      ],
      [
        0.00860000029206276,
        -0.21070000529289246,
        -0.25,
        1.0
      ],
      [
        -0.005100000184029341,
        -0.03660000115633011,
        -0.25,
        1.0
      ],
      [
        -0.005100000184029341,
        -0.03660000115633011,
        -0.25,
        1.0
      ],
      [
        -0.0013000000035390258,
        0.03229999914765358,
        -0.25,
        1.0
      ],
      [
        -0.0013000000035390258,
        0.03229999914765358,
        -0.25,
        1.0
      ],
      [
        -0.0010999999940395355,
        0.023600000888109207,
        -0.1671999990940094,
        1.0
      ],
      [
        -0.0010999999940395355,
        0.023600000888109207,
        -0.1671999990940094,
        1.0
      ],
      [
        0.009399999864399433,
        0.002899999963119626,
        -0.020099999383091927,
        -1.0
      ],
      [
        0.009399999864399433,
        0.002899999963119626,
        -0.020099999383091927,
        -1.0
      ]
    ],
    "first_12_mean_action": [
      0.03173351287841797,
      -0.07306530326604843,
      -0.19789166748523712,
      0.6666666865348816
    ],
    "whole_episode_action_std": [
      0.07421781122684479,
      0.07536271959543228,
      0.13329839706420898,
      0.6614378094673157
    ],
    "first_12_gripper_close_fraction": 0.16666666666666666,
    "first_40_min_tcp_object_distance_m": 0.003592515829950571,
    "min_tcp_object_distance_m": 0.003592515829950571,
    "max_object_height_m": 0.16269929707050323,
    "grasp_once": true,
    "final_goal_distance_m": 0.0005919095128774643
  },
  {
    "key": "32008_static_anchor",
    "first_12_actions": [
      [
        0.1485999971628189,
        -0.12800000607967377,
        -0.24009999632835388,
        1.0
      ],
      [
        0.10859999805688858,
        -0.09549999982118607,
        -0.2199999988079071,
        1.0
      ],
      [
        0.08290000259876251,
        -0.18539999425411224,
        -0.2312999963760376,
        1.0
      ],
      [
        0.08590000122785568,
        -0.1257999986410141,
        -0.25,
        1.0
      ],
      [
        0.05350000038743019,
        -0.1324000060558319,
        -0.19779999554157257,
        1.0
      ],
      [
        0.04670000076293945,
        -0.08799999952316284,
        -0.21580000221729279,
        1.0
      ],
      [
        0.014299999922513962,
        -0.051500000059604645,
        -0.23019999265670776,
        1.0
      ],
      [
        -0.00139999995008111,
        -0.03440000116825104,
        -0.24250000715255737,
        1.0
      ],
      [
        -0.009999999776482582,
        -0.019899999722838402,
        -0.2110999971628189,
        1.0
      ],
      [
        -0.0035000001080334187,
        -0.01720000058412552,
        -0.14910000562667847,
        1.0
      ],
      [
        -0.007699999958276749,
        0.007300000172108412,
        -0.08990000188350677,
        -1.0
      ],
      [
        -0.0020000000949949026,
        -0.006500000134110451,
        -0.04340000078082085,
        -1.0
      ]
    ],
    "first_12_mean_action": [
      0.04299704357981682,
      -0.07312050461769104,
      -0.19343771040439606,
      0.6666666865348816
    ],
    "whole_episode_action_std": [
      0.058575235307216644,
      0.06118302792310715,
      0.11961817741394043,
      0.6614378094673157
    ],
    "first_12_gripper_close_fraction": 0.16666666666666666,
    "first_40_min_tcp_object_distance_m": 0.007929370738565922,
    "min_tcp_object_distance_m": 0.007929370738565922,
    "max_object_height_m": 0.1624813973903656,
    "grasp_once": true,
    "final_goal_distance_m": 0.004450001288205385
  },
  {
    "key": "32008_static_policy2",
    "first_12_actions": [
      [
        0.14970000088214874,
        -0.13120000064373016,
        -0.2378000020980835,
        1.0
      ],
      [
        0.11060000211000443,
        -0.1006999984383583,
        -0.19349999725818634,
        1.0
      ],
      [
        0.09950000047683716,
        -0.1428000032901764,
        -0.20250000059604645,
        1.0
      ],
      [
        0.09139999747276306,
        -0.10040000081062317,
        -0.23510000109672546,
        1.0
      ],
      [
        0.05249999836087227,
        -0.11890000104904175,
        -0.20000000298023224,
        1.0
      ],
      [
        0.050999999046325684,
        -0.06469999998807907,
        -0.22030000388622284,
        1.0
      ],
      [
        0.005900000222027302,
        -0.0544000007212162,
        -0.21230000257492065,
        1.0
      ],
      [
        -0.014000000432133675,
        -0.045099999755620956,
        -0.20559999346733093,
        1.0
      ],
      [
        -0.020800000056624413,
        -0.03009999915957451,
        -0.20340000092983246,
        1.0
      ],
      [
        -0.010700000450015068,
        -0.051100000739097595,
        -0.15469999611377716,
        1.0
      ],
      [
        -0.0017999999690800905,
        -0.0015999999595806003,
        -0.11190000176429749,
        -1.0
      ],
      [
        0.02199999988079071,
        -0.028599999845027924,
        -0.10239999741315842,
        -1.0
      ]
    ],
    "first_12_mean_action": [
      0.044607117772102356,
      -0.07246119529008865,
      -0.18995265662670135,
      0.6666666865348816
    ],
    "whole_episode_action_std": [
      0.059558190405368805,
      0.05468199402093887,
      0.11499198526144028,
      0.6614378094673157
    ],
    "first_12_gripper_close_fraction": 0.16666666666666666,
    "first_40_min_tcp_object_distance_m": 0.011475482024252415,
    "min_tcp_object_distance_m": 0.011475482024252415,
    "max_object_height_m": 0.1623646765947342,
    "grasp_once": true,
    "final_goal_distance_m": 0.002857724204659462
  },
  {
    "key": "32008_static_fixed",
    "first_12_actions": [
      [
        0.14970000088214874,
        -0.13120000064373016,
        -0.25,
        1.0
      ],
      [
        0.11060000211000443,
        -0.1006999984383583,
        -0.25,
        1.0
      ],
      [
        0.08240000158548355,
        -0.14429999887943268,
        -0.25,
        1.0
      ],
      [
        0.08609999716281891,
        -0.10320000350475311,
        -0.25,
        1.0
      ],
      [
        0.04659999907016754,
        -0.19419999420642853,
        -0.19499999284744263,
        1.0
      ],
      [
        0.04670000076293945,
        -0.14579999446868896,
        -0.21559999883174896,
        1.0
      ],
      [
        -0.0681999996304512,
        -0.0786999985575676,
        -0.21389999985694885,
        1.0
      ],
      [
        -0.0966000035405159,
        -0.06449999660253525,
        -0.19670000672340393,
        1.0
      ],
      [
        -0.019999999552965164,
        -0.021700000390410423,
        -0.25,
        1.0
      ],
      [
        0.003100000089034438,
        -0.058800000697374344,
        -0.21140000224113464,
        1.0
      ],
      [
        -0.001500000013038516,
        0.10429999977350235,
        -0.11230000108480453,
        1.0
      ],
      [
        0.027699999511241913,
        0.07339999824762344,
        -0.09179999679327011,
        -1.0
      ]
    ],
    "first_12_mean_action": [
      0.030558109283447266,
      -0.07212408632040024,
      -0.20721454918384552,
      0.8333333134651184
    ],
    "whole_episode_action_std": [
      0.07118398696184158,
      0.05969204008579254,
      0.12680310010910034,
      0.6887496709823608
    ],
    "first_12_gripper_close_fraction": 0.08333333333333333,
    "first_40_min_tcp_object_distance_m": 0.0024465806782245636,
    "min_tcp_object_distance_m": 0.0024465806782245636,
    "max_object_height_m": 0.16289754211902618,
    "grasp_once": true,
    "final_goal_distance_m": 0.004237448330968618
  },
  {
    "key": "32008_static_feedback",
    "first_12_actions": [
      [
        0.14970000088214874,
        -0.13120000064373016,
        -0.25,
        1.0
      ],
      [
        0.11060000211000443,
        -0.1006999984383583,
        -0.25,
        1.0
      ],
      [
        0.08240000158548355,
        -0.22429999709129333,
        -0.20069999992847443,
        1.0
      ],
      [
        0.08609999716281891,
        -0.18320000171661377,
        -0.23569999635219574,
        1.0
      ],
      [
        0.05050000175833702,
        -0.06279999762773514,
        -0.19820000231266022,
        1.0
      ],
      [
        0.04129999876022339,
        -0.001500000013038516,
        -0.22010000050067902,
        1.0
      ],
      [
        0.0012000000569969416,
        -0.09640000015497208,
        -0.20839999616146088,
        1.0
      ],
      [
        -0.00800000037997961,
        -0.09059999883174896,
        -0.2053000032901764,
        1.0
      ],
      [
        -0.019999999552965164,
        0.04580000042915344,
        -0.19189999997615814,
        1.0
      ],
      [
        -0.01600000075995922,
        0.02290000021457672,
        -0.13590000569820404,
        1.0
      ],
      [
        -0.08500000089406967,
        0.019700000062584877,
        -0.09849999845027924,
        -1.0
      ],
      [
        -0.05469999834895134,
        -0.0034000000450760126,
        -0.09860000014305115,
        -1.0
      ]
    ],
    "first_12_mean_action": [
      0.028177686035633087,
      -0.0671551525592804,
      -0.1911022663116455,
      0.6666666865348816
    ],
    "whole_episode_action_std": [
      0.07015760242938995,
      0.08594401180744171,
      0.11960501968860626,
      0.6614378094673157
    ],
    "first_12_gripper_close_fraction": 0.16666666666666666,
    "first_40_min_tcp_object_distance_m": 0.009843893349170685,
    "min_tcp_object_distance_m": 0.009843893349170685,
    "max_object_height_m": 0.16267938911914825,
    "grasp_once": true,
    "final_goal_distance_m": 0.0017201199661940336
  },
  {
    "key": "32008_moving_policy2",
    "first_12_actions": [
      [
        0.09860000014305115,
        -0.10750000178813934,
        -0.25,
        1.0
      ],
      [
        0.03500000014901161,
        -0.10050000250339508,
        -0.19179999828338623,
        1.0
      ],
      [
        0.0017999999690800905,
        -0.10050000250339508,
        -0.18170000612735748,
        1.0
      ],
      [
        0.0031999999191612005,
        -0.09220000356435776,
        -0.22699999809265137,
        1.0
      ],
      [
        -0.05490000173449516,
        -0.14910000562667847,
        -0.2362000048160553,
        1.0
      ],
      [
        -0.04500000178813934,
        -0.09880000352859497,
        -0.24609999358654022,
        1.0
      ],
      [
        -0.10700000077486038,
        -0.14390000700950623,
        -0.22030000388622284,
        1.0
      ],
      [
        -0.09290000051259995,
        -0.09870000183582306,
        -0.21410000324249268,
        1.0
      ],
      [
        -0.0142000000923872,
        -0.050200000405311584,
        -0.2087000012397766,
        1.0
      ],
      [
        0.022600000724196434,
        -0.0617000013589859,
        -0.19470000267028809,
        1.0
      ],
      [
        -0.0406000018119812,
        -0.0015999999595806003,
        -0.10289999842643738,
        -1.0
      ],
      [
        -0.005900000222027302,
        -0.0414000004529953,
        -0.11140000075101852,
        -1.0
      ]
    ],
    "first_12_mean_action": [
      -0.01660080812871456,
      -0.08717314153909683,
      -0.19875048100948334,
      0.6666666865348816
    ],
    "whole_episode_action_std": [
      0.06762126088142395,
      0.052562497556209564,
      0.12606723606586456,
      0.6614378094673157
    ],
    "first_12_gripper_close_fraction": 0.16666666666666666,
    "first_40_min_tcp_object_distance_m": 0.037429820746183395,
    "min_tcp_object_distance_m": 0.037429820746183395,
    "max_object_height_m": 0.020999999716877937,
    "grasp_once": false,
    "final_goal_distance_m": 0.20405663549900055
  }
]
