{
  "input_sha256": "9b4f894a63556563fe7bc856d32131948b2b5df495d1aab5b88a2dc1834b1897",
  "input_bytes": 54700824,
  "python": "3.11.14",
  "numpy": "2.2.6",
  "torch": "2.8.0+cpu",
  "device": "cpu",
  "seed": null,
  "purpose": "exploratory input inspection; no method result",
  "explicit_globals": [],
  "schema": {
    "rgb": {
      "type": "list",
      "length": 42,
      "first": {
        "type": "tensor",
        "shape": [
          424,
          240,
          3
        ],
        "dtype": "torch.float32",
        "device": "cpu"
      }
    },
    "camera_poses": {
      "type": "list",
      "length": 42,
      "first": {
        "type": "tensor",
        "shape": [
          4,
          4
        ],
        "dtype": "torch.float32",
        "device": "cpu"
      }
    },
    "camera_K": {
      "type": "list",
      "length": 42,
      "first": {
        "type": "tensor",
        "shape": [
          3,
          3
        ],
        "dtype": "torch.float32",
        "device": "cpu"
      }
    },
    "depth": {
      "type": "list",
      "length": 42,
      "first": {
        "type": "tensor",
        "shape": [
          424,
          240
        ],
        "dtype": "torch.float32",
        "device": "cpu"
      }
    }
  },
  "status": "INPUT_DESERIALIZED"
}
