#0 building with "default" instance using docker driver

#1 [internal] load build definition from Dockerfile.can_schema
#1 transferring dockerfile: 544B done
#1 DONE 0.1s

#2 [internal] load metadata for docker.io/library/python:3.11-slim-bookworm@sha256:b1add8a6f2aca6bcfcf0b9c9b522352f7ce0d62a3d556a2f2f32511aa0cca250
#2 ...

#3 [auth] library/python:pull token for registry-1.docker.io
#3 DONE 0.0s

#2 [internal] load metadata for docker.io/library/python:3.11-slim-bookworm@sha256:b1add8a6f2aca6bcfcf0b9c9b522352f7ce0d62a3d556a2f2f32511aa0cca250
#2 DONE 2.3s

#4 [internal] load .dockerignore
#4 transferring context: 2B done
#4 DONE 0.1s

#5 [internal] load build context
#5 DONE 0.0s

#6 [1/5] FROM docker.io/library/python:3.11-slim-bookworm@sha256:b1add8a6f2aca6bcfcf0b9c9b522352f7ce0d62a3d556a2f2f32511aa0cca250
#6 resolve docker.io/library/python:3.11-slim-bookworm@sha256:b1add8a6f2aca6bcfcf0b9c9b522352f7ce0d62a3d556a2f2f32511aa0cca250 0.0s done
#6 DONE 0.0s

#6 [1/5] FROM docker.io/library/python:3.11-slim-bookworm@sha256:b1add8a6f2aca6bcfcf0b9c9b522352f7ce0d62a3d556a2f2f32511aa0cca250
#6 DONE 0.1s

#5 [internal] load build context
#5 transferring context: 81B done
#5 DONE 0.1s

#7 [2/5] COPY requirements.can_schema.lock /recipe/requirements.can_schema.lock
#7 DONE 0.1s

#8 [3/5] RUN pip install --no-cache-dir -r /recipe/requirements.can_schema.lock && pip check && pip freeze --all > /recipe/installed.can_schema.lock
#8 1.045 Collecting h5py==3.12.1 (from -r /recipe/requirements.can_schema.lock (line 1))
#8 1.075   Downloading h5py-3.12.1-cp311-cp311-manylinux_2_17_x86_64.manylinux2014_x86_64.whl.metadata (2.5 kB)
#8 1.195 Collecting numpy==2.1.3 (from -r /recipe/requirements.can_schema.lock (line 2))
#8 1.200   Downloading numpy-2.1.3-cp311-cp311-manylinux_2_17_x86_64.manylinux2014_x86_64.whl.metadata (62 kB)
#8 1.207      ━━━━━━━━━━━━━━━━━━━━━━━━━━━━━━━━━━━━━━━━ 62.0/62.0 kB 9.1 MB/s eta 0:00:00
#8 1.222 Downloading h5py-3.12.1-cp311-cp311-manylinux_2_17_x86_64.manylinux2014_x86_64.whl (5.5 MB)
#8 1.319    ━━━━━━━━━━━━━━━━━━━━━━━━━━━━━━━━━━━━━━━━ 5.5/5.5 MB 56.5 MB/s eta 0:00:00
#8 1.323 Downloading numpy-2.1.3-cp311-cp311-manylinux_2_17_x86_64.manylinux2014_x86_64.whl (16.3 MB)
#8 2.494    ━━━━━━━━━━━━━━━━━━━━━━━━━━━━━━━━━━━━━━━━ 16.3/16.3 MB 27.5 MB/s eta 0:00:00
#8 2.568 Installing collected packages: numpy, h5py
#8 3.612 Successfully installed h5py-3.12.1 numpy-2.1.3
#8 3.612 WARNING: Running pip as the 'root' user can result in broken permissions and conflicting behaviour with the system package manager. It is recommended to use a virtual environment instead: https://pip.pypa.io/warnings/venv
#8 4.298 No broken requirements found.
#8 DONE 5.1s

#9 [4/5] RUN groupadd -g 1001 research && useradd -m -u 1001 -g 1001 research
#9 DONE 0.5s

#10 [5/5] WORKDIR /study
#10 DONE 0.1s

#11 exporting to image
#11 exporting layers
#11 exporting layers 2.4s done
#11 exporting manifest sha256:4db063b39eb41fd7ab37bd2208289352830c9421bf7026f71ba24de0392e7b49 0.1s done
#11 exporting config sha256:509f63cef2a9d1c4fbb7b1c52a9da04271d82a8d5a336902d1be685b4142e1e7 0.0s done
#11 exporting attestation manifest sha256:29c4eef6108d4a26d1f50dea430f052d0aac34684290431bca682e0640126e09 0.1s done
#11 exporting manifest list sha256:bddee4d7aef95f0c9e3452c135acd912e71e77859249fa94fc39500b52f668d6
#11 exporting manifest list sha256:bddee4d7aef95f0c9e3452c135acd912e71e77859249fa94fc39500b52f668d6 0.0s done
#11 naming to docker.io/library/research3-q16-can-schema:v1 done
#11 unpacking to docker.io/library/research3-q16-can-schema:v1
#11 unpacking to docker.io/library/research3-q16-can-schema:v1 0.4s done
#11 DONE 3.2s
