buildup/robotics/pilot_studies/q8-recoverability/Dockerfile: OK
buildup/robotics/pilot_studies/q8-recoverability/Dockerfile.dockerignore: OK
buildup/robotics/pilot_studies/q8-recoverability/README.md: OK
buildup/robotics/pilot_studies/q8-recoverability/audit.py: OK
buildup/robotics/pilot_studies/q8-recoverability/build.sh: OK
buildup/robotics/pilot_studies/q8-recoverability/cold_audit.py: OK
buildup/robotics/pilot_studies/q8-recoverability/decision_audit.json: OK
buildup/robotics/pilot_studies/q8-recoverability/decision_audit.py: OK
buildup/robotics/pilot_studies/q8-recoverability/demo_audit.json: OK
buildup/robotics/pilot_studies/q8-recoverability/demo_audit.py: OK
buildup/robotics/pilot_studies/q8-recoverability/dependencies.lock: OK
buildup/robotics/pilot_studies/q8-recoverability/download.sh: OK
buildup/robotics/pilot_studies/q8-recoverability/manifest_v1.md: OK
buildup/robotics/pilot_studies/q8-recoverability/manifest_v2.md: OK
buildup/robotics/pilot_studies/q8-recoverability/os-packages.lock: OK
buildup/robotics/pilot_studies/q8-recoverability/provenance.json: OK
buildup/robotics/pilot_studies/q8-recoverability/provenance.py: OK
buildup/robotics/pilot_studies/q8-recoverability/reset_audit.json: OK
buildup/robotics/pilot_studies/q8-recoverability/reset_audit.py: OK
buildup/robotics/pilot_studies/q8-recoverability/run.sh: OK
buildup/robotics/pilot_studies/q8-recoverability/smoke.py: OK
buildup/robotics/pilot_studies/q8-recoverability/verification_v1.json: OK
buildup/robotics/pilot_studies/q8-recoverability/verification_v2.json: OK
buildup/robotics/pilot_studies/q8-recoverability/verify.py: OK
buildup/robotics/pilot_studies/q8-recoverability/verify_cold.py: OK
runs/q8/audit_0.json: OK
runs/q8/audit_1.json: OK
runs/q8/audit_2.json: OK
runs/q8/cold_0.json: OK
runs/q8/cold_1.json: OK
runs/q8/cold_2.json: OK
runs/q8/cold_verification.json: OK
runs/q8/decision_audit.json: OK
runs/q8/demo_audit.json: OK
runs/q8/image.txt: OK
runs/q8/inputs.sha256: OK
runs/q8/protocol.sha256: OK
runs/q8/protocol_v2.sha256: OK
runs/q8/provenance.json: OK
runs/q8/reset_audit.json: OK
runs/q8/verification.json: OK
