/usr/local/lib/python3.11/site-packages/torch/cuda/__init__.py:61: FutureWarning: The pynvml package is deprecated. Please install nvidia-ml-py instead. If you did not install pynvml directly, please report this to the maintainers of the package that installed pynvml for you.
  import pynvml  # type: ignore[import]
/usr/local/lib/python3.11/site-packages/sapien/_vulkan_tricks.py:37: UserWarning: Failed to find Vulkan ICD file. This is probably due to an incorrect or partial installation of the NVIDIA driver. SAPIEN will attempt to provide an ICD file anyway but it may not work.
  warn(
Downloading PhysX GPU library to /home/research/.sapien/physx/105.1-physx-5.3.1.patch0 from Github. This can take several minutes. If it fails to download, please manually download fhttps://github.com/sapien-sim/physx-precompiled/releases/download/105.1-physx-5.3.1.patch0/linux-so.zip and unzip at /home/research/.sapien/physx/105.1-physx-5.3.1.patch0.
Traceback (most recent call last):
  File "/usr/local/lib/python3.11/site-packages/urllib3/connection.py", line 239, in _new_conn
    sock = connection.create_connection(
           ^^^^^^^^^^^^^^^^^^^^^^^^^^^^^
  File "/usr/local/lib/python3.11/site-packages/urllib3/util/connection.py", line 60, in create_connection
    for res in socket.getaddrinfo(host, port, family, socket.SOCK_STREAM):
               ^^^^^^^^^^^^^^^^^^^^^^^^^^^^^^^^^^^^^^^^^^^^^^^^^^^^^^^^^^
  File "/usr/local/lib/python3.11/socket.py", line 974, in getaddrinfo
    for res in _socket.getaddrinfo(host, port, family, type, proto, flags):
               ^^^^^^^^^^^^^^^^^^^^^^^^^^^^^^^^^^^^^^^^^^^^^^^^^^^^^^^^^^^
socket.gaierror: [Errno -3] Temporary failure in name resolution

The above exception was the direct cause of the following exception:

Traceback (most recent call last):
  File "/usr/local/lib/python3.11/site-packages/urllib3/connectionpool.py", line 793, in urlopen
    response = self._make_request(
               ^^^^^^^^^^^^^^^^^^^
  File "/usr/local/lib/python3.11/site-packages/urllib3/connectionpool.py", line 494, in _make_request
    raise new_e
  File "/usr/local/lib/python3.11/site-packages/urllib3/connectionpool.py", line 470, in _make_request
    self._validate_conn(conn)
  File "/usr/local/lib/python3.11/site-packages/urllib3/connectionpool.py", line 1125, in _validate_conn
    conn.connect()
  File "/usr/local/lib/python3.11/site-packages/urllib3/connection.py", line 827, in connect
    self.sock = sock = self._new_conn()
                       ^^^^^^^^^^^^^^^^
  File "/usr/local/lib/python3.11/site-packages/urllib3/connection.py", line 246, in _new_conn
    raise NameResolutionError(self.host, self, e) from e
urllib3.exceptions.NameResolutionError: HTTPSConnection(host='github.com', port=443): Failed to resolve 'github.com' ([Errno -3] Temporary failure in name resolution)

The above exception was the direct cause of the following exception:

Traceback (most recent call last):
  File "/usr/local/lib/python3.11/site-packages/requests/adapters.py", line 696, in send
    resp = conn.urlopen(
           ^^^^^^^^^^^^^
  File "/usr/local/lib/python3.11/site-packages/urllib3/connectionpool.py", line 847, in urlopen
    retries = retries.increment(
              ^^^^^^^^^^^^^^^^^^
  File "/usr/local/lib/python3.11/site-packages/urllib3/util/retry.py", line 555, in increment
    raise MaxRetryError(_pool, url, reason) from reason  # type: ignore[arg-type]
    ^^^^^^^^^^^^^^^^^^^^^^^^^^^^^^^^^^^^^^^^^^^^^^^^^^^
urllib3.exceptions.MaxRetryError: HTTPSConnectionPool(host='github.com', port=443): Max retries exceeded with url: /sapien-sim/physx-precompiled/releases/download/105.1-physx-5.3.1.patch0/linux-so.zip (Caused by NameResolutionError("HTTPSConnection(host='github.com', port=443): Failed to resolve 'github.com' ([Errno -3] Temporary failure in name resolution)"))

During handling of the above exception, another exception occurred:

Traceback (most recent call last):
  File "/study/compat_replay.py", line 209, in <module>
    replay(args.attempt, args.count)
  File "/study/compat_replay.py", line 98, in replay
    env = make_env('push_t', device=DEVICE, native=NATIVE)
          ^^^^^^^^^^^^^^^^^^^^^^^^^^^^^^^^^^^^^^^^^^^^^^^^
  File "/study/compat_env.py", line 140, in make_env
    return gym.make('PushT-v1', num_envs=1, obs_mode=obs_mode,
           ^^^^^^^^^^^^^^^^^^^^^^^^^^^^^^^^^^^^^^^^^^^^^^^^^^^
  File "/usr/local/lib/python3.11/site-packages/gymnasium/envs/registration.py", line 802, in make
    env = env_creator(**env_spec_kwargs)
          ^^^^^^^^^^^^^^^^^^^^^^^^^^^^^^
  File "/opt/ManiSkillNative/mani_skill/utils/registration.py", line 182, in make
    env = env_spec.make(**kwargs)
          ^^^^^^^^^^^^^^^^^^^^^^^
  File "/opt/ManiSkillNative/mani_skill/utils/registration.py", line 79, in make
    return self.cls(**_kwargs)
           ^^^^^^^^^^^^^^^^^^^
  File "/opt/ManiSkillNative/mani_skill/envs/tasks/tabletop/push_t.py", line 122, in __init__
    super().__init__(*args, robot_uids=robot_uids, **kwargs)
  File "/opt/ManiSkillNative/mani_skill/envs/sapien_env.py", line 243, in __init__
    physx.enable_gpu()
  File "/usr/local/lib/python3.11/site-packages/sapien/physx/__init__.py", line 34, in enable_gpu
    res = requests.get(url)
          ^^^^^^^^^^^^^^^^^
  File "/usr/local/lib/python3.11/site-packages/requests/api.py", line 87, in get
    return request("get", url, params=params, **kwargs)
           ^^^^^^^^^^^^^^^^^^^^^^^^^^^^^^^^^^^^^^^^^^^^
  File "/usr/local/lib/python3.11/site-packages/requests/api.py", line 71, in request
    return session.request(method=method, url=url, **kwargs)
           ^^^^^^^^^^^^^^^^^^^^^^^^^^^^^^^^^^^^^^^^^^^^^^^^^
  File "/usr/local/lib/python3.11/site-packages/requests/sessions.py", line 651, in request
    resp = self.send(prep, **send_kwargs)
           ^^^^^^^^^^^^^^^^^^^^^^^^^^^^^^
  File "/usr/local/lib/python3.11/site-packages/requests/sessions.py", line 784, in send
    r = adapter.send(request, **kwargs)
        ^^^^^^^^^^^^^^^^^^^^^^^^^^^^^^^
  File "/usr/local/lib/python3.11/site-packages/requests/adapters.py", line 729, in send
    raise ConnectionError(e, request=request)
requests.exceptions.ConnectionError: HTTPSConnectionPool(host='github.com', port=443): Max retries exceeded with url: /sapien-sim/physx-precompiled/releases/download/105.1-physx-5.3.1.patch0/linux-so.zip (Caused by NameResolutionError("HTTPSConnection(host='github.com', port=443): Failed to resolve 'github.com' ([Errno -3] Temporary failure in name resolution)"))
