#0 building with "default" instance using docker driver

#1 [internal] load build definition from Dockerfile
#1 transferring dockerfile: 447B done
#1 DONE 0.0s

#2 [internal] load metadata for docker.io/library/python:3.11.13-slim-bookworm@sha256:cec9aa7aa96eea4fa036e9b82be1e6b325f2e3707f462d885868df51ec0a4b47
#2 ...

#3 [auth] library/python:pull token for registry-1.docker.io
#3 DONE 0.0s

#2 [internal] load metadata for docker.io/library/python:3.11.13-slim-bookworm@sha256:cec9aa7aa96eea4fa036e9b82be1e6b325f2e3707f462d885868df51ec0a4b47
#2 DONE 1.6s

#4 [internal] load .dockerignore
#4 transferring context: 2B done
#4 DONE 0.0s

#5 [1/4] FROM docker.io/library/python:3.11.13-slim-bookworm@sha256:cec9aa7aa96eea4fa036e9b82be1e6b325f2e3707f462d885868df51ec0a4b47
#5 resolve docker.io/library/python:3.11.13-slim-bookworm@sha256:cec9aa7aa96eea4fa036e9b82be1e6b325f2e3707f462d885868df51ec0a4b47 0.0s done
#5 ...

#6 [internal] load build context
#6 transferring context: 136B done
#6 DONE 0.1s

#5 [1/4] FROM docker.io/library/python:3.11.13-slim-bookworm@sha256:cec9aa7aa96eea4fa036e9b82be1e6b325f2e3707f462d885868df51ec0a4b47
#5 sha256:d61a97008ede65db3758de8f7a677cf8517b7f116afef669aed832e67e2c356d 0B / 248B 0.2s
#5 sha256:d61a97008ede65db3758de8f7a677cf8517b7f116afef669aed832e67e2c356d 248B / 248B 0.2s done
#5 sha256:a64c132cd1a4c24753f5f9e42368aee15e25618d5238443af101322c19ffc38b 0B / 16.21MB 0.3s
#5 sha256:38b7e0d95f778b3fc0d776da12ef5667ee21184575681b6b9f6dd4745dc73117 0B / 3.52MB 0.2s
#5 sha256:5c32499ab806884c5725c705c2bf528662d034ed99de13d3205309e0d9ef0375 0B / 28.23MB 0.2s
#5 sha256:a64c132cd1a4c24753f5f9e42368aee15e25618d5238443af101322c19ffc38b 7.34MB / 16.21MB 0.5s
#5 sha256:a64c132cd1a4c24753f5f9e42368aee15e25618d5238443af101322c19ffc38b 10.49MB / 16.21MB 1.2s
#5 sha256:38b7e0d95f778b3fc0d776da12ef5667ee21184575681b6b9f6dd4745dc73117 3.52MB / 3.52MB 1.0s done
#5 sha256:a64c132cd1a4c24753f5f9e42368aee15e25618d5238443af101322c19ffc38b 16.21MB / 16.21MB 1.5s done
#5 sha256:5c32499ab806884c5725c705c2bf528662d034ed99de13d3205309e0d9ef0375 2.10MB / 28.23MB 1.8s
#5 sha256:5c32499ab806884c5725c705c2bf528662d034ed99de13d3205309e0d9ef0375 8.39MB / 28.23MB 2.0s
#5 sha256:5c32499ab806884c5725c705c2bf528662d034ed99de13d3205309e0d9ef0375 16.78MB / 28.23MB 2.7s
#5 sha256:5c32499ab806884c5725c705c2bf528662d034ed99de13d3205309e0d9ef0375 25.17MB / 28.23MB 3.0s
#5 sha256:5c32499ab806884c5725c705c2bf528662d034ed99de13d3205309e0d9ef0375 28.23MB / 28.23MB 3.6s
#5 sha256:5c32499ab806884c5725c705c2bf528662d034ed99de13d3205309e0d9ef0375 28.23MB / 28.23MB 3.6s done
#5 extracting sha256:5c32499ab806884c5725c705c2bf528662d034ed99de13d3205309e0d9ef0375
#5 extracting sha256:5c32499ab806884c5725c705c2bf528662d034ed99de13d3205309e0d9ef0375 0.4s done
#5 DONE 4.2s

#5 [1/4] FROM docker.io/library/python:3.11.13-slim-bookworm@sha256:cec9aa7aa96eea4fa036e9b82be1e6b325f2e3707f462d885868df51ec0a4b47
#5 extracting sha256:38b7e0d95f778b3fc0d776da12ef5667ee21184575681b6b9f6dd4745dc73117 0.1s done
#5 extracting sha256:a64c132cd1a4c24753f5f9e42368aee15e25618d5238443af101322c19ffc38b
#5 extracting sha256:a64c132cd1a4c24753f5f9e42368aee15e25618d5238443af101322c19ffc38b 0.2s done
#5 DONE 4.4s

#5 [1/4] FROM docker.io/library/python:3.11.13-slim-bookworm@sha256:cec9aa7aa96eea4fa036e9b82be1e6b325f2e3707f462d885868df51ec0a4b47
#5 extracting sha256:d61a97008ede65db3758de8f7a677cf8517b7f116afef669aed832e67e2c356d 0.0s done
#5 DONE 4.4s

#7 [2/4] COPY requirements.txt /tmp/requirements.txt
#7 DONE 0.1s

#8 [3/4] RUN python -m pip install --no-cache-dir --require-hashes --only-binary=:all: -r /tmp/requirements.txt && python -m pip check
#8 1.132 Collecting numpy==1.26.4 (from -r /tmp/requirements.txt (line 1))
#8 1.158   Downloading numpy-1.26.4-cp311-cp311-manylinux_2_17_x86_64.manylinux2014_x86_64.whl (18.3 MB)
#8 2.143      ━━━━━━━━━━━━━━━━━━━━━━━━━━━━━━━━━━━━━━━━ 18.3/18.3 MB 12.2 MB/s eta 0:00:00
#8 2.188 Installing collected packages: numpy
#8 3.124 Successfully installed numpy-1.26.4
#8 3.124 WARNING: Running pip as the 'root' user can result in broken permissions and conflicting behaviour with the system package manager. It is recommended to use a virtual environment instead: https://pip.pypa.io/warnings/venv
#8 3.178 
#8 3.178 [notice] A new release of pip is available: 24.0 -> 26.2.1
#8 3.178 [notice] To update, run: pip install --upgrade pip
#8 3.425 No broken requirements found.
#8 DONE 3.5s

#9 [4/4] WORKDIR /study
#9 DONE 0.1s

#10 exporting to image
#10 exporting layers
#10 exporting layers 2.3s done
#10 exporting manifest sha256:6833f6f89b5514c4d844e4c93c52f912c3f11e971fac322eba37908c121c45b3 0.0s done
#10 exporting config sha256:3ee40f81708d965bd7591eac714b0746ac2695e5d3e69e99a0f7dfed7d7bbe1b 0.0s done
#10 exporting attestation manifest sha256:37b3140125717e6a117dee474dfc36a5a67716f738c0f54e522aa88f19822aee 0.1s done
#10 exporting manifest list sha256:9cddc2624d3c0223628386fe002b8b853d971457ef0675479f4f5d5f59910647
#10 exporting manifest list sha256:9cddc2624d3c0223628386fe002b8b853d971457ef0675479f4f5d5f59910647 0.0s done
#10 naming to docker.io/library/research3-q12-input:v1 done
#10 unpacking to docker.io/library/research3-q12-input:v1
#10 unpacking to docker.io/library/research3-q12-input:v1 0.3s done
#10 DONE 2.8s
PASS: invalid-input rejection; inverse/7-6 controls; transformation invariance; source FPS against exhaustive reference
