/usr/local/lib/python3.11/site-packages/torch/cuda/__init__.py:61: FutureWarning: The pynvml package is deprecated. Please install nvidia-ml-py instead. If you did not install pynvml directly, please report this to the maintainers of the package that installed pynvml for you.
  import pynvml  # type: ignore[import]
/usr/local/lib/python3.11/site-packages/sapien/_vulkan_tricks.py:37: UserWarning: Failed to find Vulkan ICD file. This is probably due to an incorrect or partial installation of the NVIDIA driver. SAPIEN will attempt to provide an ICD file anyway but it may not work.
  warn(
{"seed": 47008, "route": "zero", "steps": 100, "final_success": false, "any_success": false, "final_metric": 0.027878787368535995, "max_metric": 0.027878787368535995, "trace": "zero_47008.npz", "sha256": "c4a3fc593c54cb4929c04b7b7d4633cc4c63c1f854a37e5d0958ce5148cae726"}
{"seed": 47008, "route": "ppo_mean", "steps": 18, "final_success": true, "any_success": true, "final_metric": 0.9503030180931091, "max_metric": 0.9503030180931091, "trace": "ppo_mean_47008.npz", "sha256": "e618817a0504b8cd04db78b145a2b094208c8ffcf3fbb4de47138fbceddf2c4b"}
{"seed": 47008, "route": "bc", "steps": 11, "final_success": true, "any_success": true, "final_metric": 0.9248484969139099, "max_metric": 0.9248484969139099, "trace": "bc_47008.npz", "sha256": "ca5ef68b57877dad25d2c59ef7bd58fe5a566f7cb5bd5f32b81a2bb73e64d0ac"}
{"seed": 47009, "route": "zero", "steps": 100, "final_success": false, "any_success": false, "final_metric": 0.0, "max_metric": 0.0, "trace": "zero_47009.npz", "sha256": "2599a25a17c173342fea18ee14e0a4c771df81ec2e608c9e50cd3117e9a0de6e"}
{"seed": 47009, "route": "ppo_mean", "steps": 19, "final_success": true, "any_success": true, "final_metric": 0.9018181562423706, "max_metric": 0.9018181562423706, "trace": "ppo_mean_47009.npz", "sha256": "4a09f1a45279f0996209291659148a367340aa3cbddea42d332b76c1a96c2e34"}
{"seed": 47009, "route": "bc", "steps": 35, "final_success": true, "any_success": true, "final_metric": 0.9478787779808044, "max_metric": 0.9478787779808044, "trace": "bc_47009.npz", "sha256": "888996f24d55439a94290ef91498cd85af9852e85e5f70e8bb405e693a234cd9"}
{"seed": 47010, "route": "zero", "steps": 100, "final_success": false, "any_success": false, "final_metric": 0.16363635659217834, "max_metric": 0.16363635659217834, "trace": "zero_47010.npz", "sha256": "bf6358024952051b5df722a42f40c40c255d9180d8ae0b603ea11baa1590f1f9"}
{"seed": 47010, "route": "ppo_mean", "steps": 32, "final_success": true, "any_success": true, "final_metric": 0.9478787779808044, "max_metric": 0.9478787779808044, "trace": "ppo_mean_47010.npz", "sha256": "07ddf9d37b1cac6ab8c42fdbb953dda3d4535686629e6f71c47ec23f6cd17fb2"}
{"seed": 47010, "route": "bc", "steps": 100, "final_success": false, "any_success": false, "final_metric": 0.0, "max_metric": 0.34545454382896423, "trace": "bc_47010.npz", "sha256": "b5e22e303961a7d78345d79c323a0920fc87e818a3d80ab87750c21b67d409ec"}
{"seed": 47011, "route": "zero", "steps": 100, "final_success": false, "any_success": false, "final_metric": 0.11878787726163864, "max_metric": 0.11878787726163864, "trace": "zero_47011.npz", "sha256": "9c84c24a103aaf582cf8a32dccab3e9c0bc7b9c4384402e299f1c5f41904e62d"}
{"seed": 47011, "route": "ppo_mean", "steps": 89, "final_success": true, "any_success": true, "final_metric": 0.9006060361862183, "max_metric": 0.9006060361862183, "trace": "ppo_mean_47011.npz", "sha256": "e7e9c90c3b69211c65d9795bf5f179cef1e667efb7919a9d8f6e38eab82e5414"}
{"seed": 47011, "route": "bc", "steps": 100, "final_success": false, "any_success": false, "final_metric": 0.6036363840103149, "max_metric": 0.7163636088371277, "trace": "bc_47011.npz", "sha256": "bcadbadbf8578b85993aad950c2a66e2243288df9a4516a9732b315540b25b3c"}
{"seed": 47012, "route": "zero", "steps": 100, "final_success": false, "any_success": false, "final_metric": 0.2072727233171463, "max_metric": 0.2072727233171463, "trace": "zero_47012.npz", "sha256": "435846bbeab9d3110f4834bd9ceda486ff82b03aa87b51f904e5cfaba80146ad"}
{"seed": 47012, "route": "ppo_mean", "steps": 37, "final_success": true, "any_success": true, "final_metric": 0.9418181777000427, "max_metric": 0.9418181777000427, "trace": "ppo_mean_47012.npz", "sha256": "23677893eb3e053105f9e860477d96a3f8dba0f667b3460b7532cc21e78b9205"}
{"seed": 47012, "route": "bc", "steps": 100, "final_success": false, "any_success": false, "final_metric": 0.42787879705429077, "max_metric": 0.5624242424964905, "trace": "bc_47012.npz", "sha256": "3ad0ef7413f7369829f7925ab311da084244bddaf89fb9abf83d67a9719bd88e"}
{"seed": 47013, "route": "zero", "steps": 100, "final_success": false, "any_success": false, "final_metric": 0.16484849154949188, "max_metric": 0.16484849154949188, "trace": "zero_47013.npz", "sha256": "d215ec5dc789a1dfb0786aed4d8742a158e6cb643512fc98e568b807914e74c7"}
{"seed": 47013, "route": "ppo_mean", "steps": 10, "final_success": true, "any_success": true, "final_metric": 0.9515151381492615, "max_metric": 0.9515151381492615, "trace": "ppo_mean_47013.npz", "sha256": "dc734e1691b0c82cbe6d3240948fc5b2b1021f95a50c3802a8800e13cdd8cc17"}
{"seed": 47013, "route": "bc", "steps": 79, "final_success": true, "any_success": true, "final_metric": 0.9175757765769958, "max_metric": 0.9175757765769958, "trace": "bc_47013.npz", "sha256": "8b91a271c10e3433ceca9fcf2192050dd6796a6fa8a5619934c3cac0ce679f8f"}
{"seed": 47014, "route": "zero", "steps": 100, "final_success": false, "any_success": false, "final_metric": 0.36848485469818115, "max_metric": 0.36848485469818115, "trace": "zero_47014.npz", "sha256": "8594e0ed32620d6f3003f4a6f55bcc00aa15e9114646228f9cc90bc95eb66251"}
{"seed": 47014, "route": "ppo_mean", "steps": 51, "final_success": true, "any_success": true, "final_metric": 0.9006060361862183, "max_metric": 0.9006060361862183, "trace": "ppo_mean_47014.npz", "sha256": "9707569407fd103232950cb70b33576bd948afeb9ab2e336b11c3253e7ae5fe9"}
{"seed": 47014, "route": "bc", "steps": 100, "final_success": false, "any_success": false, "final_metric": 0.0, "max_metric": 0.5684848427772522, "trace": "bc_47014.npz", "sha256": "21623b3d23b46ca200284657b4c6ca0114be8529b2e03948ef253cf85540fcf1"}
{"seed": 47015, "route": "zero", "steps": 100, "final_success": false, "any_success": false, "final_metric": 0.0, "max_metric": 0.0, "trace": "zero_47015.npz", "sha256": "a24dfa190426b52b57e2c05ef280330c42f84eabd46f21027a6591a69ade2fdf"}
{"seed": 47015, "route": "ppo_mean", "steps": 14, "final_success": true, "any_success": true, "final_metric": 0.9236363768577576, "max_metric": 0.9236363768577576, "trace": "ppo_mean_47015.npz", "sha256": "493b77137d9360bc1fcd4eadc854f7839a3216b16bec4b1ad11365ee2dc6571f"}
{"seed": 47015, "route": "bc", "steps": 14, "final_success": true, "any_success": true, "final_metric": 0.9478787779808044, "max_metric": 0.9478787779808044, "trace": "bc_47015.npz", "sha256": "c1e725b883a39697b655e1864df8bf6f71501df458d3ea716cc5c89184261735"}
{"seed": 47016, "route": "zero", "steps": 100, "final_success": false, "any_success": false, "final_metric": 0.0, "max_metric": 0.0, "trace": "zero_47016.npz", "sha256": "a778e80d253eb2543858547796a4d0c9282d5983608c16e09255b51c200efc46"}
{"seed": 47016, "route": "ppo_mean", "steps": 19, "final_success": true, "any_success": true, "final_metric": 0.9466666579246521, "max_metric": 0.9466666579246521, "trace": "ppo_mean_47016.npz", "sha256": "c31c29bebeda7e0526b9b7aea4022316fb5c48031fa82248d27ce3fe31351a16"}
{"seed": 47016, "route": "bc", "steps": 10, "final_success": true, "any_success": true, "final_metric": 0.9127272963523865, "max_metric": 0.9127272963523865, "trace": "bc_47016.npz", "sha256": "bfc1af92b049713b85ff2d4c5e0f57bdc3d8b0c77e34f75626ced9ddd4247ad9"}
{"seed": 47017, "route": "zero", "steps": 100, "final_success": false, "any_success": false, "final_metric": 0.3648484945297241, "max_metric": 0.3648484945297241, "trace": "zero_47017.npz", "sha256": "d899859c34a220da1d181d672e7fdfd22011fcb6b838886981d8b1664e79e9f2"}
{"seed": 47017, "route": "ppo_mean", "steps": 30, "final_success": true, "any_success": true, "final_metric": 1.0, "max_metric": 1.0, "trace": "ppo_mean_47017.npz", "sha256": "8c7b2e1103f8798288c90568a1022fc515825d4378d372df6ca80364913b7134"}
{"seed": 47017, "route": "bc", "steps": 29, "final_success": true, "any_success": true, "final_metric": 0.9709091186523438, "max_metric": 0.9709091186523438, "trace": "bc_47017.npz", "sha256": "e99f6b60772ddbe9b35990267292c86f41bb1489996f6939db7a6b6247ef5c68"}
{"seed": 47018, "route": "zero", "steps": 100, "final_success": false, "any_success": false, "final_metric": 0.1175757572054863, "max_metric": 0.1175757572054863, "trace": "zero_47018.npz", "sha256": "b56c7ba3fab20e94b997b62527faca4971b8356f4fb5d20a017a9f980a377445"}
{"seed": 47018, "route": "ppo_mean", "steps": 23, "final_success": true, "any_success": true, "final_metric": 0.9175757765769958, "max_metric": 0.9175757765769958, "trace": "ppo_mean_47018.npz", "sha256": "06752d19c87048daaaaa90abd59a25a1a238a6e497f7550800d01209bd9a2006"}
{"seed": 47018, "route": "bc", "steps": 23, "final_success": true, "any_success": true, "final_metric": 0.9793939590454102, "max_metric": 0.9793939590454102, "trace": "bc_47018.npz", "sha256": "aaf151d3d4755a80b1c473b65624982228dccd757a818dec4485d833e3c92672"}
{"seed": 47019, "route": "zero", "steps": 100, "final_success": false, "any_success": false, "final_metric": 0.064242422580719, "max_metric": 0.064242422580719, "trace": "zero_47019.npz", "sha256": "04787faa4e45cf2708f264b21c41c1d2b5f0ee526c27b6b1fc7f8cec2e4c0665"}
{"seed": 47019, "route": "ppo_mean", "steps": 32, "final_success": true, "any_success": true, "final_metric": 0.9406060576438904, "max_metric": 0.9406060576438904, "trace": "ppo_mean_47019.npz", "sha256": "5a0e36c7e80f7634c77363dd1049fb88f16ddf02ea5fe6c62ac4a4e293f34f99"}
{"seed": 47019, "route": "bc", "steps": 23, "final_success": true, "any_success": true, "final_metric": 0.9103030562400818, "max_metric": 0.9103030562400818, "trace": "bc_47019.npz", "sha256": "8e34d156a5fd419f5b532b91263941773315f9754350ec09c4598d9ac2c29803"}
{"seed": 47020, "route": "zero", "steps": 100, "final_success": false, "any_success": false, "final_metric": 0.25090909004211426, "max_metric": 0.25090909004211426, "trace": "zero_47020.npz", "sha256": "de8e6284e4be2484dc12710c4a34d91c810c17ab282226e442cb798f1c173fd1"}
{"seed": 47020, "route": "ppo_mean", "steps": 37, "final_success": true, "any_success": true, "final_metric": 0.9478787779808044, "max_metric": 0.9478787779808044, "trace": "ppo_mean_47020.npz", "sha256": "82cf6133d78bf43f89b2e9cfe2eef03025a33f77ad662e3237cc9b5ca4c6d7b3"}
{"seed": 47020, "route": "bc", "steps": 38, "final_success": true, "any_success": true, "final_metric": 0.9587878584861755, "max_metric": 0.9587878584861755, "trace": "bc_47020.npz", "sha256": "1a7bd19e404b97adc363ca884af2c130eedeaa8ab06cecd63599247126cad72c"}
{"seed": 47021, "route": "zero", "steps": 100, "final_success": false, "any_success": false, "final_metric": 0.5709090828895569, "max_metric": 0.5709090828895569, "trace": "zero_47021.npz", "sha256": "af4802693e366108749b1ac8cd1dbb801baebe11f0687cfd139a561247ed73f4"}
{"seed": 47021, "route": "ppo_mean", "steps": 28, "final_success": true, "any_success": true, "final_metric": 0.9478787779808044, "max_metric": 0.9478787779808044, "trace": "ppo_mean_47021.npz", "sha256": "24c48da1bda0ab76ffab4dbfc2a4bac6ec55445738500cc747a1ae13877bdb02"}
{"seed": 47021, "route": "bc", "steps": 29, "final_success": true, "any_success": true, "final_metric": 0.9903030395507812, "max_metric": 0.9903030395507812, "trace": "bc_47021.npz", "sha256": "db82ef194569cdf3f1d8ec1bf81a949a99d2d8176e65cec33e5e403bde6355f8"}
{"seed": 47022, "route": "zero", "steps": 100, "final_success": false, "any_success": false, "final_metric": 0.28727272152900696, "max_metric": 0.28727272152900696, "trace": "zero_47022.npz", "sha256": "865cb4135725b2c832fb02d30d7e74219fa8ce6d5a239393f4bd137a07a34b53"}
{"seed": 47022, "route": "ppo_mean", "steps": 38, "final_success": true, "any_success": true, "final_metric": 0.9478787779808044, "max_metric": 0.9478787779808044, "trace": "ppo_mean_47022.npz", "sha256": "77276407522aca8474aa9abb5bc9b2d8b1936c6a0b09a81cd23b1b4d143b4535"}
{"seed": 47022, "route": "bc", "steps": 28, "final_success": true, "any_success": true, "final_metric": 0.9200000166893005, "max_metric": 0.9200000166893005, "trace": "bc_47022.npz", "sha256": "cc77043946698fce477f663296b250c9452ec1efaf0c4a4126d0482f1ba2f08e"}
{"seed": 47023, "route": "zero", "steps": 100, "final_success": false, "any_success": false, "final_metric": 0.012121211737394333, "max_metric": 0.012121211737394333, "trace": "zero_47023.npz", "sha256": "351563723cc6bb2b765fd006be758fb7e64b7b16995b564d75baeb8f6ab15ac4"}
{"seed": 47023, "route": "ppo_mean", "steps": 24, "final_success": true, "any_success": true, "final_metric": 0.903030276298523, "max_metric": 0.903030276298523, "trace": "ppo_mean_47023.npz", "sha256": "ef85d7b9369cdac7c7fc00afedd49e7d572eee9e41559301da2e7b6243f2a1d1"}
{"seed": 47023, "route": "bc", "steps": 12, "final_success": true, "any_success": true, "final_metric": 0.9515151381492615, "max_metric": 0.9515151381492615, "trace": "bc_47023.npz", "sha256": "1a57e886fee72bca43ecad9679584f942885f12970342d39a04ba423eee2c12b"}
