[
  {
    "key": "30000_0_teacher",
    "first_12_actions": [
      [
        0.10769999772310257,
        0.11420000344514847,
        -0.25,
        1.0
      ],
      [
        0.026100000366568565,
        0.08129999786615372,
        -0.2401999980211258,
        1.0
      ],
      [
        0.048500001430511475,
        0.030799999833106995,
        -0.2443999946117401,
        1.0
      ],
      [
        0.02930000051856041,
        0.02280000038444996,
        -0.15029999613761902,
        1.0
      ],
      [
        0.007300000172108412,
        -0.027499999850988388,
        -0.25,
        1.0
      ],
      [
        -0.003800000064074993,
        -0.03970000147819519,
        -0.22020000219345093,
        1.0
      ],
      [
        -0.03150000050663948,
        0.033799998462200165,
        -0.25,
        1.0
      ],
      [
        0.007799999788403511,
        0.029100000858306885,
        -0.23469999432563782,
        1.0
      ],
      [
        0.03310000151395798,
        -0.02250000089406967,
        -0.24060000479221344,
        1.0
      ],
      [
        0.021199999377131462,
        -0.0020000000949949026,
        -0.0957999974489212,
        1.0
      ],
      [
        -0.0027000000700354576,
        -0.04089999943971634,
        -0.08209999650716782,
        -1.0
      ],
      [
        0.025299999862909317,
        0.027899999171495438,
        -0.03460000082850456,
        -1.0
      ]
    ],
    "first_12_mean_action": [
      0.02236880548298359,
      0.01727844588458538,
      -0.1910773664712906,
      0.6666666865348816
    ],
    "whole_episode_action_std": [
      0.07065895944833755,
      0.08169058710336685,
      0.1288008689880371,
      0.6614378094673157
    ],
    "first_12_gripper_close_fraction": 0.16666666666666666,
    "first_40_min_tcp_object_distance_m": 0.007014729082584381,
    "min_tcp_object_distance_m": 0.007014729082584381,
    "max_object_height_m": 0.16135531663894653,
    "grasp_once": true,
    "final_goal_distance_m": 0.0010985004482790828
  },
  {
    "key": "32000_static_cv",
    "first_12_actions": [
      [
        0.07940000295639038,
        0.25,
        -0.25,
        1.0
      ],
      [
        0.07940000295639038,
        0.25,
        -0.25,
        1.0
      ],
      [
        -0.013299999758601189,
        0.13199999928474426,
        -0.24709999561309814,
        1.0
      ],
      [
        -0.013299999758601189,
        0.13199999928474426,
        -0.24709999561309814,
        1.0
      ],
      [
        -0.006000000052154064,
        0.003700000001117587,
        -0.25,
        1.0
      ],
      [
        -0.006000000052154064,
        0.003700000001117587,
        -0.25,
        1.0
      ],
      [
        -0.0019000000320374966,
        -0.028599999845027924,
        -0.25,
        1.0
      ],
      [
        -0.0019000000320374966,
        -0.028599999845027924,
        -0.25,
        1.0
      ],
      [
        -0.0017999999690800905,
        -0.013899999670684338,
        -0.16539999842643738,
        1.0
      ],
      [
        -0.0017999999690800905,
        -0.013899999670684338,
        -0.16539999842643738,
        1.0
      ],
      [
        0.00930000003427267,
        0.0010999999940395355,
        -0.019899999722838402,
        -1.0
      ],
      [
        0.00930000003427267,
        0.0010999999940395355,
        -0.019899999722838402,
        -1.0
      ]
    ],
    "first_12_mean_action": [
      0.01096560899168253,
      0.057405900210142136,
      -0.19708269834518433,
      0.6666666865348816
    ],
    "whole_episode_action_std": [
      0.07537921518087387,
      0.09909437596797943,
      0.13302282989025116,
      0.6614378094673157
    ],
    "first_12_gripper_close_fraction": 0.16666666666666666,
    "first_40_min_tcp_object_distance_m": 0.0036104884929955006,
    "min_tcp_object_distance_m": 0.0036104884929955006,
    "max_object_height_m": 0.16248878836631775,
    "grasp_once": true,
    "final_goal_distance_m": 0.0005919666145928204
  },
  {
    "key": "32000_static_policy2",
    "first_12_actions": [
      [
        0.1477999985218048,
        0.01720000058412552,
        -0.14319999516010284,
        0.3199999928474426
      ],
      [
        0.08749999850988388,
        -0.026599999517202377,
        -0.09640000015497208,
        0.07129999995231628
      ],
      [
        0.0812000036239624,
        -0.024299999698996544,
        -0.18379999697208405,
        0.11649999767541885
      ],
      [
        0.046300001442432404,
        -0.028999999165534973,
        -0.11469999700784683,
        -0.02019999921321869
      ],
      [
        0.002099999925121665,
        0.07069999724626541,
        -0.042399998754262924,
        -0.337799996137619
      ],
      [
        0.05909999832510948,
        0.001500000013038516,
        -0.13050000369548798,
        -0.31690001487731934
      ],
      [
        0.02459999918937683,
        0.019999999552965164,
        -0.07429999858140945,
        -0.8701000213623047
      ],
      [
        0.164000004529953,
        -0.0020000000949949026,
        -0.052799999713897705,
        -0.39419999718666077
      ],
      [
        0.07419999688863754,
        -0.10199999809265137,
        -0.005200000014156103,
        -0.03689999878406525
      ],
      [
        0.13619999587535858,
        -0.03269999846816063,
        -0.0722000002861023,
        -0.2766999900341034
      ],
      [
        0.05310000106692314,
        0.01720000058412552,
        -0.014499999582767487,
        -0.718999981880188
      ],
      [
        0.033399999141693115,
        -0.08669999986886978,
        0.029999999329447746,
        -0.4625000059604645
      ]
    ],
    "first_12_mean_action": [
      0.07578369230031967,
      -0.014717034995555878,
      -0.0749967098236084,
      -0.2438707947731018
    ],
    "whole_episode_action_std": [
      0.06131933629512787,
      0.051347386091947556,
      0.054874710738658905,
      0.36769360303878784
    ],
    "first_12_gripper_close_fraction": 0.75,
    "first_40_min_tcp_object_distance_m": 0.07037144154310226,
    "min_tcp_object_distance_m": 0.07037144154310226,
    "max_object_height_m": 0.020999999716877937,
    "grasp_once": false,
    "final_goal_distance_m": 0.20148470997810364
  },
  {
    "key": "32000_static_fixed",
    "first_12_actions": [
      [
        0.1477999985218048,
        0.01720000058412552,
        -0.2231999933719635,
        0.3199999928474426
      ],
      [
        0.08749999850988388,
        -0.026599999517202377,
        -0.17640000581741333,
        0.07129999995231628
      ],
      [
        0.060100000351667404,
        -0.02370000071823597,
        -0.25,
        0.2361000031232834
      ],
      [
        0.034699998795986176,
        -0.027899999171495438,
        -0.20149999856948853,
        0.02280000038444996
      ],
      [
        -0.035100001841783524,
        0.07289999723434448,
        -0.1316000074148178,
        -0.17669999599456787
      ],
      [
        0.03909999877214432,
        -0.003700000001117587,
        -0.219200000166893,
        -0.22750000655651093
      ],
      [
        -0.01590000092983246,
        0.028300000354647636,
        -0.15929999947547913,
        -0.7851999998092651
      ],
      [
        0.14300000667572021,
        0.0,
        -0.13899999856948853,
        -0.38769999146461487
      ],
      [
        -0.031099999323487282,
        -0.08259999752044678,
        -0.01209999993443489,
        -0.2637999951839447
      ],
      [
        0.04619999974966049,
        -0.024800000712275505,
        -0.06960000097751617,
        -0.31949999928474426
      ],
      [
        0.02850000001490116,
        0.03840000182390213,
        0.09019999951124191,
        -0.8797000050544739
      ],
      [
        0.025499999523162842,
        -0.07970000058412552,
        0.1386999934911728,
        -0.6083999872207642
      ]
    ],
    "first_12_mean_action": [
      0.04419359564781189,
      -0.009330595843493938,
      -0.11275800317525864,
      -0.24986189603805542
    ],
    "whole_episode_action_std": [
      0.07835245877504349,
      0.0540427602827549,
      0.09928209334611893,
      0.4009797275066376
    ],
    "first_12_gripper_close_fraction": 0.6666666666666666,
    "first_40_min_tcp_object_distance_m": 0.046263255178928375,
    "min_tcp_object_distance_m": 0.046263255178928375,
    "max_object_height_m": 0.020999999716877937,
    "grasp_once": false,
    "final_goal_distance_m": 0.2014847695827484
  },
  {
    "key": "32000_static_feedback",
    "first_12_actions": [
      [
        0.1477999985218048,
        0.01720000058412552,
        -0.2231999933719635,
        0.3199999928474426
      ],
      [
        0.08749999850988388,
        -0.026599999517202377,
        -0.17640000581741333,
        0.07129999995231628
      ],
      [
        0.060100000351667404,
        -0.02370000071823597,
        -0.25,
        0.2361000031232834
      ],
      [
        0.034699998795986176,
        -0.027899999171495438,
        -0.20149999856948853,
        0.02280000038444996
      ],
      [
        -0.035100001841783524,
        0.07289999723434448,
        -0.1316000074148178,
        -0.17669999599456787
      ],
      [
        0.03909999877214432,
        -0.003700000001117587,
        -0.219200000166893,
        -0.22750000655651093
      ],
      [
        -0.01590000092983246,
        0.028300000354647636,
        -0.15929999947547913,
        -0.7851999998092651
      ],
      [
        0.14300000667572021,
        0.0,
        -0.13899999856948853,
        -0.38769999146461487
      ],
      [
        -0.031099999323487282,
        -0.08259999752044678,
        -0.01209999993443489,
        -0.2637999951839447
      ],
      [
        0.04619999974966049,
        -0.024800000712275505,
        -0.06960000097751617,
        -0.31949999928474426
      ],
      [
        0.02850000001490116,
        0.03840000182390213,
        0.09019999951124191,
        -0.8797000050544739
      ],
      [
        0.025499999523162842,
        -0.07970000058412552,
        0.1386999934911728,
        -0.6083999872207642
      ]
    ],
    "first_12_mean_action": [
      0.04419359564781189,
      -0.009330595843493938,
      -0.11275800317525864,
      -0.24986189603805542
    ],
    "whole_episode_action_std": [
      0.06600712984800339,
      0.054367031902074814,
      0.10044455528259277,
      0.40533357858657837
    ],
    "first_12_gripper_close_fraction": 0.6666666666666666,
    "first_40_min_tcp_object_distance_m": 0.046263255178928375,
    "min_tcp_object_distance_m": 0.046263255178928375,
    "max_object_height_m": 0.020999999716877937,
    "grasp_once": false,
    "final_goal_distance_m": 0.20148473978042603
  },
  {
    "key": "32000_moving_policy2",
    "first_12_actions": [
      [
        0.16329999268054962,
        0.10760000348091125,
        -0.09009999781847,
        0.20280000567436218
      ],
      [
        0.11540000140666962,
        0.028300000354647636,
        -0.050200000405311584,
        -0.07599999755620956
      ],
      [
        0.12489999830722809,
        0.03669999912381172,
        -0.14810000360012054,
        -0.18539999425411224
      ],
      [
        0.08990000188350677,
        -0.00279999990016222,
        -0.07660000026226044,
        -0.19660000503063202
      ],
      [
        0.01759999990463257,
        0.12770000100135803,
        -0.0031999999191612005,
        -0.47360000014305115
      ],
      [
        0.11699999868869781,
        0.015399999916553497,
        -0.08500000089406967,
        -0.47699999809265137
      ],
      [
        0.10679999738931656,
        0.07190000265836716,
        -0.05559999868273735,
        -0.9358000159263611
      ],
      [
        0.23149999976158142,
        0.019200000911951065,
        -0.01850000023841858,
        -0.3952000141143799
      ],
      [
        0.13050000369548798,
        -0.026100000366568565,
        0.033799998462200165,
        0.12530000507831573
      ],
      [
        0.18310000002384186,
        0.004399999976158142,
        -0.016499999910593033,
        -0.30790001153945923
      ],
      [
        0.1459999978542328,
        0.07729999721050262,
        -0.007799999788403511,
        -0.6347000002861023
      ],
      [
        0.1396999955177307,
        -0.07440000027418137,
        0.058400001376867294,
        -0.3222000002861023
      ]
    ],
    "first_12_mean_action": [
      0.13046954572200775,
      0.03208783268928528,
      -0.03827526047825813,
      -0.30635035037994385
    ],
    "whole_episode_action_std": [
      0.07520665973424911,
      0.057042017579078674,
      0.05207962915301323,
      0.3357127010822296
    ],
    "first_12_gripper_close_fraction": 0.8333333333333334,
    "first_40_min_tcp_object_distance_m": 0.08291802555322647,
    "min_tcp_object_distance_m": 0.08291802555322647,
    "max_object_height_m": 0.020999999716877937,
    "grasp_once": false,
    "final_goal_distance_m": 0.20701751112937927
  }
]
