{"task": "push_t", "seed": 46000, "route": "hold", "final_metric": 0.18303030729293823, "final_success": false, "object_xy_displacement": 3.332000986233652e-08}
{"task": "push_t", "seed": 46000, "route": "feedback", "final_metric": 0.18060606718063354, "final_success": false, "object_xy_displacement": 5.6693348597036675e-05}
{"task": "push_t", "seed": 46000, "route": "fixed_reference", "final_metric": 0.18060606718063354, "final_success": false, "object_xy_displacement": 5.680667527485639e-05}
{"task": "push_t", "seed": 46001, "route": "hold", "final_metric": 0.3648484945297241, "final_success": false, "object_xy_displacement": 4.71216097253091e-08}
{"task": "push_t", "seed": 46001, "route": "feedback", "final_metric": 0.36000001430511475, "final_success": false, "object_xy_displacement": 0.0041012088768184185}
{"task": "push_t", "seed": 46001, "route": "fixed_reference", "final_metric": 0.36606061458587646, "final_success": false, "object_xy_displacement": 0.0024666565004736185}
{"task": "push_t", "seed": 46002, "route": "hold", "final_metric": 0.2933333218097687, "final_success": false, "object_xy_displacement": 2.107342389479072e-08}
{"task": "push_t", "seed": 46002, "route": "feedback", "final_metric": 0.35151514410972595, "final_success": false, "object_xy_displacement": 0.08753365278244019}
{"task": "push_t", "seed": 46002, "route": "fixed_reference", "final_metric": 0.3612121343612671, "final_success": false, "object_xy_displacement": 0.03859742358326912}
{"task": "push_t", "seed": 46003, "route": "hold", "final_metric": 0.3672727346420288, "final_success": false, "object_xy_displacement": 8.024520781191313e-08}
{"task": "push_t", "seed": 46003, "route": "feedback", "final_metric": 0.3733333349227905, "final_success": false, "object_xy_displacement": 0.0006795496447011828}
{"task": "push_t", "seed": 46003, "route": "fixed_reference", "final_metric": 0.37454545497894287, "final_success": false, "object_xy_displacement": 0.0006473292014561594}
{"task": "push_t", "seed": 46004, "route": "hold", "final_metric": 0.46303030848503113, "final_success": false, "object_xy_displacement": 3.725290298461914e-08}
{"task": "push_t", "seed": 46004, "route": "feedback", "final_metric": 0.7503030300140381, "final_success": false, "object_xy_displacement": 0.030756590887904167}
{"task": "push_t", "seed": 46004, "route": "fixed_reference", "final_metric": 0.46424242854118347, "final_success": false, "object_xy_displacement": 9.84443468041718e-05}
{"task": "push_t", "seed": 46005, "route": "hold", "final_metric": 0.2969697117805481, "final_success": false, "object_xy_displacement": 7.679882507716229e-09}
{"task": "push_t", "seed": 46005, "route": "feedback", "final_metric": 0.3224242329597473, "final_success": false, "object_xy_displacement": 0.013412893749773502}
{"task": "push_t", "seed": 46005, "route": "fixed_reference", "final_metric": 0.3333333432674408, "final_success": false, "object_xy_displacement": 0.015213673934340477}
{"task": "push_t", "seed": 46006, "route": "hold", "final_metric": 0.17454545199871063, "final_success": false, "object_xy_displacement": 1.493023660259496e-08}
{"task": "push_t", "seed": 46006, "route": "feedback", "final_metric": 0.5066666603088379, "final_success": false, "object_xy_displacement": 0.1155933365225792}
{"task": "push_t", "seed": 46006, "route": "fixed_reference", "final_metric": 0.41818180680274963, "final_success": false, "object_xy_displacement": 0.12396788597106934}
{"task": "push_t", "seed": 46007, "route": "hold", "final_metric": 0.16484849154949188, "final_success": false, "object_xy_displacement": 7.450580596923828e-09}
{"task": "push_t", "seed": 46007, "route": "feedback", "final_metric": 0.15515151619911194, "final_success": false, "object_xy_displacement": 0.042192865163087845}
{"task": "push_t", "seed": 46007, "route": "fixed_reference", "final_metric": 0.15272727608680725, "final_success": false, "object_xy_displacement": 0.042250946164131165}
