#0 building with "default" instance using docker driver

#1 [internal] load build definition from Dockerfile
#1 transferring dockerfile: 414B done
#1 DONE 0.0s

#2 [internal] load metadata for docker.io/library/python:3.11.14-slim-bookworm@sha256:65a93d69fa75478d554f4ad27c85c1e69fa184956261b4301ebaf6dbb0a3543d
#2 ...

#3 [auth] library/python:pull token for registry-1.docker.io
#3 DONE 0.0s

#2 [internal] load metadata for docker.io/library/python:3.11.14-slim-bookworm@sha256:65a93d69fa75478d554f4ad27c85c1e69fa184956261b4301ebaf6dbb0a3543d
#2 DONE 1.2s

#4 [internal] load .dockerignore
#4 transferring context: 2B done
#4 DONE 0.0s

#5 [1/4] FROM docker.io/library/python:3.11.14-slim-bookworm@sha256:65a93d69fa75478d554f4ad27c85c1e69fa184956261b4301ebaf6dbb0a3543d
#5 resolve docker.io/library/python:3.11.14-slim-bookworm@sha256:65a93d69fa75478d554f4ad27c85c1e69fa184956261b4301ebaf6dbb0a3543d 0.0s done
#5 CACHED

#6 [internal] load build context
#6 transferring context: 25.54kB done
#6 DONE 0.0s

#7 [2/4] COPY requirements.lock /opt/requirements.lock
#7 DONE 0.0s

#8 [3/4] COPY run.py verify.py protocol.json /study/
#8 DONE 0.1s

#9 [4/4] WORKDIR /study
#9 DONE 0.1s

#10 exporting to image
#10 exporting layers
#10 exporting layers 0.2s done
#10 exporting manifest sha256:8d707d974494eed4390e63cb8284a97ef9c71fd6d9d0367c9f045584865a76f6 0.0s done
#10 exporting config sha256:a2cd5ed43d9834115980bbe57d178b7f47e751ae50af849e2b6f75247391cc26 0.0s done
#10 exporting attestation manifest sha256:1d7753231bf88a9e4d2eb26c85b1abacc0b4e62c19e3e2cf2ee4f833e9d54977 0.1s done
#10 exporting manifest list sha256:f06bf7c80a1a517630f65e190f96b190c4c53ae6a6ccabf88978043ed122594e
#10 exporting manifest list sha256:f06bf7c80a1a517630f65e190f96b190c4c53ae6a6ccabf88978043ed122594e 0.0s done
#10 naming to docker.io/library/research3-cd2-evaluation:v1 done
#10 unpacking to docker.io/library/research3-cd2-evaluation:v1 0.1s done
#10 DONE 0.5s
