[
  {
    "task": "push_t",
    "seed": 46000,
    "object_initial": [
      -0.23642472922801971,
      -0.10262864083051682,
      0.020999999716877937
    ],
    "object_final": [
      -0.11261256039142609,
      -0.21558120846748352,
      0.020000020042061806
    ],
    "goal": [
      -0.15600000321865082,
      -0.10000000149011612,
      0.0010000000474974513
    ],
    "tcp_initial": [
      -0.32071739435195923,
      0.28348419070243835,
      0.01543562114238739
    ],
    "tcp_final": [
      -0.15319094061851501,
      -0.22059789299964905,
      0.038259364664554596
    ],
    "tcp_min": [
      -0.32071739435195923,
      -0.22059789299964905,
      0.01543562114238739
    ],
    "tcp_max": [
      -0.15319094061851501,
      0.28348419070243835,
      0.038259364664554596
    ],
    "behind": [
      -0.30139005184173584,
      -0.10475199669599533
    ],
    "min_tcp_behind_xy": 0.009504811838269234,
    "min_tcp_object_xy": 0.03963693976402283,
    "push_steps": 0
  },
  {
    "task": "push_t",
    "seed": 46001,
    "object_initial": [
      -0.1655876636505127,
      -0.13419659435749054,
      0.020999999716877937
    ],
    "object_final": [
      -0.11977247148752213,
      -0.14102889597415924,
      0.07069224864244461
    ],
    "goal": [
      -0.15600000321865082,
      -0.10000000149011612,
      0.0010000000474974513
    ],
    "tcp_initial": [
      -0.32071739435195923,
      0.28348419070243835,
      0.01543562114238739
    ],
    "tcp_final": [
      -0.1245284378528595,
      -0.1013198122382164,
      0.09966561198234558
    ],
    "tcp_min": [
      -0.32071739435195923,
      -0.10699263215065002,
      0.01543562114238739
    ],
    "tcp_max": [
      -0.1245284378528595,
      0.28348419070243835,
      0.09966561198234558
    ],
    "behind": [
      -0.1831350177526474,
      -0.19678324460983276
    ],
    "min_tcp_behind_xy": 0.09087585657835007,
    "min_tcp_object_xy": 0.03940534219145775,
    "push_steps": 0
  },
  {
    "task": "push_t",
    "seed": 46002,
    "object_initial": [
      -0.12922349572181702,
      -0.1383351981639862,
      0.020999999716877937
    ],
    "object_final": [
      -0.21642720699310303,
      -0.3317215144634247,
      0.020000142976641655
    ],
    "goal": [
      -0.15600000321865082,
      -0.10000000149011612,
      0.0010000000474974513
    ],
    "tcp_initial": [
      -0.32071739435195923,
      0.28348419070243835,
      0.01543562114238739
    ],
    "tcp_final": [
      -0.22512587904930115,
      -0.23952703177928925,
      0.029040656983852386
    ],
    "tcp_min": [
      -0.32071739435195923,
      -0.23952703177928925,
      0.01543562114238739
    ],
    "tcp_max": [
      -0.09123082458972931,
      0.28348419070243835,
      0.030766062438488007
    ],
    "behind": [
      -0.09200268983840942,
      -0.19162321090698242
    ],
    "min_tcp_behind_xy": 0.0846695825457573,
    "min_tcp_object_xy": 0.08784466981887817,
    "push_steps": 0
  },
  {
    "task": "push_t",
    "seed": 46003,
    "object_initial": [
      -0.14183393120765686,
      -0.1785375475883484,
      0.020999999716877937
    ],
    "object_final": [
      -0.1927715241909027,
      -0.35893285274505615,
      0.020001238211989403
    ],
    "goal": [
      -0.15600000321865082,
      -0.10000000149011612,
      0.0010000000474974513
    ],
    "tcp_initial": [
      -0.32071739435195923,
      0.28348419070243835,
      0.01543562114238739
    ],
    "tcp_final": [
      -0.1883765459060669,
      -0.3203127086162567,
      0.03048829734325409
    ],
    "tcp_min": [
      -0.32071739435195923,
      -0.3203127086162567,
      0.01543562114238739
    ],
    "tcp_max": [
      -0.12608881294727325,
      0.28348419070243835,
      0.03048829734325409
    ],
    "behind": [
      -0.13029585778713226,
      -0.24250528216362
    ],
    "min_tcp_behind_xy": 0.024131355807185173,
    "min_tcp_object_xy": 0.03652935475111008,
    "push_steps": 0
  },
  {
    "task": "push_t",
    "seed": 46004,
    "object_initial": [
      -0.19203412532806396,
      -0.1066301017999649,
      0.020999999716877937
    ],
    "object_final": [
      -0.10160460323095322,
      -0.17240841686725616,
      0.02000001072883606
    ],
    "goal": [
      -0.15600000321865082,
      -0.10000000149011612,
      0.0010000000474974513
    ],
    "tcp_initial": [
      -0.32071739435195923,
      0.28348419070243835,
      0.01543562114238739
    ],
    "tcp_final": [
      -0.1394621878862381,
      -0.17367374897003174,
      0.04174601659178734
    ],
    "tcp_min": [
      -0.32071739435195923,
      -0.17367374897003174,
      0.01543562114238739
    ],
    "tcp_max": [
      -0.1394621878862381,
      0.28348419070243835,
      0.04174601659178734
    ],
    "behind": [
      -0.25596103072166443,
      -0.11839233338832855
    ],
    "min_tcp_behind_xy": 0.03228481486439705,
    "min_tcp_object_xy": 0.03338063508272171,
    "push_steps": 0
  },
  {
    "task": "push_t",
    "seed": 46005,
    "object_initial": [
      -0.11878939718008041,
      -0.019634202122688293,
      0.020999999716877937
    ],
    "object_final": [
      -0.2879737913608551,
      -0.4554983973503113,
      0.020041052252054214
    ],
    "goal": [
      -0.15600000321865082,
      -0.10000000149011612,
      0.0010000000474974513
    ],
    "tcp_initial": [
      -0.32071739435195923,
      0.28348419070243835,
      0.01543562114238739
    ],
    "tcp_final": [
      -0.3101710081100464,
      -0.3362865447998047,
      0.028023861348628998
    ],
    "tcp_min": [
      -0.32071739435195923,
      -0.33634260296821594,
      0.01543562114238739
    ],
    "tcp_max": [
      0.01499964203685522,
      0.28348419070243835,
      0.03176369518041611
    ],
    "behind": [
      -0.09147881716489792,
      0.03934996575117111
    ],
    "min_tcp_behind_xy": 0.05835076421499252,
    "min_tcp_object_xy": 0.11436055600643158,
    "push_steps": 0
  },
  {
    "task": "push_t",
    "seed": 46006,
    "object_initial": [
      -0.18142536282539368,
      0.0004083216190338135,
      0.020999999716877937
    ],
    "object_final": [
      -0.20271411538124084,
      -0.18757747113704681,
      0.020000716671347618
    ],
    "goal": [
      -0.15600000321865082,
      -0.10000000149011612,
      0.0010000000474974513
    ],
    "tcp_initial": [
      -0.32071739435195923,
      0.28348419070243835,
      0.01543562114238739
    ],
    "tcp_final": [
      -0.171650692820549,
      -0.12374793738126755,
      0.02998458594083786
    ],
    "tcp_min": [
      -0.32071739435195923,
      -0.12374793738126755,
      0.01543562114238739
    ],
    "tcp_max": [
      -0.16626018285751343,
      0.28348419070243835,
      0.030234262347221375
    ],
    "behind": [
      -0.19738104939460754,
      0.06341955810785294
    ],
    "min_tcp_behind_xy": 0.026307588443160057,
    "min_tcp_object_xy": 0.07055315375328064,
    "push_steps": 81
  },
  {
    "task": "push_t",
    "seed": 46007,
    "object_initial": [
      -0.11262325197458267,
      0.009690478444099426,
      0.020999999716877937
    ],
    "object_final": [
      -0.0934242308139801,
      -0.15039995312690735,
      0.020003890618681908
    ],
    "goal": [
      -0.15600000321865082,
      -0.10000000149011612,
      0.0010000000474974513
    ],
    "tcp_initial": [
      -0.32071739435195923,
      0.28348419070243835,
      0.01543562114238739
    ],
    "tcp_final": [
      -0.12925606966018677,
      -0.0765591412782669,
      0.03123844414949417
    ],
    "tcp_min": [
      -0.32071739435195923,
      -0.07739127427339554,
      0.01543562114238739
    ],
    "tcp_max": [
      -0.11970167607069016,
      0.28348419070243835,
      0.0314159020781517
    ],
    "behind": [
      -0.08872030675411224,
      0.07013589888811111
    ],
    "min_tcp_behind_xy": 0.03989935293793678,
    "min_tcp_object_xy": 0.07706042379140854,
    "push_steps": 80
  },
  {
    "task": "roll_ball",
    "seed": 46000,
    "object_initial": [
      -0.3412742018699646,
      0.5649142265319824,
      0.03500000014901161
    ],
    "object_final": [
      -0.3412742018699646,
      0.5649142265319824,
      0.03500000387430191
    ],
    "goal": [
      0.13817459344863892,
      -0.8884506821632385,
      0.0010000000474974513
    ],
    "tcp_initial": [
      -0.100087009370327,
      0.38498654961586,
      0.16978204250335693
    ],
    "tcp_final": [
      -0.351627916097641,
      0.8394210934638977,
      0.04265367239713669
    ],
    "tcp_min": [
      -0.351627916097641,
      0.38498654961586,
      0.04150604456663132
    ],
    "tcp_max": [
      0.15402927994728088,
      0.8394210934638977,
      0.16978204250335693
    ],
    "behind": [
      -0.36477038264274597,
      0.6361387372016907
    ],
    "min_tcp_behind_xy": 0.15972551703453064,
    "min_tcp_object_xy": 0.209714874625206,
    "push_steps": 0
  },
  {
    "task": "roll_ball",
    "seed": 46001,
    "object_initial": [
      -0.12876297533512115,
      0.5438689589500427,
      0.03500000014901161
    ],
    "object_final": [
      -0.07166323810815811,
      0.5355935096740723,
      0.03499998897314072
    ],
    "goal": [
      0.1661318838596344,
      -0.8789785504341125,
      0.0010000000474974513
    ],
    "tcp_initial": [
      -0.100087009370327,
      0.38498654961586,
      0.16978204250335693
    ],
    "tcp_final": [
      -0.12601564824581146,
      0.4858110845088959,
      0.04468466341495514
    ],
    "tcp_min": [
      -0.2295370101928711,
      0.38498654961586,
      0.0421847328543663
    ],
    "tcp_max": [
      0.13439081609249115,
      0.7521112561225891,
      0.16978204250335693
    ],
    "behind": [
      -0.14398376643657684,
      0.6173082590103149
    ],
    "min_tcp_behind_xy": 0.06957966089248657,
    "min_tcp_object_xy": 0.051984500139951706,
    "push_steps": 0
  },
  {
    "task": "roll_ball",
    "seed": 46002,
    "object_initial": [
      -0.019670486450195312,
      0.5411098599433899,
      0.03500000014901161
    ],
    "object_final": [
      -0.01967068761587143,
      0.5411098599433899,
      0.03500000387430191
    ],
    "goal": [
      -0.20514152944087982,
      -0.8193756937980652,
      0.0010000000474974513
    ],
    "tcp_initial": [
      -0.100087009370327,
      0.38498654961586,
      0.16978204250335693
    ],
    "tcp_final": [
      0.19619426131248474,
      0.8776863217353821,
      0.054032161831855774
    ],
    "tcp_min": [
      -0.100087009370327,
      0.28827154636383057,
      0.04444848746061325
    ],
    "tcp_max": [
      0.3414784371852875,
      0.8776863217353821,
      0.16978204250335693
    ],
    "behind": [
      -0.009539661929011345,
      0.6154224872589111
    ],
    "min_tcp_behind_xy": 0.2469070851802826,
    "min_tcp_object_xy": 0.17561693489551544,
    "push_steps": 0
  },
  {
    "task": "roll_ball",
    "seed": 46003,
    "object_initial": [
      -0.05750175565481186,
      0.5143082737922668,
      0.03500000014901161
    ],
    "object_final": [
      -0.05750175565481186,
      0.5143082737922668,
      0.03500000387430191
    ],
    "goal": [
      -0.327706515789032,
      -0.8817662596702576,
      0.0010000000474974513
    ],
    "tcp_initial": [
      -0.100087009370327,
      0.38498654961586,
      0.16978204250335693
    ],
    "tcp_final": [
      -0.03710117191076279,
      0.6991403102874756,
      0.042398907244205475
    ],
    "tcp_min": [
      -0.100087009370327,
      0.3238905966281891,
      0.04113544523715973
    ],
    "tcp_max": [
      0.2426394671201706,
      0.783639669418335,
      0.16978204250335693
    ],
    "behind": [
      -0.043250277638435364,
      0.5879417657852173
    ],
    "min_tcp_behind_xy": 0.11136843264102936,
    "min_tcp_object_xy": 0.13615289330482483,
    "push_steps": 0
  },
  {
    "task": "roll_ball",
    "seed": 46004,
    "object_initial": [
      -0.20810236036777496,
      0.5622466206550598,
      0.03500000014901161
    ],
    "object_final": [
      -0.20810236036777496,
      0.5622466206550598,
      0.03500000387430191
    ],
    "goal": [
      0.12021813541650772,
      -0.8014068007469177,
      0.0010000000474974513
    ],
    "tcp_initial": [
      -0.100087009370327,
      0.38498654961586,
      0.16978204250335693
    ],
    "tcp_final": [
      -0.32623109221458435,
      0.6512063145637512,
      0.045703738927841187
    ],
    "tcp_min": [
      -0.32623109221458435,
      0.38498654961586,
      0.04153679311275482
    ],
    "tcp_max": [
      0.15292410552501678,
      0.7638156414031982,
      0.16978204250335693
    ],
    "behind": [
      -0.2256580889225006,
      0.6351630091667175
    ],
    "min_tcp_behind_xy": 0.0855160802602768,
    "min_tcp_object_xy": 0.14681567251682281,
    "push_steps": 0
  },
  {
    "task": "roll_ball",
    "seed": 46005,
    "object_initial": [
      0.01163182407617569,
      0.6202438473701477,
      0.03500000014901161
    ],
    "object_final": [
      0.011631343513727188,
      0.6202438473701477,
      0.03500000387430191
    ],
    "goal": [
      -0.21603380143642426,
      -0.8692185878753662,
      0.0010000000474974513
    ],
    "tcp_initial": [
      -0.100087009370327,
      0.38498654961586,
      0.16978204250335693
    ],
    "tcp_final": [
      0.3205123543739319,
      0.8964126706123352,
      0.04493232071399689
    ],
    "tcp_min": [
      -0.100087009370327,
      0.254089891910553,
      0.04281991720199585
    ],
    "tcp_max": [
      0.4917380213737488,
      0.8964126706123352,
      0.16978204250335693
    ],
    "behind": [
      0.022964024916291237,
      0.6943827867507935
    ],
    "min_tcp_behind_xy": 0.33002787828445435,
    "min_tcp_object_xy": 0.26043635606765747,
    "push_steps": 0
  },
  {
    "task": "roll_ball",
    "seed": 46006,
    "object_initial": [
      -0.1762760877609253,
      0.6336055397987366,
      0.03500000014901161
    ],
    "object_final": [
      -0.1762760877609253,
      0.6336055397987366,
      0.03500000387430191
    ],
    "goal": [
      -0.10763049125671387,
      -0.8192393183708191,
      0.0010000000474974513
    ],
    "tcp_initial": [
      -0.100087009370327,
      0.38498654961586,
      0.16978204250335693
    ],
    "tcp_final": [
      0.18515759706497192,
      1.0715500116348267,
      0.043822526931762695
    ],
    "tcp_min": [
      -0.100087009370327,
      0.38498654961586,
      0.041670799255371094
    ],
    "tcp_max": [
      0.23007921874523163,
      1.0715500116348267,
      0.16978204250335693
    ],
    "behind": [
      -0.17981581389904022,
      0.7085219621658325
    ],
    "min_tcp_behind_xy": 0.28707149624824524,
    "min_tcp_object_xy": 0.23139804601669312,
    "push_steps": 0
  },
  {
    "task": "roll_ball",
    "seed": 46007,
    "object_initial": [
      0.030130229890346527,
      0.6397936344146729,
      0.03500000014901161
    ],
    "object_final": [
      0.030129695311188698,
      0.6397936344146729,
      0.03500000387430191
    ],
    "goal": [
      -0.12724456191062927,
      -0.8211080431938171,
      0.0010000000474974513
    ],
    "tcp_initial": [
      -0.100087009370327,
      0.38498654961586,
      0.16978204250335693
    ],
    "tcp_final": [
      0.4286331832408905,
      0.8603965640068054,
      0.045014455914497375
    ],
    "tcp_min": [
      -0.100087009370327,
      0.2367742955684662,
      0.04201624542474747
    ],
    "tcp_max": [
      0.5465088486671448,
      0.8603965640068054,
      0.16978204250335693
    ],
    "behind": [
      0.038163088262081146,
      0.7143622040748596
    ],
    "min_tcp_behind_xy": 0.35721340775489807,
    "min_tcp_object_xy": 0.2861523926258087,
    "push_steps": 0
  }
]
