extracted 2025-01-10-15-28-50
extracted 2025-01-10-17-36-05
extracted 2025-01-10-18-31-44
extracted 2025-01-11-11-35-53
extracted 2025-01-11-15-35-08
extracted 2025-01-13-11-31-57
extracted 2025-01-13-15-06-09
extracted 2025-01-13-17-40-45
extracted 2025-01-13-17-51-11
extracted 2025-01-13-18-32-31
extracted 2025-01-13-19-04-46
extracted 2025-01-14-10-49-57
extracted 2025-01-14-10-57-14
extracted 2025-01-14-11-06-43
extracted 2025-01-14-12-05-01
train CV complete: pick selected=state_d1
train CV complete: insert selected=state_d2
train CV complete: remove selected=duration_d2
training sealed before test extraction: e35b3c3005a7c9c6dc8f0d7a257967101988ee723c12ee399e79b30d7c55ea43
extracted 2025-01-09-17-14-59
extracted 2025-01-10-15-34-33
extracted 2025-01-10-16-37-45
extracted 2025-01-11-14-43-37
extracted 2025-01-13-17-02-10
{
  "decision": "UNCERTAIN_RESIDUAL",
  "selected": {
    "pick": "state_d1",
    "insert": "state_d2",
    "remove": "duration_d2"
  },
  "macro": {
    "balanced_accuracy": 0.5260577915376677,
    "brier": 0.09854576493336348,
    "log_loss": 0.352418420645305,
    "ece_5": 0.049901524736967164
  },
  "checks": {
    "macro_ba_ge_085": false,
    "gain_ge_010": false,
    "all_action_ba_ge_075": false,
    "all_failure_recall_ge_075": false,
    "brier_within_002": true
  },
  "uncertainty": {
    "seed": 20260907,
    "requested": 2000,
    "valid": 1198,
    "invalid": 802,
    "intervals": {
      "macro_ba": [
        0.4407308377896613,
        0.5556298276886512
      ],
      "gain": [
        -0.05926916221033868,
        0.05562982768865121
      ]
    }
  }
}
